Archive member included to satisfy reference by file (symbol)

/usr/lib/gcc/arm-none-eabi/7.3.0/../../../../arm-none-eabi/lib/armv7e-m/fpu/libc_nano.a(lib_a-atexit.o)
                              /usr/lib/gcc/arm-none-eabi/7.3.0/../../../../arm-none-eabi/lib/armv7e-m/fpu/crt0.o (atexit)
/usr/lib/gcc/arm-none-eabi/7.3.0/../../../../arm-none-eabi/lib/armv7e-m/fpu/libc_nano.a(lib_a-exit.o)
                              /usr/lib/gcc/arm-none-eabi/7.3.0/../../../../arm-none-eabi/lib/armv7e-m/fpu/crt0.o (exit)
/usr/lib/gcc/arm-none-eabi/7.3.0/../../../../arm-none-eabi/lib/armv7e-m/fpu/libc_nano.a(lib_a-fini.o)
                              /usr/lib/gcc/arm-none-eabi/7.3.0/../../../../arm-none-eabi/lib/armv7e-m/fpu/crt0.o (__libc_fini_array)
/usr/lib/gcc/arm-none-eabi/7.3.0/../../../../arm-none-eabi/lib/armv7e-m/fpu/libc_nano.a(lib_a-impure.o)
                              /usr/lib/gcc/arm-none-eabi/7.3.0/../../../../arm-none-eabi/lib/armv7e-m/fpu/libc_nano.a(lib_a-exit.o) (_global_impure_ptr)
/usr/lib/gcc/arm-none-eabi/7.3.0/../../../../arm-none-eabi/lib/armv7e-m/fpu/libc_nano.a(lib_a-init.o)
                              /usr/lib/gcc/arm-none-eabi/7.3.0/../../../../arm-none-eabi/lib/armv7e-m/fpu/crt0.o (__libc_init_array)
/usr/lib/gcc/arm-none-eabi/7.3.0/../../../../arm-none-eabi/lib/armv7e-m/fpu/libc_nano.a(lib_a-memcpy-stub.o)
                              build/vl53l0x_platform.o (memcpy)
/usr/lib/gcc/arm-none-eabi/7.3.0/../../../../arm-none-eabi/lib/armv7e-m/fpu/libc_nano.a(lib_a-memset.o)
                              /usr/lib/gcc/arm-none-eabi/7.3.0/../../../../arm-none-eabi/lib/armv7e-m/fpu/crt0.o (memset)
/usr/lib/gcc/arm-none-eabi/7.3.0/../../../../arm-none-eabi/lib/armv7e-m/fpu/libc_nano.a(lib_a-strcpy.o)
                              build/vl53l0x_api_core.o (strcpy)
/usr/lib/gcc/arm-none-eabi/7.3.0/../../../../arm-none-eabi/lib/armv7e-m/fpu/libc_nano.a(lib_a-__atexit.o)
                              /usr/lib/gcc/arm-none-eabi/7.3.0/../../../../arm-none-eabi/lib/armv7e-m/fpu/libc_nano.a(lib_a-atexit.o) (__register_exitproc)
/usr/lib/gcc/arm-none-eabi/7.3.0/../../../../arm-none-eabi/lib/armv7e-m/fpu/libc_nano.a(lib_a-__call_atexit.o)
                              /usr/lib/gcc/arm-none-eabi/7.3.0/../../../../arm-none-eabi/lib/armv7e-m/fpu/libc_nano.a(lib_a-__atexit.o) (__call_exitprocs)
/usr/lib/gcc/arm-none-eabi/7.3.0/../../../../arm-none-eabi/lib/armv7e-m/fpu/libnosys.a(_exit.o)
                              /usr/lib/gcc/arm-none-eabi/7.3.0/../../../../arm-none-eabi/lib/armv7e-m/fpu/libc_nano.a(lib_a-exit.o) (_exit)
/usr/lib/gcc/arm-none-eabi/7.3.0/armv7e-m/fpu/libgcc.a(_aeabi_uldivmod.o)
                              build/stm32f4xx_hal_rcc.o (__aeabi_uldivmod)
/usr/lib/gcc/arm-none-eabi/7.3.0/armv7e-m/fpu/libgcc.a(_udivmoddi4.o)
                              /usr/lib/gcc/arm-none-eabi/7.3.0/armv7e-m/fpu/libgcc.a(_aeabi_uldivmod.o) (__udivmoddi4)
/usr/lib/gcc/arm-none-eabi/7.3.0/armv7e-m/fpu/libgcc.a(_dvmd_tls.o)
                              /usr/lib/gcc/arm-none-eabi/7.3.0/armv7e-m/fpu/libgcc.a(_aeabi_uldivmod.o) (__aeabi_ldiv0)

Allocating common symbols
Common symbol       size              file

hdma_usart2_rx      0x60              build/usart.o
hi2c3               0x54              build/i2c.o
hdma_usart6_rx      0x60              build/usart.o
hi2c1               0x54              build/i2c.o
_I2CBuffer          0x40              build/vl53l0x_platform.o
uwTick              0x4               build/stm32f4xx_hal.o
pFlash              0x20              build/stm32f4xx_hal_flash.o
hdma_usart1_rx      0x60              build/usart.o
huart1              0x40              build/usart.o
tof_data            0x1c              build/main.o
huart6              0x40              build/usart.o
huart2              0x40              build/usart.o

Discarded input sections

 .text          0x0000000000000000        0x0 /usr/lib/gcc/arm-none-eabi/7.3.0/armv7e-m/fpu/crti.o
 .data          0x0000000000000000        0x0 /usr/lib/gcc/arm-none-eabi/7.3.0/armv7e-m/fpu/crti.o
 .bss           0x0000000000000000        0x0 /usr/lib/gcc/arm-none-eabi/7.3.0/armv7e-m/fpu/crti.o
 .text          0x0000000000000000        0x0 /usr/lib/gcc/arm-none-eabi/7.3.0/armv7e-m/fpu/crtbegin.o
 .data          0x0000000000000000        0x0 /usr/lib/gcc/arm-none-eabi/7.3.0/armv7e-m/fpu/crtbegin.o
 .bss           0x0000000000000000        0x0 /usr/lib/gcc/arm-none-eabi/7.3.0/armv7e-m/fpu/crtbegin.o
 .data.__dso_handle
                0x0000000000000000        0x4 /usr/lib/gcc/arm-none-eabi/7.3.0/armv7e-m/fpu/crtbegin.o
 .text          0x0000000000000000       0x68 /usr/lib/gcc/arm-none-eabi/7.3.0/../../../../arm-none-eabi/lib/armv7e-m/fpu/crt0.o
 .data          0x0000000000000000        0x0 /usr/lib/gcc/arm-none-eabi/7.3.0/../../../../arm-none-eabi/lib/armv7e-m/fpu/crt0.o
 .bss           0x0000000000000000        0x0 /usr/lib/gcc/arm-none-eabi/7.3.0/../../../../arm-none-eabi/lib/armv7e-m/fpu/crt0.o
[...]
Memory Configuration

Name             Origin             Length             Attributes
RAM              0x0000000020000000 0x0000000000018000 xrw
FLASH            0x0000000008000000 0x0000000000080000 xr
*default*        0x0000000000000000 0xffffffffffffffff

Linker script and memory map

LOAD /usr/lib/gcc/arm-none-eabi/7.3.0/armv7e-m/fpu/crti.o
LOAD /usr/lib/gcc/arm-none-eabi/7.3.0/armv7e-m/fpu/crtbegin.o
LOAD /usr/lib/gcc/arm-none-eabi/7.3.0/../../../../arm-none-eabi/lib/armv7e-m/fpu/crt0.o
LOAD build/vl53l0x_api.o
LOAD build/vl53l0x_api_calibration.o
LOAD build/vl53l0x_api_core.o
LOAD build/vl53l0x_api_ranging.o
LOAD build/vl53l0x_api_strings.o
LOAD build/vl53l0x_platform_log.o
LOAD build/vl53l0x_platform.o
LOAD build/usart.o
LOAD build/stm32f4xx_hal_flash.o
LOAD build/main.o
LOAD build/i2c.o
LOAD build/stm32f4xx_hal_msp.o
LOAD build/stm32f4xx_hal_flash_ramfunc.o
LOAD build/stm32f4xx_hal_i2c_ex.o
LOAD build/stm32f4xx_hal_pwr_ex.o
LOAD build/stm32f4xx_hal_cortex.o
LOAD build/stm32f4xx_hal_uart.o
LOAD build/stm32f4xx_it.o
LOAD build/stm32f4xx_hal_tim_ex.o
LOAD build/stm32f4xx_hal_rcc.o
LOAD build/gpio.o
LOAD build/stm32f4xx_hal_rcc_ex.o
LOAD build/stm32f4xx_hal_pwr.o
LOAD build/stm32f4xx_hal_gpio.o
LOAD build/stm32f4xx_hal_dma_ex.o
LOAD build/stm32f4xx_hal_flash_ex.o
LOAD build/system_stm32f4xx.o
LOAD build/stm32f4xx_hal_dma.o
LOAD build/stm32f4xx_hal_i2c.o
LOAD build/stm32f4xx_hal.o
LOAD build/stm32f4xx_hal_tim.o
LOAD build/dma.o
LOAD build/startup_stm32f401xe.o
LOAD /usr/lib/gcc/arm-none-eabi/7.3.0/../../../../arm-none-eabi/lib/armv7e-m/fpu/libc_nano.a
LOAD /usr/lib/gcc/arm-none-eabi/7.3.0/../../../../arm-none-eabi/lib/armv7e-m/fpu/libm.a
LOAD /usr/lib/gcc/arm-none-eabi/7.3.0/../../../../arm-none-eabi/lib/armv7e-m/fpu/libnosys.a
START GROUP
LOAD /usr/lib/gcc/arm-none-eabi/7.3.0/armv7e-m/fpu/libgcc.a
LOAD /usr/lib/gcc/arm-none-eabi/7.3.0/../../../../arm-none-eabi/lib/armv7e-m/fpu/libc_nano.a
END GROUP
START GROUP
LOAD /usr/lib/gcc/arm-none-eabi/7.3.0/armv7e-m/fpu/libgcc.a
LOAD /usr/lib/gcc/arm-none-eabi/7.3.0/../../../../arm-none-eabi/lib/armv7e-m/fpu/libc_nano.a
END GROUP
LOAD /usr/lib/gcc/arm-none-eabi/7.3.0/armv7e-m/fpu/crtend.o
LOAD /usr/lib/gcc/arm-none-eabi/7.3.0/armv7e-m/fpu/crtn.o
                0x0000000020018000                _estack = 0x20018000
                0x0000000000000200                _Min_Heap_Size = 0x200
                0x0000000000000400                _Min_Stack_Size = 0x400

.isr_vector     0x0000000008000000      0x194
                0x0000000008000000                . = ALIGN (0x4)
 *(.isr_vector)
 .isr_vector    0x0000000008000000      0x194 build/startup_stm32f401xe.o
                0x0000000008000000                g_pfnVectors
                0x0000000008000194                . = ALIGN (0x4)

.text           0x0000000008000194     0x6250
                0x0000000008000194                . = ALIGN (0x4)
 *(.text)
 .text          0x0000000008000194       0x30 /usr/lib/gcc/arm-none-eabi/7.3.0/armv7e-m/fpu/libgcc.a(_aeabi_uldivmod.o)
                0x0000000008000194                __aeabi_uldivmod
 .text          0x00000000080001c4        0x4 /usr/lib/gcc/arm-none-eabi/7.3.0/armv7e-m/fpu/libgcc.a(_dvmd_tls.o)
                0x00000000080001c4                __aeabi_ldiv0
                0x00000000080001c4                __aeabi_idiv0
 *(.text*)
 .text.__do_global_dtors_aux
                0x00000000080001c8       0x24 /usr/lib/gcc/arm-none-eabi/7.3.0/armv7e-m/fpu/crtbegin.o
 .text.frame_dummy
                0x00000000080001ec       0x1c /usr/lib/gcc/arm-none-eabi/7.3.0/armv7e-m/fpu/crtbegin.o
 .text.VL53L0X_GetOffsetCalibrationDataMicroMeter
                0x0000000008000208        0x8 build/vl53l0x_api.o
                0x0000000008000208                VL53L0X_GetOffsetCalibrationDataMicroMeter
 .text.VL53L0X_SetDeviceAddress
                0x0000000008000210        0xc build/vl53l0x_api.o
                0x0000000008000210                VL53L0X_SetDeviceAddress
 .text.VL53L0X_SetDeviceMode
                0x000000000800021c       0x2a build/vl53l0x_api.o
                0x000000000800021c                VL53L0X_SetDeviceMode
 .text.VL53L0X_GetDeviceMode
                0x0000000008000246        0x8 build/vl53l0x_api.o
                0x0000000008000246                VL53L0X_GetDeviceMode
 .text.VL53L0X_GetFractionEnable
                0x000000000800024e       0x1c build/vl53l0x_api.o
                0x000000000800024e                VL53L0X_GetFractionEnable
 .text.VL53L0X_SetMeasurementTimingBudgetMicroSeconds
                0x000000000800026a        0x8 build/vl53l0x_api.o
                0x000000000800026a                VL53L0X_SetMeasurementTimingBudgetMicroSeconds
 .text.VL53L0X_GetMeasurementTimingBudgetMicroSeconds
                0x0000000008000272        0x8 build/vl53l0x_api.o
                0x0000000008000272                VL53L0X_GetMeasurementTimingBudgetMicroSeconds
 .text.VL53L0X_SetVcselPulsePeriod
                0x000000000800027a        0x8 build/vl53l0x_api.o
                0x000000000800027a                VL53L0X_SetVcselPulsePeriod
 .text.VL53L0X_GetVcselPulsePeriod
                0x0000000008000282        0x8 build/vl53l0x_api.o
                0x0000000008000282                VL53L0X_GetVcselPulsePeriod
 .text.VL53L0X_SetSequenceStepEnable
                0x000000000800028a       0xba build/vl53l0x_api.o
                0x000000000800028a                VL53L0X_SetSequenceStepEnable
 .text.sequence_step_enabled
                0x0000000008000344       0x48 build/vl53l0x_api.o
                0x0000000008000344                sequence_step_enabled
 .text.VL53L0X_GetSequenceStepEnables
                0x000000000800038c       0x82 build/vl53l0x_api.o
                0x000000000800038c                VL53L0X_GetSequenceStepEnables
 .text.VL53L0X_GetInterMeasurementPeriodMilliSeconds
                0x000000000800040e       0x3e build/vl53l0x_api.o
                0x000000000800040e                VL53L0X_GetInterMeasurementPeriodMilliSeconds
 .text.VL53L0X_GetXTalkCompensationEnable
                0x000000000800044c        0x8 build/vl53l0x_api.o
                0x000000000800044c                VL53L0X_GetXTalkCompensationEnable
 .text.VL53L0X_GetXTalkCompensationRateMegaCps
                0x0000000008000454       0x36 build/vl53l0x_api.o
                0x0000000008000454                VL53L0X_GetXTalkCompensationRateMegaCps
 .text.VL53L0X_SetLimitCheckEnable
                0x000000000800048a       0x94 build/vl53l0x_api.o
                0x000000000800048a                VL53L0X_SetLimitCheckEnable
 .text.VL53L0X_GetLimitCheckEnable
                0x000000000800051e       0x1a build/vl53l0x_api.o
                0x000000000800051e                VL53L0X_GetLimitCheckEnable
 .text.VL53L0X_SetLimitCheckValue
                0x0000000008000538       0x66 build/vl53l0x_api.o
                0x0000000008000538                VL53L0X_SetLimitCheckValue
 .text.VL53L0X_GetLimitCheckValue
                0x000000000800059e       0xa8 build/vl53l0x_api.o
                0x000000000800059e                VL53L0X_GetLimitCheckValue
 .text.VL53L0X_GetWrapAroundCheckEnable
                0x0000000008000646       0x3c build/vl53l0x_api.o
                0x0000000008000646                VL53L0X_GetWrapAroundCheckEnable
 .text.VL53L0X_GetDeviceParameters
                0x0000000008000682       0xac build/vl53l0x_api.o
                0x0000000008000682                VL53L0X_GetDeviceParameters
 *fill*         0x000000000800072e        0x2 
 .text.VL53L0X_DataInit
                0x0000000008000730      0x1c4 build/vl53l0x_api.o
                0x0000000008000730                VL53L0X_DataInit
 .text.VL53L0X_PerformRefCalibration
                0x00000000080008f4        0xa build/vl53l0x_api.o
                0x00000000080008f4                VL53L0X_PerformRefCalibration
 *fill*         0x00000000080008fe        0x2 
 .text.VL53L0X_GetRangingMeasurementData
                0x0000000008000900      0x15c build/vl53l0x_api.o
                0x0000000008000900                VL53L0X_GetRangingMeasurementData
 .text.VL53L0X_GetInterruptThresholds
                0x0000000008000a5c       0x4c build/vl53l0x_api.o
                0x0000000008000a5c                VL53L0X_GetInterruptThresholds
 .text.VL53L0X_CheckAndLoadInterruptSettings
                0x0000000008000aa8       0x88 build/vl53l0x_api.o
                0x0000000008000aa8                VL53L0X_CheckAndLoadInterruptSettings
 .text.VL53L0X_StartMeasurement
                0x0000000008000b30       0xfe build/vl53l0x_api.o
                0x0000000008000b30                VL53L0X_StartMeasurement
 .text.VL53L0X_PerformSingleMeasurement
                0x0000000008000c2e       0x42 build/vl53l0x_api.o
                0x0000000008000c2e                VL53L0X_PerformSingleMeasurement
 .text.VL53L0X_ClearInterruptMask
                0x0000000008000c70       0x56 build/vl53l0x_api.o
                0x0000000008000c70                VL53L0X_ClearInterruptMask
 .text.VL53L0X_PerformSingleRangingMeasurement
                0x0000000008000cc6       0x3a build/vl53l0x_api.o
                0x0000000008000cc6                VL53L0X_PerformSingleRangingMeasurement
 .text.VL53L0X_SetGpioConfig
                0x0000000008000d00      0x158 build/vl53l0x_api.o
                0x0000000008000d00                VL53L0X_SetGpioConfig
 .text.VL53L0X_StaticInit
                0x0000000008000e58      0x1e0 build/vl53l0x_api.o
                0x0000000008000e58                VL53L0X_StaticInit
 .text.VL53L0X_GetInterruptMaskStatus
                0x0000000008001038       0x2a build/vl53l0x_api.o
                0x0000000008001038                VL53L0X_GetInterruptMaskStatus
 .text.VL53L0X_GetMeasurementDataReady
                0x0000000008001062       0x50 build/vl53l0x_api.o
                0x0000000008001062                VL53L0X_GetMeasurementDataReady
 .text.VL53L0X_PerformRefSpadManagement
                0x00000000080010b2        0x8 build/vl53l0x_api.o
                0x00000000080010b2                VL53L0X_PerformRefSpadManagement
 .text.VL53L0X_get_offset_calibration_data_micro_meter
                0x00000000080010ba       0x3e build/vl53l0x_api_calibration.o
                0x00000000080010ba                VL53L0X_get_offset_calibration_data_micro_meter
 .text.get_next_good_spad
                0x00000000080010f8       0x4a build/vl53l0x_api_calibration.o
                0x00000000080010f8                get_next_good_spad
 *fill*         0x0000000008001142        0x2 
 .text.is_aperture
                0x0000000008001144       0x18 build/vl53l0x_api_calibration.o
                0x0000000008001144                is_aperture
 .text.enable_spad_bit
                0x000000000800115c       0x1e build/vl53l0x_api_calibration.o
                0x000000000800115c                enable_spad_bit
 .text.set_ref_spad_map
                0x000000000800117a        0xe build/vl53l0x_api_calibration.o
                0x000000000800117a                set_ref_spad_map
 .text.get_ref_spad_map
                0x0000000008001188        0xe build/vl53l0x_api_calibration.o
                0x0000000008001188                get_ref_spad_map
 .text.enable_ref_spads
                0x0000000008001196       0xa0 build/vl53l0x_api_calibration.o
                0x0000000008001196                enable_ref_spads
 .text.perform_ref_signal_measurement
                0x0000000008001236       0x72 build/vl53l0x_api_calibration.o
                0x0000000008001236                perform_ref_signal_measurement
 .text.VL53L0X_set_reference_spads
                0x00000000080012a8       0xb8 build/vl53l0x_api_calibration.o
                0x00000000080012a8                VL53L0X_set_reference_spads
 .text.VL53L0X_perform_single_ref_calibration
                0x0000000008001360       0x3e build/vl53l0x_api_calibration.o
                0x0000000008001360                VL53L0X_perform_single_ref_calibration
 .text.VL53L0X_ref_calibration_io
                0x000000000800139e       0xd4 build/vl53l0x_api_calibration.o
                0x000000000800139e                VL53L0X_ref_calibration_io
 .text.VL53L0X_perform_vhv_calibration
                0x0000000008001472       0x82 build/vl53l0x_api_calibration.o
                0x0000000008001472                VL53L0X_perform_vhv_calibration
 .text.VL53L0X_perform_phase_calibration
                0x00000000080014f4       0x7c build/vl53l0x_api_calibration.o
                0x00000000080014f4                VL53L0X_perform_phase_calibration
 .text.VL53L0X_perform_ref_calibration
                0x0000000008001570       0x44 build/vl53l0x_api_calibration.o
                0x0000000008001570                VL53L0X_perform_ref_calibration
 .text.VL53L0X_perform_ref_spad_management
                0x00000000080015b4      0x2ce build/vl53l0x_api_calibration.o
                0x00000000080015b4                VL53L0X_perform_ref_spad_management
 .text.VL53L0X_measurement_poll_for_completion
                0x0000000008001882       0x3c build/vl53l0x_api_core.o
                0x0000000008001882                VL53L0X_measurement_poll_for_completion
 .text.VL53L0X_decode_vcsel_period
                0x00000000080018be        0xc build/vl53l0x_api_core.o
                0x00000000080018be                VL53L0X_decode_vcsel_period
 .text.VL53L0X_encode_vcsel_period
                0x00000000080018ca        0x8 build/vl53l0x_api_core.o
                0x00000000080018ca                VL53L0X_encode_vcsel_period
 .text.VL53L0X_isqrt
                0x00000000080018d2       0x28 build/vl53l0x_api_core.o
                0x00000000080018d2                VL53L0X_isqrt
 .text.VL53L0X_device_read_strobe
                0x00000000080018fa       0x4e build/vl53l0x_api_core.o
                0x00000000080018fa                VL53L0X_device_read_strobe
 .text.VL53L0X_get_info_from_device
                0x0000000008001948      0x582 build/vl53l0x_api_core.o
                0x0000000008001948                VL53L0X_get_info_from_device
 .text.VL53L0X_calc_macro_period_ps
                0x0000000008001eca       0x10 build/vl53l0x_api_core.o
                0x0000000008001eca                VL53L0X_calc_macro_period_ps
 .text.VL53L0X_encode_timeout
                0x0000000008001eda       0x24 build/vl53l0x_api_core.o
                0x0000000008001eda                VL53L0X_encode_timeout
 .text.VL53L0X_decode_timeout
                0x0000000008001efe        0xc build/vl53l0x_api_core.o
                0x0000000008001efe                VL53L0X_decode_timeout
 *fill*         0x0000000008001f0a        0x2 
 .text.VL53L0X_calc_timeout_mclks
                0x0000000008001f0c       0x2c build/vl53l0x_api_core.o
                0x0000000008001f0c                VL53L0X_calc_timeout_mclks
 .text.VL53L0X_calc_timeout_us
                0x0000000008001f38       0x2c build/vl53l0x_api_core.o
                0x0000000008001f38                VL53L0X_calc_timeout_us
 .text.get_sequence_step_timeout
                0x0000000008001f64      0x11c build/vl53l0x_api_core.o
                0x0000000008001f64                get_sequence_step_timeout
 .text.set_sequence_step_timeout
                0x0000000008002080      0x118 build/vl53l0x_api_core.o
                0x0000000008002080                set_sequence_step_timeout
 .text.VL53L0X_set_vcsel_pulse_period
                0x0000000008002198      0x31a build/vl53l0x_api_core.o
                0x0000000008002198                VL53L0X_set_vcsel_pulse_period
 .text.VL53L0X_get_vcsel_pulse_period
                0x00000000080024b2       0x3e build/vl53l0x_api_core.o
                0x00000000080024b2                VL53L0X_get_vcsel_pulse_period
 .text.VL53L0X_set_measurement_timing_budget_micro_seconds
                0x00000000080024f0       0xe4 build/vl53l0x_api_core.o
                0x00000000080024f0                VL53L0X_set_measurement_timing_budget_micro_seconds
 .text.VL53L0X_get_measurement_timing_budget_micro_seconds
                0x00000000080025d4       0xce build/vl53l0x_api_core.o
                0x00000000080025d4                VL53L0X_get_measurement_timing_budget_micro_seconds
 .text.VL53L0X_load_tuning_settings
                0x00000000080026a2       0xac build/vl53l0x_api_core.o
                0x00000000080026a2                VL53L0X_load_tuning_settings
 .text.VL53L0X_get_total_xtalk_rate
                0x000000000800274e       0x34 build/vl53l0x_api_core.o
                0x000000000800274e                VL53L0X_get_total_xtalk_rate
 .text.VL53L0X_get_total_signal_rate
                0x0000000008002782       0x22 build/vl53l0x_api_core.o
                0x0000000008002782                VL53L0X_get_total_signal_rate
 .text.VL53L0X_calc_dmax
                0x00000000080027a4       0xf8 build/vl53l0x_api_core.o
                0x00000000080027a4                VL53L0X_calc_dmax
 .text.VL53L0X_calc_sigma_estimate
                0x000000000800289c      0x26c build/vl53l0x_api_core.o
                0x000000000800289c                VL53L0X_calc_sigma_estimate
 .text.VL53L0X_get_pal_range_status
                0x0000000008002b08      0x27e build/vl53l0x_api_core.o
                0x0000000008002b08                VL53L0X_get_pal_range_status
 .text._I2CWrite
                0x0000000008002d86       0x20 build/vl53l0x_platform.o
                0x0000000008002d86                _I2CWrite
 .text._I2CRead
                0x0000000008002da6       0x22 build/vl53l0x_platform.o
                0x0000000008002da6                _I2CRead
 .text.VL53L0X_WriteMulti
                0x0000000008002dc8       0x3c build/vl53l0x_platform.o
                0x0000000008002dc8                VL53L0X_WriteMulti
 .text.VL53L0X_ReadMulti
                0x0000000008002e04       0x36 build/vl53l0x_platform.o
                0x0000000008002e04                VL53L0X_ReadMulti
 *fill*         0x0000000008002e3a        0x2 
 .text.VL53L0X_WrByte
                0x0000000008002e3c       0x20 build/vl53l0x_platform.o
                0x0000000008002e3c                VL53L0X_WrByte
 .text.VL53L0X_WrWord
                0x0000000008002e5c       0x24 build/vl53l0x_platform.o
                0x0000000008002e5c                VL53L0X_WrWord
 .text.VL53L0X_RdByte
                0x0000000008002e80       0x34 build/vl53l0x_platform.o
                0x0000000008002e80                VL53L0X_RdByte
 .text.VL53L0X_UpdateByte
                0x0000000008002eb4       0x36 build/vl53l0x_platform.o
                0x0000000008002eb4                VL53L0X_UpdateByte
 *fill*         0x0000000008002eea        0x2 
 .text.VL53L0X_RdWord
                0x0000000008002eec       0x44 build/vl53l0x_platform.o
                0x0000000008002eec                VL53L0X_RdWord
 .text.VL53L0X_RdDWord
                0x0000000008002f30       0x50 build/vl53l0x_platform.o
                0x0000000008002f30                VL53L0X_RdDWord
 .text.VL53L0X_PollingDelay
                0x0000000008002f80        0xc build/vl53l0x_platform.o
                0x0000000008002f80                VL53L0X_PollingDelay
 .text.MX_USART1_UART_Init
                0x0000000008002f8c       0x40 build/usart.o
                0x0000000008002f8c                MX_USART1_UART_Init
 .text.MX_USART2_UART_Init
                0x0000000008002fcc       0x40 build/usart.o
                0x0000000008002fcc                MX_USART2_UART_Init
 .text.MX_USART6_UART_Init
                0x000000000800300c       0x40 build/usart.o
                0x000000000800300c                MX_USART6_UART_Init
 .text.HAL_UART_MspInit
                0x000000000800304c      0x1d4 build/usart.o
                0x000000000800304c                HAL_UART_MspInit
 .text.Sensor_SetNewRange
                0x0000000008003220       0x48 build/main.o
                0x0000000008003220                Sensor_SetNewRange
 .text._Error_Handler
                0x0000000008003268        0x2 build/main.o
                0x0000000008003268                _Error_Handler
 *fill*         0x000000000800326a        0x2 
 .text.SystemClock_Config
                0x000000000800326c       0xc4 build/main.o
                0x000000000800326c                SystemClock_Config
 .text.main     0x0000000008003330      0x154 build/main.o
                0x0000000008003330                main
 .text.MX_I2C1_Init
                0x0000000008003484       0x44 build/i2c.o
                0x0000000008003484                MX_I2C1_Init
 .text.MX_I2C3_Init
                0x00000000080034c8       0x44 build/i2c.o
                0x00000000080034c8                MX_I2C3_Init
 .text.HAL_I2C_MspInit
                0x000000000800350c       0xbc build/i2c.o
                0x000000000800350c                HAL_I2C_MspInit
 .text.HAL_MspInit
                0x00000000080035c8       0x5e build/stm32f4xx_hal_msp.o
                0x00000000080035c8                HAL_MspInit
 *fill*         0x0000000008003626        0x2 
 .text.HAL_NVIC_SetPriorityGrouping
                0x0000000008003628       0x24 build/stm32f4xx_hal_cortex.o
                0x0000000008003628                HAL_NVIC_SetPriorityGrouping
 .text.HAL_NVIC_SetPriority
                0x000000000800364c       0x68 build/stm32f4xx_hal_cortex.o
                0x000000000800364c                HAL_NVIC_SetPriority
 .text.HAL_NVIC_EnableIRQ
                0x00000000080036b4       0x18 build/stm32f4xx_hal_cortex.o
                0x00000000080036b4                HAL_NVIC_EnableIRQ
 .text.HAL_SYSTICK_Config
                0x00000000080036cc       0x2c build/stm32f4xx_hal_cortex.o
                0x00000000080036cc                HAL_SYSTICK_Config
 .text.HAL_SYSTICK_CLKSourceConfig
                0x00000000080036f8       0x20 build/stm32f4xx_hal_cortex.o
                0x00000000080036f8                HAL_SYSTICK_CLKSourceConfig
 .text.HAL_SYSTICK_Callback
                0x0000000008003718        0x2 build/stm32f4xx_hal_cortex.o
                0x0000000008003718                HAL_SYSTICK_Callback
 .text.HAL_SYSTICK_IRQHandler
                0x000000000800371a        0x8 build/stm32f4xx_hal_cortex.o
                0x000000000800371a                HAL_SYSTICK_IRQHandler
 .text.UART_EndRxTransfer
                0x0000000008003722       0x1c build/stm32f4xx_hal_uart.o
 .text.UART_Transmit_IT
                0x000000000800373e       0x68 build/stm32f4xx_hal_uart.o
 *fill*         0x00000000080037a6        0x2 
 .text.UART_SetConfig
                0x00000000080037a8      0x334 build/stm32f4xx_hal_uart.o
 .text.HAL_UART_Init
                0x0000000008003adc       0x5e build/stm32f4xx_hal_uart.o
                0x0000000008003adc                HAL_UART_Init
 .text.HAL_UART_TxCpltCallback
                0x0000000008003b3a        0x2 build/stm32f4xx_hal_uart.o
                0x0000000008003b3a                HAL_UART_TxCpltCallback
 .text.UART_EndTransmit_IT
                0x0000000008003b3c       0x1a build/stm32f4xx_hal_uart.o
 .text.HAL_UART_RxCpltCallback
                0x0000000008003b56        0x2 build/stm32f4xx_hal_uart.o
                0x0000000008003b56                HAL_UART_RxCpltCallback
 .text.UART_Receive_IT
                0x0000000008003b58       0x92 build/stm32f4xx_hal_uart.o
 .text.HAL_UART_ErrorCallback
                0x0000000008003bea        0x2 build/stm32f4xx_hal_uart.o
                0x0000000008003bea                HAL_UART_ErrorCallback
 .text.HAL_UART_IRQHandler
                0x0000000008003bec      0x120 build/stm32f4xx_hal_uart.o
                0x0000000008003bec                HAL_UART_IRQHandler
 .text.UART_DMAAbortOnError
                0x0000000008003d0c       0x10 build/stm32f4xx_hal_uart.o
 .text.SysTick_Handler
                0x0000000008003d1c        0xc build/stm32f4xx_it.o
                0x0000000008003d1c                SysTick_Handler
 .text.DMA1_Stream5_IRQHandler
                0x0000000008003d28       0x10 build/stm32f4xx_it.o
                0x0000000008003d28                DMA1_Stream5_IRQHandler
 .text.USART1_IRQHandler
                0x0000000008003d38       0x10 build/stm32f4xx_it.o
                0x0000000008003d38                USART1_IRQHandler
 .text.USART2_IRQHandler
                0x0000000008003d48       0x10 build/stm32f4xx_it.o
                0x0000000008003d48                USART2_IRQHandler
 .text.DMA2_Stream1_IRQHandler
                0x0000000008003d58       0x10 build/stm32f4xx_it.o
                0x0000000008003d58                DMA2_Stream1_IRQHandler
 .text.DMA2_Stream2_IRQHandler
                0x0000000008003d68       0x10 build/stm32f4xx_it.o
                0x0000000008003d68                DMA2_Stream2_IRQHandler
 .text.USART6_IRQHandler
                0x0000000008003d78       0x10 build/stm32f4xx_it.o
                0x0000000008003d78                USART6_IRQHandler
 .text.I2C3_EV_IRQHandler
                0x0000000008003d88       0x10 build/stm32f4xx_it.o
                0x0000000008003d88                I2C3_EV_IRQHandler
 .text.HAL_RCC_OscConfig
                0x0000000008003d98      0x398 build/stm32f4xx_hal_rcc.o
                0x0000000008003d98                HAL_RCC_OscConfig
 .text.HAL_RCC_GetSysClockFreq
                0x0000000008004130       0xd8 build/stm32f4xx_hal_rcc.o
                0x0000000008004130                HAL_RCC_GetSysClockFreq
 .text.HAL_RCC_ClockConfig
                0x0000000008004208      0x158 build/stm32f4xx_hal_rcc.o
                0x0000000008004208                HAL_RCC_ClockConfig
 .text.HAL_RCC_GetHCLKFreq
                0x0000000008004360        0xc build/stm32f4xx_hal_rcc.o
                0x0000000008004360                HAL_RCC_GetHCLKFreq
 .text.HAL_RCC_GetPCLK1Freq
                0x000000000800436c       0x20 build/stm32f4xx_hal_rcc.o
                0x000000000800436c                HAL_RCC_GetPCLK1Freq
 .text.HAL_RCC_GetPCLK2Freq
                0x000000000800438c       0x20 build/stm32f4xx_hal_rcc.o
                0x000000000800438c                HAL_RCC_GetPCLK2Freq
 .text.MX_GPIO_Init
                0x00000000080043ac      0x144 build/gpio.o
                0x00000000080043ac                MX_GPIO_Init
 .text.HAL_GPIO_Init
                0x00000000080044f0      0x1a4 build/stm32f4xx_hal_gpio.o
                0x00000000080044f0                HAL_GPIO_Init
 .text.HAL_GPIO_WritePin
                0x0000000008004694        0xc build/stm32f4xx_hal_gpio.o
                0x0000000008004694                HAL_GPIO_WritePin
 .text.HAL_GPIO_TogglePin
                0x00000000080046a0        0x8 build/stm32f4xx_hal_gpio.o
                0x00000000080046a0                HAL_GPIO_TogglePin
 .text.SystemInit
                0x00000000080046a8       0x4c build/system_stm32f4xx.o
                0x00000000080046a8                SystemInit
 .text.DMA_CalcBaseAndBitshift
                0x00000000080046f4       0x3c build/stm32f4xx_hal_dma.o
 .text.DMA_CheckFifoParam
                0x0000000008004730       0x8e build/stm32f4xx_hal_dma.o
 *fill*         0x00000000080047be        0x2 
 .text.HAL_DMA_Init
                0x00000000080047c0       0xcc build/stm32f4xx_hal_dma.o
                0x00000000080047c0                HAL_DMA_Init
 .text.HAL_DMA_Abort_IT
                0x000000000800488c       0x26 build/stm32f4xx_hal_dma.o
                0x000000000800488c                HAL_DMA_Abort_IT
 *fill*         0x00000000080048b2        0x2 
 .text.HAL_DMA_IRQHandler
                0x00000000080048b4      0x1dc build/stm32f4xx_hal_dma.o
                0x00000000080048b4                HAL_DMA_IRQHandler
 .text.I2C_Master_SB
                0x0000000008004a90       0x8a build/stm32f4xx_hal_i2c.o
 .text.I2C_Master_ADD10
                0x0000000008004b1a        0xc build/stm32f4xx_hal_i2c.o
 .text.I2C_Master_ADDR
                0x0000000008004b26      0x1cc build/stm32f4xx_hal_i2c.o
 .text.I2C_SlaveTransmit_BTF
                0x0000000008004cf2       0x1e build/stm32f4xx_hal_i2c.o
 .text.I2C_SlaveReceive_BTF
                0x0000000008004d10       0x1e build/stm32f4xx_hal_i2c.o
 .text.I2C_IsAcknowledgeFailed
                0x0000000008004d2e       0x2a build/stm32f4xx_hal_i2c.o
 .text.I2C_WaitOnFlagUntilTimeout
                0x0000000008004d58       0x68 build/stm32f4xx_hal_i2c.o
 .text.I2C_WaitOnMasterAddressFlagUntilTimeout
                0x0000000008004dc0       0x90 build/stm32f4xx_hal_i2c.o
 .text.I2C_MasterRequestWrite
                0x0000000008004e50       0xbc build/stm32f4xx_hal_i2c.o
 .text.I2C_MasterRequestRead
                0x0000000008004f0c      0x120 build/stm32f4xx_hal_i2c.o
 .text.I2C_WaitOnTXEFlagUntilTimeout
                0x000000000800502c       0x4e build/stm32f4xx_hal_i2c.o
 .text.I2C_WaitOnBTFFlagUntilTimeout
                0x000000000800507a       0x4e build/stm32f4xx_hal_i2c.o
 .text.I2C_WaitOnRXNEFlagUntilTimeout
                0x00000000080050c8       0x5c build/stm32f4xx_hal_i2c.o
 .text.HAL_I2C_Init
                0x0000000008005124      0x11c build/stm32f4xx_hal_i2c.o
                0x0000000008005124                HAL_I2C_Init
 .text.HAL_I2C_Master_Transmit
                0x0000000008005240      0x184 build/stm32f4xx_hal_i2c.o
                0x0000000008005240                HAL_I2C_Master_Transmit
 .text.HAL_I2C_Master_Receive
                0x00000000080053c4      0x2e8 build/stm32f4xx_hal_i2c.o
                0x00000000080053c4                HAL_I2C_Master_Receive
 .text.HAL_I2C_MasterTxCpltCallback
                0x00000000080056ac        0x2 build/stm32f4xx_hal_i2c.o
                0x00000000080056ac                HAL_I2C_MasterTxCpltCallback
 .text.HAL_I2C_MasterRxCpltCallback
                0x00000000080056ae        0x2 build/stm32f4xx_hal_i2c.o
                0x00000000080056ae                HAL_I2C_MasterRxCpltCallback
 .text.HAL_I2C_SlaveTxCpltCallback
                0x00000000080056b0        0x2 build/stm32f4xx_hal_i2c.o
                0x00000000080056b0                HAL_I2C_SlaveTxCpltCallback
 .text.I2C_SlaveTransmit_TXE
                0x00000000080056b2       0x4a build/stm32f4xx_hal_i2c.o
 .text.HAL_I2C_SlaveRxCpltCallback
                0x00000000080056fc        0x2 build/stm32f4xx_hal_i2c.o
                0x00000000080056fc                HAL_I2C_SlaveRxCpltCallback
 .text.I2C_SlaveReceive_RXNE
                0x00000000080056fe       0x4e build/stm32f4xx_hal_i2c.o
 .text.HAL_I2C_AddrCallback
                0x000000000800574c        0x2 build/stm32f4xx_hal_i2c.o
                0x000000000800574c                HAL_I2C_AddrCallback
 .text.I2C_Slave_ADDR
                0x000000000800574e       0x28 build/stm32f4xx_hal_i2c.o
 .text.HAL_I2C_ListenCpltCallback
                0x0000000008005776        0x2 build/stm32f4xx_hal_i2c.o
                0x0000000008005776                HAL_I2C_ListenCpltCallback
 .text.HAL_I2C_MemTxCpltCallback
                0x0000000008005778        0x2 build/stm32f4xx_hal_i2c.o
                0x0000000008005778                HAL_I2C_MemTxCpltCallback
 .text.I2C_MasterTransmit_TXE
                0x000000000800577a      0x146 build/stm32f4xx_hal_i2c.o
 .text.I2C_MasterTransmit_BTF
                0x00000000080058c0       0x9c build/stm32f4xx_hal_i2c.o
 .text.HAL_I2C_MemRxCpltCallback
                0x000000000800595c        0x2 build/stm32f4xx_hal_i2c.o
                0x000000000800595c                HAL_I2C_MemRxCpltCallback
 .text.I2C_MasterReceive_RXNE
                0x000000000800595e       0x98 build/stm32f4xx_hal_i2c.o
 .text.I2C_MasterReceive_BTF
                0x00000000080059f6      0x102 build/stm32f4xx_hal_i2c.o
 .text.HAL_I2C_ErrorCallback
                0x0000000008005af8        0x2 build/stm32f4xx_hal_i2c.o
                0x0000000008005af8                HAL_I2C_ErrorCallback
 .text.HAL_I2C_AbortCpltCallback
                0x0000000008005afa        0x2 build/stm32f4xx_hal_i2c.o
                0x0000000008005afa                HAL_I2C_AbortCpltCallback
 .text.I2C_ITError
                0x0000000008005afc      0x14c build/stm32f4xx_hal_i2c.o
 .text.I2C_Slave_STOPF
                0x0000000008005c48      0x100 build/stm32f4xx_hal_i2c.o
 .text.HAL_I2C_EV_IRQHandler
                0x0000000008005d48      0x168 build/stm32f4xx_hal_i2c.o
                0x0000000008005d48                HAL_I2C_EV_IRQHandler
 .text.I2C_DMAAbort
                0x0000000008005eb0       0x5e build/stm32f4xx_hal_i2c.o
 *fill*         0x0000000008005f0e        0x2 
 .text.HAL_InitTick
                0x0000000008005f10       0x4c build/stm32f4xx_hal.o
                0x0000000008005f10                HAL_InitTick
 .text.HAL_Init
                0x0000000008005f5c       0x34 build/stm32f4xx_hal.o
                0x0000000008005f5c                HAL_Init
 .text.HAL_IncTick
                0x0000000008005f90       0x18 build/stm32f4xx_hal.o
                0x0000000008005f90                HAL_IncTick
 .text.HAL_GetTick
                0x0000000008005fa8        0xc build/stm32f4xx_hal.o
                0x0000000008005fa8                HAL_GetTick
 .text.HAL_Delay
                0x0000000008005fb4       0x28 build/stm32f4xx_hal.o
                0x0000000008005fb4                HAL_Delay
 .text.MX_DMA_Init
                0x0000000008005fdc       0x68 build/dma.o
                0x0000000008005fdc                MX_DMA_Init
 .text.Reset_Handler
                0x0000000008006044       0x50 build/startup_stm32f401xe.o
                0x0000000008006044                Reset_Handler
 .text.Default_Handler
                0x0000000008006094        0x2 build/startup_stm32f401xe.o
                0x0000000008006094                RTC_Alarm_IRQHandler
                0x0000000008006094                EXTI2_IRQHandler
                0x0000000008006094                DebugMon_Handler
                0x0000000008006094                SPI4_IRQHandler
                0x0000000008006094                TIM1_CC_IRQHandler
                0x0000000008006094                DMA2_Stream5_IRQHandler
                0x0000000008006094                HardFault_Handler
                0x0000000008006094                PVD_IRQHandler
                0x0000000008006094                SDIO_IRQHandler
                0x0000000008006094                TAMP_STAMP_IRQHandler
                0x0000000008006094                PendSV_Handler
                0x0000000008006094                NMI_Handler
                0x0000000008006094                EXTI3_IRQHandler
                0x0000000008006094                TIM1_UP_TIM10_IRQHandler
                0x0000000008006094                I2C3_ER_IRQHandler
                0x0000000008006094                EXTI0_IRQHandler
                0x0000000008006094                I2C2_EV_IRQHandler
                0x0000000008006094                DMA1_Stream2_IRQHandler
                0x0000000008006094                FPU_IRQHandler
                0x0000000008006094                UsageFault_Handler
                0x0000000008006094                SPI1_IRQHandler
                0x0000000008006094                TIM1_BRK_TIM9_IRQHandler
                0x0000000008006094                DMA2_Stream3_IRQHandler
                0x0000000008006094                DMA2_Stream0_IRQHandler
                0x0000000008006094                TIM4_IRQHandler
                0x0000000008006094                I2C1_EV_IRQHandler
                0x0000000008006094                DMA1_Stream6_IRQHandler
                0x0000000008006094                DMA1_Stream1_IRQHandler
                0x0000000008006094                TIM3_IRQHandler
                0x0000000008006094                RCC_IRQHandler
                0x0000000008006094                Default_Handler
                0x0000000008006094                EXTI15_10_IRQHandler
                0x0000000008006094                ADC_IRQHandler
                0x0000000008006094                DMA1_Stream7_IRQHandler
                0x0000000008006094                TIM5_IRQHandler
                0x0000000008006094                DMA2_Stream7_IRQHandler
                0x0000000008006094                EXTI9_5_IRQHandler
                0x0000000008006094                RTC_WKUP_IRQHandler
                0x0000000008006094                SPI2_IRQHandler
                0x0000000008006094                MemManage_Handler
                0x0000000008006094                DMA1_Stream0_IRQHandler
                0x0000000008006094                SVC_Handler
                0x0000000008006094                EXTI4_IRQHandler
                0x0000000008006094                WWDG_IRQHandler
                0x0000000008006094                TIM2_IRQHandler
                0x0000000008006094                OTG_FS_WKUP_IRQHandler
                0x0000000008006094                TIM1_TRG_COM_TIM11_IRQHandler
                0x0000000008006094                EXTI1_IRQHandler
                0x0000000008006094                I2C2_ER_IRQHandler
                0x0000000008006094                FLASH_IRQHandler
                0x0000000008006094                DMA2_Stream4_IRQHandler
                0x0000000008006094                BusFault_Handler
                0x0000000008006094                OTG_FS_IRQHandler
                0x0000000008006094                SPI3_IRQHandler
                0x0000000008006094                DMA1_Stream4_IRQHandler
                0x0000000008006094                I2C1_ER_IRQHandler
                0x0000000008006094                DMA2_Stream6_IRQHandler
                0x0000000008006094                DMA1_Stream3_IRQHandler
 *fill*         0x0000000008006096        0x2 
 .text.__libc_init_array
                0x0000000008006098       0x48 /usr/lib/gcc/arm-none-eabi/7.3.0/../../../../arm-none-eabi/lib/armv7e-m/fpu/libc_nano.a(lib_a-init.o)
                0x0000000008006098                __libc_init_array
 .text.memcpy   0x00000000080060e0       0x16 /usr/lib/gcc/arm-none-eabi/7.3.0/../../../../arm-none-eabi/lib/armv7e-m/fpu/libc_nano.a(lib_a-memcpy-stub.o)
                0x00000000080060e0                memcpy
 .text.memset   0x00000000080060f6       0x10 /usr/lib/gcc/arm-none-eabi/7.3.0/../../../../arm-none-eabi/lib/armv7e-m/fpu/libc_nano.a(lib_a-memset.o)
                0x00000000080060f6                memset
 .text.strcpy   0x0000000008006106       0x10 /usr/lib/gcc/arm-none-eabi/7.3.0/../../../../arm-none-eabi/lib/armv7e-m/fpu/libc_nano.a(lib_a-strcpy.o)
                0x0000000008006106                strcpy
 .text.__udivmoddi4
                0x0000000008006116      0x2b6 /usr/lib/gcc/arm-none-eabi/7.3.0/armv7e-m/fpu/libgcc.a(_udivmoddi4.o)
                0x0000000008006116                __udivmoddi4
 *(.glue_7)
 .glue_7        0x00000000080063cc        0x0 linker stubs
 *(.glue_7t)
 .glue_7t       0x00000000080063cc        0x0 linker stubs
 *(.eh_frame)
 .eh_frame      0x00000000080063cc        0x0 /usr/lib/gcc/arm-none-eabi/7.3.0/armv7e-m/fpu/crtbegin.o
 *(.init)
 .init          0x00000000080063cc        0x4 /usr/lib/gcc/arm-none-eabi/7.3.0/armv7e-m/fpu/crti.o
                0x00000000080063cc                _init
 .init          0x00000000080063d0        0x8 /usr/lib/gcc/arm-none-eabi/7.3.0/armv7e-m/fpu/crtn.o
 *(.fini)
 .fini          0x00000000080063d8        0x4 /usr/lib/gcc/arm-none-eabi/7.3.0/armv7e-m/fpu/crti.o
                0x00000000080063d8                _fini
 .fini          0x00000000080063dc        0x8 /usr/lib/gcc/arm-none-eabi/7.3.0/armv7e-m/fpu/crtn.o
                0x00000000080063e4                . = ALIGN (0x4)
                0x00000000080063e4                _etext = .

.vfp11_veneer   0x00000000080063e4        0x0
 .vfp11_veneer  0x00000000080063e4        0x0 linker stubs

.v4_bx          0x00000000080063e4        0x0
 .v4_bx         0x00000000080063e4        0x0 linker stubs

.iplt           0x00000000080063e4        0x0
 .iplt          0x00000000080063e4        0x0 /usr/lib/gcc/arm-none-eabi/7.3.0/armv7e-m/fpu/crtbegin.o

.rodata         0x00000000080063e4       0x44
                0x00000000080063e4                . = ALIGN (0x4)
 *(.rodata)
 *(.rodata*)
 .rodata.MX_USART1_UART_Init.str1.4
                0x00000000080063e4        0xc build/usart.o
 .rodata.SystemClock_Config.str1.4
                0x00000000080063f0        0xb build/main.o
 *fill*         0x00000000080063fb        0x1 
 .rodata.MX_I2C1_Init.str1.4
                0x00000000080063fc        0xc build/i2c.o
                                          0xa (size before relaxing)
 .rodata.AHBPrescTable
                0x0000000008006408       0x10 build/system_stm32f4xx.o
                0x0000000008006408                AHBPrescTable
 .rodata.APBPrescTable
                0x0000000008006418        0x8 build/system_stm32f4xx.o
                0x0000000008006418                APBPrescTable
 .rodata.flagBitshiftOffset.8580
                0x0000000008006420        0x8 build/stm32f4xx_hal_dma.o
                0x0000000008006428                . = ALIGN (0x4)

.ARM.extab
 *(.ARM.extab* .gnu.linkonce.armextab.*)

.ARM            0x0000000008006428        0x8
                0x0000000008006428                __exidx_start = .
 *(.ARM.exidx*)
 .ARM.exidx.text.__udivmoddi4
                0x0000000008006428        0x8 /usr/lib/gcc/arm-none-eabi/7.3.0/armv7e-m/fpu/libgcc.a(_udivmoddi4.o)
                0x0000000008006430                __exidx_end = .

.rel.dyn        0x0000000008006430        0x0
 .rel.iplt      0x0000000008006430        0x0 /usr/lib/gcc/arm-none-eabi/7.3.0/armv7e-m/fpu/crtbegin.o

.preinit_array  0x0000000008006430        0x0
                0x0000000008006430                PROVIDE (__preinit_array_start = .)
 *(.preinit_array*)
                0x0000000008006430                PROVIDE (__preinit_array_end = .)

.init_array     0x0000000008006430        0x4
                0x0000000008006430                PROVIDE (__init_array_start = .)
 *(SORT_BY_NAME(.init_array.*))
 *(.init_array*)
 .init_array    0x0000000008006430        0x4 /usr/lib/gcc/arm-none-eabi/7.3.0/armv7e-m/fpu/crtbegin.o
                0x0000000008006434                PROVIDE (__init_array_end = .)

.fini_array     0x0000000008006434        0x4
                0x0000000008006434                PROVIDE (__fini_array_start = .)
 *(SORT_BY_NAME(.fini_array.*))
 *(.fini_array*)
 .fini_array    0x0000000008006434        0x4 /usr/lib/gcc/arm-none-eabi/7.3.0/armv7e-m/fpu/crtbegin.o
                0x0000000008006438                PROVIDE (__fini_array_end = .)
                0x0000000008006438                _sidata = LOADADDR (.data)

.data           0x0000000020000000      0x45c load address 0x0000000008006438
                0x0000000020000000                . = ALIGN (0x4)
                0x0000000020000000                _sdata = .
 *(.data)
 *(.data*)
 .data.DefaultTuningSettings
                0x0000000020000000       0xf3 build/vl53l0x_api.o
                0x0000000020000000                DefaultTuningSettings
 *fill*         0x00000000200000f3        0x1 
 .data.InterruptThresholdSettings
                0x00000000200000f4      0x1b6 build/vl53l0x_api.o
                0x00000000200000f4                InterruptThresholdSettings
 *fill*         0x00000000200002aa        0x2 
 .data.refArrayQuadrants
                0x00000000200002ac       0x10 build/vl53l0x_api_calibration.o
                0x00000000200002ac                refArrayQuadrants
 .data.LeakyFactorFix8
                0x00000000200002bc        0x4 build/main.o
                0x00000000200002bc                LeakyFactorFix8
 .data.tof_dev  0x00000000200002c0      0x190 build/main.o
                0x00000000200002c0                tof_dev
 .data.SystemCoreClock
                0x0000000020000450        0x4 build/system_stm32f4xx.o
                0x0000000020000450                SystemCoreClock
 .data.uwTickFreq
                0x0000000020000454        0x1 build/stm32f4xx_hal.o
                0x0000000020000454                uwTickFreq
 *fill*         0x0000000020000455        0x3 
 .data.uwTickPrio
                0x0000000020000458        0x4 build/stm32f4xx_hal.o
                0x0000000020000458                uwTickPrio
                0x000000002000045c                . = ALIGN (0x4)
                0x000000002000045c                _edata = .

.igot.plt       0x000000002000045c        0x0 load address 0x0000000008006894
 .igot.plt      0x000000002000045c        0x0 /usr/lib/gcc/arm-none-eabi/7.3.0/armv7e-m/fpu/crtbegin.o
                0x000000002000045c                . = ALIGN (0x4)

.bss            0x000000002000045c      0x304 load address 0x0000000008006894
                0x000000002000045c                _sbss = .
                0x000000002000045c                __bss_start__ = _sbss
 *(.bss)
 *(.bss*)
 .bss.completed.9908
                0x000000002000045c        0x1 /usr/lib/gcc/arm-none-eabi/7.3.0/armv7e-m/fpu/crtbegin.o
 *fill*         0x000000002000045d        0x3 
 .bss.object.9913
                0x0000000020000460       0x18 /usr/lib/gcc/arm-none-eabi/7.3.0/armv7e-m/fpu/crtbegin.o
 *(COMMON)
 COMMON         0x0000000020000478       0x40 build/vl53l0x_platform.o
                0x0000000020000478                _I2CBuffer
 COMMON         0x00000000200004b8      0x1e0 build/usart.o
                0x00000000200004b8                hdma_usart2_rx
                0x0000000020000518                hdma_usart6_rx
                0x0000000020000578                hdma_usart1_rx
                0x00000000200005d8                huart1
                0x0000000020000618                huart6
                0x0000000020000658                huart2
 COMMON         0x0000000020000698       0x1c build/main.o
                0x0000000020000698                tof_data
 COMMON         0x00000000200006b4       0xa8 build/i2c.o
                0x00000000200006b4                hi2c3
                0x0000000020000708                hi2c1
 COMMON         0x000000002000075c        0x4 build/stm32f4xx_hal.o
                0x000000002000075c                uwTick
                0x0000000020000760                . = ALIGN (0x4)
                0x0000000020000760                _ebss = .
                0x0000000020000760                __bss_end__ = _ebss

._user_heap_stack
                0x0000000020000760      0x600 load address 0x0000000008006894
                0x0000000020000760                . = ALIGN (0x8)
                [!provide]                        PROVIDE (end = .)
                [!provide]                        PROVIDE (_end = .)
                0x0000000020000960                . = (. + _Min_Heap_Size)
 *fill*         0x0000000020000760      0x200 
                0x0000000020000d60                . = (. + _Min_Stack_Size)
 *fill*         0x0000000020000960      0x400 
                0x0000000020000d60                . = ALIGN (0x8)

/DISCARD/
 libc.a(*)
 libm.a(*)
 libgcc.a(*)

.ARM.attributes
                0x0000000000000000       0x30
 *(.ARM.attributes)
 .ARM.attributes
                0x0000000000000000       0x22 /usr/lib/gcc/arm-none-eabi/7.3.0/armv7e-m/fpu/crti.o
 .ARM.attributes
                0x0000000000000022       0x34 /usr/lib/gcc/arm-none-eabi/7.3.0/armv7e-m/fpu/crtbegin.o
 .ARM.attributes
                0x0000000000000056       0x39 build/vl53l0x_api.o
 .ARM.attributes
                0x000000000000008f       0x39 build/vl53l0x_api_calibration.o
 .ARM.attributes
                0x00000000000000c8       0x39 build/vl53l0x_api_core.o
 .ARM.attributes
                0x0000000000000101       0x39 build/vl53l0x_platform.o
 .ARM.attributes
                0x000000000000013a       0x39 build/usart.o
 .ARM.attributes
                0x0000000000000173       0x39 build/main.o
 .ARM.attributes
                0x00000000000001ac       0x39 build/i2c.o
 .ARM.attributes
                0x00000000000001e5       0x39 build/stm32f4xx_hal_msp.o
 .ARM.attributes
                0x000000000000021e       0x39 build/stm32f4xx_hal_cortex.o
 .ARM.attributes
                0x0000000000000257       0x39 build/stm32f4xx_hal_uart.o
 .ARM.attributes
                0x0000000000000290       0x39 build/stm32f4xx_it.o
 .ARM.attributes
                0x00000000000002c9       0x39 build/stm32f4xx_hal_rcc.o
 .ARM.attributes
                0x0000000000000302       0x39 build/gpio.o
 .ARM.attributes
                0x000000000000033b       0x39 build/stm32f4xx_hal_gpio.o
 .ARM.attributes
                0x0000000000000374       0x39 build/system_stm32f4xx.o
 .ARM.attributes
                0x00000000000003ad       0x39 build/stm32f4xx_hal_dma.o
 .ARM.attributes
                0x00000000000003e6       0x39 build/stm32f4xx_hal_i2c.o
 .ARM.attributes
                0x000000000000041f       0x39 build/stm32f4xx_hal.o
 .ARM.attributes
                0x0000000000000458       0x39 build/dma.o
 .ARM.attributes
                0x0000000000000491       0x21 build/startup_stm32f401xe.o
 .ARM.attributes
                0x00000000000004b2       0x34 /usr/lib/gcc/arm-none-eabi/7.3.0/../../../../arm-none-eabi/lib/armv7e-m/fpu/libc_nano.a(lib_a-init.o)
 .ARM.attributes
                0x00000000000004e6       0x34 /usr/lib/gcc/arm-none-eabi/7.3.0/../../../../arm-none-eabi/lib/armv7e-m/fpu/libc_nano.a(lib_a-memcpy-stub.o)
 .ARM.attributes
                0x000000000000051a       0x34 /usr/lib/gcc/arm-none-eabi/7.3.0/../../../../arm-none-eabi/lib/armv7e-m/fpu/libc_nano.a(lib_a-memset.o)
 .ARM.attributes
                0x000000000000054e       0x34 /usr/lib/gcc/arm-none-eabi/7.3.0/../../../../arm-none-eabi/lib/armv7e-m/fpu/libc_nano.a(lib_a-strcpy.o)
 .ARM.attributes
                0x0000000000000582       0x22 /usr/lib/gcc/arm-none-eabi/7.3.0/armv7e-m/fpu/libgcc.a(_aeabi_uldivmod.o)
 .ARM.attributes
                0x00000000000005a4       0x34 /usr/lib/gcc/arm-none-eabi/7.3.0/armv7e-m/fpu/libgcc.a(_udivmoddi4.o)
 .ARM.attributes
                0x00000000000005d8       0x22 /usr/lib/gcc/arm-none-eabi/7.3.0/armv7e-m/fpu/libgcc.a(_dvmd_tls.o)
 .ARM.attributes
                0x00000000000005fa       0x22 /usr/lib/gcc/arm-none-eabi/7.3.0/armv7e-m/fpu/crtn.o
OUTPUT(build/Central.elf elf32-littlearm)

.debug_info     0x0000000000000000    0x249bc
 .debug_info    0x0000000000000000     0x5803 build/vl53l0x_api.o
 .debug_info    0x0000000000005803     0x30fb build/vl53l0x_api_calibration.o
 .debug_info    0x00000000000088fe     0x4024 build/vl53l0x_api_core.o
 .debug_info    0x000000000000c922     0x1e3f build/vl53l0x_platform.o
 .debug_info    0x000000000000e761     0x1894 build/usart.o
 .debug_info    0x000000000000fff5     0x25cc build/main.o
 .debug_info    0x00000000000125c1     0x1723 build/i2c.o
 .debug_info    0x0000000000013ce4      0xcbe build/stm32f4xx_hal_msp.o
 .debug_info    0x00000000000149a2     0x1873 build/stm32f4xx_hal_cortex.o
 .debug_info    0x0000000000016215     0x215e build/stm32f4xx_hal_uart.o
 .debug_info    0x0000000000018373     0x137d build/stm32f4xx_it.o
 .debug_info    0x00000000000196f0     0x143c build/stm32f4xx_hal_rcc.o
 .debug_info    0x000000000001ab2c      0xf53 build/gpio.o
 .debug_info    0x000000000001ba7f     0x1130 build/stm32f4xx_hal_gpio.o
 .debug_info    0x000000000001cbaf      0xea6 build/system_stm32f4xx.o
 .debug_info    0x000000000001da55     0x13da build/stm32f4xx_hal_dma.o
 .debug_info    0x000000000001ee2f     0x398b build/stm32f4xx_hal_i2c.o
 .debug_info    0x00000000000227ba     0x1317 build/stm32f4xx_hal.o
 .debug_info    0x0000000000023ad1      0xec9 build/dma.o
 .debug_info    0x000000000002499a       0x22 build/startup_stm32f401xe.o

.debug_abbrev   0x0000000000000000     0x34e9
 .debug_abbrev  0x0000000000000000      0x371 build/vl53l0x_api.o
 .debug_abbrev  0x0000000000000371      0x356 build/vl53l0x_api_calibration.o
 .debug_abbrev  0x00000000000006c7      0x37d build/vl53l0x_api_core.o
 .debug_abbrev  0x0000000000000a44      0x29f build/vl53l0x_platform.o
 .debug_abbrev  0x0000000000000ce3      0x289 build/usart.o
 .debug_abbrev  0x0000000000000f6c      0x2df build/main.o
 .debug_abbrev  0x000000000000124b      0x244 build/i2c.o
 .debug_abbrev  0x000000000000148f      0x1ed build/stm32f4xx_hal_msp.o
 .debug_abbrev  0x000000000000167c      0x3dc build/stm32f4xx_hal_cortex.o
 .debug_abbrev  0x0000000000001a58      0x375 build/stm32f4xx_hal_uart.o
 .debug_abbrev  0x0000000000001dcd      0x1ec build/stm32f4xx_it.o
 .debug_abbrev  0x0000000000001fb9      0x32f build/stm32f4xx_hal_rcc.o
 .debug_abbrev  0x00000000000022e8      0x20d build/gpio.o
 .debug_abbrev  0x00000000000024f5      0x2be build/stm32f4xx_hal_gpio.o
 .debug_abbrev  0x00000000000027b3      0x1e6 build/system_stm32f4xx.o
 .debug_abbrev  0x0000000000002999      0x319 build/stm32f4xx_hal_dma.o
 .debug_abbrev  0x0000000000002cb2      0x32e build/stm32f4xx_hal_i2c.o
 .debug_abbrev  0x0000000000002fe0      0x2e1 build/stm32f4xx_hal.o
 .debug_abbrev  0x00000000000032c1      0x216 build/dma.o
 .debug_abbrev  0x00000000000034d7       0x12 build/startup_stm32f401xe.o

.debug_loc      0x0000000000000000    0x1244d
 .debug_loc     0x0000000000000000     0x48ef build/vl53l0x_api.o
 .debug_loc     0x00000000000048ef     0x212a build/vl53l0x_api_calibration.o
 .debug_loc     0x0000000000006a19     0x326e build/vl53l0x_api_core.o
 .debug_loc     0x0000000000009c87      0xb0f build/vl53l0x_platform.o
 .debug_loc     0x000000000000a796      0x184 build/usart.o
 .debug_loc     0x000000000000a91a      0x143 build/main.o
 .debug_loc     0x000000000000aa5d      0x14a build/i2c.o
 .debug_loc     0x000000000000aba7       0x20 build/stm32f4xx_hal_msp.o
 .debug_loc     0x000000000000abc7      0x65e build/stm32f4xx_hal_cortex.o
 .debug_loc     0x000000000000b225     0x1a3f build/stm32f4xx_hal_uart.o
 .debug_loc     0x000000000000cc64      0x100 build/stm32f4xx_it.o
 .debug_loc     0x000000000000cd64      0x555 build/stm32f4xx_hal_rcc.o
 .debug_loc     0x000000000000d2b9       0x39 build/gpio.o
 .debug_loc     0x000000000000d2f2      0x531 build/stm32f4xx_hal_gpio.o
 .debug_loc     0x000000000000d823      0x13e build/system_stm32f4xx.o
 .debug_loc     0x000000000000d961      0xc96 build/stm32f4xx_hal_dma.o
 .debug_loc     0x000000000000e5f7     0x3c81 build/stm32f4xx_hal_i2c.o
 .debug_loc     0x0000000000012278      0x19d build/stm32f4xx_hal.o
 .debug_loc     0x0000000000012415       0x38 build/dma.o

.debug_aranges  0x0000000000000000      0xe40
 .debug_aranges
                0x0000000000000000      0x330 build/vl53l0x_api.o
 .debug_aranges
                0x0000000000000330       0xd0 build/vl53l0x_api_calibration.o
 .debug_aranges
                0x0000000000000400       0xe0 build/vl53l0x_api_core.o
 .debug_aranges
                0x00000000000004e0       0x78 build/vl53l0x_platform.o
 .debug_aranges
                0x0000000000000558       0x40 build/usart.o
 .debug_aranges
                0x0000000000000598       0x38 build/main.o
 .debug_aranges
                0x00000000000005d0       0x38 build/i2c.o
 .debug_aranges
                0x0000000000000608       0x20 build/stm32f4xx_hal_msp.o
 .debug_aranges
                0x0000000000000628       0xa8 build/stm32f4xx_hal_cortex.o
 .debug_aranges
                0x00000000000006d0      0x1d0 build/stm32f4xx_hal_uart.o
 .debug_aranges
                0x00000000000008a0       0x58 build/stm32f4xx_it.o
 .debug_aranges
                0x00000000000008f8       0x88 build/stm32f4xx_hal_rcc.o
 .debug_aranges
                0x0000000000000980       0x20 build/gpio.o
 .debug_aranges
                0x00000000000009a0       0x58 build/stm32f4xx_hal_gpio.o
 .debug_aranges
                0x00000000000009f8       0x28 build/system_stm32f4xx.o
 .debug_aranges
                0x0000000000000a20       0x90 build/stm32f4xx_hal_dma.o
 .debug_aranges
                0x0000000000000ab0      0x268 build/stm32f4xx_hal_i2c.o
 .debug_aranges
                0x0000000000000d18       0xe0 build/stm32f4xx_hal.o
 .debug_aranges
                0x0000000000000df8       0x20 build/dma.o
 .debug_aranges
                0x0000000000000e18       0x28 build/startup_stm32f401xe.o

.debug_ranges   0x0000000000000000      0xd80
 .debug_ranges  0x0000000000000000      0x320 build/vl53l0x_api.o
 .debug_ranges  0x0000000000000320       0xc0 build/vl53l0x_api_calibration.o
 .debug_ranges  0x00000000000003e0       0xd0 build/vl53l0x_api_core.o
 .debug_ranges  0x00000000000004b0       0x68 build/vl53l0x_platform.o
 .debug_ranges  0x0000000000000518       0x30 build/usart.o
 .debug_ranges  0x0000000000000548       0x28 build/main.o
 .debug_ranges  0x0000000000000570       0x28 build/i2c.o
 .debug_ranges  0x0000000000000598       0x10 build/stm32f4xx_hal_msp.o
 .debug_ranges  0x00000000000005a8       0xf8 build/stm32f4xx_hal_cortex.o
 .debug_ranges  0x00000000000006a0      0x1c0 build/stm32f4xx_hal_uart.o
 .debug_ranges  0x0000000000000860       0x48 build/stm32f4xx_it.o
 .debug_ranges  0x00000000000008a8       0x90 build/stm32f4xx_hal_rcc.o
 .debug_ranges  0x0000000000000938       0x10 build/gpio.o
 .debug_ranges  0x0000000000000948       0x48 build/stm32f4xx_hal_gpio.o
 .debug_ranges  0x0000000000000990       0x18 build/system_stm32f4xx.o
 .debug_ranges  0x00000000000009a8       0x80 build/stm32f4xx_hal_dma.o
 .debug_ranges  0x0000000000000a28      0x258 build/stm32f4xx_hal_i2c.o
 .debug_ranges  0x0000000000000c80       0xd0 build/stm32f4xx_hal.o
 .debug_ranges  0x0000000000000d50       0x10 build/dma.o
 .debug_ranges  0x0000000000000d60       0x20 build/startup_stm32f401xe.o

.debug_line     0x0000000000000000     0x69d7
 .debug_line    0x0000000000000000      0xe9f build/vl53l0x_api.o
 .debug_line    0x0000000000000e9f      0x77e build/vl53l0x_api_calibration.o
 .debug_line    0x000000000000161d      0x97e build/vl53l0x_api_core.o
 .debug_line    0x0000000000001f9b      0x377 build/vl53l0x_platform.o
 .debug_line    0x0000000000002312      0x2f5 build/usart.o
 .debug_line    0x0000000000002607      0x39d build/main.o
 .debug_line    0x00000000000029a4      0x28a build/i2c.o
 .debug_line    0x0000000000002c2e      0x1b9 build/stm32f4xx_hal_msp.o
 .debug_line    0x0000000000002de7      0x417 build/stm32f4xx_hal_cortex.o
 .debug_line    0x00000000000031fe      0xb2e build/stm32f4xx_hal_uart.o
 .debug_line    0x0000000000003d2c      0x29c build/stm32f4xx_it.o
 .debug_line    0x0000000000003fc8      0x49d build/stm32f4xx_hal_rcc.o
 .debug_line    0x0000000000004465      0x1cb build/gpio.o
 .debug_line    0x0000000000004630      0x347 build/stm32f4xx_hal_gpio.o
 .debug_line    0x0000000000004977      0x1aa build/system_stm32f4xx.o
 .debug_line    0x0000000000004b21      0x51a build/stm32f4xx_hal_dma.o
 .debug_line    0x000000000000503b     0x13a6 build/stm32f4xx_hal_i2c.o
 .debug_line    0x00000000000063e1      0x3d7 build/stm32f4xx_hal.o
 .debug_line    0x00000000000067b8      0x1ab build/dma.o
 .debug_line    0x0000000000006963       0x74 build/startup_stm32f401xe.o

.debug_str      0x0000000000000000     0x5fc3
 .debug_str     0x0000000000000000     0x2816 build/vl53l0x_api.o
                                       0x2c82 (size before relaxing)
 .debug_str     0x0000000000002816      0x624 build/vl53l0x_api_calibration.o
                                       0x1d00 (size before relaxing)
 .debug_str     0x0000000000002e3a      0xbe4 build/vl53l0x_api_core.o
                                       0x2332 (size before relaxing)
 .debug_str     0x0000000000003a1e       0xc6 build/vl53l0x_platform.o
                                       0x139e (size before relaxing)
 .debug_str     0x0000000000003ae4      0x7fd build/usart.o
                                       0x1027 (size before relaxing)
 .debug_str     0x00000000000042e1      0x2cb build/main.o
                                       0x1d51 (size before relaxing)
 .debug_str     0x00000000000045ac       0x43 build/i2c.o
                                       0x1096 (size before relaxing)
 .debug_str     0x00000000000045ef       0x41 build/stm32f4xx_hal_msp.o
                                        0x993 (size before relaxing)
 .debug_str     0x0000000000004630      0x3a1 build/stm32f4xx_hal_cortex.o
                                        0xeb8 (size before relaxing)
 .debug_str     0x00000000000049d1      0x599 build/stm32f4xx_hal_uart.o
                                        0xff2 (size before relaxing)
 .debug_str     0x0000000000004f6a       0xe9 build/stm32f4xx_it.o
                                        0xd7e (size before relaxing)
 .debug_str     0x0000000000005053      0x181 build/stm32f4xx_hal_rcc.o
                                        0xad5 (size before relaxing)
 .debug_str     0x00000000000051d4        0xb build/gpio.o
                                        0x79b (size before relaxing)
 .debug_str     0x00000000000051df      0x112 build/stm32f4xx_hal_gpio.o
                                        0x902 (size before relaxing)
 .debug_str     0x00000000000052f1       0x42 build/system_stm32f4xx.o
                                        0x766 (size before relaxing)
 .debug_str     0x0000000000005333      0x2a4 build/stm32f4xx_hal_dma.o
                                        0xb76 (size before relaxing)
 .debug_str     0x00000000000055d7      0x749 build/stm32f4xx_hal_i2c.o
                                       0x133b (size before relaxing)
 .debug_str     0x0000000000005d20      0x277 build/stm32f4xx_hal.o
                                        0xdf3 (size before relaxing)
 .debug_str     0x0000000000005f97        0xa build/dma.o
                                        0xa90 (size before relaxing)
 .debug_str     0x0000000000005fa1       0x22 build/startup_stm32f401xe.o
                                         0x70 (size before relaxing)

.comment        0x0000000000000000       0x1d
 .comment       0x0000000000000000       0x1d build/vl53l0x_api.o
                                         0x1e (size before relaxing)
 .comment       0x000000000000001d       0x1e build/vl53l0x_api_calibration.o
 .comment       0x000000000000001d       0x1e build/vl53l0x_api_core.o
 .comment       0x000000000000001d       0x1e build/vl53l0x_platform.o
 .comment       0x000000000000001d       0x1e build/usart.o
 .comment       0x000000000000001d       0x1e build/main.o
 .comment       0x000000000000001d       0x1e build/i2c.o
 .comment       0x000000000000001d       0x1e build/stm32f4xx_hal_msp.o
 .comment       0x000000000000001d       0x1e build/stm32f4xx_hal_cortex.o
 .comment       0x000000000000001d       0x1e build/stm32f4xx_hal_uart.o
 .comment       0x000000000000001d       0x1e build/stm32f4xx_it.o
 .comment       0x000000000000001d       0x1e build/stm32f4xx_hal_rcc.o
 .comment       0x000000000000001d       0x1e build/gpio.o
 .comment       0x000000000000001d       0x1e build/stm32f4xx_hal_gpio.o
 .comment       0x000000000000001d       0x1e build/system_stm32f4xx.o
 .comment       0x000000000000001d       0x1e build/stm32f4xx_hal_dma.o
 .comment       0x000000000000001d       0x1e build/stm32f4xx_hal_i2c.o
 .comment       0x000000000000001d       0x1e build/stm32f4xx_hal.o
 .comment       0x000000000000001d       0x1e build/dma.o

.debug_frame    0x0000000000000000     0x2fc8
 .debug_frame   0x0000000000000000      0xbb0 build/vl53l0x_api.o
 .debug_frame   0x0000000000000bb0      0x3a8 build/vl53l0x_api_calibration.o
 .debug_frame   0x0000000000000f58      0x390 build/vl53l0x_api_core.o
 .debug_frame   0x00000000000012e8      0x1dc build/vl53l0x_platform.o
 .debug_frame   0x00000000000014c4       0xa8 build/usart.o
 .debug_frame   0x000000000000156c       0x84 build/main.o
 .debug_frame   0x00000000000015f0       0x90 build/i2c.o
 .debug_frame   0x0000000000001680       0x2c build/stm32f4xx_hal_msp.o
 .debug_frame   0x00000000000016ac      0x16c build/stm32f4xx_hal_cortex.o
 .debug_frame   0x0000000000001818      0x57c build/stm32f4xx_hal_uart.o
 .debug_frame   0x0000000000001d94       0xf0 build/stm32f4xx_it.o
 .debug_frame   0x0000000000001e84      0x1c4 build/stm32f4xx_hal_rcc.o
 .debug_frame   0x0000000000002048       0x40 build/gpio.o
 .debug_frame   0x0000000000002088       0xec build/stm32f4xx_hal_gpio.o
 .debug_frame   0x0000000000002174       0x30 build/system_stm32f4xx.o
 .debug_frame   0x00000000000021a4      0x1b8 build/stm32f4xx_hal_dma.o
 .debug_frame   0x000000000000235c      0x964 build/stm32f4xx_hal_i2c.o
 .debug_frame   0x0000000000002cc0      0x1e0 build/stm32f4xx_hal.o
 .debug_frame   0x0000000000002ea0       0x30 build/dma.o
 .debug_frame   0x0000000000002ed0       0x2c /usr/lib/gcc/arm-none-eabi/7.3.0/../../../../arm-none-eabi/lib/armv7e-m/fpu/libc_nano.a(lib_a-init.o)
 .debug_frame   0x0000000000002efc       0x28 /usr/lib/gcc/arm-none-eabi/7.3.0/../../../../arm-none-eabi/lib/armv7e-m/fpu/libc_nano.a(lib_a-memcpy-stub.o)
 .debug_frame   0x0000000000002f24       0x20 /usr/lib/gcc/arm-none-eabi/7.3.0/../../../../arm-none-eabi/lib/armv7e-m/fpu/libc_nano.a(lib_a-memset.o)
 .debug_frame   0x0000000000002f44       0x20 /usr/lib/gcc/arm-none-eabi/7.3.0/../../../../arm-none-eabi/lib/armv7e-m/fpu/libc_nano.a(lib_a-strcpy.o)
 .debug_frame   0x0000000000002f64       0x2c /usr/lib/gcc/arm-none-eabi/7.3.0/armv7e-m/fpu/libgcc.a(_aeabi_uldivmod.o)
 .debug_frame   0x0000000000002f90       0x38 /usr/lib/gcc/arm-none-eabi/7.3.0/armv7e-m/fpu/libgcc.a(_udivmoddi4.o)

Cross Reference Table

Symbol                                            File
ADC_IRQHandler                                    build/startup_stm32f401xe.o
AHBPrescTable                                     build/system_stm32f4xx.o
                                                  build/stm32f4xx_hal_rcc.o
APBPrescTable                                     build/system_stm32f4xx.o
                                                  build/stm32f4xx_hal_rcc.o
BusFault_Handler                                  build/startup_stm32f401xe.o
DMA1_Stream0_IRQHandler                           build/startup_stm32f401xe.o
DMA1_Stream1_IRQHandler                           build/startup_stm32f401xe.o
DMA1_Stream2_IRQHandler                           build/startup_stm32f401xe.o
DMA1_Stream3_IRQHandler                           build/startup_stm32f401xe.o
DMA1_Stream4_IRQHandler                           build/startup_stm32f401xe.o
DMA1_Stream5_IRQHandler                           build/stm32f4xx_it.o
DMA1_Stream6_IRQHandler                           build/startup_stm32f401xe.o
DMA1_Stream7_IRQHandler                           build/startup_stm32f401xe.o
DMA2_Stream0_IRQHandler                           build/startup_stm32f401xe.o
DMA2_Stream1_IRQHandler                           build/stm32f4xx_it.o
DMA2_Stream2_IRQHandler                           build/stm32f4xx_it.o
DMA2_Stream3_IRQHandler                           build/startup_stm32f401xe.o
DMA2_Stream4_IRQHandler                           build/startup_stm32f401xe.o
DMA2_Stream5_IRQHandler                           build/startup_stm32f401xe.o
DMA2_Stream6_IRQHandler                           build/startup_stm32f401xe.o
DMA2_Stream7_IRQHandler                           build/startup_stm32f401xe.o
DebugMon_Handler                                  build/startup_stm32f401xe.o
DefaultTuningSettings                             build/vl53l0x_api.o
Default_Handler                                   build/startup_stm32f401xe.o
EXTI0_IRQHandler                                  build/startup_stm32f401xe.o
EXTI15_10_IRQHandler                              build/startup_stm32f401xe.o
EXTI1_IRQHandler                                  build/startup_stm32f401xe.o
EXTI2_IRQHandler                                  build/startup_stm32f401xe.o
EXTI3_IRQHandler                                  build/startup_stm32f401xe.o
EXTI4_IRQHandler                                  build/startup_stm32f401xe.o
EXTI9_5_IRQHandler                                build/startup_stm32f401xe.o
FLASH_Erase_Sector                                build/stm32f4xx_hal_flash_ex.o
                                                  build/stm32f4xx_hal_flash.o
FLASH_FlushCaches                                 build/stm32f4xx_hal_flash_ex.o
                                                  build/stm32f4xx_hal_flash.o
FLASH_IRQHandler                                  build/startup_stm32f401xe.o
FLASH_WaitForLastOperation                        build/stm32f4xx_hal_flash.o
                                                  build/stm32f4xx_hal_flash_ex.o
FPU_IRQHandler                                    build/startup_stm32f401xe.o
HAL_DBGMCU_DisableDBGSleepMode                    build/stm32f4xx_hal.o
HAL_DBGMCU_DisableDBGStandbyMode                  build/stm32f4xx_hal.o
HAL_DBGMCU_DisableDBGStopMode                     build/stm32f4xx_hal.o
HAL_DBGMCU_EnableDBGSleepMode                     build/stm32f4xx_hal.o
HAL_DBGMCU_EnableDBGStandbyMode                   build/stm32f4xx_hal.o
HAL_DBGMCU_EnableDBGStopMode                      build/stm32f4xx_hal.o
HAL_DMAEx_ChangeMemory                            build/stm32f4xx_hal_dma_ex.o
HAL_DMAEx_MultiBufferStart                        build/stm32f4xx_hal_dma_ex.o
HAL_DMAEx_MultiBufferStart_IT                     build/stm32f4xx_hal_dma_ex.o
HAL_DMA_Abort                                     build/stm32f4xx_hal_dma.o
                                                  build/stm32f4xx_hal_uart.o
HAL_DMA_Abort_IT                                  build/stm32f4xx_hal_dma.o
                                                  build/stm32f4xx_hal_i2c.o
                                                  build/stm32f4xx_hal_uart.o
HAL_DMA_DeInit                                    build/stm32f4xx_hal_dma.o
                                                  build/usart.o
HAL_DMA_GetError                                  build/stm32f4xx_hal_dma.o
                                                  build/stm32f4xx_hal_i2c.o
HAL_DMA_GetState                                  build/stm32f4xx_hal_dma.o
HAL_DMA_IRQHandler                                build/stm32f4xx_hal_dma.o
                                                  build/stm32f4xx_it.o
HAL_DMA_Init                                      build/stm32f4xx_hal_dma.o
                                                  build/usart.o
HAL_DMA_PollForTransfer                           build/stm32f4xx_hal_dma.o
HAL_DMA_RegisterCallback                          build/stm32f4xx_hal_dma.o
HAL_DMA_Start                                     build/stm32f4xx_hal_dma.o
HAL_DMA_Start_IT                                  build/stm32f4xx_hal_dma.o
                                                  build/stm32f4xx_hal_i2c.o
                                                  build/stm32f4xx_hal_uart.o
HAL_DMA_UnRegisterCallback                        build/stm32f4xx_hal_dma.o
HAL_DeInit                                        build/stm32f4xx_hal.o
HAL_Delay                                         build/stm32f4xx_hal.o
                                                  build/vl53l0x_platform.o
HAL_DisableCompensationCell                       build/stm32f4xx_hal.o
HAL_EnableCompensationCell                        build/stm32f4xx_hal.o
HAL_FLASHEx_AdvOBGetConfig                        build/stm32f4xx_hal_flash_ex.o
HAL_FLASHEx_AdvOBProgram                          build/stm32f4xx_hal_flash_ex.o
HAL_FLASHEx_Erase                                 build/stm32f4xx_hal_flash_ex.o
HAL_FLASHEx_Erase_IT                              build/stm32f4xx_hal_flash_ex.o
HAL_FLASHEx_OBGetConfig                           build/stm32f4xx_hal_flash_ex.o
HAL_FLASHEx_OBProgram                             build/stm32f4xx_hal_flash_ex.o
HAL_FLASHEx_OB_DeSelectPCROP                      build/stm32f4xx_hal_flash_ex.o
HAL_FLASHEx_OB_SelectPCROP                        build/stm32f4xx_hal_flash_ex.o
HAL_FLASH_EndOfOperationCallback                  build/stm32f4xx_hal_flash.o
HAL_FLASH_GetError                                build/stm32f4xx_hal_flash.o
HAL_FLASH_IRQHandler                              build/stm32f4xx_hal_flash.o
HAL_FLASH_Lock                                    build/stm32f4xx_hal_flash.o
HAL_FLASH_OB_Launch                               build/stm32f4xx_hal_flash.o
HAL_FLASH_OB_Lock                                 build/stm32f4xx_hal_flash.o
HAL_FLASH_OB_Unlock                               build/stm32f4xx_hal_flash.o
HAL_FLASH_OperationErrorCallback                  build/stm32f4xx_hal_flash.o
HAL_FLASH_Program                                 build/stm32f4xx_hal_flash.o
HAL_FLASH_Program_IT                              build/stm32f4xx_hal_flash.o
HAL_FLASH_Unlock                                  build/stm32f4xx_hal_flash.o
HAL_GPIO_DeInit                                   build/stm32f4xx_hal_gpio.o
                                                  build/i2c.o
                                                  build/usart.o
HAL_GPIO_EXTI_Callback                            build/stm32f4xx_hal_gpio.o
HAL_GPIO_EXTI_IRQHandler                          build/stm32f4xx_hal_gpio.o
HAL_GPIO_Init                                     build/stm32f4xx_hal_gpio.o
                                                  build/gpio.o
                                                  build/stm32f4xx_hal_rcc.o
                                                  build/i2c.o
                                                  build/usart.o
HAL_GPIO_LockPin                                  build/stm32f4xx_hal_gpio.o
HAL_GPIO_ReadPin                                  build/stm32f4xx_hal_gpio.o
HAL_GPIO_TogglePin                                build/stm32f4xx_hal_gpio.o
                                                  build/main.o
HAL_GPIO_WritePin                                 build/stm32f4xx_hal_gpio.o
                                                  build/gpio.o
                                                  build/main.o
HAL_GetDEVID                                      build/stm32f4xx_hal.o
HAL_GetHalVersion                                 build/stm32f4xx_hal.o
HAL_GetREVID                                      build/stm32f4xx_hal.o
HAL_GetTick                                       build/stm32f4xx_hal.o
                                                  build/stm32f4xx_hal_i2c.o
                                                  build/stm32f4xx_hal_dma.o
                                                  build/stm32f4xx_hal_rcc_ex.o
                                                  build/stm32f4xx_hal_rcc.o
                                                  build/stm32f4xx_hal_uart.o
                                                  build/stm32f4xx_hal_pwr_ex.o
                                                  build/stm32f4xx_hal_flash.o
HAL_GetTickFreq                                   build/stm32f4xx_hal.o
HAL_GetTickPrio                                   build/stm32f4xx_hal.o
HAL_GetUID                                        build/stm32f4xx_hal.o
HAL_HalfDuplex_EnableReceiver                     build/stm32f4xx_hal_uart.o
HAL_HalfDuplex_EnableTransmitter                  build/stm32f4xx_hal_uart.o
HAL_HalfDuplex_Init                               build/stm32f4xx_hal_uart.o
HAL_I2CEx_ConfigAnalogFilter                      build/stm32f4xx_hal_i2c_ex.o
HAL_I2CEx_ConfigDigitalFilter                     build/stm32f4xx_hal_i2c_ex.o
HAL_I2C_AbortCpltCallback                         build/stm32f4xx_hal_i2c.o
HAL_I2C_AddrCallback                              build/stm32f4xx_hal_i2c.o
HAL_I2C_DeInit                                    build/stm32f4xx_hal_i2c.o
HAL_I2C_DisableListen_IT                          build/stm32f4xx_hal_i2c.o
HAL_I2C_ER_IRQHandler                             build/stm32f4xx_hal_i2c.o
HAL_I2C_EV_IRQHandler                             build/stm32f4xx_hal_i2c.o
                                                  build/stm32f4xx_it.o
HAL_I2C_EnableListen_IT                           build/stm32f4xx_hal_i2c.o
HAL_I2C_ErrorCallback                             build/stm32f4xx_hal_i2c.o
HAL_I2C_GetError                                  build/stm32f4xx_hal_i2c.o
HAL_I2C_GetMode                                   build/stm32f4xx_hal_i2c.o
HAL_I2C_GetState                                  build/stm32f4xx_hal_i2c.o
HAL_I2C_Init                                      build/stm32f4xx_hal_i2c.o
                                                  build/i2c.o
HAL_I2C_IsDeviceReady                             build/stm32f4xx_hal_i2c.o
HAL_I2C_ListenCpltCallback                        build/stm32f4xx_hal_i2c.o
HAL_I2C_MasterRxCpltCallback                      build/stm32f4xx_hal_i2c.o
HAL_I2C_MasterTxCpltCallback                      build/stm32f4xx_hal_i2c.o
HAL_I2C_Master_Abort_IT                           build/stm32f4xx_hal_i2c.o
HAL_I2C_Master_Receive                            build/stm32f4xx_hal_i2c.o
                                                  build/vl53l0x_platform.o
HAL_I2C_Master_Receive_DMA                        build/stm32f4xx_hal_i2c.o
HAL_I2C_Master_Receive_IT                         build/stm32f4xx_hal_i2c.o
HAL_I2C_Master_Sequential_Receive_IT              build/stm32f4xx_hal_i2c.o
HAL_I2C_Master_Sequential_Transmit_IT             build/stm32f4xx_hal_i2c.o
HAL_I2C_Master_Transmit                           build/stm32f4xx_hal_i2c.o
                                                  build/vl53l0x_platform.o
HAL_I2C_Master_Transmit_DMA                       build/stm32f4xx_hal_i2c.o
HAL_I2C_Master_Transmit_IT                        build/stm32f4xx_hal_i2c.o
HAL_I2C_MemRxCpltCallback                         build/stm32f4xx_hal_i2c.o
HAL_I2C_MemTxCpltCallback                         build/stm32f4xx_hal_i2c.o
HAL_I2C_Mem_Read                                  build/stm32f4xx_hal_i2c.o
HAL_I2C_Mem_Read_DMA                              build/stm32f4xx_hal_i2c.o
HAL_I2C_Mem_Read_IT                               build/stm32f4xx_hal_i2c.o
HAL_I2C_Mem_Write                                 build/stm32f4xx_hal_i2c.o
HAL_I2C_Mem_Write_DMA                             build/stm32f4xx_hal_i2c.o
HAL_I2C_Mem_Write_IT                              build/stm32f4xx_hal_i2c.o
HAL_I2C_MspDeInit                                 build/i2c.o
HAL_I2C_MspInit                                   build/i2c.o
HAL_I2C_SlaveRxCpltCallback                       build/stm32f4xx_hal_i2c.o
HAL_I2C_SlaveTxCpltCallback                       build/stm32f4xx_hal_i2c.o
HAL_I2C_Slave_Receive                             build/stm32f4xx_hal_i2c.o
HAL_I2C_Slave_Receive_DMA                         build/stm32f4xx_hal_i2c.o
HAL_I2C_Slave_Receive_IT                          build/stm32f4xx_hal_i2c.o
HAL_I2C_Slave_Sequential_Receive_IT               build/stm32f4xx_hal_i2c.o
HAL_I2C_Slave_Sequential_Transmit_IT              build/stm32f4xx_hal_i2c.o
HAL_I2C_Slave_Transmit                            build/stm32f4xx_hal_i2c.o
HAL_I2C_Slave_Transmit_DMA                        build/stm32f4xx_hal_i2c.o
HAL_I2C_Slave_Transmit_IT                         build/stm32f4xx_hal_i2c.o
HAL_IncTick                                       build/stm32f4xx_hal.o
                                                  build/stm32f4xx_it.o
HAL_Init                                          build/stm32f4xx_hal.o
                                                  build/main.o
HAL_InitTick                                      build/stm32f4xx_hal.o
                                                  build/stm32f4xx_hal_rcc_ex.o
                                                  build/stm32f4xx_hal_rcc.o
HAL_LIN_Init                                      build/stm32f4xx_hal_uart.o
HAL_LIN_SendBreak                                 build/stm32f4xx_hal_uart.o
HAL_MPU_ConfigRegion                              build/stm32f4xx_hal_cortex.o
HAL_MPU_Disable                                   build/stm32f4xx_hal_cortex.o
HAL_MPU_Enable                                    build/stm32f4xx_hal_cortex.o
HAL_MspDeInit                                     build/stm32f4xx_hal.o
HAL_MspInit                                       build/stm32f4xx_hal_msp.o
HAL_MultiProcessor_EnterMuteMode                  build/stm32f4xx_hal_uart.o
HAL_MultiProcessor_ExitMuteMode                   build/stm32f4xx_hal_uart.o
HAL_MultiProcessor_Init                           build/stm32f4xx_hal_uart.o
HAL_NVIC_ClearPendingIRQ                          build/stm32f4xx_hal_cortex.o
HAL_NVIC_DisableIRQ                               build/stm32f4xx_hal_cortex.o
                                                  build/i2c.o
                                                  build/usart.o
HAL_NVIC_EnableIRQ                                build/stm32f4xx_hal_cortex.o
                                                  build/dma.o
                                                  build/i2c.o
                                                  build/usart.o
HAL_NVIC_GetActive                                build/stm32f4xx_hal_cortex.o
HAL_NVIC_GetPendingIRQ                            build/stm32f4xx_hal_cortex.o
HAL_NVIC_GetPriority                              build/stm32f4xx_hal_cortex.o
HAL_NVIC_GetPriorityGrouping                      build/stm32f4xx_hal_cortex.o
HAL_NVIC_SetPendingIRQ                            build/stm32f4xx_hal_cortex.o
HAL_NVIC_SetPriority                              build/stm32f4xx_hal_cortex.o
                                                  build/dma.o
                                                  build/stm32f4xx_hal.o
                                                  build/stm32f4xx_hal_msp.o
                                                  build/i2c.o
                                                  build/main.o
                                                  build/usart.o
HAL_NVIC_SetPriorityGrouping                      build/stm32f4xx_hal_cortex.o
                                                  build/stm32f4xx_hal.o
                                                  build/stm32f4xx_hal_msp.o
HAL_NVIC_SystemReset                              build/stm32f4xx_hal_cortex.o
HAL_PWREx_ControlVoltageScaling                   build/stm32f4xx_hal_pwr_ex.o
HAL_PWREx_DisableBkUpReg                          build/stm32f4xx_hal_pwr_ex.o
HAL_PWREx_DisableFlashPowerDown                   build/stm32f4xx_hal_pwr_ex.o
HAL_PWREx_DisableLowRegulatorLowVoltage           build/stm32f4xx_hal_pwr_ex.o
HAL_PWREx_DisableMainRegulatorLowVoltage          build/stm32f4xx_hal_pwr_ex.o
HAL_PWREx_EnableBkUpReg                           build/stm32f4xx_hal_pwr_ex.o
HAL_PWREx_EnableFlashPowerDown                    build/stm32f4xx_hal_pwr_ex.o
HAL_PWREx_EnableLowRegulatorLowVoltage            build/stm32f4xx_hal_pwr_ex.o
HAL_PWREx_EnableMainRegulatorLowVoltage           build/stm32f4xx_hal_pwr_ex.o
HAL_PWREx_GetVoltageRange                         build/stm32f4xx_hal_pwr_ex.o
HAL_PWR_ConfigPVD                                 build/stm32f4xx_hal_pwr.o
HAL_PWR_DeInit                                    build/stm32f4xx_hal_pwr.o
HAL_PWR_DisableBkUpAccess                         build/stm32f4xx_hal_pwr.o
HAL_PWR_DisablePVD                                build/stm32f4xx_hal_pwr.o
HAL_PWR_DisableSEVOnPend                          build/stm32f4xx_hal_pwr.o
HAL_PWR_DisableSleepOnExit                        build/stm32f4xx_hal_pwr.o
HAL_PWR_DisableWakeUpPin                          build/stm32f4xx_hal_pwr.o
HAL_PWR_EnableBkUpAccess                          build/stm32f4xx_hal_pwr.o
HAL_PWR_EnablePVD                                 build/stm32f4xx_hal_pwr.o
HAL_PWR_EnableSEVOnPend                           build/stm32f4xx_hal_pwr.o
HAL_PWR_EnableSleepOnExit                         build/stm32f4xx_hal_pwr.o
HAL_PWR_EnableWakeUpPin                           build/stm32f4xx_hal_pwr.o
HAL_PWR_EnterSLEEPMode                            build/stm32f4xx_hal_pwr.o
HAL_PWR_EnterSTANDBYMode                          build/stm32f4xx_hal_pwr.o
HAL_PWR_EnterSTOPMode                             build/stm32f4xx_hal_pwr.o
HAL_PWR_PVDCallback                               build/stm32f4xx_hal_pwr.o
HAL_PWR_PVD_IRQHandler                            build/stm32f4xx_hal_pwr.o
HAL_RCCEx_DisablePLLI2S                           build/stm32f4xx_hal_rcc_ex.o
HAL_RCCEx_EnablePLLI2S                            build/stm32f4xx_hal_rcc_ex.o
HAL_RCCEx_GetPeriphCLKConfig                      build/stm32f4xx_hal_rcc_ex.o
HAL_RCCEx_GetPeriphCLKFreq                        build/stm32f4xx_hal_rcc_ex.o
HAL_RCCEx_PeriphCLKConfig                         build/stm32f4xx_hal_rcc_ex.o
HAL_RCC_CSSCallback                               build/stm32f4xx_hal_rcc.o
HAL_RCC_ClockConfig                               build/stm32f4xx_hal_rcc.o
                                                  build/main.o
HAL_RCC_DeInit                                    build/stm32f4xx_hal_rcc_ex.o
                                                  build/stm32f4xx_hal_rcc.o
HAL_RCC_DisableCSS                                build/stm32f4xx_hal_rcc.o
HAL_RCC_EnableCSS                                 build/stm32f4xx_hal_rcc.o
HAL_RCC_GetClockConfig                            build/stm32f4xx_hal_rcc.o
HAL_RCC_GetHCLKFreq                               build/stm32f4xx_hal_rcc.o
                                                  build/main.o
HAL_RCC_GetOscConfig                              build/stm32f4xx_hal_rcc.o
HAL_RCC_GetPCLK1Freq                              build/stm32f4xx_hal_rcc.o
                                                  build/stm32f4xx_hal_i2c.o
                                                  build/stm32f4xx_hal_uart.o
HAL_RCC_GetPCLK2Freq                              build/stm32f4xx_hal_rcc.o
                                                  build/stm32f4xx_hal_uart.o
HAL_RCC_GetSysClockFreq                           build/stm32f4xx_hal_rcc.o
HAL_RCC_MCOConfig                                 build/stm32f4xx_hal_rcc.o
HAL_RCC_NMI_IRQHandler                            build/stm32f4xx_hal_rcc.o
HAL_RCC_OscConfig                                 build/stm32f4xx_hal_rcc.o
                                                  build/main.o
HAL_ResumeTick                                    build/stm32f4xx_hal.o
HAL_SYSTICK_CLKSourceConfig                       build/stm32f4xx_hal_cortex.o
                                                  build/main.o
HAL_SYSTICK_Callback                              build/stm32f4xx_hal_cortex.o
HAL_SYSTICK_Config                                build/stm32f4xx_hal_cortex.o
                                                  build/stm32f4xx_hal.o
                                                  build/main.o
HAL_SYSTICK_IRQHandler                            build/stm32f4xx_hal_cortex.o
                                                  build/stm32f4xx_it.o
HAL_SetTickFreq                                   build/stm32f4xx_hal.o
HAL_SuspendTick                                   build/stm32f4xx_hal.o
HAL_UART_Abort                                    build/stm32f4xx_hal_uart.o
HAL_UART_AbortCpltCallback                        build/stm32f4xx_hal_uart.o
HAL_UART_AbortReceive                             build/stm32f4xx_hal_uart.o
HAL_UART_AbortReceiveCpltCallback                 build/stm32f4xx_hal_uart.o
HAL_UART_AbortReceive_IT                          build/stm32f4xx_hal_uart.o
HAL_UART_AbortTransmit                            build/stm32f4xx_hal_uart.o
HAL_UART_AbortTransmitCpltCallback                build/stm32f4xx_hal_uart.o
HAL_UART_AbortTransmit_IT                         build/stm32f4xx_hal_uart.o
HAL_UART_Abort_IT                                 build/stm32f4xx_hal_uart.o
HAL_UART_DMAPause                                 build/stm32f4xx_hal_uart.o
HAL_UART_DMAResume                                build/stm32f4xx_hal_uart.o
HAL_UART_DMAStop                                  build/stm32f4xx_hal_uart.o
HAL_UART_DeInit                                   build/stm32f4xx_hal_uart.o
HAL_UART_ErrorCallback                            build/stm32f4xx_hal_uart.o
HAL_UART_GetError                                 build/stm32f4xx_hal_uart.o
HAL_UART_GetState                                 build/stm32f4xx_hal_uart.o
HAL_UART_IRQHandler                               build/stm32f4xx_hal_uart.o
                                                  build/stm32f4xx_it.o
HAL_UART_Init                                     build/stm32f4xx_hal_uart.o
                                                  build/usart.o
HAL_UART_MspDeInit                                build/usart.o
HAL_UART_MspInit                                  build/usart.o
HAL_UART_Receive                                  build/stm32f4xx_hal_uart.o
HAL_UART_Receive_DMA                              build/stm32f4xx_hal_uart.o
HAL_UART_Receive_IT                               build/stm32f4xx_hal_uart.o
HAL_UART_RxCpltCallback                           build/stm32f4xx_hal_uart.o
HAL_UART_RxHalfCpltCallback                       build/stm32f4xx_hal_uart.o
HAL_UART_Transmit                                 build/stm32f4xx_hal_uart.o
HAL_UART_Transmit_DMA                             build/stm32f4xx_hal_uart.o
HAL_UART_Transmit_IT                              build/stm32f4xx_hal_uart.o
HAL_UART_TxCpltCallback                           build/stm32f4xx_hal_uart.o
HAL_UART_TxHalfCpltCallback                       build/stm32f4xx_hal_uart.o
HardFault_Handler                                 build/startup_stm32f401xe.o
I2C1_ER_IRQHandler                                build/startup_stm32f401xe.o
I2C1_EV_IRQHandler                                build/startup_stm32f401xe.o
I2C2_ER_IRQHandler                                build/startup_stm32f401xe.o
I2C2_EV_IRQHandler                                build/startup_stm32f401xe.o
I2C3_ER_IRQHandler                                build/startup_stm32f401xe.o
I2C3_EV_IRQHandler                                build/stm32f4xx_it.o
InterruptThresholdSettings                        build/vl53l0x_api.o
LeakyFactorFix8                                   build/main.o
MX_DMA_Init                                       build/dma.o
                                                  build/main.o
MX_GPIO_Init                                      build/gpio.o
                                                  build/main.o
MX_I2C1_Init                                      build/i2c.o
                                                  build/main.o
MX_I2C3_Init                                      build/i2c.o
                                                  build/main.o
MX_USART1_UART_Init                               build/usart.o
                                                  build/main.o
MX_USART2_UART_Init                               build/usart.o
                                                  build/main.o
MX_USART6_UART_Init                               build/usart.o
                                                  build/main.o
MemManage_Handler                                 build/startup_stm32f401xe.o
NMI_Handler                                       build/startup_stm32f401xe.o
OTG_FS_IRQHandler                                 build/startup_stm32f401xe.o
OTG_FS_WKUP_IRQHandler                            build/startup_stm32f401xe.o
PVD_IRQHandler                                    build/startup_stm32f401xe.o
PendSV_Handler                                    build/startup_stm32f401xe.o
RCC_IRQHandler                                    build/startup_stm32f401xe.o
RTC_Alarm_IRQHandler                              build/startup_stm32f401xe.o
RTC_WKUP_IRQHandler                               build/startup_stm32f401xe.o
Reset_Handler                                     build/startup_stm32f401xe.o
SDIO_IRQHandler                                   build/startup_stm32f401xe.o
SPI1_IRQHandler                                   build/startup_stm32f401xe.o
SPI2_IRQHandler                                   build/startup_stm32f401xe.o
SPI3_IRQHandler                                   build/startup_stm32f401xe.o
SPI4_IRQHandler                                   build/startup_stm32f401xe.o
SVC_Handler                                       build/startup_stm32f401xe.o
Sensor_SetNewRange                                build/main.o
SysTick_Handler                                   build/stm32f4xx_it.o
SystemClock_Config                                build/main.o
SystemCoreClock                                   build/system_stm32f4xx.o
                                                  build/stm32f4xx_hal.o
                                                  build/stm32f4xx_hal_i2c.o
                                                  build/stm32f4xx_hal_dma.o
                                                  build/stm32f4xx_hal_rcc_ex.o
                                                  build/stm32f4xx_hal_rcc.o
SystemCoreClockUpdate                             build/system_stm32f4xx.o
SystemInit                                        build/system_stm32f4xx.o
                                                  build/startup_stm32f401xe.o
TAMP_STAMP_IRQHandler                             build/startup_stm32f401xe.o
TIM1_BRK_TIM9_IRQHandler                          build/startup_stm32f401xe.o
TIM1_CC_IRQHandler                                build/startup_stm32f401xe.o
TIM1_TRG_COM_TIM11_IRQHandler                     build/startup_stm32f401xe.o
TIM1_UP_TIM10_IRQHandler                          build/startup_stm32f401xe.o
TIM2_IRQHandler                                   build/startup_stm32f401xe.o
TIM3_IRQHandler                                   build/startup_stm32f401xe.o
TIM4_IRQHandler                                   build/startup_stm32f401xe.o
TIM5_IRQHandler                                   build/startup_stm32f401xe.o
USART1_IRQHandler                                 build/stm32f4xx_it.o
USART2_IRQHandler                                 build/stm32f4xx_it.o
USART6_IRQHandler                                 build/stm32f4xx_it.o
UsageFault_Handler                                build/startup_stm32f401xe.o
VL53L0X_CheckAndLoadInterruptSettings             build/vl53l0x_api.o
VL53L0X_ClearInterruptMask                        build/vl53l0x_api.o
                                                  build/vl53l0x_api_calibration.o
VL53L0X_DataInit                                  build/vl53l0x_api.o
                                                  build/main.o
VL53L0X_EnableInterruptMask                       build/vl53l0x_api.o
VL53L0X_GetDeviceErrorStatus                      build/vl53l0x_api.o
VL53L0X_GetDeviceErrorString                      build/vl53l0x_api.o
VL53L0X_GetDeviceInfo                             build/vl53l0x_api.o
VL53L0X_GetDeviceMode                             build/vl53l0x_api.o
VL53L0X_GetDeviceParameters                       build/vl53l0x_api.o
VL53L0X_GetDmaxCalParameters                      build/vl53l0x_api.o
VL53L0X_GetFractionEnable                         build/vl53l0x_api.o
VL53L0X_GetGpioConfig                             build/vl53l0x_api.o