Archive member included to satisfy reference by file (symbol)

/usr/lib/gcc/arm-none-eabi/7.3.0/../../../../arm-none-eabi/lib/armv7e-m/fpu/libc_nano.a(lib_a-atexit.o)
                              /usr/lib/gcc/arm-none-eabi/7.3.0/../../../../arm-none-eabi/lib/armv7e-m/fpu/crt0.o (atexit)
/usr/lib/gcc/arm-none-eabi/7.3.0/../../../../arm-none-eabi/lib/armv7e-m/fpu/libc_nano.a(lib_a-exit.o)
                              /usr/lib/gcc/arm-none-eabi/7.3.0/../../../../arm-none-eabi/lib/armv7e-m/fpu/crt0.o (exit)
/usr/lib/gcc/arm-none-eabi/7.3.0/../../../../arm-none-eabi/lib/armv7e-m/fpu/libc_nano.a(lib_a-fini.o)
                              /usr/lib/gcc/arm-none-eabi/7.3.0/../../../../arm-none-eabi/lib/armv7e-m/fpu/crt0.o (__libc_fini_array)
/usr/lib/gcc/arm-none-eabi/7.3.0/../../../../arm-none-eabi/lib/armv7e-m/fpu/libc_nano.a(lib_a-impure.o)
                              /usr/lib/gcc/arm-none-eabi/7.3.0/../../../../arm-none-eabi/lib/armv7e-m/fpu/libc_nano.a(lib_a-exit.o) (_global_impure_ptr)
/usr/lib/gcc/arm-none-eabi/7.3.0/../../../../arm-none-eabi/lib/armv7e-m/fpu/libc_nano.a(lib_a-init.o)
                              /usr/lib/gcc/arm-none-eabi/7.3.0/../../../../arm-none-eabi/lib/armv7e-m/fpu/crt0.o (__libc_init_array)
/usr/lib/gcc/arm-none-eabi/7.3.0/../../../../arm-none-eabi/lib/armv7e-m/fpu/libc_nano.a(lib_a-memcpy-stub.o)
                              build/vl53l0x_platform.o (memcpy)
/usr/lib/gcc/arm-none-eabi/7.3.0/../../../../arm-none-eabi/lib/armv7e-m/fpu/libc_nano.a(lib_a-memset.o)
                              /usr/lib/gcc/arm-none-eabi/7.3.0/../../../../arm-none-eabi/lib/armv7e-m/fpu/crt0.o (memset)
/usr/lib/gcc/arm-none-eabi/7.3.0/../../../../arm-none-eabi/lib/armv7e-m/fpu/libc_nano.a(lib_a-nano-vfprintf_float.o)
                              (_printf_float)
/usr/lib/gcc/arm-none-eabi/7.3.0/../../../../arm-none-eabi/lib/armv7e-m/fpu/libc_nano.a(lib_a-nano-vfprintf_i.o)
                              /usr/lib/gcc/arm-none-eabi/7.3.0/../../../../arm-none-eabi/lib/armv7e-m/fpu/libc_nano.a(lib_a-nano-vfprintf_float.o) (_printf_common)
/usr/lib/gcc/arm-none-eabi/7.3.0/../../../../arm-none-eabi/lib/armv7e-m/fpu/libc_nano.a(lib_a-qsort.o)
                              build/strategy.o (qsort)
/usr/lib/gcc/arm-none-eabi/7.3.0/../../../../arm-none-eabi/lib/armv7e-m/fpu/libc_nano.a(lib_a-strcpy.o)
                              build/vl53l0x_api_core.o (strcpy)
/usr/lib/gcc/arm-none-eabi/7.3.0/../../../../arm-none-eabi/lib/armv7e-m/fpu/libc_nano.a(lib_a-strlen.o)
                              /usr/lib/gcc/arm-none-eabi/7.3.0/../../../../arm-none-eabi/lib/armv7e-m/fpu/libc_nano.a(lib_a-nano-vfprintf_float.o) (strlen)
/usr/lib/gcc/arm-none-eabi/7.3.0/../../../../arm-none-eabi/lib/armv7e-m/fpu/libc_nano.a(lib_a-vsnprintf.o)
                              build/pi_client.o (vsnprintf)
/usr/lib/gcc/arm-none-eabi/7.3.0/../../../../arm-none-eabi/lib/armv7e-m/fpu/libc_nano.a(lib_a-__atexit.o)
                              /usr/lib/gcc/arm-none-eabi/7.3.0/../../../../arm-none-eabi/lib/armv7e-m/fpu/libc_nano.a(lib_a-atexit.o) (__register_exitproc)
/usr/lib/gcc/arm-none-eabi/7.3.0/../../../../arm-none-eabi/lib/armv7e-m/fpu/libc_nano.a(lib_a-__call_atexit.o)
                              /usr/lib/gcc/arm-none-eabi/7.3.0/../../../../arm-none-eabi/lib/armv7e-m/fpu/libc_nano.a(lib_a-__atexit.o) (__call_exitprocs)
/usr/lib/gcc/arm-none-eabi/7.3.0/../../../../arm-none-eabi/lib/armv7e-m/fpu/libc_nano.a(lib_a-dtoa.o)
                              /usr/lib/gcc/arm-none-eabi/7.3.0/../../../../arm-none-eabi/lib/armv7e-m/fpu/libc_nano.a(lib_a-nano-vfprintf_float.o) (_dtoa_r)
/usr/lib/gcc/arm-none-eabi/7.3.0/../../../../arm-none-eabi/lib/armv7e-m/fpu/libc_nano.a(lib_a-localeconv.o)
                              /usr/lib/gcc/arm-none-eabi/7.3.0/../../../../arm-none-eabi/lib/armv7e-m/fpu/libc_nano.a(lib_a-nano-vfprintf_float.o) (_localeconv_r)
/usr/lib/gcc/arm-none-eabi/7.3.0/../../../../arm-none-eabi/lib/armv7e-m/fpu/libc_nano.a(lib_a-locale.o)
                              /usr/lib/gcc/arm-none-eabi/7.3.0/../../../../arm-none-eabi/lib/armv7e-m/fpu/libc_nano.a(lib_a-localeconv.o) (__global_locale)
/usr/lib/gcc/arm-none-eabi/7.3.0/../../../../arm-none-eabi/lib/armv7e-m/fpu/libc_nano.a(lib_a-malloc.o)
                              /usr/lib/gcc/arm-none-eabi/7.3.0/../../../../arm-none-eabi/lib/armv7e-m/fpu/libc_nano.a(lib_a-dtoa.o) (malloc)
/usr/lib/gcc/arm-none-eabi/7.3.0/../../../../arm-none-eabi/lib/armv7e-m/fpu/libc_nano.a(lib_a-mbtowc_r.o)
                              /usr/lib/gcc/arm-none-eabi/7.3.0/../../../../arm-none-eabi/lib/armv7e-m/fpu/libc_nano.a(lib_a-locale.o) (__ascii_mbtowc)
/usr/lib/gcc/arm-none-eabi/7.3.0/../../../../arm-none-eabi/lib/armv7e-m/fpu/libc_nano.a(lib_a-memchr.o)
                              /usr/lib/gcc/arm-none-eabi/7.3.0/../../../../arm-none-eabi/lib/armv7e-m/fpu/libc_nano.a(lib_a-nano-vfprintf_i.o) (memchr)
[...]
Memory Configuration

Name             Origin             Length             Attributes
RAM              0x0000000020000000 0x0000000000018000 xrw
FLASH            0x0000000008000000 0x0000000000080000 xr
*default*        0x0000000000000000 0xffffffffffffffff

Linker script and memory map

LOAD /usr/lib/gcc/arm-none-eabi/7.3.0/armv7e-m/fpu/crti.o
LOAD /usr/lib/gcc/arm-none-eabi/7.3.0/armv7e-m/fpu/crtbegin.o
LOAD /usr/lib/gcc/arm-none-eabi/7.3.0/../../../../arm-none-eabi/lib/armv7e-m/fpu/crt0.o
LOAD build/crc_16.o
LOAD build/robotronik_protocol.o
LOAD build/remote_call.o
LOAD build/tof.o
LOAD build/system.o
LOAD build/pi_client.o
LOAD build/heap.o
LOAD build/map.o
LOAD build/astar.o
LOAD build/obstacle.o
LOAD build/strategy.o
LOAD build/gas.o
LOAD build/position_client.o
LOAD build/z_client.o
LOAD build/build.o
LOAD build/vl53l0x_api.o
LOAD build/vl53l0x_api_calibration.o
LOAD build/vl53l0x_api_core.o
LOAD build/vl53l0x_api_ranging.o
LOAD build/vl53l0x_api_strings.o
LOAD build/vl53l0x_platform_log.o
LOAD build/vl53l0x_platform.o
LOAD build/usart.o
LOAD build/stm32f4xx_hal_flash.o
LOAD build/main.o
LOAD build/i2c.o
LOAD build/stm32f4xx_hal_msp.o
LOAD build/stm32f4xx_hal_flash_ramfunc.o
LOAD build/stm32f4xx_hal_i2c_ex.o
LOAD build/stm32f4xx_hal_pwr_ex.o
LOAD build/stm32f4xx_hal_cortex.o
LOAD build/stm32f4xx_it.o
LOAD build/stm32f4xx_hal_tim_ex.o
LOAD build/stm32f4xx_hal_rcc.o
LOAD build/gpio.o
LOAD build/stm32f4xx_hal_rcc_ex.o
LOAD build/stm32f4xx_hal_pwr.o
LOAD build/stm32f4xx_hal_gpio.o
LOAD build/stm32f4xx_hal_dma_ex.o
LOAD build/stm32f4xx_hal_flash_ex.o
LOAD build/stm32f4xx_hal_dma.o
LOAD build/stm32f4xx_hal_i2c.o
LOAD build/stm32f4xx_hal.o
LOAD build/stm32f4xx_hal_tim.o
LOAD build/dma.o
LOAD build/stm32f4xx_ll_usart.o
LOAD build/stm32f4xx_ll_rcc.o
LOAD build/stm32f4xx_ll_utils.o
LOAD build/stm32f4xx_ll_dma.o
LOAD build/stm32f4xx_ll_gpio.o
LOAD build/stm32f4xx_ll_exti.o
LOAD build/tim.o
LOAD build/system_stm32f4xx.o
LOAD build/startup_stm32f401xe.o
LOAD /usr/lib/gcc/arm-none-eabi/7.3.0/../../../../arm-none-eabi/lib/armv7e-m/fpu/libc_nano.a
LOAD /usr/lib/gcc/arm-none-eabi/7.3.0/../../../../arm-none-eabi/lib/armv7e-m/fpu/libm.a
LOAD /usr/lib/gcc/arm-none-eabi/7.3.0/../../../../arm-none-eabi/lib/armv7e-m/fpu/libnosys.a
START GROUP
LOAD /usr/lib/gcc/arm-none-eabi/7.3.0/armv7e-m/fpu/libgcc.a
LOAD /usr/lib/gcc/arm-none-eabi/7.3.0/../../../../arm-none-eabi/lib/armv7e-m/fpu/libc_nano.a
END GROUP
START GROUP
LOAD /usr/lib/gcc/arm-none-eabi/7.3.0/armv7e-m/fpu/libgcc.a
LOAD /usr/lib/gcc/arm-none-eabi/7.3.0/../../../../arm-none-eabi/lib/armv7e-m/fpu/libc_nano.a
END GROUP
LOAD /usr/lib/gcc/arm-none-eabi/7.3.0/armv7e-m/fpu/crtend.o
LOAD /usr/lib/gcc/arm-none-eabi/7.3.0/armv7e-m/fpu/crtn.o
                0x0000000020018000                _estack = 0x20018000
                0x0000000000000200                _Min_Heap_Size = 0x200
                0x0000000000000400                _Min_Stack_Size = 0x400

.isr_vector     0x0000000008000000      0x194
                0x0000000008000000                . = ALIGN (0x4)
 *(.isr_vector)
 .isr_vector    0x0000000008000000      0x194 build/startup_stm32f401xe.o
                0x0000000008000000                g_pfnVectors
                0x0000000008000194                . = ALIGN (0x4)

.text           0x00000000080001a0     0xd7d0
                0x00000000080001a0                . = ALIGN (0x4)
 *(.text)
 .text          0x00000000080001a0       0x10 /usr/lib/gcc/arm-none-eabi/7.3.0/../../../../arm-none-eabi/lib/armv7e-m/fpu/libc_nano.a(lib_a-strlen.o)
                0x00000000080001a0                strlen
 .text          0x00000000080001b0       0xa0 /usr/lib/gcc/arm-none-eabi/7.3.0/../../../../arm-none-eabi/lib/armv7e-m/fpu/libc_nano.a(lib_a-memchr.o)
                0x00000000080001b0                memchr
 .text          0x0000000008000250      0x378 /usr/lib/gcc/arm-none-eabi/7.3.0/armv7e-m/fpu/libgcc.a(_arm_addsubdf3.o)
                0x0000000008000250                __aeabi_drsub
                0x0000000008000258                __aeabi_dsub
                0x0000000008000258                __subdf3
                0x000000000800025c                __adddf3
                0x000000000800025c                __aeabi_dadd
                0x00000000080004d4                __aeabi_ui2d
                0x00000000080004d4                __floatunsidf
                0x00000000080004f4                __floatsidf
                0x00000000080004f4                __aeabi_i2d
                0x0000000008000518                __extendsfdf2
                0x0000000008000518                __aeabi_f2d
                0x000000000800055c                __aeabi_ul2d
                0x000000000800055c                __floatundidf
                0x000000000800056c                __floatdidf
                0x000000000800056c                __aeabi_l2d
 .text          0x00000000080005c8      0x424 /usr/lib/gcc/arm-none-eabi/7.3.0/armv7e-m/fpu/libgcc.a(_arm_muldivdf3.o)
                0x00000000080005c8                __aeabi_dmul
                0x00000000080005c8                __muldf3
                0x000000000800081c                __aeabi_ddiv
                0x000000000800081c                __divdf3
 .text          0x00000000080009ec      0x110 /usr/lib/gcc/arm-none-eabi/7.3.0/armv7e-m/fpu/libgcc.a(_arm_cmpdf2.o)
                0x00000000080009ec                __gtdf2
                0x00000000080009ec                __gedf2
                0x00000000080009f4                __ltdf2
                0x00000000080009f4                __ledf2
                0x00000000080009fc                __cmpdf2
                0x00000000080009fc                __eqdf2
                0x00000000080009fc                __nedf2
                0x0000000008000a78                __aeabi_cdrcmple
                0x0000000008000a88                __aeabi_cdcmple
                0x0000000008000a88                __aeabi_cdcmpeq
                0x0000000008000a98                __aeabi_dcmpeq
                0x0000000008000aac                __aeabi_dcmplt
                0x0000000008000ac0                __aeabi_dcmple
                0x0000000008000ad4                __aeabi_dcmpge
                0x0000000008000ae8                __aeabi_dcmpgt
 .text          0x0000000008000afc       0x2c /usr/lib/gcc/arm-none-eabi/7.3.0/armv7e-m/fpu/libgcc.a(_arm_unorddf2.o)
                0x0000000008000afc                __aeabi_dcmpun
                0x0000000008000afc                __unorddf2
 .text          0x0000000008000b28       0x50 /usr/lib/gcc/arm-none-eabi/7.3.0/armv7e-m/fpu/libgcc.a(_arm_fixdfsi.o)
                0x0000000008000b28                __fixdfsi
                0x0000000008000b28                __aeabi_d2iz
 .text          0x0000000008000b78       0x40 /usr/lib/gcc/arm-none-eabi/7.3.0/armv7e-m/fpu/libgcc.a(_arm_fixunsdfsi.o)
                0x0000000008000b78                __fixunsdfsi
                0x0000000008000b78                __aeabi_d2uiz
 .text          0x0000000008000bb8       0xa0 /usr/lib/gcc/arm-none-eabi/7.3.0/armv7e-m/fpu/libgcc.a(_arm_truncdfsf2.o)
                0x0000000008000bb8                __aeabi_d2f
                0x0000000008000bb8                __truncdfsf2
 .text          0x0000000008000c58       0x30 /usr/lib/gcc/arm-none-eabi/7.3.0/armv7e-m/fpu/libgcc.a(_aeabi_uldivmod.o)
                0x0000000008000c58                __aeabi_uldivmod
 .text          0x0000000008000c88        0x4 /usr/lib/gcc/arm-none-eabi/7.3.0/armv7e-m/fpu/libgcc.a(_dvmd_tls.o)
                0x0000000008000c88                __aeabi_ldiv0
                0x0000000008000c88                __aeabi_idiv0
 *(.text*)
 .text.__do_global_dtors_aux
                0x0000000008000c8c       0x24 /usr/lib/gcc/arm-none-eabi/7.3.0/armv7e-m/fpu/crtbegin.o
 .text.frame_dummy
                0x0000000008000cb0       0x1c /usr/lib/gcc/arm-none-eabi/7.3.0/armv7e-m/fpu/crtbegin.o
 .text.RP_FSM_INIT
                0x0000000008000ccc       0x38 build/robotronik_protocol.o
 .text.RP_Init_Interface
                0x0000000008000d04       0x30 build/robotronik_protocol.o
                0x0000000008000d04                RP_Init_Interface
 .text.RP_Error_Handler
                0x0000000008000d34        0x2 build/robotronik_protocol.o
                0x0000000008000d34                RP_Error_Handler
 *fill*         0x0000000008000d36        0x2 
 .text.RP_FSM_ID
                0x0000000008000d38       0x7c build/robotronik_protocol.o
 .text.RP_FSM_SIZE
                0x0000000008000db4       0xa4 build/robotronik_protocol.o
 .text.RP_FSM_DATA
                0x0000000008000e58       0x94 build/robotronik_protocol.o
 .text.RP_FSM_CRC_LOW
                0x0000000008000eec       0x88 build/robotronik_protocol.o
 .text.RP_FSM_CRC_HIGH
                0x0000000008000f74       0x8c build/robotronik_protocol.o
 .text.RP_FSM_END
                0x0000000008001000       0x60 build/robotronik_protocol.o
 .text.RP_Build_Frame
                0x0000000008001060       0xc8 build/robotronik_protocol.o
                0x0000000008001060                RP_Build_Frame
 .text.RP_Sync  0x0000000008001128       0x34 build/robotronik_protocol.o
                0x0000000008001128                RP_Sync
 .text.RP_Send  0x000000000800115c       0x40 build/robotronik_protocol.o
                0x000000000800115c                RP_Send
 .text.RP_Process_Data
                0x000000000800119c       0x1e build/robotronik_protocol.o
                0x000000000800119c                RP_Process_Data
 .text.RP_Wait_Packet
                0x00000000080011ba       0x36 build/robotronik_protocol.o
                0x00000000080011ba                RP_Wait_Packet
 .text.RC_Copy_Format
                0x00000000080011f0      0x12c build/remote_call.o
 .text.RC_Pack_Vars
                0x000000000800131c      0x1ac build/remote_call.o
 .text.RC_Unpack_Vars
                0x00000000080014c8      0x168 build/remote_call.o
 .text.RC_Client_Init
                0x0000000008001630       0x20 build/remote_call.o
                0x0000000008001630                RC_Client_Init
 .text.RC_Client_Add_Function
                0x0000000008001650       0x60 build/remote_call.o
                0x0000000008001650                RC_Client_Add_Function
 .text.RC_Call  0x00000000080016b0      0x108 build/remote_call.o
                0x00000000080016b0                RC_Call
 .text.ToF_SetNewRange
                0x00000000080017b8       0x3c build/tof.o
 .text.ToF_Init_Struct
                0x00000000080017f4       0x1a build/tof.o
                0x00000000080017f4                ToF_Init_Struct
 .text.ToF_Poke
                0x000000000800180e       0x34 build/tof.o
                0x000000000800180e                ToF_Poke
 .text.ToF_Set_Address
                0x0000000008001842       0x1e build/tof.o
                0x0000000008001842                ToF_Set_Address
 .text.ToF_Init_Device
                0x0000000008001860       0x28 build/tof.o
                0x0000000008001860                ToF_Init_Device
 .text.ToF_Configure_Device
                0x0000000008001888       0xd6 build/tof.o
                0x0000000008001888                ToF_Configure_Device
 .text.ToF_Poll_Measurement_Data
                0x000000000800195e       0x58 build/tof.o
                0x000000000800195e                ToF_Poll_Measurement_Data
 .text.ToF_Get_Last_Range
                0x00000000080019b6       0x14 build/tof.o
                0x00000000080019b6                ToF_Get_Last_Range
 *fill*         0x00000000080019ca        0x2 
 .text.wait_start
                0x00000000080019cc       0x8c build/system.o
                0x00000000080019cc                wait_start
 .text.remote_stop
                0x0000000008001a58       0x24 build/system.o
                0x0000000008001a58                remote_stop
 .text.hlt      0x0000000008001a7c        0x4 build/system.o
                0x0000000008001a7c                hlt
 .text.stop     0x0000000008001a80       0x24 build/system.o
                0x0000000008001a80                stop
 .text.PI_Init  0x0000000008001aa4       0xac build/pi_client.o
                0x0000000008001aa4                PI_Init
 .text.PI_Start
                0x0000000008001b50       0x10 build/pi_client.o
                0x0000000008001b50                PI_Start
 .text.PI_Stop  0x0000000008001b60       0x10 build/pi_client.o
                0x0000000008001b60                PI_Stop
 .text.PI_Error
                0x0000000008001b70       0x10 build/pi_client.o
                0x0000000008001b70                PI_Error
 .text.PI_Log   0x0000000008001b80       0x30 build/pi_client.o
                0x0000000008001b80                PI_Log
 .text.square_limit
                0x0000000008001bb0      0x11c build/map.o
 .text.circle_limit
                0x0000000008001ccc      0x164 build/map.o
 .text.Init_Map
                0x0000000008001e30       0x30 build/map.o
                0x0000000008001e30                Init_Map
 .text.Refresh_Map
                0x0000000008001e60      0x140 build/map.o
                0x0000000008001e60                Refresh_Map
 .text.Compute_Obstacle
                0x0000000008001fa0      0x228 build/obstacle.o
 .text.Update_Obstacles
                0x00000000080021c8      0x5e4 build/obstacle.o
                0x00000000080021c8                Update_Obstacles
 .text.Init_Cube_Sort
                0x00000000080027ac       0x24 build/strategy.o
 .text.Init_Construction
                0x00000000080027d0        0x8 build/strategy.o
                0x00000000080027d0                Init_Construction
 .text.Init_Strategy
                0x00000000080027d8       0xb0 build/strategy.o
                0x00000000080027d8                Init_Strategy
 .text.Brake    0x0000000008002888       0x20 build/gas.o
                0x0000000008002888                Brake
 .text.Position_Init
                0x00000000080028a8      0x180 build/position_client.o
                0x00000000080028a8                Position_Init
 .text.Position_Init_Odometry
                0x0000000008002a28       0x2c build/position_client.o
                0x0000000008002a28                Position_Init_Odometry
 .text.Pos_Reset
                0x0000000008002a54       0x10 build/position_client.o
                0x0000000008002a54                Pos_Reset
 .text.Pos_Get_Position
                0x0000000008002a64       0x24 build/position_client.o
                0x0000000008002a64                Pos_Get_Position
 .text.Pos_Brake
                0x0000000008002a88       0x10 build/position_client.o
                0x0000000008002a88                Pos_Brake
 .text.Z_Init   0x0000000008002a98      0x110 build/z_client.o
                0x0000000008002a98                Z_Init
 .text.Z_Get_State
                0x0000000008002ba8       0x14 build/z_client.o
                0x0000000008002ba8                Z_Get_State
 .text.Z_Wait_State
                0x0000000008002bbc       0x40 build/z_client.o
                0x0000000008002bbc                Z_Wait_State
 .text.Z_Reset  0x0000000008002bfc       0x10 build/z_client.o
                0x0000000008002bfc                Z_Reset
 .text.Z_Arm_In
                0x0000000008002c0c       0x10 build/z_client.o
                0x0000000008002c0c                Z_Arm_In
 .text.Z_Arm_Out
                0x0000000008002c1c       0x10 build/z_client.o
                0x0000000008002c1c                Z_Arm_Out
 .text.Z_Place  0x0000000008002c2c       0x10 build/z_client.o
                0x0000000008002c2c                Z_Place
 .text.VL53L0X_GetOffsetCalibrationDataMicroMeter
                0x0000000008002c3c        0x8 build/vl53l0x_api.o
                0x0000000008002c3c                VL53L0X_GetOffsetCalibrationDataMicroMeter
 .text.VL53L0X_SetDeviceAddress
                0x0000000008002c44        0xc build/vl53l0x_api.o
                0x0000000008002c44                VL53L0X_SetDeviceAddress
 .text.VL53L0X_SetDeviceMode
                0x0000000008002c50       0x2a build/vl53l0x_api.o
                0x0000000008002c50                VL53L0X_SetDeviceMode
 .text.VL53L0X_GetDeviceMode
                0x0000000008002c7a        0x8 build/vl53l0x_api.o
                0x0000000008002c7a                VL53L0X_GetDeviceMode
 .text.VL53L0X_GetFractionEnable
                0x0000000008002c82       0x1c build/vl53l0x_api.o
                0x0000000008002c82                VL53L0X_GetFractionEnable
 .text.VL53L0X_SetMeasurementTimingBudgetMicroSeconds
                0x0000000008002c9e        0x8 build/vl53l0x_api.o
                0x0000000008002c9e                VL53L0X_SetMeasurementTimingBudgetMicroSeconds
 .text.VL53L0X_GetMeasurementTimingBudgetMicroSeconds
                0x0000000008002ca6        0x8 build/vl53l0x_api.o
                0x0000000008002ca6                VL53L0X_GetMeasurementTimingBudgetMicroSeconds
 .text.VL53L0X_SetVcselPulsePeriod
                0x0000000008002cae        0x8 build/vl53l0x_api.o
                0x0000000008002cae                VL53L0X_SetVcselPulsePeriod
 .text.VL53L0X_GetVcselPulsePeriod
                0x0000000008002cb6        0x8 build/vl53l0x_api.o
                0x0000000008002cb6                VL53L0X_GetVcselPulsePeriod
 .text.VL53L0X_SetSequenceStepEnable
                0x0000000008002cbe       0xba build/vl53l0x_api.o
                0x0000000008002cbe                VL53L0X_SetSequenceStepEnable
 .text.sequence_step_enabled
                0x0000000008002d78       0x48 build/vl53l0x_api.o
                0x0000000008002d78                sequence_step_enabled
 .text.VL53L0X_GetSequenceStepEnables
                0x0000000008002dc0       0x82 build/vl53l0x_api.o
                0x0000000008002dc0                VL53L0X_GetSequenceStepEnables
 .text.VL53L0X_GetInterMeasurementPeriodMilliSeconds
                0x0000000008002e42       0x3e build/vl53l0x_api.o
                0x0000000008002e42                VL53L0X_GetInterMeasurementPeriodMilliSeconds
 .text.VL53L0X_GetXTalkCompensationEnable
                0x0000000008002e80        0x8 build/vl53l0x_api.o
                0x0000000008002e80                VL53L0X_GetXTalkCompensationEnable
 .text.VL53L0X_GetXTalkCompensationRateMegaCps
                0x0000000008002e88       0x36 build/vl53l0x_api.o
                0x0000000008002e88                VL53L0X_GetXTalkCompensationRateMegaCps
 .text.VL53L0X_SetLimitCheckEnable
                0x0000000008002ebe       0x94 build/vl53l0x_api.o
                0x0000000008002ebe                VL53L0X_SetLimitCheckEnable
 .text.VL53L0X_GetLimitCheckEnable
                0x0000000008002f52       0x1a build/vl53l0x_api.o
                0x0000000008002f52                VL53L0X_GetLimitCheckEnable
 .text.VL53L0X_SetLimitCheckValue
                0x0000000008002f6c       0x66 build/vl53l0x_api.o
                0x0000000008002f6c                VL53L0X_SetLimitCheckValue
 .text.VL53L0X_GetLimitCheckValue
                0x0000000008002fd2       0xa8 build/vl53l0x_api.o
                0x0000000008002fd2                VL53L0X_GetLimitCheckValue
 .text.VL53L0X_GetWrapAroundCheckEnable
                0x000000000800307a       0x3c build/vl53l0x_api.o
                0x000000000800307a                VL53L0X_GetWrapAroundCheckEnable
 .text.VL53L0X_GetDeviceParameters
                0x00000000080030b6       0xac build/vl53l0x_api.o
                0x00000000080030b6                VL53L0X_GetDeviceParameters
 *fill*         0x0000000008003162        0x2 
 .text.VL53L0X_DataInit
                0x0000000008003164      0x1c4 build/vl53l0x_api.o
                0x0000000008003164                VL53L0X_DataInit
 .text.VL53L0X_PerformRefCalibration
                0x0000000008003328        0xa build/vl53l0x_api.o
                0x0000000008003328                VL53L0X_PerformRefCalibration
 *fill*         0x0000000008003332        0x2 
 .text.VL53L0X_GetRangingMeasurementData
                0x0000000008003334      0x15c build/vl53l0x_api.o
                0x0000000008003334                VL53L0X_GetRangingMeasurementData
 .text.VL53L0X_GetInterruptThresholds
                0x0000000008003490       0x4c build/vl53l0x_api.o
                0x0000000008003490                VL53L0X_GetInterruptThresholds
 .text.VL53L0X_CheckAndLoadInterruptSettings
                0x00000000080034dc       0x88 build/vl53l0x_api.o
                0x00000000080034dc                VL53L0X_CheckAndLoadInterruptSettings
 .text.VL53L0X_StartMeasurement
                0x0000000008003564       0xfe build/vl53l0x_api.o
                0x0000000008003564                VL53L0X_StartMeasurement
 .text.VL53L0X_PerformSingleMeasurement
                0x0000000008003662       0x42 build/vl53l0x_api.o
                0x0000000008003662                VL53L0X_PerformSingleMeasurement
 .text.VL53L0X_ClearInterruptMask
                0x00000000080036a4       0x56 build/vl53l0x_api.o
                0x00000000080036a4                VL53L0X_ClearInterruptMask
 .text.VL53L0X_PerformSingleRangingMeasurement
                0x00000000080036fa       0x3a build/vl53l0x_api.o
                0x00000000080036fa                VL53L0X_PerformSingleRangingMeasurement
 .text.VL53L0X_SetGpioConfig
                0x0000000008003734      0x158 build/vl53l0x_api.o
                0x0000000008003734                VL53L0X_SetGpioConfig
 .text.VL53L0X_StaticInit
                0x000000000800388c      0x1e0 build/vl53l0x_api.o
                0x000000000800388c                VL53L0X_StaticInit
 .text.VL53L0X_GetInterruptMaskStatus
                0x0000000008003a6c       0x2a build/vl53l0x_api.o
                0x0000000008003a6c                VL53L0X_GetInterruptMaskStatus
 .text.VL53L0X_GetMeasurementDataReady
                0x0000000008003a96       0x50 build/vl53l0x_api.o
                0x0000000008003a96                VL53L0X_GetMeasurementDataReady
 .text.VL53L0X_PerformRefSpadManagement
                0x0000000008003ae6        0x8 build/vl53l0x_api.o
                0x0000000008003ae6                VL53L0X_PerformRefSpadManagement
 .text.VL53L0X_get_offset_calibration_data_micro_meter
                0x0000000008003aee       0x3e build/vl53l0x_api_calibration.o
                0x0000000008003aee                VL53L0X_get_offset_calibration_data_micro_meter
 .text.get_next_good_spad
                0x0000000008003b2c       0x4a build/vl53l0x_api_calibration.o
                0x0000000008003b2c                get_next_good_spad
 *fill*         0x0000000008003b76        0x2 
 .text.is_aperture
                0x0000000008003b78       0x18 build/vl53l0x_api_calibration.o
                0x0000000008003b78                is_aperture
 .text.enable_spad_bit
                0x0000000008003b90       0x1e build/vl53l0x_api_calibration.o
                0x0000000008003b90                enable_spad_bit
 .text.set_ref_spad_map
                0x0000000008003bae        0xe build/vl53l0x_api_calibration.o
                0x0000000008003bae                set_ref_spad_map
 .text.get_ref_spad_map
                0x0000000008003bbc        0xe build/vl53l0x_api_calibration.o
                0x0000000008003bbc                get_ref_spad_map
 .text.enable_ref_spads
                0x0000000008003bca       0xa0 build/vl53l0x_api_calibration.o
                0x0000000008003bca                enable_ref_spads
 .text.perform_ref_signal_measurement
                0x0000000008003c6a       0x72 build/vl53l0x_api_calibration.o
                0x0000000008003c6a                perform_ref_signal_measurement
 .text.VL53L0X_set_reference_spads
                0x0000000008003cdc       0xb8 build/vl53l0x_api_calibration.o
                0x0000000008003cdc                VL53L0X_set_reference_spads
 .text.VL53L0X_perform_single_ref_calibration
                0x0000000008003d94       0x3e build/vl53l0x_api_calibration.o
                0x0000000008003d94                VL53L0X_perform_single_ref_calibration
 .text.VL53L0X_ref_calibration_io
                0x0000000008003dd2       0xd4 build/vl53l0x_api_calibration.o
                0x0000000008003dd2                VL53L0X_ref_calibration_io
 .text.VL53L0X_perform_vhv_calibration
                0x0000000008003ea6       0x82 build/vl53l0x_api_calibration.o
                0x0000000008003ea6                VL53L0X_perform_vhv_calibration
 .text.VL53L0X_perform_phase_calibration
                0x0000000008003f28       0x7c build/vl53l0x_api_calibration.o
                0x0000000008003f28                VL53L0X_perform_phase_calibration
 .text.VL53L0X_perform_ref_calibration
                0x0000000008003fa4       0x44 build/vl53l0x_api_calibration.o
                0x0000000008003fa4                VL53L0X_perform_ref_calibration
 .text.VL53L0X_perform_ref_spad_management
                0x0000000008003fe8      0x2ce build/vl53l0x_api_calibration.o
                0x0000000008003fe8                VL53L0X_perform_ref_spad_management
 *fill*         0x00000000080042b6        0x2 
 .text.VL53L0X_measurement_poll_for_completion
                0x00000000080042b8       0x48 build/vl53l0x_api_core.o
                0x00000000080042b8                VL53L0X_measurement_poll_for_completion
 .text.VL53L0X_decode_vcsel_period
                0x0000000008004300        0xc build/vl53l0x_api_core.o
                0x0000000008004300                VL53L0X_decode_vcsel_period
 .text.VL53L0X_encode_vcsel_period
                0x000000000800430c        0x8 build/vl53l0x_api_core.o
                0x000000000800430c                VL53L0X_encode_vcsel_period
 .text.VL53L0X_isqrt
                0x0000000008004314       0x28 build/vl53l0x_api_core.o
                0x0000000008004314                VL53L0X_isqrt
 .text.VL53L0X_device_read_strobe
                0x000000000800433c       0x4e build/vl53l0x_api_core.o
                0x000000000800433c                VL53L0X_device_read_strobe
 .text.VL53L0X_get_info_from_device
                0x000000000800438a      0x582 build/vl53l0x_api_core.o
                0x000000000800438a                VL53L0X_get_info_from_device
 .text.VL53L0X_calc_macro_period_ps
                0x000000000800490c       0x10 build/vl53l0x_api_core.o
                0x000000000800490c                VL53L0X_calc_macro_period_ps
 .text.VL53L0X_encode_timeout
                0x000000000800491c       0x24 build/vl53l0x_api_core.o
                0x000000000800491c                VL53L0X_encode_timeout
 .text.VL53L0X_decode_timeout
                0x0000000008004940        0xc build/vl53l0x_api_core.o
                0x0000000008004940                VL53L0X_decode_timeout
 .text.VL53L0X_calc_timeout_mclks
                0x000000000800494c       0x2c build/vl53l0x_api_core.o
                0x000000000800494c                VL53L0X_calc_timeout_mclks
 .text.VL53L0X_calc_timeout_us
                0x0000000008004978       0x2c build/vl53l0x_api_core.o
                0x0000000008004978                VL53L0X_calc_timeout_us
 .text.get_sequence_step_timeout
                0x00000000080049a4      0x11c build/vl53l0x_api_core.o
                0x00000000080049a4                get_sequence_step_timeout
 .text.set_sequence_step_timeout
                0x0000000008004ac0      0x118 build/vl53l0x_api_core.o
                0x0000000008004ac0                set_sequence_step_timeout
 .text.VL53L0X_set_vcsel_pulse_period
                0x0000000008004bd8      0x31a build/vl53l0x_api_core.o
                0x0000000008004bd8                VL53L0X_set_vcsel_pulse_period
 .text.VL53L0X_get_vcsel_pulse_period
                0x0000000008004ef2       0x3e build/vl53l0x_api_core.o
                0x0000000008004ef2                VL53L0X_get_vcsel_pulse_period
 .text.VL53L0X_set_measurement_timing_budget_micro_seconds
                0x0000000008004f30       0xe4 build/vl53l0x_api_core.o
                0x0000000008004f30                VL53L0X_set_measurement_timing_budget_micro_seconds
 .text.VL53L0X_get_measurement_timing_budget_micro_seconds
                0x0000000008005014       0xce build/vl53l0x_api_core.o
                0x0000000008005014                VL53L0X_get_measurement_timing_budget_micro_seconds
 .text.VL53L0X_load_tuning_settings
                0x00000000080050e2       0xac build/vl53l0x_api_core.o
                0x00000000080050e2                VL53L0X_load_tuning_settings
 .text.VL53L0X_get_total_xtalk_rate
                0x000000000800518e       0x34 build/vl53l0x_api_core.o
                0x000000000800518e                VL53L0X_get_total_xtalk_rate
 .text.VL53L0X_get_total_signal_rate
                0x00000000080051c2       0x22 build/vl53l0x_api_core.o
                0x00000000080051c2                VL53L0X_get_total_signal_rate
 .text.VL53L0X_calc_dmax
                0x00000000080051e4       0xf8 build/vl53l0x_api_core.o
                0x00000000080051e4                VL53L0X_calc_dmax
 .text.VL53L0X_calc_sigma_estimate
                0x00000000080052dc      0x26c build/vl53l0x_api_core.o
                0x00000000080052dc                VL53L0X_calc_sigma_estimate
 .text.VL53L0X_get_pal_range_status
                0x0000000008005548      0x27e build/vl53l0x_api_core.o
                0x0000000008005548                VL53L0X_get_pal_range_status
 .text._I2CWrite
                0x00000000080057c6       0x20 build/vl53l0x_platform.o
                0x00000000080057c6                _I2CWrite
 .text._I2CRead
                0x00000000080057e6       0x22 build/vl53l0x_platform.o
                0x00000000080057e6                _I2CRead
 .text.VL53L0X_WriteMulti
                0x0000000008005808       0x3c build/vl53l0x_platform.o
                0x0000000008005808                VL53L0X_WriteMulti
 .text.VL53L0X_ReadMulti
                0x0000000008005844       0x36 build/vl53l0x_platform.o
                0x0000000008005844                VL53L0X_ReadMulti
 *fill*         0x000000000800587a        0x2 
 .text.VL53L0X_WrByte
                0x000000000800587c       0x20 build/vl53l0x_platform.o
                0x000000000800587c                VL53L0X_WrByte
 .text.VL53L0X_WrWord
                0x000000000800589c       0x24 build/vl53l0x_platform.o
                0x000000000800589c                VL53L0X_WrWord
 .text.VL53L0X_RdByte
                0x00000000080058c0       0x34 build/vl53l0x_platform.o
                0x00000000080058c0                VL53L0X_RdByte
 .text.VL53L0X_UpdateByte
                0x00000000080058f4       0x36 build/vl53l0x_platform.o
                0x00000000080058f4                VL53L0X_UpdateByte
 *fill*         0x000000000800592a        0x2 
 .text.VL53L0X_RdWord
                0x000000000800592c       0x44 build/vl53l0x_platform.o
                0x000000000800592c                VL53L0X_RdWord
 .text.VL53L0X_RdDWord
                0x0000000008005970       0x50 build/vl53l0x_platform.o
                0x0000000008005970                VL53L0X_RdDWord
 .text.VL53L0X_PollingDelay
                0x00000000080059c0        0xc build/vl53l0x_platform.o
                0x00000000080059c0                VL53L0X_PollingDelay
 .text.RP_UART_Transmit
                0x00000000080059cc       0x24 build/usart.o
                0x00000000080059cc                RP_UART_Transmit
 .text.RP_Packet_Received
                0x00000000080059f0       0x20 build/usart.o
                0x00000000080059f0                RP_Packet_Received
 .text.MX_USART1_UART_Init
                0x0000000008005a10       0xf0 build/usart.o
                0x0000000008005a10                MX_USART1_UART_Init
 .text.MX_USART2_UART_Init
                0x0000000008005b00       0xe8 build/usart.o
                0x0000000008005b00                MX_USART2_UART_Init
 .text.MX_USART6_UART_Init
                0x0000000008005be8       0xf0 build/usart.o
                0x0000000008005be8                MX_USART6_UART_Init
 .text.Init_ToF
                0x0000000008005cd8       0x94 build/main.o
 .text.HardFault_Handler
                0x0000000008005d6c        0xc build/main.o
                0x0000000008005d6c                HardFault_Handler
 .text._Error_Handler
                0x0000000008005d78        0x2 build/main.o
                0x0000000008005d78                _Error_Handler
 *fill*         0x0000000008005d7a        0x2 
 .text.SystemClock_Config
                0x0000000008005d7c       0xc8 build/main.o
                0x0000000008005d7c                SystemClock_Config
 .text.main     0x0000000008005e44      0x2e4 build/main.o
                0x0000000008005e44                main
 .text.MX_I2C1_Init
                0x0000000008006128       0x44 build/i2c.o
                0x0000000008006128                MX_I2C1_Init
 .text.MX_I2C3_Init
                0x000000000800616c       0x44 build/i2c.o
                0x000000000800616c                MX_I2C3_Init
 .text.HAL_I2C_MspInit
                0x00000000080061b0       0xbc build/i2c.o
                0x00000000080061b0                HAL_I2C_MspInit
 .text.HAL_MspInit
                0x000000000800626c       0x5e build/stm32f4xx_hal_msp.o
                0x000000000800626c                HAL_MspInit
 *fill*         0x00000000080062ca        0x2 
 .text.HAL_NVIC_SetPriorityGrouping
                0x00000000080062cc       0x24 build/stm32f4xx_hal_cortex.o
                0x00000000080062cc                HAL_NVIC_SetPriorityGrouping
 .text.HAL_NVIC_SetPriority
                0x00000000080062f0       0x68 build/stm32f4xx_hal_cortex.o
                0x00000000080062f0                HAL_NVIC_SetPriority
 .text.HAL_NVIC_EnableIRQ
                0x0000000008006358       0x18 build/stm32f4xx_hal_cortex.o
                0x0000000008006358                HAL_NVIC_EnableIRQ
 .text.HAL_NVIC_SystemReset
                0x0000000008006370       0x24 build/stm32f4xx_hal_cortex.o
                0x0000000008006370                HAL_NVIC_SystemReset
 .text.HAL_SYSTICK_Config
                0x0000000008006394       0x2c build/stm32f4xx_hal_cortex.o
                0x0000000008006394                HAL_SYSTICK_Config
 .text.HAL_SYSTICK_CLKSourceConfig
                0x00000000080063c0       0x20 build/stm32f4xx_hal_cortex.o
                0x00000000080063c0                HAL_SYSTICK_CLKSourceConfig
 .text.HAL_SYSTICK_Callback
                0x00000000080063e0        0x2 build/stm32f4xx_hal_cortex.o
                0x00000000080063e0                HAL_SYSTICK_Callback
 .text.HAL_SYSTICK_IRQHandler
                0x00000000080063e2        0x8 build/stm32f4xx_hal_cortex.o
                0x00000000080063e2                HAL_SYSTICK_IRQHandler
 .text.SysTick_Handler
                0x00000000080063ea        0xc build/stm32f4xx_it.o
                0x00000000080063ea                SysTick_Handler
 *fill*         0x00000000080063f6        0x2 
 .text.DMA1_Stream5_IRQHandler
                0x00000000080063f8       0x78 build/stm32f4xx_it.o
                0x00000000080063f8                DMA1_Stream5_IRQHandler
 .text.TIM2_IRQHandler
                0x0000000008006470       0x10 build/stm32f4xx_it.o
                0x0000000008006470                TIM2_IRQHandler
 .text.TIM3_IRQHandler
                0x0000000008006480       0x10 build/stm32f4xx_it.o
                0x0000000008006480                TIM3_IRQHandler
 .text.USART1_IRQHandler
                0x0000000008006490       0x5c build/stm32f4xx_it.o
                0x0000000008006490                USART1_IRQHandler
 .text.USART2_IRQHandler
                0x00000000080064ec       0x5c build/stm32f4xx_it.o
                0x00000000080064ec                USART2_IRQHandler
 .text.DMA2_Stream1_IRQHandler
                0x0000000008006548       0x78 build/stm32f4xx_it.o
                0x0000000008006548                DMA2_Stream1_IRQHandler
 .text.DMA2_Stream2_IRQHandler
                0x00000000080065c0       0x78 build/stm32f4xx_it.o
                0x00000000080065c0                DMA2_Stream2_IRQHandler
 .text.USART6_IRQHandler
                0x0000000008006638       0x5c build/stm32f4xx_it.o
                0x0000000008006638                USART6_IRQHandler
 .text.I2C3_EV_IRQHandler
                0x0000000008006694       0x10 build/stm32f4xx_it.o
                0x0000000008006694                I2C3_EV_IRQHandler
 .text.HAL_TIMEx_MasterConfigSynchronization
                0x00000000080066a4       0x52 build/stm32f4xx_hal_tim_ex.o
                0x00000000080066a4                HAL_TIMEx_MasterConfigSynchronization
 .text.HAL_TIMEx_CommutationCallback
                0x00000000080066f6        0x2 build/stm32f4xx_hal_tim_ex.o
                0x00000000080066f6                HAL_TIMEx_CommutationCallback
 .text.HAL_TIMEx_BreakCallback
                0x00000000080066f8        0x2 build/stm32f4xx_hal_tim_ex.o
                0x00000000080066f8                HAL_TIMEx_BreakCallback
 *fill*         0x00000000080066fa        0x2 
 .text.HAL_RCC_OscConfig
                0x00000000080066fc      0x398 build/stm32f4xx_hal_rcc.o
                0x00000000080066fc                HAL_RCC_OscConfig
 .text.HAL_RCC_GetSysClockFreq
                0x0000000008006a94       0xa8 build/stm32f4xx_hal_rcc.o
                0x0000000008006a94                HAL_RCC_GetSysClockFreq
 .text.HAL_RCC_ClockConfig
                0x0000000008006b3c      0x158 build/stm32f4xx_hal_rcc.o
                0x0000000008006b3c                HAL_RCC_ClockConfig
 .text.HAL_RCC_GetHCLKFreq
                0x0000000008006c94        0xc build/stm32f4xx_hal_rcc.o
                0x0000000008006c94                HAL_RCC_GetHCLKFreq
 .text.HAL_RCC_GetPCLK1Freq
                0x0000000008006ca0       0x20 build/stm32f4xx_hal_rcc.o
                0x0000000008006ca0                HAL_RCC_GetPCLK1Freq
 .text.MX_GPIO_Init
                0x0000000008006cc0      0x160 build/gpio.o
                0x0000000008006cc0                MX_GPIO_Init
 .text.HAL_GPIO_Init
                0x0000000008006e20      0x1a4 build/stm32f4xx_hal_gpio.o
                0x0000000008006e20                HAL_GPIO_Init
 .text.HAL_GPIO_ReadPin
                0x0000000008006fc4        0xe build/stm32f4xx_hal_gpio.o
                0x0000000008006fc4                HAL_GPIO_ReadPin
 .text.HAL_GPIO_WritePin
                0x0000000008006fd2        0xc build/stm32f4xx_hal_gpio.o
                0x0000000008006fd2                HAL_GPIO_WritePin
 .text.HAL_DMA_Abort_IT
                0x0000000008006fde       0x26 build/stm32f4xx_hal_dma.o
                0x0000000008006fde                HAL_DMA_Abort_IT
 .text.I2C_Master_SB
                0x0000000008007004       0x8a build/stm32f4xx_hal_i2c.o
 .text.I2C_Master_ADD10
                0x000000000800708e        0xc build/stm32f4xx_hal_i2c.o
 .text.I2C_Master_ADDR
                0x000000000800709a      0x1cc build/stm32f4xx_hal_i2c.o
 .text.I2C_SlaveTransmit_BTF
                0x0000000008007266       0x1e build/stm32f4xx_hal_i2c.o
 .text.I2C_SlaveReceive_BTF
                0x0000000008007284       0x1e build/stm32f4xx_hal_i2c.o
 .text.I2C_IsAcknowledgeFailed
                0x00000000080072a2       0x2a build/stm32f4xx_hal_i2c.o
 .text.I2C_WaitOnFlagUntilTimeout
                0x00000000080072cc       0x68 build/stm32f4xx_hal_i2c.o
 .text.I2C_WaitOnMasterAddressFlagUntilTimeout
                0x0000000008007334       0x90 build/stm32f4xx_hal_i2c.o
 .text.I2C_MasterRequestWrite
                0x00000000080073c4       0xbc build/stm32f4xx_hal_i2c.o
 .text.I2C_MasterRequestRead
                0x0000000008007480      0x120 build/stm32f4xx_hal_i2c.o
 .text.I2C_WaitOnTXEFlagUntilTimeout
                0x00000000080075a0       0x4e build/stm32f4xx_hal_i2c.o
 .text.I2C_WaitOnBTFFlagUntilTimeout
                0x00000000080075ee       0x4e build/stm32f4xx_hal_i2c.o
 .text.I2C_WaitOnRXNEFlagUntilTimeout
                0x000000000800763c       0x5c build/stm32f4xx_hal_i2c.o
 .text.HAL_I2C_Init
                0x0000000008007698      0x11c build/stm32f4xx_hal_i2c.o
                0x0000000008007698                HAL_I2C_Init
 .text.HAL_I2C_Master_Transmit
                0x00000000080077b4      0x184 build/stm32f4xx_hal_i2c.o
                0x00000000080077b4                HAL_I2C_Master_Transmit
 .text.HAL_I2C_Master_Receive
                0x0000000008007938      0x2e8 build/stm32f4xx_hal_i2c.o
                0x0000000008007938                HAL_I2C_Master_Receive
 .text.HAL_I2C_MasterTxCpltCallback
                0x0000000008007c20        0x2 build/stm32f4xx_hal_i2c.o
                0x0000000008007c20                HAL_I2C_MasterTxCpltCallback
 .text.HAL_I2C_MasterRxCpltCallback
                0x0000000008007c22        0x2 build/stm32f4xx_hal_i2c.o
                0x0000000008007c22                HAL_I2C_MasterRxCpltCallback
 .text.HAL_I2C_SlaveTxCpltCallback
                0x0000000008007c24        0x2 build/stm32f4xx_hal_i2c.o
                0x0000000008007c24                HAL_I2C_SlaveTxCpltCallback
 .text.I2C_SlaveTransmit_TXE
                0x0000000008007c26       0x4a build/stm32f4xx_hal_i2c.o
 .text.HAL_I2C_SlaveRxCpltCallback
                0x0000000008007c70        0x2 build/stm32f4xx_hal_i2c.o
                0x0000000008007c70                HAL_I2C_SlaveRxCpltCallback
 .text.I2C_SlaveReceive_RXNE
                0x0000000008007c72       0x4e build/stm32f4xx_hal_i2c.o
 .text.HAL_I2C_AddrCallback
                0x0000000008007cc0        0x2 build/stm32f4xx_hal_i2c.o
                0x0000000008007cc0                HAL_I2C_AddrCallback
 .text.I2C_Slave_ADDR
                0x0000000008007cc2       0x28 build/stm32f4xx_hal_i2c.o
 .text.HAL_I2C_ListenCpltCallback
                0x0000000008007cea        0x2 build/stm32f4xx_hal_i2c.o
                0x0000000008007cea                HAL_I2C_ListenCpltCallback
 .text.HAL_I2C_MemTxCpltCallback
                0x0000000008007cec        0x2 build/stm32f4xx_hal_i2c.o
                0x0000000008007cec                HAL_I2C_MemTxCpltCallback
 .text.I2C_MasterTransmit_TXE
                0x0000000008007cee      0x146 build/stm32f4xx_hal_i2c.o
 .text.I2C_MasterTransmit_BTF
                0x0000000008007e34       0x9c build/stm32f4xx_hal_i2c.o
 .text.HAL_I2C_MemRxCpltCallback
                0x0000000008007ed0        0x2 build/stm32f4xx_hal_i2c.o
                0x0000000008007ed0                HAL_I2C_MemRxCpltCallback
 .text.I2C_MasterReceive_RXNE
                0x0000000008007ed2       0x98 build/stm32f4xx_hal_i2c.o
 .text.I2C_MasterReceive_BTF
                0x0000000008007f6a      0x102 build/stm32f4xx_hal_i2c.o
 .text.HAL_I2C_ErrorCallback
                0x000000000800806c        0x2 build/stm32f4xx_hal_i2c.o
                0x000000000800806c                HAL_I2C_ErrorCallback
 .text.HAL_I2C_AbortCpltCallback
                0x000000000800806e        0x2 build/stm32f4xx_hal_i2c.o
                0x000000000800806e                HAL_I2C_AbortCpltCallback
 .text.I2C_ITError
                0x0000000008008070      0x14c build/stm32f4xx_hal_i2c.o
 .text.I2C_Slave_STOPF
                0x00000000080081bc      0x100 build/stm32f4xx_hal_i2c.o
 .text.HAL_I2C_EV_IRQHandler
                0x00000000080082bc      0x168 build/stm32f4xx_hal_i2c.o
                0x00000000080082bc                HAL_I2C_EV_IRQHandler
 .text.I2C_DMAAbort
                0x0000000008008424       0x5e build/stm32f4xx_hal_i2c.o
 *fill*         0x0000000008008482        0x2 
 .text.HAL_InitTick
                0x0000000008008484       0x4c build/stm32f4xx_hal.o
                0x0000000008008484                HAL_InitTick
 .text.HAL_Init
                0x00000000080084d0       0x34 build/stm32f4xx_hal.o
                0x00000000080084d0                HAL_Init
 .text.HAL_IncTick
                0x0000000008008504       0x18 build/stm32f4xx_hal.o
                0x0000000008008504                HAL_IncTick
 .text.HAL_GetTick
                0x000000000800851c        0xc build/stm32f4xx_hal.o
                0x000000000800851c                HAL_GetTick
 .text.HAL_Delay
                0x0000000008008528       0x28 build/stm32f4xx_hal.o
                0x0000000008008528                HAL_Delay
 .text.TIM_TI1_ConfigInputStage
                0x0000000008008550       0x26 build/stm32f4xx_hal_tim.o
 .text.TIM_TI2_ConfigInputStage
                0x0000000008008576       0x28 build/stm32f4xx_hal_tim.o
 .text.TIM_ITRx_SetConfig
                0x000000000800859e       0x10 build/stm32f4xx_hal_tim.o
 .text.TIM_ETR_SetConfig
                0x00000000080085ae       0x18 build/stm32f4xx_hal_tim.o
 .text.HAL_TIM_Base_Start_IT
                0x00000000080085c6       0x18 build/stm32f4xx_hal_tim.o
                0x00000000080085c6                HAL_TIM_Base_Start_IT
 .text.HAL_TIM_Base_Stop_IT
                0x00000000080085de       0x2c build/stm32f4xx_hal_tim.o
                0x00000000080085de                HAL_TIM_Base_Stop_IT
 .text.HAL_TIM_ConfigClockSource
                0x000000000800860a      0x108 build/stm32f4xx_hal_tim.o
                0x000000000800860a                HAL_TIM_ConfigClockSource
 .text.HAL_TIM_OC_DelayElapsedCallback
                0x0000000008008712        0x2 build/stm32f4xx_hal_tim.o
                0x0000000008008712                HAL_TIM_OC_DelayElapsedCallback
 .text.HAL_TIM_IC_CaptureCallback
                0x0000000008008714        0x2 build/stm32f4xx_hal_tim.o
                0x0000000008008714                HAL_TIM_IC_CaptureCallback
 .text.HAL_TIM_PWM_PulseFinishedCallback
                0x0000000008008716        0x2 build/stm32f4xx_hal_tim.o
                0x0000000008008716                HAL_TIM_PWM_PulseFinishedCallback
 .text.HAL_TIM_TriggerCallback
                0x0000000008008718        0x2 build/stm32f4xx_hal_tim.o
                0x0000000008008718                HAL_TIM_TriggerCallback
 .text.HAL_TIM_IRQHandler
                0x000000000800871a      0x17a build/stm32f4xx_hal_tim.o
                0x000000000800871a                HAL_TIM_IRQHandler
 .text.TIM_Base_SetConfig
                0x0000000008008894       0x94 build/stm32f4xx_hal_tim.o
                0x0000000008008894                TIM_Base_SetConfig
 .text.HAL_TIM_Base_Init
                0x0000000008008928       0x32 build/stm32f4xx_hal_tim.o
                0x0000000008008928                HAL_TIM_Base_Init
 *fill*         0x000000000800895a        0x2 
 .text.MX_DMA_Init
                0x000000000800895c       0x64 build/dma.o
                0x000000000800895c                MX_DMA_Init
 .text.LL_USART_Init
                0x00000000080089c0      0x120 build/stm32f4xx_ll_usart.o
                0x00000000080089c0                LL_USART_Init
 .text.RCC_GetHCLKClockFreq
                0x0000000008008ae0       0x18 build/stm32f4xx_ll_rcc.o
                0x0000000008008ae0                RCC_GetHCLKClockFreq
 .text.RCC_GetPCLK1ClockFreq
                0x0000000008008af8       0x18 build/stm32f4xx_ll_rcc.o
                0x0000000008008af8                RCC_GetPCLK1ClockFreq
 .text.RCC_GetPCLK2ClockFreq
                0x0000000008008b10       0x18 build/stm32f4xx_ll_rcc.o
                0x0000000008008b10                RCC_GetPCLK2ClockFreq
 .text.RCC_PLL_GetFreqDomain_SYS
                0x0000000008008b28       0x4c build/stm32f4xx_ll_rcc.o
                0x0000000008008b28                RCC_PLL_GetFreqDomain_SYS
 .text.RCC_GetSystemClockFreq
                0x0000000008008b74       0x30 build/stm32f4xx_ll_rcc.o
                0x0000000008008b74                RCC_GetSystemClockFreq
 .text.LL_RCC_GetSystemClocksFreq
                0x0000000008008ba4       0x20 build/stm32f4xx_ll_rcc.o
                0x0000000008008ba4                LL_RCC_GetSystemClocksFreq
 .text.LL_GPIO_Init
                0x0000000008008bc4      0x132 build/stm32f4xx_ll_gpio.o
                0x0000000008008bc4                LL_GPIO_Init
 *fill*         0x0000000008008cf6        0x2 
 .text.HAL_TIM_PeriodElapsedCallback
                0x0000000008008cf8       0x94 build/tim.o
                0x0000000008008cf8                HAL_TIM_PeriodElapsedCallback
 .text.MX_TIM2_Init
                0x0000000008008d8c       0x74 build/tim.o
                0x0000000008008d8c                MX_TIM2_Init
 .text.MX_TIM3_Init
                0x0000000008008e00       0x74 build/tim.o
                0x0000000008008e00                MX_TIM3_Init
 .text.HAL_TIM_Base_MspInit
                0x0000000008008e74       0x74 build/tim.o
                0x0000000008008e74                HAL_TIM_Base_MspInit
 .text.SystemInit
                0x0000000008008ee8       0x4c build/system_stm32f4xx.o
                0x0000000008008ee8                SystemInit
 .text.Reset_Handler
                0x0000000008008f34       0x50 build/startup_stm32f401xe.o
                0x0000000008008f34                Reset_Handler
 .text.Default_Handler
                0x0000000008008f84        0x2 build/startup_stm32f401xe.o
                0x0000000008008f84                RTC_Alarm_IRQHandler
                0x0000000008008f84                EXTI2_IRQHandler
                0x0000000008008f84                DebugMon_Handler
                0x0000000008008f84                SPI4_IRQHandler
                0x0000000008008f84                TIM1_CC_IRQHandler
                0x0000000008008f84                DMA2_Stream5_IRQHandler
                0x0000000008008f84                PVD_IRQHandler
                0x0000000008008f84                SDIO_IRQHandler
                0x0000000008008f84                TAMP_STAMP_IRQHandler
                0x0000000008008f84                PendSV_Handler
                0x0000000008008f84                NMI_Handler
                0x0000000008008f84                EXTI3_IRQHandler
                0x0000000008008f84                TIM1_UP_TIM10_IRQHandler
                0x0000000008008f84                I2C3_ER_IRQHandler
                0x0000000008008f84                EXTI0_IRQHandler
                0x0000000008008f84                I2C2_EV_IRQHandler
                0x0000000008008f84                DMA1_Stream2_IRQHandler
                0x0000000008008f84                FPU_IRQHandler
                0x0000000008008f84                UsageFault_Handler
                0x0000000008008f84                SPI1_IRQHandler
                0x0000000008008f84                TIM1_BRK_TIM9_IRQHandler
                0x0000000008008f84                DMA2_Stream3_IRQHandler
                0x0000000008008f84                DMA2_Stream0_IRQHandler
                0x0000000008008f84                TIM4_IRQHandler
                0x0000000008008f84                I2C1_EV_IRQHandler
                0x0000000008008f84                DMA1_Stream6_IRQHandler
                0x0000000008008f84                DMA1_Stream1_IRQHandler
                0x0000000008008f84                RCC_IRQHandler
                0x0000000008008f84                Default_Handler
                0x0000000008008f84                EXTI15_10_IRQHandler
                0x0000000008008f84                ADC_IRQHandler
                0x0000000008008f84                DMA1_Stream7_IRQHandler
                0x0000000008008f84                TIM5_IRQHandler
                0x0000000008008f84                DMA2_Stream7_IRQHandler
                0x0000000008008f84                EXTI9_5_IRQHandler
                0x0000000008008f84                RTC_WKUP_IRQHandler
                0x0000000008008f84                SPI2_IRQHandler
                0x0000000008008f84                MemManage_Handler
                0x0000000008008f84                DMA1_Stream0_IRQHandler
                0x0000000008008f84                SVC_Handler
                0x0000000008008f84                EXTI4_IRQHandler
                0x0000000008008f84                WWDG_IRQHandler
                0x0000000008008f84                OTG_FS_WKUP_IRQHandler
                0x0000000008008f84                TIM1_TRG_COM_TIM11_IRQHandler
                0x0000000008008f84                EXTI1_IRQHandler
                0x0000000008008f84                I2C2_ER_IRQHandler
                0x0000000008008f84                FLASH_IRQHandler
                0x0000000008008f84                DMA2_Stream4_IRQHandler
                0x0000000008008f84                BusFault_Handler
                0x0000000008008f84                OTG_FS_IRQHandler
                0x0000000008008f84                SPI3_IRQHandler
                0x0000000008008f84                DMA1_Stream4_IRQHandler
                0x0000000008008f84                I2C1_ER_IRQHandler
                0x0000000008008f84                DMA2_Stream6_IRQHandler
                0x0000000008008f84                DMA1_Stream3_IRQHandler
 *fill*         0x0000000008008f86        0x2 
 .text.__libc_init_array
                0x0000000008008f88       0x48 /usr/lib/gcc/arm-none-eabi/7.3.0/../../../../arm-none-eabi/lib/armv7e-m/fpu/libc_nano.a(lib_a-init.o)
                0x0000000008008f88                __libc_init_array
 .text.memcpy   0x0000000008008fd0       0x16 /usr/lib/gcc/arm-none-eabi/7.3.0/../../../../arm-none-eabi/lib/armv7e-m/fpu/libc_nano.a(lib_a-memcpy-stub.o)
                0x0000000008008fd0                memcpy
 .text.memset   0x0000000008008fe6       0x10 /usr/lib/gcc/arm-none-eabi/7.3.0/../../../../arm-none-eabi/lib/armv7e-m/fpu/libc_nano.a(lib_a-memset.o)
                0x0000000008008fe6                memset
 .text.__cvt    0x0000000008008ff6       0xc2 /usr/lib/gcc/arm-none-eabi/7.3.0/../../../../arm-none-eabi/lib/armv7e-m/fpu/libc_nano.a(lib_a-nano-vfprintf_float.o)
                0x0000000008008ff6                __cvt
 .text.__exponent
                0x00000000080090b8       0x66 /usr/lib/gcc/arm-none-eabi/7.3.0/../../../../arm-none-eabi/lib/armv7e-m/fpu/libc_nano.a(lib_a-nano-vfprintf_float.o)
                0x00000000080090b8                __exponent
 *fill*         0x000000000800911e        0x2 
 .text._printf_float
                0x0000000008009120      0x480 /usr/lib/gcc/arm-none-eabi/7.3.0/../../../../arm-none-eabi/lib/armv7e-m/fpu/libc_nano.a(lib_a-nano-vfprintf_float.o)
                0x0000000008009120                _printf_float
 .text._printf_common
                0x00000000080095a0       0xea /usr/lib/gcc/arm-none-eabi/7.3.0/../../../../arm-none-eabi/lib/armv7e-m/fpu/libc_nano.a(lib_a-nano-vfprintf_i.o)
                0x00000000080095a0                _printf_common
 *fill*         0x000000000800968a        0x2 
 .text._printf_i
                0x000000000800968c      0x224 /usr/lib/gcc/arm-none-eabi/7.3.0/../../../../arm-none-eabi/lib/armv7e-m/fpu/libc_nano.a(lib_a-nano-vfprintf_i.o)
                0x000000000800968c                _printf_i
 .text.strcpy   0x00000000080098b0       0x10 /usr/lib/gcc/arm-none-eabi/7.3.0/../../../../arm-none-eabi/lib/armv7e-m/fpu/libc_nano.a(lib_a-strcpy.o)
                0x00000000080098b0                strcpy
 .text._vsnprintf_r
                0x00000000080098c0       0x58 /usr/lib/gcc/arm-none-eabi/7.3.0/../../../../arm-none-eabi/lib/armv7e-m/fpu/libc_nano.a(lib_a-vsnprintf.o)
                0x00000000080098c0                _vsnprintf_r
                0x00000000080098c0                _vsniprintf_r
 .text.vsnprintf
                0x0000000008009918       0x1c /usr/lib/gcc/arm-none-eabi/7.3.0/../../../../arm-none-eabi/lib/armv7e-m/fpu/libc_nano.a(lib_a-vsnprintf.o)
                0x0000000008009918                vsnprintf
                0x0000000008009918                vsniprintf
 .text.quorem   0x0000000008009934      0x118 /usr/lib/gcc/arm-none-eabi/7.3.0/../../../../arm-none-eabi/lib/armv7e-m/fpu/libc_nano.a(lib_a-dtoa.o)
 *fill*         0x0000000008009a4c        0x4 
 .text._dtoa_r  0x0000000008009a50      0xb70 /usr/lib/gcc/arm-none-eabi/7.3.0/../../../../arm-none-eabi/lib/armv7e-m/fpu/libc_nano.a(lib_a-dtoa.o)
                0x0000000008009a50                _dtoa_r
 .text._localeconv_r
                0x000000000800a5c0       0x1c /usr/lib/gcc/arm-none-eabi/7.3.0/../../../../arm-none-eabi/lib/armv7e-m/fpu/libc_nano.a(lib_a-localeconv.o)
                0x000000000800a5c0                _localeconv_r
 .text.malloc   0x000000000800a5dc       0x10 /usr/lib/gcc/arm-none-eabi/7.3.0/../../../../arm-none-eabi/lib/armv7e-m/fpu/libc_nano.a(lib_a-malloc.o)
                0x000000000800a5dc                malloc
 .text.__ascii_mbtowc
                0x000000000800a5ec       0x24 /usr/lib/gcc/arm-none-eabi/7.3.0/../../../../arm-none-eabi/lib/armv7e-m/fpu/libc_nano.a(lib_a-mbtowc_r.o)
                0x000000000800a5ec                __ascii_mbtowc
 .text._Balloc  0x000000000800a610       0x68 /usr/lib/gcc/arm-none-eabi/7.3.0/../../../../arm-none-eabi/lib/armv7e-m/fpu/libc_nano.a(lib_a-mprec.o)
                0x000000000800a610                _Balloc
 .text._Bfree   0x000000000800a678       0x2e /usr/lib/gcc/arm-none-eabi/7.3.0/../../../../arm-none-eabi/lib/armv7e-m/fpu/libc_nano.a(lib_a-mprec.o)
                0x000000000800a678                _Bfree
 .text.__multadd
                0x000000000800a6a6       0x76 /usr/lib/gcc/arm-none-eabi/7.3.0/../../../../arm-none-eabi/lib/armv7e-m/fpu/libc_nano.a(lib_a-mprec.o)
                0x000000000800a6a6                __multadd
 .text.__hi0bits
                0x000000000800a71c       0x3e /usr/lib/gcc/arm-none-eabi/7.3.0/../../../../arm-none-eabi/lib/armv7e-m/fpu/libc_nano.a(lib_a-mprec.o)
                0x000000000800a71c                __hi0bits
 .text.__lo0bits
                0x000000000800a75a       0x5e /usr/lib/gcc/arm-none-eabi/7.3.0/../../../../arm-none-eabi/lib/armv7e-m/fpu/libc_nano.a(lib_a-mprec.o)
                0x000000000800a75a                __lo0bits
 .text.__i2b    0x000000000800a7b8       0x12 /usr/lib/gcc/arm-none-eabi/7.3.0/../../../../arm-none-eabi/lib/armv7e-m/fpu/libc_nano.a(lib_a-mprec.o)
                0x000000000800a7b8                __i2b
 .text.__multiply
                0x000000000800a7ca      0x12c /usr/lib/gcc/arm-none-eabi/7.3.0/../../../../arm-none-eabi/lib/armv7e-m/fpu/libc_nano.a(lib_a-mprec.o)
                0x000000000800a7ca                __multiply
 *fill*         0x000000000800a8f6        0x2 
 .text.__pow5mult
                0x000000000800a8f8       0x9c /usr/lib/gcc/arm-none-eabi/7.3.0/../../../../arm-none-eabi/lib/armv7e-m/fpu/libc_nano.a(lib_a-mprec.o)
                0x000000000800a8f8                __pow5mult
 .text.__lshift
                0x000000000800a994       0xa8 /usr/lib/gcc/arm-none-eabi/7.3.0/../../../../arm-none-eabi/lib/armv7e-m/fpu/libc_nano.a(lib_a-mprec.o)
                0x000000000800a994                __lshift
 .text.__mcmp   0x000000000800aa3c       0x34 /usr/lib/gcc/arm-none-eabi/7.3.0/../../../../arm-none-eabi/lib/armv7e-m/fpu/libc_nano.a(lib_a-mprec.o)
                0x000000000800aa3c                __mcmp
 .text.__mdiff  0x000000000800aa70       0xba /usr/lib/gcc/arm-none-eabi/7.3.0/../../../../arm-none-eabi/lib/armv7e-m/fpu/libc_nano.a(lib_a-mprec.o)
                0x000000000800aa70                __mdiff
 .text.__d2b    0x000000000800ab2a       0x9e /usr/lib/gcc/arm-none-eabi/7.3.0/../../../../arm-none-eabi/lib/armv7e-m/fpu/libc_nano.a(lib_a-mprec.o)
                0x000000000800ab2a                __d2b
 .text._calloc_r
                0x000000000800abc8       0x1c /usr/lib/gcc/arm-none-eabi/7.3.0/../../../../arm-none-eabi/lib/armv7e-m/fpu/libc_nano.a(lib_a-nano-callocr.o)
                0x000000000800abc8                _calloc_r
 .text._free_r  0x000000000800abe4       0x9c /usr/lib/gcc/arm-none-eabi/7.3.0/../../../../arm-none-eabi/lib/armv7e-m/fpu/libc_nano.a(lib_a-nano-freer.o)
                0x000000000800abe4                _free_r
 .text._malloc_r
                0x000000000800ac80       0xb4 /usr/lib/gcc/arm-none-eabi/7.3.0/../../../../arm-none-eabi/lib/armv7e-m/fpu/libc_nano.a(lib_a-nano-mallocr.o)
                0x000000000800ac80                _malloc_r
 .text.__ssputs_r
                0x000000000800ad34       0xb4 /usr/lib/gcc/arm-none-eabi/7.3.0/../../../../arm-none-eabi/lib/armv7e-m/fpu/libc_nano.a(lib_a-nano-svfprintf.o)
                0x000000000800ad34                __ssputs_r
 .text._svfprintf_r
                0x000000000800ade8      0x1f0 /usr/lib/gcc/arm-none-eabi/7.3.0/../../../../arm-none-eabi/lib/armv7e-m/fpu/libc_nano.a(lib_a-nano-svfprintf.o)
                0x000000000800ade8                _svfprintf_r
                0x000000000800ade8                _svfiprintf_r
 .text._sbrk_r  0x000000000800afd8       0x20 /usr/lib/gcc/arm-none-eabi/7.3.0/../../../../arm-none-eabi/lib/armv7e-m/fpu/libc_nano.a(lib_a-sbrkr.o)
                0x000000000800afd8                _sbrk_r
 .text.__ascii_wctomb
                0x000000000800aff8       0x1a /usr/lib/gcc/arm-none-eabi/7.3.0/../../../../arm-none-eabi/lib/armv7e-m/fpu/libc_nano.a(lib_a-wctomb_r.o)
                0x000000000800aff8                __ascii_wctomb
 .text.memmove  0x000000000800b012       0x32 /usr/lib/gcc/arm-none-eabi/7.3.0/../../../../arm-none-eabi/lib/armv7e-m/fpu/libc_nano.a(lib_a-memmove.o)
                0x000000000800b012                memmove
 .text.__malloc_lock
                0x000000000800b044        0x2 /usr/lib/gcc/arm-none-eabi/7.3.0/../../../../arm-none-eabi/lib/armv7e-m/fpu/libc_nano.a(lib_a-mlock.o)
                0x000000000800b044                __malloc_lock
 .text.__malloc_unlock
                0x000000000800b046        0x2 /usr/lib/gcc/arm-none-eabi/7.3.0/../../../../arm-none-eabi/lib/armv7e-m/fpu/libc_nano.a(lib_a-mlock.o)
                0x000000000800b046                __malloc_unlock
 .text._realloc_r
                0x000000000800b048       0x4c /usr/lib/gcc/arm-none-eabi/7.3.0/../../../../arm-none-eabi/lib/armv7e-m/fpu/libc_nano.a(lib_a-nano-reallocr.o)
                0x000000000800b048                _realloc_r
 .text._malloc_usable_size_r
                0x000000000800b094       0x10 /usr/lib/gcc/arm-none-eabi/7.3.0/../../../../arm-none-eabi/lib/armv7e-m/fpu/libc_nano.a(lib_a-nano-msizer.o)
                0x000000000800b094                _malloc_usable_size_r
 *fill*         0x000000000800b0a4        0x4 
 .text.cos      0x000000000800b0a8       0xc0 /usr/lib/gcc/arm-none-eabi/7.3.0/../../../../arm-none-eabi/lib/armv7e-m/fpu/libm.a(lib_a-s_cos.o)
                0x000000000800b0a8                cos
 .text.sin      0x000000000800b168       0xc0 /usr/lib/gcc/arm-none-eabi/7.3.0/../../../../arm-none-eabi/lib/armv7e-m/fpu/libm.a(lib_a-s_sin.o)
                0x000000000800b168                sin
 .text.pow      0x000000000800b228      0x338 /usr/lib/gcc/arm-none-eabi/7.3.0/../../../../arm-none-eabi/lib/armv7e-m/fpu/libm.a(lib_a-w_pow.o)
                0x000000000800b228                pow
 .text.sqrt     0x000000000800b560       0xb8 /usr/lib/gcc/arm-none-eabi/7.3.0/../../../../arm-none-eabi/lib/armv7e-m/fpu/libm.a(lib_a-w_sqrt.o)
                0x000000000800b560                sqrt
 .text.__ieee754_pow
                0x000000000800b618      0xab8 /usr/lib/gcc/arm-none-eabi/7.3.0/../../../../arm-none-eabi/lib/armv7e-m/fpu/libm.a(lib_a-e_pow.o)
                0x000000000800b618                __ieee754_pow
 .text.__ieee754_rem_pio2
                0x000000000800c0d0      0x454 /usr/lib/gcc/arm-none-eabi/7.3.0/../../../../arm-none-eabi/lib/armv7e-m/fpu/libm.a(lib_a-e_rem_pio2.o)
                0x000000000800c0d0                __ieee754_rem_pio2
 .text.__ieee754_sqrt
                0x000000000800c524      0x194 /usr/lib/gcc/arm-none-eabi/7.3.0/../../../../arm-none-eabi/lib/armv7e-m/fpu/libm.a(lib_a-e_sqrt.o)
                0x000000000800c524                __ieee754_sqrt
 .text.__kernel_cos
                0x000000000800c6b8      0x284 /usr/lib/gcc/arm-none-eabi/7.3.0/../../../../arm-none-eabi/lib/armv7e-m/fpu/libm.a(lib_a-k_cos.o)
                0x000000000800c6b8                __kernel_cos
 *fill*         0x000000000800c93c        0x4 
 .text.__kernel_rem_pio2
                0x000000000800c940      0x818 /usr/lib/gcc/arm-none-eabi/7.3.0/../../../../arm-none-eabi/lib/armv7e-m/fpu/libm.a(lib_a-k_rem_pio2.o)
                0x000000000800c940                __kernel_rem_pio2
 .text.__kernel_sin
                0x000000000800d158      0x194 /usr/lib/gcc/arm-none-eabi/7.3.0/../../../../arm-none-eabi/lib/armv7e-m/fpu/libm.a(lib_a-k_sin.o)
                0x000000000800d158                __kernel_sin
 .text.fabs     0x000000000800d2ec       0x14 /usr/lib/gcc/arm-none-eabi/7.3.0/../../../../arm-none-eabi/lib/armv7e-m/fpu/libm.a(lib_a-s_fabs.o)
                0x000000000800d2ec                fabs
 .text.finite   0x000000000800d300       0x10 /usr/lib/gcc/arm-none-eabi/7.3.0/../../../../arm-none-eabi/lib/armv7e-m/fpu/libm.a(lib_a-s_finite.o)
                0x000000000800d300                finite
 .text.floor    0x000000000800d310      0x110 /usr/lib/gcc/arm-none-eabi/7.3.0/../../../../arm-none-eabi/lib/armv7e-m/fpu/libm.a(lib_a-s_floor.o)
                0x000000000800d310                floor
 .text.matherr  0x000000000800d420        0x4 /usr/lib/gcc/arm-none-eabi/7.3.0/../../../../arm-none-eabi/lib/armv7e-m/fpu/libm.a(lib_a-s_matherr.o)
                0x000000000800d420                matherr
 *fill*         0x000000000800d424        0x4 
 .text.nan      0x000000000800d428       0x10 /usr/lib/gcc/arm-none-eabi/7.3.0/../../../../arm-none-eabi/lib/armv7e-m/fpu/libm.a(lib_a-s_nan.o)
                0x000000000800d428                nan
 .text.rint     0x000000000800d438      0x110 /usr/lib/gcc/arm-none-eabi/7.3.0/../../../../arm-none-eabi/lib/armv7e-m/fpu/libm.a(lib_a-s_rint.o)
                0x000000000800d438                rint
 .text.scalbn   0x000000000800d548      0x114 /usr/lib/gcc/arm-none-eabi/7.3.0/../../../../arm-none-eabi/lib/armv7e-m/fpu/libm.a(lib_a-s_scalbn.o)
                0x000000000800d548                scalbn
 .text.copysign
                0x000000000800d65c       0x1c /usr/lib/gcc/arm-none-eabi/7.3.0/../../../../arm-none-eabi/lib/armv7e-m/fpu/libm.a(lib_a-s_copysign.o)
                0x000000000800d65c                copysign
 .text._sbrk    0x000000000800d678       0x1c /usr/lib/gcc/arm-none-eabi/7.3.0/../../../../arm-none-eabi/lib/armv7e-m/fpu/libnosys.a(sbrk.o)
                0x000000000800d678                _sbrk
 .text.__udivmoddi4
                0x000000000800d694      0x2b6 /usr/lib/gcc/arm-none-eabi/7.3.0/armv7e-m/fpu/libgcc.a(_udivmoddi4.o)
                0x000000000800d694                __udivmoddi4
 *fill*         0x000000000800d94a        0x2 
 .text.__errno  0x000000000800d94c        0xc /usr/lib/gcc/arm-none-eabi/7.3.0/../../../../arm-none-eabi/lib/armv7e-m/fpu/libc_nano.a(lib_a-errno.o)
                0x000000000800d94c                __errno
 *(.glue_7)
 .glue_7        0x000000000800d958        0x0 linker stubs
 *(.glue_7t)
 .glue_7t       0x000000000800d958        0x0 linker stubs
 *(.eh_frame)
 .eh_frame      0x000000000800d958        0x0 /usr/lib/gcc/arm-none-eabi/7.3.0/armv7e-m/fpu/crtbegin.o
 *(.init)
 .init          0x000000000800d958        0x4 /usr/lib/gcc/arm-none-eabi/7.3.0/armv7e-m/fpu/crti.o
                0x000000000800d958                _init
 .init          0x000000000800d95c        0x8 /usr/lib/gcc/arm-none-eabi/7.3.0/armv7e-m/fpu/crtn.o
 *(.fini)
 .fini          0x000000000800d964        0x4 /usr/lib/gcc/arm-none-eabi/7.3.0/armv7e-m/fpu/crti.o
                0x000000000800d964                _fini
 .fini          0x000000000800d968        0x8 /usr/lib/gcc/arm-none-eabi/7.3.0/armv7e-m/fpu/crtn.o
                0x000000000800d970                . = ALIGN (0x4)
                0x000000000800d970                _etext = .

.vfp11_veneer   0x000000000800d970        0x0
 .vfp11_veneer  0x000000000800d970        0x0 linker stubs

.v4_bx          0x000000000800d970        0x0
 .v4_bx         0x000000000800d970        0x0 linker stubs

.iplt           0x000000000800d970        0x0
 .iplt          0x000000000800d970        0x0 /usr/lib/gcc/arm-none-eabi/7.3.0/armv7e-m/fpu/crtbegin.o

.rodata         0x000000000800d970      0x590
                0x000000000800d970                . = ALIGN (0x4)
 *(.rodata)
 .rodata        0x000000000800d970        0x8 build/obstacle.o
 *(.rodata*)
 .rodata.wait_start.str1.4
                0x000000000800d978       0x1a build/system.o
 *fill*         0x000000000800d992        0x2 
 .rodata.PI_Init.str1.4
                0x000000000800d994        0xa build/pi_client.o
                                          0xe (size before relaxing)
 *fill*         0x000000000800d99e        0x2 
 .rodata.Brake.str1.4
                0x000000000800d9a0       0x1e build/gas.o
 *fill*         0x000000000800d9be        0x2 
 .rodata.Position_Init.str1.4
                0x000000000800d9c0       0x29 build/position_client.o
                                         0x2d (size before relaxing)
 .rodata.Z_Init.str1.4
                0x000000000800d9e9        0xe build/z_client.o
 *fill*         0x000000000800d9e9        0x3 
 .rodata.Z_Wait_State.str1.4
                0x000000000800d9ec        0x4 build/z_client.o
 .rodata.VL53L0X_measurement_poll_for_completion.str1.4
                0x000000000800d9f0        0x9 build/vl53l0x_api_core.o
 *fill*         0x000000000800d9f9        0x3 
 .rodata.SystemClock_Config.str1.4
                0x000000000800d9fc        0xb build/main.o
 *fill*         0x000000000800da07        0x1 
 .rodata.main.str1.4
                0x000000000800da08       0x72 build/main.o
 *fill*         0x000000000800da7a        0x2 
 .rodata.MX_I2C1_Init.str1.4
                0x000000000800da7c        0xa build/i2c.o
 *fill*         0x000000000800da86        0x2 
 .rodata.MX_TIM2_Init.str1.4
                0x000000000800da88        0xa build/tim.o
 *fill*         0x000000000800da92        0x2 
 .rodata.AHBPrescTable
                0x000000000800da94       0x10 build/system_stm32f4xx.o
                0x000000000800da94                AHBPrescTable
 .rodata.APBPrescTable
                0x000000000800daa4        0x8 build/system_stm32f4xx.o
                0x000000000800daa4                APBPrescTable
 .rodata._printf_float.str1.1
                0x000000000800daac       0x12 /usr/lib/gcc/arm-none-eabi/7.3.0/../../../../arm-none-eabi/lib/armv7e-m/fpu/libc_nano.a(lib_a-nano-vfprintf_float.o)
 .rodata._printf_i.str1.1
                0x000000000800dabe       0x22 /usr/lib/gcc/arm-none-eabi/7.3.0/../../../../arm-none-eabi/lib/armv7e-m/fpu/libc_nano.a(lib_a-nano-vfprintf_i.o)
 .rodata._dtoa_r.str1.1
                0x000000000800dae0        0xd /usr/lib/gcc/arm-none-eabi/7.3.0/../../../../arm-none-eabi/lib/armv7e-m/fpu/libc_nano.a(lib_a-dtoa.o)
                                          0xf (size before relaxing)
 .rodata._setlocale_r.str1.1
                0x000000000800daed        0x8 /usr/lib/gcc/arm-none-eabi/7.3.0/../../../../arm-none-eabi/lib/armv7e-m/fpu/libc_nano.a(lib_a-locale.o)
                                          0x9 (size before relaxing)
 .rodata.str1.1
                0x000000000800daf5        0x2 /usr/lib/gcc/arm-none-eabi/7.3.0/../../../../arm-none-eabi/lib/armv7e-m/fpu/libc_nano.a(lib_a-locale.o)
 *fill*         0x000000000800daf7        0x1 
 .rodata.__mprec_bigtens
                0x000000000800daf8       0x28 /usr/lib/gcc/arm-none-eabi/7.3.0/../../../../arm-none-eabi/lib/armv7e-m/fpu/libc_nano.a(lib_a-mprec.o)
                0x000000000800daf8                __mprec_bigtens
 .rodata.__mprec_tens
                0x000000000800db20       0xc8 /usr/lib/gcc/arm-none-eabi/7.3.0/../../../../arm-none-eabi/lib/armv7e-m/fpu/libc_nano.a(lib_a-mprec.o)
                0x000000000800db20                __mprec_tens
 .rodata.p05.7359
                0x000000000800dbe8        0xc /usr/lib/gcc/arm-none-eabi/7.3.0/../../../../arm-none-eabi/lib/armv7e-m/fpu/libc_nano.a(lib_a-mprec.o)
 .rodata._svfprintf_r.str1.1
                0x000000000800dbf4       0x11 /usr/lib/gcc/arm-none-eabi/7.3.0/../../../../arm-none-eabi/lib/armv7e-m/fpu/libc_nano.a(lib_a-nano-svfprintf.o)
 .rodata._ctype_
                0x000000000800dc05      0x101 /usr/lib/gcc/arm-none-eabi/7.3.0/../../../../arm-none-eabi/lib/armv7e-m/fpu/libc_nano.a(lib_a-ctype_.o)
                0x000000000800dc05                _ctype_
 *fill*         0x000000000800dd06        0x2 
 .rodata.pow.str1.4
                0x000000000800dd08        0x4 /usr/lib/gcc/arm-none-eabi/7.3.0/../../../../arm-none-eabi/lib/armv7e-m/fpu/libm.a(lib_a-w_pow.o)
 .rodata.sqrt.str1.4
                0x000000000800dd0c        0x8 /usr/lib/gcc/arm-none-eabi/7.3.0/../../../../arm-none-eabi/lib/armv7e-m/fpu/libm.a(lib_a-w_sqrt.o)
                                          0x5 (size before relaxing)
 .rodata.__ieee754_pow.str1.4
                0x000000000800dd14        0x1 /usr/lib/gcc/arm-none-eabi/7.3.0/../../../../arm-none-eabi/lib/armv7e-m/fpu/libm.a(lib_a-e_pow.o)
 .rodata.npio2_hw
                0x000000000800dd14       0x80 /usr/lib/gcc/arm-none-eabi/7.3.0/../../../../arm-none-eabi/lib/armv7e-m/fpu/libm.a(lib_a-e_rem_pio2.o)
 .rodata.two_over_pi
                0x000000000800dd94      0x108 /usr/lib/gcc/arm-none-eabi/7.3.0/../../../../arm-none-eabi/lib/armv7e-m/fpu/libm.a(lib_a-e_rem_pio2.o)
 *fill*         0x000000000800de9c        0x4 
 .rodata.PIo2   0x000000000800dea0       0x40 /usr/lib/gcc/arm-none-eabi/7.3.0/../../../../arm-none-eabi/lib/armv7e-m/fpu/libm.a(lib_a-k_rem_pio2.o)
 .rodata.init_jk
                0x000000000800dee0       0x10 /usr/lib/gcc/arm-none-eabi/7.3.0/../../../../arm-none-eabi/lib/armv7e-m/fpu/libm.a(lib_a-k_rem_pio2.o)
 .rodata.TWO52  0x000000000800def0       0x10 /usr/lib/gcc/arm-none-eabi/7.3.0/../../../../arm-none-eabi/lib/armv7e-m/fpu/libm.a(lib_a-s_rint.o)
                0x000000000800df00                . = ALIGN (0x4)

.ARM.extab
 *(.ARM.extab* .gnu.linkonce.armextab.*)

.ARM            0x000000000800df00        0x8
                0x000000000800df00                __exidx_start = .
 *(.ARM.exidx*)
 .ARM.exidx.text.__udivmoddi4
                0x000000000800df00        0x8 /usr/lib/gcc/arm-none-eabi/7.3.0/armv7e-m/fpu/libgcc.a(_udivmoddi4.o)
                0x000000000800df08                __exidx_end = .

.rel.dyn        0x000000000800df08        0x0
 .rel.iplt      0x000000000800df08        0x0 /usr/lib/gcc/arm-none-eabi/7.3.0/armv7e-m/fpu/crtbegin.o

.preinit_array  0x000000000800df08        0x0
                0x000000000800df08                PROVIDE (__preinit_array_start = .)
 *(.preinit_array*)
                0x000000000800df08                PROVIDE (__preinit_array_end = .)

.init_array     0x000000000800df08        0x4
                0x000000000800df08                PROVIDE (__init_array_start = .)
 *(SORT_BY_NAME(.init_array.*))
 *(.init_array*)
 .init_array    0x000000000800df08        0x4 /usr/lib/gcc/arm-none-eabi/7.3.0/armv7e-m/fpu/crtbegin.o
                0x000000000800df0c                PROVIDE (__init_array_end = .)

.fini_array     0x000000000800df0c        0x4
                0x000000000800df0c                PROVIDE (__fini_array_start = .)
 *(SORT_BY_NAME(.fini_array.*))
 *(.fini_array*)
 .fini_array    0x000000000800df0c        0x4 /usr/lib/gcc/arm-none-eabi/7.3.0/armv7e-m/fpu/crtbegin.o
                0x000000000800df10                PROVIDE (__fini_array_end = .)
                0x000000000800df10                _sidata = LOADADDR (.data)

.data           0x0000000020000000      0x778 load address 0x000000000800df10
                0x0000000020000000                . = ALIGN (0x4)
                0x0000000020000000                _sdata = .
 *(.data)
 *(.data*)
 .data.crc_table
                0x0000000020000000      0x200 build/crc_16.o
                0x0000000020000000                crc_table
 .data.cube     0x0000000020000200       0xb4 build/strategy.o
                0x0000000020000200                cube
 .data.set      0x00000000200002b4       0x24 build/strategy.o
                0x00000000200002b4                set
 .data.DefaultTuningSettings
                0x00000000200002d8       0xf3 build/vl53l0x_api.o
                0x00000000200002d8                DefaultTuningSettings
 *fill*         0x00000000200003cb        0x1 
 .data.InterruptThresholdSettings
                0x00000000200003cc      0x1b6 build/vl53l0x_api.o
                0x00000000200003cc                InterruptThresholdSettings
 *fill*         0x0000000020000582        0x2 
 .data.refArrayQuadrants
                0x0000000020000584       0x10 build/vl53l0x_api_calibration.o
                0x0000000020000584                refArrayQuadrants
 .data.uwTickFreq
                0x0000000020000594        0x1 build/stm32f4xx_hal.o
                0x0000000020000594                uwTickFreq
 *fill*         0x0000000020000595        0x3 
 .data.uwTickPrio
                0x0000000020000598        0x4 build/stm32f4xx_hal.o
                0x0000000020000598                uwTickPrio
 .data.tim2     0x000000002000059c        0x4 build/tim.o
 .data.SystemCoreClock
                0x00000000200005a0        0x4 build/system_stm32f4xx.o
                0x00000000200005a0                SystemCoreClock
 .data._impure_ptr
                0x00000000200005a4        0x4 /usr/lib/gcc/arm-none-eabi/7.3.0/../../../../arm-none-eabi/lib/armv7e-m/fpu/libc_nano.a(lib_a-impure.o)
                0x00000000200005a4                _impure_ptr
 .data.impure_data
                0x00000000200005a8       0x60 /usr/lib/gcc/arm-none-eabi/7.3.0/../../../../arm-none-eabi/lib/armv7e-m/fpu/libc_nano.a(lib_a-impure.o)
 .data.__global_locale
                0x0000000020000608      0x16c /usr/lib/gcc/arm-none-eabi/7.3.0/../../../../arm-none-eabi/lib/armv7e-m/fpu/libc_nano.a(lib_a-locale.o)
                0x0000000020000608                __global_locale
 .data.__fdlib_version
                0x0000000020000774        0x1 /usr/lib/gcc/arm-none-eabi/7.3.0/../../../../arm-none-eabi/lib/armv7e-m/fpu/libm.a(lib_a-s_lib_ver.o)
                0x0000000020000774                __fdlib_version
                0x0000000020000778                . = ALIGN (0x4)
 *fill*         0x0000000020000775        0x3 
                0x0000000020000778                _edata = .

.igot.plt       0x0000000020000778        0x0 load address 0x000000000800e688
 .igot.plt      0x0000000020000778        0x0 /usr/lib/gcc/arm-none-eabi/7.3.0/armv7e-m/fpu/crtbegin.o
                0x0000000020000778                . = ALIGN (0x4)

.bss            0x0000000020000778    0x107b0 load address 0x000000000800e688
                0x0000000020000778                _sbss = .
                0x0000000020000778                __bss_start__ = _sbss
 *(.bss)
 *(.bss*)
 .bss.completed.9908
                0x0000000020000778        0x1 /usr/lib/gcc/arm-none-eabi/7.3.0/armv7e-m/fpu/crtbegin.o
 *fill*         0x0000000020000779        0x3 
 .bss.object.9913
                0x000000002000077c       0x18 /usr/lib/gcc/arm-none-eabi/7.3.0/armv7e-m/fpu/crtbegin.o
 .bss.err       0x0000000020000794        0x2 build/robotronik_protocol.o
 *fill*         0x0000000020000796        0x2 
 .bss.err       0x0000000020000798        0x4 build/remote_call.o
 .bss.pi_client
                0x000000002000079c      0x268 build/pi_client.o
 .bss.nb_obstacles
                0x0000000020000a04        0x4 build/obstacle.o
                0x0000000020000a04                nb_obstacles
 .bss.build_ctx
                0x0000000020000a08       0x20 build/strategy.o
                0x0000000020000a08                build_ctx
 .bss.cube_sort
                0x0000000020000a28       0x78 build/strategy.o
 .bss.score     0x0000000020000aa0        0x2 build/strategy.o
                0x0000000020000aa0                score
 *fill*         0x0000000020000aa2        0x2 
 .bss.pos_client
                0x0000000020000aa4      0x268 build/position_client.o
 .bss.z_client  0x0000000020000d0c      0x268 build/z_client.o
 .bss.__malloc_free_list
                0x0000000020000f74        0x4 /usr/lib/gcc/arm-none-eabi/7.3.0/../../../../arm-none-eabi/lib/armv7e-m/fpu/libc_nano.a(lib_a-nano-mallocr.o)
                0x0000000020000f74                __malloc_free_list
 .bss.__malloc_sbrk_start
                0x0000000020000f78        0x4 /usr/lib/gcc/arm-none-eabi/7.3.0/../../../../arm-none-eabi/lib/armv7e-m/fpu/libc_nano.a(lib_a-nano-mallocr.o)
                0x0000000020000f78                __malloc_sbrk_start
 .bss.heap_end.5377
                0x0000000020000f7c        0x4 /usr/lib/gcc/arm-none-eabi/7.3.0/../../../../arm-none-eabi/lib/armv7e-m/fpu/libnosys.a(sbrk.o)
 *(COMMON)
 COMMON         0x0000000020000f80     0xea60 build/map.o
                0x0000000020000f80                map
 COMMON         0x000000002000f9e0       0x58 build/obstacle.o
                0x000000002000f9e0                obstacle
                0x000000002000fa30                sensor_raw
 COMMON         0x000000002000fa38       0x83 build/strategy.o
                0x000000002000fa38                me
                0x000000002000fa50                from_y
                0x000000002000fa54                strat
                0x000000002000fab8                from_x
                0x000000002000faba                team
 *fill*         0x000000002000fabb        0x1 
 COMMON         0x000000002000fabc       0x40 build/vl53l0x_platform.o
                0x000000002000fabc                _I2CBuffer
 COMMON         0x000000002000fafc      0xc54 build/usart.o
                0x000000002000fafc                z_iface
                0x000000002000ff18                pi_iface
                0x0000000020010334                pos_iface
 COMMON         0x0000000020010750      0x6b0 build/main.o
                0x0000000020010750                tof
 COMMON         0x0000000020010e00       0xa8 build/i2c.o
                0x0000000020010e00                hi2c3
                0x0000000020010e54                hi2c1
 COMMON         0x0000000020010ea8        0x4 build/stm32f4xx_hal.o
                0x0000000020010ea8                uwTick
 COMMON         0x0000000020010eac       0x78 build/tim.o
                0x0000000020010eac                htim3
                0x0000000020010ee8                htim2
 COMMON         0x0000000020010f24        0x4 /usr/lib/gcc/arm-none-eabi/7.3.0/../../../../arm-none-eabi/lib/armv7e-m/fpu/libc_nano.a(lib_a-reent.o)
                0x0000000020010f24                errno
                0x0000000020010f28                . = ALIGN (0x4)
                0x0000000020010f28                _ebss = .
                0x0000000020010f28                __bss_end__ = _ebss

._user_heap_stack
                0x0000000020010f28      0x600 load address 0x000000000800e688
                0x0000000020010f28                . = ALIGN (0x8)
                0x0000000020010f28                PROVIDE (end = .)
                [!provide]                        PROVIDE (_end = .)
                0x0000000020011128                . = (. + _Min_Heap_Size)
 *fill*         0x0000000020010f28      0x200 
                0x0000000020011528                . = (. + _Min_Stack_Size)
 *fill*         0x0000000020011128      0x400 
                0x0000000020011528                . = ALIGN (0x8)

/DISCARD/
 libc.a(*)
 libm.a(*)
 libgcc.a(*)

.ARM.attributes
                0x0000000000000000       0x30
 *(.ARM.attributes)
 .ARM.attributes
                0x0000000000000000       0x22 /usr/lib/gcc/arm-none-eabi/7.3.0/armv7e-m/fpu/crti.o
 .ARM.attributes
                0x0000000000000022       0x34 /usr/lib/gcc/arm-none-eabi/7.3.0/armv7e-m/fpu/crtbegin.o
 .ARM.attributes
                0x0000000000000056       0x39 build/crc_16.o
 .ARM.attributes
                0x000000000000008f       0x39 build/robotronik_protocol.o
 .ARM.attributes
                0x00000000000000c8       0x39 build/remote_call.o
 .ARM.attributes
                0x0000000000000101       0x39 build/tof.o
 .ARM.attributes
                0x000000000000013a       0x39 build/system.o
 .ARM.attributes
                0x0000000000000173       0x39 build/pi_client.o
 .ARM.attributes
                0x00000000000001ac       0x39 build/map.o
 .ARM.attributes
                0x00000000000001e5       0x39 build/obstacle.o
 .ARM.attributes
                0x000000000000021e       0x39 build/strategy.o
 .ARM.attributes
                0x0000000000000257       0x39 build/gas.o
 .ARM.attributes
                0x0000000000000290       0x39 build/position_client.o
 .ARM.attributes
                0x00000000000002c9       0x39 build/z_client.o
 .ARM.attributes
                0x0000000000000302       0x39 build/vl53l0x_api.o
 .ARM.attributes
                0x000000000000033b       0x39 build/vl53l0x_api_calibration.o
 .ARM.attributes
                0x0000000000000374       0x39 build/vl53l0x_api_core.o
 .ARM.attributes
                0x00000000000003ad       0x39 build/vl53l0x_platform.o
 .ARM.attributes
                0x00000000000003e6       0x39 build/usart.o
 .ARM.attributes
                0x000000000000041f       0x39 build/main.o
 .ARM.attributes
                0x0000000000000458       0x39 build/i2c.o
 .ARM.attributes
                0x0000000000000491       0x39 build/stm32f4xx_hal_msp.o
 .ARM.attributes
                0x00000000000004ca       0x39 build/stm32f4xx_hal_cortex.o
 .ARM.attributes
                0x0000000000000503       0x39 build/stm32f4xx_it.o
 .ARM.attributes
                0x000000000000053c       0x39 build/stm32f4xx_hal_tim_ex.o
 .ARM.attributes
                0x0000000000000575       0x39 build/stm32f4xx_hal_rcc.o
 .ARM.attributes
                0x00000000000005ae       0x39 build/gpio.o
 .ARM.attributes
                0x00000000000005e7       0x39 build/stm32f4xx_hal_gpio.o
 .ARM.attributes
                0x0000000000000620       0x39 build/stm32f4xx_hal_dma.o
 .ARM.attributes
                0x0000000000000659       0x39 build/stm32f4xx_hal_i2c.o
 .ARM.attributes
                0x0000000000000692       0x39 build/stm32f4xx_hal.o
 .ARM.attributes
                0x00000000000006cb       0x39 build/stm32f4xx_hal_tim.o
 .ARM.attributes
                0x0000000000000704       0x39 build/dma.o
 .ARM.attributes
                0x000000000000073d       0x39 build/stm32f4xx_ll_usart.o
 .ARM.attributes
                0x0000000000000776       0x39 build/stm32f4xx_ll_rcc.o
 .ARM.attributes
                0x00000000000007af       0x39 build/stm32f4xx_ll_gpio.o
 .ARM.attributes
                0x00000000000007e8       0x39 build/tim.o
 .ARM.attributes
                0x0000000000000821       0x39 build/system_stm32f4xx.o
 .ARM.attributes
                0x000000000000085a       0x21 build/startup_stm32f401xe.o
 .ARM.attributes
                0x000000000000087b       0x34 /usr/lib/gcc/arm-none-eabi/7.3.0/../../../../arm-none-eabi/lib/armv7e-m/fpu/libc_nano.a(lib_a-impure.o)
 .ARM.attributes
                0x00000000000008af       0x34 /usr/lib/gcc/arm-none-eabi/7.3.0/../../../../arm-none-eabi/lib/armv7e-m/fpu/libc_nano.a(lib_a-init.o)
 .ARM.attributes
                0x00000000000008e3       0x34 /usr/lib/gcc/arm-none-eabi/7.3.0/../../../../arm-none-eabi/lib/armv7e-m/fpu/libc_nano.a(lib_a-memcpy-stub.o)
 .ARM.attributes
                0x0000000000000917       0x34 /usr/lib/gcc/arm-none-eabi/7.3.0/../../../../arm-none-eabi/lib/armv7e-m/fpu/libc_nano.a(lib_a-memset.o)
 .ARM.attributes
                0x000000000000094b       0x34 /usr/lib/gcc/arm-none-eabi/7.3.0/../../../../arm-none-eabi/lib/armv7e-m/fpu/libc_nano.a(lib_a-nano-vfprintf_float.o)
 .ARM.attributes
                0x000000000000097f       0x34 /usr/lib/gcc/arm-none-eabi/7.3.0/../../../../arm-none-eabi/lib/armv7e-m/fpu/libc_nano.a(lib_a-nano-vfprintf_i.o)
 .ARM.attributes
                0x00000000000009b3       0x34 /usr/lib/gcc/arm-none-eabi/7.3.0/../../../../arm-none-eabi/lib/armv7e-m/fpu/libc_nano.a(lib_a-strcpy.o)
 .ARM.attributes
                0x00000000000009e7       0x1b /usr/lib/gcc/arm-none-eabi/7.3.0/../../../../arm-none-eabi/lib/armv7e-m/fpu/libc_nano.a(lib_a-strlen.o)
 .ARM.attributes
                0x0000000000000a02       0x34 /usr/lib/gcc/arm-none-eabi/7.3.0/../../../../arm-none-eabi/lib/armv7e-m/fpu/libc_nano.a(lib_a-vsnprintf.o)
 .ARM.attributes
                0x0000000000000a36       0x34 /usr/lib/gcc/arm-none-eabi/7.3.0/../../../../arm-none-eabi/lib/armv7e-m/fpu/libc_nano.a(lib_a-dtoa.o)
 .ARM.attributes
                0x0000000000000a6a       0x34 /usr/lib/gcc/arm-none-eabi/7.3.0/../../../../arm-none-eabi/lib/armv7e-m/fpu/libc_nano.a(lib_a-localeconv.o)
 .ARM.attributes
                0x0000000000000a9e       0x34 /usr/lib/gcc/arm-none-eabi/7.3.0/../../../../arm-none-eabi/lib/armv7e-m/fpu/libc_nano.a(lib_a-locale.o)
 .ARM.attributes
                0x0000000000000ad2       0x34 /usr/lib/gcc/arm-none-eabi/7.3.0/../../../../arm-none-eabi/lib/armv7e-m/fpu/libc_nano.a(lib_a-malloc.o)
 .ARM.attributes
                0x0000000000000b06       0x34 /usr/lib/gcc/arm-none-eabi/7.3.0/../../../../arm-none-eabi/lib/armv7e-m/fpu/libc_nano.a(lib_a-mbtowc_r.o)
 .ARM.attributes
                0x0000000000000b3a       0x20 /usr/lib/gcc/arm-none-eabi/7.3.0/../../../../arm-none-eabi/lib/armv7e-m/fpu/libc_nano.a(lib_a-memchr.o)
 .ARM.attributes
                0x0000000000000b5a       0x34 /usr/lib/gcc/arm-none-eabi/7.3.0/../../../../arm-none-eabi/lib/armv7e-m/fpu/libc_nano.a(lib_a-mprec.o)
 .ARM.attributes
                0x0000000000000b8e       0x34 /usr/lib/gcc/arm-none-eabi/7.3.0/../../../../arm-none-eabi/lib/armv7e-m/fpu/libc_nano.a(lib_a-nano-callocr.o)
 .ARM.attributes
                0x0000000000000bc2       0x34 /usr/lib/gcc/arm-none-eabi/7.3.0/../../../../arm-none-eabi/lib/armv7e-m/fpu/libc_nano.a(lib_a-nano-freer.o)
 .ARM.attributes
                0x0000000000000bf6       0x34 /usr/lib/gcc/arm-none-eabi/7.3.0/../../../../arm-none-eabi/lib/armv7e-m/fpu/libc_nano.a(lib_a-nano-mallocr.o)
 .ARM.attributes
                0x0000000000000c2a       0x34 /usr/lib/gcc/arm-none-eabi/7.3.0/../../../../arm-none-eabi/lib/armv7e-m/fpu/libc_nano.a(lib_a-nano-svfprintf.o)
 .ARM.attributes
                0x0000000000000c5e       0x34 /usr/lib/gcc/arm-none-eabi/7.3.0/../../../../arm-none-eabi/lib/armv7e-m/fpu/libc_nano.a(lib_a-sbrkr.o)
 .ARM.attributes
                0x0000000000000c92       0x34 /usr/lib/gcc/arm-none-eabi/7.3.0/../../../../arm-none-eabi/lib/armv7e-m/fpu/libc_nano.a(lib_a-wctomb_r.o)
 .ARM.attributes
                0x0000000000000cc6       0x34 /usr/lib/gcc/arm-none-eabi/7.3.0/../../../../arm-none-eabi/lib/armv7e-m/fpu/libc_nano.a(lib_a-ctype_.o)
 .ARM.attributes
                0x0000000000000cfa       0x34 /usr/lib/gcc/arm-none-eabi/7.3.0/../../../../arm-none-eabi/lib/armv7e-m/fpu/libc_nano.a(lib_a-memmove.o)
 .ARM.attributes
                0x0000000000000d2e       0x34 /usr/lib/gcc/arm-none-eabi/7.3.0/../../../../arm-none-eabi/lib/armv7e-m/fpu/libc_nano.a(lib_a-mlock.o)
 .ARM.attributes
                0x0000000000000d62       0x34 /usr/lib/gcc/arm-none-eabi/7.3.0/../../../../arm-none-eabi/lib/armv7e-m/fpu/libc_nano.a(lib_a-nano-reallocr.o)
 .ARM.attributes
                0x0000000000000d96       0x34 /usr/lib/gcc/arm-none-eabi/7.3.0/../../../../arm-none-eabi/lib/armv7e-m/fpu/libc_nano.a(lib_a-reent.o)
 .ARM.attributes
                0x0000000000000dca       0x34 /usr/lib/gcc/arm-none-eabi/7.3.0/../../../../arm-none-eabi/lib/armv7e-m/fpu/libc_nano.a(lib_a-nano-msizer.o)
 .ARM.attributes
                0x0000000000000dfe       0x34 /usr/lib/gcc/arm-none-eabi/7.3.0/../../../../arm-none-eabi/lib/armv7e-m/fpu/libm.a(lib_a-s_cos.o)
 .ARM.attributes
                0x0000000000000e32       0x34 /usr/lib/gcc/arm-none-eabi/7.3.0/../../../../arm-none-eabi/lib/armv7e-m/fpu/libm.a(lib_a-s_sin.o)
 .ARM.attributes
                0x0000000000000e66       0x34 /usr/lib/gcc/arm-none-eabi/7.3.0/../../../../arm-none-eabi/lib/armv7e-m/fpu/libm.a(lib_a-w_pow.o)
 .ARM.attributes
                0x0000000000000e9a       0x34 /usr/lib/gcc/arm-none-eabi/7.3.0/../../../../arm-none-eabi/lib/armv7e-m/fpu/libm.a(lib_a-w_sqrt.o)
 .ARM.attributes
                0x0000000000000ece       0x34 /usr/lib/gcc/arm-none-eabi/7.3.0/../../../../arm-none-eabi/lib/armv7e-m/fpu/libm.a(lib_a-e_pow.o)
 .ARM.attributes
                0x0000000000000f02       0x34 /usr/lib/gcc/arm-none-eabi/7.3.0/../../../../arm-none-eabi/lib/armv7e-m/fpu/libm.a(lib_a-e_rem_pio2.o)
 .ARM.attributes
                0x0000000000000f36       0x34 /usr/lib/gcc/arm-none-eabi/7.3.0/../../../../arm-none-eabi/lib/armv7e-m/fpu/libm.a(lib_a-e_sqrt.o)
 .ARM.attributes
                0x0000000000000f6a       0x34 /usr/lib/gcc/arm-none-eabi/7.3.0/../../../../arm-none-eabi/lib/armv7e-m/fpu/libm.a(lib_a-k_cos.o)
 .ARM.attributes
                0x0000000000000f9e       0x34 /usr/lib/gcc/arm-none-eabi/7.3.0/../../../../arm-none-eabi/lib/armv7e-m/fpu/libm.a(lib_a-k_rem_pio2.o)
 .ARM.attributes
                0x0000000000000fd2       0x34 /usr/lib/gcc/arm-none-eabi/7.3.0/../../../../arm-none-eabi/lib/armv7e-m/fpu/libm.a(lib_a-k_sin.o)
 .ARM.attributes
                0x0000000000001006       0x34 /usr/lib/gcc/arm-none-eabi/7.3.0/../../../../arm-none-eabi/lib/armv7e-m/fpu/libm.a(lib_a-s_fabs.o)
 .ARM.attributes
                0x000000000000103a       0x34 /usr/lib/gcc/arm-none-eabi/7.3.0/../../../../arm-none-eabi/lib/armv7e-m/fpu/libm.a(lib_a-s_finite.o)
 .ARM.attributes
                0x000000000000106e       0x34 /usr/lib/gcc/arm-none-eabi/7.3.0/../../../../arm-none-eabi/lib/armv7e-m/fpu/libm.a(lib_a-s_floor.o)
 .ARM.attributes
                0x00000000000010a2       0x34 /usr/lib/gcc/arm-none-eabi/7.3.0/../../../../arm-none-eabi/lib/armv7e-m/fpu/libm.a(lib_a-s_lib_ver.o)
 .ARM.attributes
                0x00000000000010d6       0x34 /usr/lib/gcc/arm-none-eabi/7.3.0/../../../../arm-none-eabi/lib/armv7e-m/fpu/libm.a(lib_a-s_matherr.o)
 .ARM.attributes
                0x000000000000110a       0x34 /usr/lib/gcc/arm-none-eabi/7.3.0/../../../../arm-none-eabi/lib/armv7e-m/fpu/libm.a(lib_a-s_nan.o)
 .ARM.attributes
                0x000000000000113e       0x34 /usr/lib/gcc/arm-none-eabi/7.3.0/../../../../arm-none-eabi/lib/armv7e-m/fpu/libm.a(lib_a-s_rint.o)
 .ARM.attributes
                0x0000000000001172       0x34 /usr/lib/gcc/arm-none-eabi/7.3.0/../../../../arm-none-eabi/lib/armv7e-m/fpu/libm.a(lib_a-s_scalbn.o)
 .ARM.attributes
                0x00000000000011a6       0x34 /usr/lib/gcc/arm-none-eabi/7.3.0/../../../../arm-none-eabi/lib/armv7e-m/fpu/libm.a(lib_a-s_copysign.o)
 .ARM.attributes
                0x00000000000011da       0x34 /usr/lib/gcc/arm-none-eabi/7.3.0/../../../../arm-none-eabi/lib/armv7e-m/fpu/libnosys.a(sbrk.o)
 .ARM.attributes
                0x000000000000120e       0x22 /usr/lib/gcc/arm-none-eabi/7.3.0/armv7e-m/fpu/libgcc.a(_arm_addsubdf3.o)