Archive member included to satisfy reference by file (symbol)

/usr/lib/gcc/arm-none-eabi/7.3.0/../../../../arm-none-eabi/lib/armv7e-m/fpu/libc_nano.a(lib_a-atexit.o)
                              /usr/lib/gcc/arm-none-eabi/7.3.0/../../../../arm-none-eabi/lib/armv7e-m/fpu/crt0.o (atexit)
/usr/lib/gcc/arm-none-eabi/7.3.0/../../../../arm-none-eabi/lib/armv7e-m/fpu/libc_nano.a(lib_a-exit.o)
                              /usr/lib/gcc/arm-none-eabi/7.3.0/../../../../arm-none-eabi/lib/armv7e-m/fpu/crt0.o (exit)
/usr/lib/gcc/arm-none-eabi/7.3.0/../../../../arm-none-eabi/lib/armv7e-m/fpu/libc_nano.a(lib_a-fini.o)
                              /usr/lib/gcc/arm-none-eabi/7.3.0/../../../../arm-none-eabi/lib/armv7e-m/fpu/crt0.o (__libc_fini_array)
/usr/lib/gcc/arm-none-eabi/7.3.0/../../../../arm-none-eabi/lib/armv7e-m/fpu/libc_nano.a(lib_a-impure.o)
                              /usr/lib/gcc/arm-none-eabi/7.3.0/../../../../arm-none-eabi/lib/armv7e-m/fpu/libc_nano.a(lib_a-exit.o) (_global_impure_ptr)
/usr/lib/gcc/arm-none-eabi/7.3.0/../../../../arm-none-eabi/lib/armv7e-m/fpu/libc_nano.a(lib_a-init.o)
                              /usr/lib/gcc/arm-none-eabi/7.3.0/../../../../arm-none-eabi/lib/armv7e-m/fpu/crt0.o (__libc_init_array)
/usr/lib/gcc/arm-none-eabi/7.3.0/../../../../arm-none-eabi/lib/armv7e-m/fpu/libc_nano.a(lib_a-memcpy-stub.o)
                              build/vl53l0x_platform.o (memcpy)
/usr/lib/gcc/arm-none-eabi/7.3.0/../../../../arm-none-eabi/lib/armv7e-m/fpu/libc_nano.a(lib_a-memset.o)
                              /usr/lib/gcc/arm-none-eabi/7.3.0/../../../../arm-none-eabi/lib/armv7e-m/fpu/crt0.o (memset)
/usr/lib/gcc/arm-none-eabi/7.3.0/../../../../arm-none-eabi/lib/armv7e-m/fpu/libc_nano.a(lib_a-nano-vfprintf_float.o)
                              (_printf_float)
/usr/lib/gcc/arm-none-eabi/7.3.0/../../../../arm-none-eabi/lib/armv7e-m/fpu/libc_nano.a(lib_a-nano-vfprintf_i.o)
                              /usr/lib/gcc/arm-none-eabi/7.3.0/../../../../arm-none-eabi/lib/armv7e-m/fpu/libc_nano.a(lib_a-nano-vfprintf_float.o) (_printf_common)
/usr/lib/gcc/arm-none-eabi/7.3.0/../../../../arm-none-eabi/lib/armv7e-m/fpu/libc_nano.a(lib_a-strcpy.o)
                              build/vl53l0x_api_core.o (strcpy)
/usr/lib/gcc/arm-none-eabi/7.3.0/../../../../arm-none-eabi/lib/armv7e-m/fpu/libc_nano.a(lib_a-strlen.o)
                              /usr/lib/gcc/arm-none-eabi/7.3.0/../../../../arm-none-eabi/lib/armv7e-m/fpu/libc_nano.a(lib_a-nano-vfprintf_float.o) (strlen)
/usr/lib/gcc/arm-none-eabi/7.3.0/../../../../arm-none-eabi/lib/armv7e-m/fpu/libc_nano.a(lib_a-vsnprintf.o)
                              build/pi_client.o (vsnprintf)
/usr/lib/gcc/arm-none-eabi/7.3.0/../../../../arm-none-eabi/lib/armv7e-m/fpu/libc_nano.a(lib_a-__atexit.o)
                              /usr/lib/gcc/arm-none-eabi/7.3.0/../../../../arm-none-eabi/lib/armv7e-m/fpu/libc_nano.a(lib_a-atexit.o) (__register_exitproc)
/usr/lib/gcc/arm-none-eabi/7.3.0/../../../../arm-none-eabi/lib/armv7e-m/fpu/libc_nano.a(lib_a-__call_atexit.o)
                              /usr/lib/gcc/arm-none-eabi/7.3.0/../../../../arm-none-eabi/lib/armv7e-m/fpu/libc_nano.a(lib_a-__atexit.o) (__call_exitprocs)
/usr/lib/gcc/arm-none-eabi/7.3.0/../../../../arm-none-eabi/lib/armv7e-m/fpu/libc_nano.a(lib_a-dtoa.o)
                              /usr/lib/gcc/arm-none-eabi/7.3.0/../../../../arm-none-eabi/lib/armv7e-m/fpu/libc_nano.a(lib_a-nano-vfprintf_float.o) (_dtoa_r)
/usr/lib/gcc/arm-none-eabi/7.3.0/../../../../arm-none-eabi/lib/armv7e-m/fpu/libc_nano.a(lib_a-localeconv.o)
                              /usr/lib/gcc/arm-none-eabi/7.3.0/../../../../arm-none-eabi/lib/armv7e-m/fpu/libc_nano.a(lib_a-nano-vfprintf_float.o) (_localeconv_r)
/usr/lib/gcc/arm-none-eabi/7.3.0/../../../../arm-none-eabi/lib/armv7e-m/fpu/libc_nano.a(lib_a-locale.o)
                              /usr/lib/gcc/arm-none-eabi/7.3.0/../../../../arm-none-eabi/lib/armv7e-m/fpu/libc_nano.a(lib_a-localeconv.o) (__global_locale)
/usr/lib/gcc/arm-none-eabi/7.3.0/../../../../arm-none-eabi/lib/armv7e-m/fpu/libc_nano.a(lib_a-malloc.o)
                              /usr/lib/gcc/arm-none-eabi/7.3.0/../../../../arm-none-eabi/lib/armv7e-m/fpu/libc_nano.a(lib_a-dtoa.o) (malloc)
/usr/lib/gcc/arm-none-eabi/7.3.0/../../../../arm-none-eabi/lib/armv7e-m/fpu/libc_nano.a(lib_a-mbtowc_r.o)
                              /usr/lib/gcc/arm-none-eabi/7.3.0/../../../../arm-none-eabi/lib/armv7e-m/fpu/libc_nano.a(lib_a-locale.o) (__ascii_mbtowc)
/usr/lib/gcc/arm-none-eabi/7.3.0/../../../../arm-none-eabi/lib/armv7e-m/fpu/libc_nano.a(lib_a-memchr.o)
                              /usr/lib/gcc/arm-none-eabi/7.3.0/../../../../arm-none-eabi/lib/armv7e-m/fpu/libc_nano.a(lib_a-nano-vfprintf_i.o) (memchr)
/usr/lib/gcc/arm-none-eabi/7.3.0/../../../../arm-none-eabi/lib/armv7e-m/fpu/libc_nano.a(lib_a-mprec.o)
                              /usr/lib/gcc/arm-none-eabi/7.3.0/../../../../arm-none-eabi/lib/armv7e-m/fpu/libc_nano.a(lib_a-dtoa.o) (_Balloc)
[...]
Memory Configuration

Name             Origin             Length             Attributes
RAM              0x0000000020000000 0x0000000000018000 xrw
FLASH            0x0000000008000000 0x0000000000080000 xr
*default*        0x0000000000000000 0xffffffffffffffff

Linker script and memory map

LOAD /usr/lib/gcc/arm-none-eabi/7.3.0/armv7e-m/fpu/crti.o
LOAD /usr/lib/gcc/arm-none-eabi/7.3.0/armv7e-m/fpu/crtbegin.o
LOAD /usr/lib/gcc/arm-none-eabi/7.3.0/../../../../arm-none-eabi/lib/armv7e-m/fpu/crt0.o
LOAD build/crc_16.o
LOAD build/robotronik_protocol.o
LOAD build/remote_call.o
LOAD build/tof.o
LOAD build/system.o
LOAD build/pi_client.o
LOAD build/vl53l0x_api.o
LOAD build/vl53l0x_api_calibration.o
LOAD build/vl53l0x_api_core.o
LOAD build/vl53l0x_api_ranging.o
LOAD build/vl53l0x_api_strings.o
LOAD build/vl53l0x_platform_log.o
LOAD build/vl53l0x_platform.o
LOAD build/usart.o
LOAD build/stm32f4xx_hal_flash.o
LOAD build/main.o
LOAD build/i2c.o
LOAD build/stm32f4xx_hal_msp.o
LOAD build/stm32f4xx_hal_flash_ramfunc.o
LOAD build/stm32f4xx_hal_i2c_ex.o
LOAD build/stm32f4xx_hal_pwr_ex.o
LOAD build/stm32f4xx_hal_cortex.o
LOAD build/stm32f4xx_it.o
LOAD build/stm32f4xx_hal_tim_ex.o
LOAD build/stm32f4xx_hal_rcc.o
LOAD build/gpio.o
LOAD build/stm32f4xx_hal_rcc_ex.o
LOAD build/stm32f4xx_hal_pwr.o
LOAD build/stm32f4xx_hal_gpio.o
LOAD build/stm32f4xx_hal_dma_ex.o
LOAD build/stm32f4xx_hal_flash_ex.o
LOAD build/system_stm32f4xx.o
LOAD build/stm32f4xx_hal_dma.o
LOAD build/stm32f4xx_hal_i2c.o
LOAD build/stm32f4xx_hal.o
LOAD build/stm32f4xx_hal_tim.o
LOAD build/dma.o
LOAD build/stm32f4xx_ll_usart.o
LOAD build/stm32f4xx_ll_rcc.o
LOAD build/stm32f4xx_ll_utils.o
LOAD build/stm32f4xx_ll_dma.o
LOAD build/stm32f4xx_ll_gpio.o
LOAD build/stm32f4xx_ll_exti.o
LOAD build/tim.o
LOAD build/startup_stm32f401xe.o
LOAD /usr/lib/gcc/arm-none-eabi/7.3.0/../../../../arm-none-eabi/lib/armv7e-m/fpu/libc_nano.a
LOAD /usr/lib/gcc/arm-none-eabi/7.3.0/../../../../arm-none-eabi/lib/armv7e-m/fpu/libm.a
LOAD /usr/lib/gcc/arm-none-eabi/7.3.0/../../../../arm-none-eabi/lib/armv7e-m/fpu/libnosys.a
START GROUP
LOAD /usr/lib/gcc/arm-none-eabi/7.3.0/armv7e-m/fpu/libgcc.a
LOAD /usr/lib/gcc/arm-none-eabi/7.3.0/../../../../arm-none-eabi/lib/armv7e-m/fpu/libc_nano.a
END GROUP
START GROUP
LOAD /usr/lib/gcc/arm-none-eabi/7.3.0/armv7e-m/fpu/libgcc.a
LOAD /usr/lib/gcc/arm-none-eabi/7.3.0/../../../../arm-none-eabi/lib/armv7e-m/fpu/libc_nano.a
END GROUP
LOAD /usr/lib/gcc/arm-none-eabi/7.3.0/armv7e-m/fpu/crtend.o
LOAD /usr/lib/gcc/arm-none-eabi/7.3.0/armv7e-m/fpu/crtn.o
                0x0000000020018000                _estack = 0x20018000
                0x0000000000000200                _Min_Heap_Size = 0x200
                0x0000000000000400                _Min_Stack_Size = 0x400

.isr_vector     0x0000000008000000      0x194
                0x0000000008000000                . = ALIGN (0x4)
 *(.isr_vector)
 .isr_vector    0x0000000008000000      0x194 build/startup_stm32f401xe.o
                0x0000000008000000                g_pfnVectors
                0x0000000008000194                . = ALIGN (0x4)

.text           0x00000000080001a0     0x9e98
                0x00000000080001a0                . = ALIGN (0x4)
 *(.text)
 .text          0x00000000080001a0       0x10 /usr/lib/gcc/arm-none-eabi/7.3.0/../../../../arm-none-eabi/lib/armv7e-m/fpu/libc_nano.a(lib_a-strlen.o)
                0x00000000080001a0                strlen
 .text          0x00000000080001b0       0xa0 /usr/lib/gcc/arm-none-eabi/7.3.0/../../../../arm-none-eabi/lib/armv7e-m/fpu/libc_nano.a(lib_a-memchr.o)
                0x00000000080001b0                memchr
 .text          0x0000000008000250      0x378 /usr/lib/gcc/arm-none-eabi/7.3.0/armv7e-m/fpu/libgcc.a(_arm_addsubdf3.o)
                0x0000000008000250                __aeabi_drsub
                0x0000000008000258                __aeabi_dsub
                0x0000000008000258                __subdf3
                0x000000000800025c                __adddf3
                0x000000000800025c                __aeabi_dadd
                0x00000000080004d4                __aeabi_ui2d
                0x00000000080004d4                __floatunsidf
                0x00000000080004f4                __floatsidf
                0x00000000080004f4                __aeabi_i2d
                0x0000000008000518                __extendsfdf2
                0x0000000008000518                __aeabi_f2d
                0x000000000800055c                __aeabi_ul2d
                0x000000000800055c                __floatundidf
                0x000000000800056c                __floatdidf
                0x000000000800056c                __aeabi_l2d
 .text          0x00000000080005c8      0x424 /usr/lib/gcc/arm-none-eabi/7.3.0/armv7e-m/fpu/libgcc.a(_arm_muldivdf3.o)
                0x00000000080005c8                __aeabi_dmul
                0x00000000080005c8                __muldf3
                0x000000000800081c                __aeabi_ddiv
                0x000000000800081c                __divdf3
 .text          0x00000000080009ec      0x110 /usr/lib/gcc/arm-none-eabi/7.3.0/armv7e-m/fpu/libgcc.a(_arm_cmpdf2.o)
                0x00000000080009ec                __gtdf2
                0x00000000080009ec                __gedf2
                0x00000000080009f4                __ltdf2
                0x00000000080009f4                __ledf2
                0x00000000080009fc                __cmpdf2
                0x00000000080009fc                __eqdf2
                0x00000000080009fc                __nedf2
                0x0000000008000a78                __aeabi_cdrcmple
                0x0000000008000a88                __aeabi_cdcmple
                0x0000000008000a88                __aeabi_cdcmpeq
                0x0000000008000a98                __aeabi_dcmpeq
                0x0000000008000aac                __aeabi_dcmplt
                0x0000000008000ac0                __aeabi_dcmple
                0x0000000008000ad4                __aeabi_dcmpge
                0x0000000008000ae8                __aeabi_dcmpgt
 .text          0x0000000008000afc       0x2c /usr/lib/gcc/arm-none-eabi/7.3.0/armv7e-m/fpu/libgcc.a(_arm_unorddf2.o)
                0x0000000008000afc                __aeabi_dcmpun
                0x0000000008000afc                __unorddf2
 .text          0x0000000008000b28       0x50 /usr/lib/gcc/arm-none-eabi/7.3.0/armv7e-m/fpu/libgcc.a(_arm_fixdfsi.o)
                0x0000000008000b28                __fixdfsi
                0x0000000008000b28                __aeabi_d2iz
 .text          0x0000000008000b78       0xa0 /usr/lib/gcc/arm-none-eabi/7.3.0/armv7e-m/fpu/libgcc.a(_arm_truncdfsf2.o)
                0x0000000008000b78                __aeabi_d2f
                0x0000000008000b78                __truncdfsf2
 .text          0x0000000008000c18       0x30 /usr/lib/gcc/arm-none-eabi/7.3.0/armv7e-m/fpu/libgcc.a(_aeabi_uldivmod.o)
                0x0000000008000c18                __aeabi_uldivmod
 .text          0x0000000008000c48        0x4 /usr/lib/gcc/arm-none-eabi/7.3.0/armv7e-m/fpu/libgcc.a(_dvmd_tls.o)
                0x0000000008000c48                __aeabi_ldiv0
                0x0000000008000c48                __aeabi_idiv0
 *(.text*)
 .text.__do_global_dtors_aux
                0x0000000008000c4c       0x24 /usr/lib/gcc/arm-none-eabi/7.3.0/armv7e-m/fpu/crtbegin.o
 .text.frame_dummy
                0x0000000008000c70       0x1c /usr/lib/gcc/arm-none-eabi/7.3.0/armv7e-m/fpu/crtbegin.o
 .text.RP_FSM_INIT
                0x0000000008000c8c       0x38 build/robotronik_protocol.o
 .text.RP_Init_Interface
                0x0000000008000cc4       0x30 build/robotronik_protocol.o
                0x0000000008000cc4                RP_Init_Interface
 .text.RP_Error_Handler
                0x0000000008000cf4        0x2 build/robotronik_protocol.o
                0x0000000008000cf4                RP_Error_Handler
 *fill*         0x0000000008000cf6        0x2 
 .text.RP_FSM_ID
                0x0000000008000cf8       0x7c build/robotronik_protocol.o
 .text.RP_FSM_SIZE
                0x0000000008000d74       0xa4 build/robotronik_protocol.o
 .text.RP_FSM_DATA
                0x0000000008000e18       0x94 build/robotronik_protocol.o
 .text.RP_FSM_CRC_LOW
                0x0000000008000eac       0x88 build/robotronik_protocol.o
 .text.RP_FSM_CRC_HIGH
                0x0000000008000f34       0x8c build/robotronik_protocol.o
 .text.RP_FSM_END
                0x0000000008000fc0       0x60 build/robotronik_protocol.o
 .text.RP_Build_Frame
                0x0000000008001020       0xc8 build/robotronik_protocol.o
                0x0000000008001020                RP_Build_Frame
 .text.RP_Sync  0x00000000080010e8       0x34 build/robotronik_protocol.o
                0x00000000080010e8                RP_Sync
 .text.RP_Send  0x000000000800111c       0x40 build/robotronik_protocol.o
                0x000000000800111c                RP_Send
 .text.RP_Process_Data
                0x000000000800115c       0x1e build/robotronik_protocol.o
                0x000000000800115c                RP_Process_Data
 .text.RP_Wait_Packet
                0x000000000800117a       0x36 build/robotronik_protocol.o
                0x000000000800117a                RP_Wait_Packet
 .text.RC_Copy_Format
                0x00000000080011b0      0x12c build/remote_call.o
 .text.RC_Pack_Vars
                0x00000000080012dc      0x1ac build/remote_call.o
 .text.RC_Unpack_Vars
                0x0000000008001488      0x168 build/remote_call.o
 .text.RC_Client_Init
                0x00000000080015f0       0x1c build/remote_call.o
                0x00000000080015f0                RC_Client_Init
 .text.RC_Client_Add_Function
                0x000000000800160c       0x54 build/remote_call.o
                0x000000000800160c                RC_Client_Add_Function
 .text.RC_Call  0x0000000008001660       0xf8 build/remote_call.o
                0x0000000008001660                RC_Call
 .text.ToF_Init_Struct
                0x0000000008001758       0x18 build/tof.o
                0x0000000008001758                ToF_Init_Struct
 .text.ToF_Poke
                0x0000000008001770       0x30 build/tof.o
                0x0000000008001770                ToF_Poke
 .text.ToF_Set_Address
                0x00000000080017a0       0x1e build/tof.o
                0x00000000080017a0                ToF_Set_Address
 .text.ToF_Init_Device
                0x00000000080017be       0x28 build/tof.o
                0x00000000080017be                ToF_Init_Device
 .text.ToF_Configure_Device
                0x00000000080017e6       0x7a build/tof.o
                0x00000000080017e6                ToF_Configure_Device
 .text.ToF_Perform_Measurement
                0x0000000008001860       0x54 build/tof.o
                0x0000000008001860                ToF_Perform_Measurement
 .text.wait_start
                0x00000000080018b4       0x64 build/system.o
                0x00000000080018b4                wait_start
 .text.remote_stop
                0x0000000008001918       0x24 build/system.o
                0x0000000008001918                remote_stop
 .text.hlt      0x000000000800193c        0x4 build/system.o
                0x000000000800193c                hlt
 .text.stop     0x0000000008001940       0x14 build/system.o
                0x0000000008001940                stop
 .text.PI_Init  0x0000000008001954       0xc0 build/pi_client.o
                0x0000000008001954                PI_Init
 .text.PI_Start
                0x0000000008001a14       0x28 build/pi_client.o
                0x0000000008001a14                PI_Start
 .text.PI_Stop  0x0000000008001a3c       0x1c build/pi_client.o
                0x0000000008001a3c                PI_Stop
 .text.PI_Error
                0x0000000008001a58       0x1c build/pi_client.o
                0x0000000008001a58                PI_Error
 .text.PI_Log   0x0000000008001a74       0x30 build/pi_client.o
                0x0000000008001a74                PI_Log
 .text.PI_Asser_Test
                0x0000000008001aa4       0x44 build/pi_client.o
                0x0000000008001aa4                PI_Asser_Test
 .text.VL53L0X_GetOffsetCalibrationDataMicroMeter
                0x0000000008001ae8        0x8 build/vl53l0x_api.o
                0x0000000008001ae8                VL53L0X_GetOffsetCalibrationDataMicroMeter
 .text.VL53L0X_SetDeviceAddress
                0x0000000008001af0        0xc build/vl53l0x_api.o
                0x0000000008001af0                VL53L0X_SetDeviceAddress
 .text.VL53L0X_SetDeviceMode
                0x0000000008001afc       0x2a build/vl53l0x_api.o
                0x0000000008001afc                VL53L0X_SetDeviceMode
 .text.VL53L0X_GetDeviceMode
                0x0000000008001b26        0x8 build/vl53l0x_api.o
                0x0000000008001b26                VL53L0X_GetDeviceMode
 .text.VL53L0X_GetFractionEnable
                0x0000000008001b2e       0x1c build/vl53l0x_api.o
                0x0000000008001b2e                VL53L0X_GetFractionEnable
 .text.VL53L0X_SetMeasurementTimingBudgetMicroSeconds
                0x0000000008001b4a        0x8 build/vl53l0x_api.o
                0x0000000008001b4a                VL53L0X_SetMeasurementTimingBudgetMicroSeconds
 .text.VL53L0X_GetMeasurementTimingBudgetMicroSeconds
                0x0000000008001b52        0x8 build/vl53l0x_api.o
                0x0000000008001b52                VL53L0X_GetMeasurementTimingBudgetMicroSeconds
 .text.VL53L0X_SetVcselPulsePeriod
                0x0000000008001b5a        0x8 build/vl53l0x_api.o
                0x0000000008001b5a                VL53L0X_SetVcselPulsePeriod
 .text.VL53L0X_GetVcselPulsePeriod
                0x0000000008001b62        0x8 build/vl53l0x_api.o
                0x0000000008001b62                VL53L0X_GetVcselPulsePeriod
 .text.VL53L0X_SetSequenceStepEnable
                0x0000000008001b6a       0xba build/vl53l0x_api.o
                0x0000000008001b6a                VL53L0X_SetSequenceStepEnable
 .text.sequence_step_enabled
                0x0000000008001c24       0x48 build/vl53l0x_api.o
                0x0000000008001c24                sequence_step_enabled
 .text.VL53L0X_GetSequenceStepEnables
                0x0000000008001c6c       0x82 build/vl53l0x_api.o
                0x0000000008001c6c                VL53L0X_GetSequenceStepEnables
 .text.VL53L0X_GetInterMeasurementPeriodMilliSeconds
                0x0000000008001cee       0x3e build/vl53l0x_api.o
                0x0000000008001cee                VL53L0X_GetInterMeasurementPeriodMilliSeconds
 .text.VL53L0X_GetXTalkCompensationEnable
                0x0000000008001d2c        0x8 build/vl53l0x_api.o
                0x0000000008001d2c                VL53L0X_GetXTalkCompensationEnable
 .text.VL53L0X_GetXTalkCompensationRateMegaCps
                0x0000000008001d34       0x36 build/vl53l0x_api.o
                0x0000000008001d34                VL53L0X_GetXTalkCompensationRateMegaCps
 .text.VL53L0X_SetLimitCheckEnable
                0x0000000008001d6a       0x94 build/vl53l0x_api.o
                0x0000000008001d6a                VL53L0X_SetLimitCheckEnable
 .text.VL53L0X_GetLimitCheckEnable
                0x0000000008001dfe       0x1a build/vl53l0x_api.o
                0x0000000008001dfe                VL53L0X_GetLimitCheckEnable
 .text.VL53L0X_SetLimitCheckValue
                0x0000000008001e18       0x66 build/vl53l0x_api.o
                0x0000000008001e18                VL53L0X_SetLimitCheckValue
 .text.VL53L0X_GetLimitCheckValue
                0x0000000008001e7e       0xa8 build/vl53l0x_api.o
                0x0000000008001e7e                VL53L0X_GetLimitCheckValue
 .text.VL53L0X_GetWrapAroundCheckEnable
                0x0000000008001f26       0x3c build/vl53l0x_api.o
                0x0000000008001f26                VL53L0X_GetWrapAroundCheckEnable
 .text.VL53L0X_GetDeviceParameters
                0x0000000008001f62       0xac build/vl53l0x_api.o
                0x0000000008001f62                VL53L0X_GetDeviceParameters
 *fill*         0x000000000800200e        0x2 
 .text.VL53L0X_DataInit
                0x0000000008002010      0x1c4 build/vl53l0x_api.o
                0x0000000008002010                VL53L0X_DataInit
 .text.VL53L0X_PerformRefCalibration
                0x00000000080021d4        0xa build/vl53l0x_api.o
                0x00000000080021d4                VL53L0X_PerformRefCalibration
 *fill*         0x00000000080021de        0x2 
 .text.VL53L0X_GetRangingMeasurementData
                0x00000000080021e0      0x15c build/vl53l0x_api.o
                0x00000000080021e0                VL53L0X_GetRangingMeasurementData
 .text.VL53L0X_GetInterruptThresholds
                0x000000000800233c       0x4c build/vl53l0x_api.o
                0x000000000800233c                VL53L0X_GetInterruptThresholds
 .text.VL53L0X_CheckAndLoadInterruptSettings
                0x0000000008002388       0x88 build/vl53l0x_api.o
                0x0000000008002388                VL53L0X_CheckAndLoadInterruptSettings
 .text.VL53L0X_StartMeasurement
                0x0000000008002410       0xfe build/vl53l0x_api.o
                0x0000000008002410                VL53L0X_StartMeasurement
 .text.VL53L0X_PerformSingleMeasurement
                0x000000000800250e       0x42 build/vl53l0x_api.o
                0x000000000800250e                VL53L0X_PerformSingleMeasurement
 .text.VL53L0X_ClearInterruptMask
                0x0000000008002550       0x56 build/vl53l0x_api.o
                0x0000000008002550                VL53L0X_ClearInterruptMask
 .text.VL53L0X_PerformSingleRangingMeasurement
                0x00000000080025a6       0x3a build/vl53l0x_api.o
                0x00000000080025a6                VL53L0X_PerformSingleRangingMeasurement
 .text.VL53L0X_SetGpioConfig
                0x00000000080025e0      0x158 build/vl53l0x_api.o
                0x00000000080025e0                VL53L0X_SetGpioConfig
 .text.VL53L0X_StaticInit
                0x0000000008002738      0x1e0 build/vl53l0x_api.o
                0x0000000008002738                VL53L0X_StaticInit
 .text.VL53L0X_GetInterruptMaskStatus
                0x0000000008002918       0x2a build/vl53l0x_api.o
                0x0000000008002918                VL53L0X_GetInterruptMaskStatus
 .text.VL53L0X_GetMeasurementDataReady
                0x0000000008002942       0x50 build/vl53l0x_api.o
                0x0000000008002942                VL53L0X_GetMeasurementDataReady
 .text.VL53L0X_PerformRefSpadManagement
                0x0000000008002992        0x8 build/vl53l0x_api.o
                0x0000000008002992                VL53L0X_PerformRefSpadManagement
 .text.VL53L0X_get_offset_calibration_data_micro_meter
                0x000000000800299a       0x3e build/vl53l0x_api_calibration.o
                0x000000000800299a                VL53L0X_get_offset_calibration_data_micro_meter
 .text.get_next_good_spad
                0x00000000080029d8       0x4a build/vl53l0x_api_calibration.o
                0x00000000080029d8                get_next_good_spad
 *fill*         0x0000000008002a22        0x2 
 .text.is_aperture
                0x0000000008002a24       0x18 build/vl53l0x_api_calibration.o
                0x0000000008002a24                is_aperture
 .text.enable_spad_bit
                0x0000000008002a3c       0x1e build/vl53l0x_api_calibration.o
                0x0000000008002a3c                enable_spad_bit
 .text.set_ref_spad_map
                0x0000000008002a5a        0xe build/vl53l0x_api_calibration.o
                0x0000000008002a5a                set_ref_spad_map
 .text.get_ref_spad_map
                0x0000000008002a68        0xe build/vl53l0x_api_calibration.o
                0x0000000008002a68                get_ref_spad_map
 .text.enable_ref_spads
                0x0000000008002a76       0xa0 build/vl53l0x_api_calibration.o
                0x0000000008002a76                enable_ref_spads
 .text.perform_ref_signal_measurement
                0x0000000008002b16       0x72 build/vl53l0x_api_calibration.o
                0x0000000008002b16                perform_ref_signal_measurement
 .text.VL53L0X_set_reference_spads
                0x0000000008002b88       0xb8 build/vl53l0x_api_calibration.o
                0x0000000008002b88                VL53L0X_set_reference_spads
 .text.VL53L0X_perform_single_ref_calibration
                0x0000000008002c40       0x3e build/vl53l0x_api_calibration.o
                0x0000000008002c40                VL53L0X_perform_single_ref_calibration
 .text.VL53L0X_ref_calibration_io
                0x0000000008002c7e       0xd4 build/vl53l0x_api_calibration.o
                0x0000000008002c7e                VL53L0X_ref_calibration_io
 .text.VL53L0X_perform_vhv_calibration
                0x0000000008002d52       0x82 build/vl53l0x_api_calibration.o
                0x0000000008002d52                VL53L0X_perform_vhv_calibration
 .text.VL53L0X_perform_phase_calibration
                0x0000000008002dd4       0x7c build/vl53l0x_api_calibration.o
                0x0000000008002dd4                VL53L0X_perform_phase_calibration
 .text.VL53L0X_perform_ref_calibration
                0x0000000008002e50       0x44 build/vl53l0x_api_calibration.o
                0x0000000008002e50                VL53L0X_perform_ref_calibration
 .text.VL53L0X_perform_ref_spad_management
                0x0000000008002e94      0x2ce build/vl53l0x_api_calibration.o
                0x0000000008002e94                VL53L0X_perform_ref_spad_management
 .text.VL53L0X_measurement_poll_for_completion
                0x0000000008003162       0x3c build/vl53l0x_api_core.o
                0x0000000008003162                VL53L0X_measurement_poll_for_completion
 .text.VL53L0X_decode_vcsel_period
                0x000000000800319e        0xc build/vl53l0x_api_core.o
                0x000000000800319e                VL53L0X_decode_vcsel_period
 .text.VL53L0X_encode_vcsel_period
                0x00000000080031aa        0x8 build/vl53l0x_api_core.o
                0x00000000080031aa                VL53L0X_encode_vcsel_period
 .text.VL53L0X_isqrt
                0x00000000080031b2       0x28 build/vl53l0x_api_core.o
                0x00000000080031b2                VL53L0X_isqrt
 .text.VL53L0X_device_read_strobe
                0x00000000080031da       0x4e build/vl53l0x_api_core.o
                0x00000000080031da                VL53L0X_device_read_strobe
 .text.VL53L0X_get_info_from_device
                0x0000000008003228      0x582 build/vl53l0x_api_core.o
                0x0000000008003228                VL53L0X_get_info_from_device
 .text.VL53L0X_calc_macro_period_ps
                0x00000000080037aa       0x10 build/vl53l0x_api_core.o
                0x00000000080037aa                VL53L0X_calc_macro_period_ps
 .text.VL53L0X_encode_timeout
                0x00000000080037ba       0x24 build/vl53l0x_api_core.o
                0x00000000080037ba                VL53L0X_encode_timeout
 .text.VL53L0X_decode_timeout
                0x00000000080037de        0xc build/vl53l0x_api_core.o
                0x00000000080037de                VL53L0X_decode_timeout
 *fill*         0x00000000080037ea        0x2 
 .text.VL53L0X_calc_timeout_mclks
                0x00000000080037ec       0x2c build/vl53l0x_api_core.o
                0x00000000080037ec                VL53L0X_calc_timeout_mclks
 .text.VL53L0X_calc_timeout_us
                0x0000000008003818       0x2c build/vl53l0x_api_core.o
                0x0000000008003818                VL53L0X_calc_timeout_us
 .text.get_sequence_step_timeout
                0x0000000008003844      0x11c build/vl53l0x_api_core.o
                0x0000000008003844                get_sequence_step_timeout
 .text.set_sequence_step_timeout
                0x0000000008003960      0x118 build/vl53l0x_api_core.o
                0x0000000008003960                set_sequence_step_timeout
 .text.VL53L0X_set_vcsel_pulse_period
                0x0000000008003a78      0x31a build/vl53l0x_api_core.o
                0x0000000008003a78                VL53L0X_set_vcsel_pulse_period
 .text.VL53L0X_get_vcsel_pulse_period
                0x0000000008003d92       0x3e build/vl53l0x_api_core.o
                0x0000000008003d92                VL53L0X_get_vcsel_pulse_period
 .text.VL53L0X_set_measurement_timing_budget_micro_seconds
                0x0000000008003dd0       0xe4 build/vl53l0x_api_core.o
                0x0000000008003dd0                VL53L0X_set_measurement_timing_budget_micro_seconds
 .text.VL53L0X_get_measurement_timing_budget_micro_seconds
                0x0000000008003eb4       0xce build/vl53l0x_api_core.o
                0x0000000008003eb4                VL53L0X_get_measurement_timing_budget_micro_seconds
 .text.VL53L0X_load_tuning_settings
                0x0000000008003f82       0xac build/vl53l0x_api_core.o
                0x0000000008003f82                VL53L0X_load_tuning_settings
 .text.VL53L0X_get_total_xtalk_rate
                0x000000000800402e       0x34 build/vl53l0x_api_core.o
                0x000000000800402e                VL53L0X_get_total_xtalk_rate
 .text.VL53L0X_get_total_signal_rate
                0x0000000008004062       0x22 build/vl53l0x_api_core.o
                0x0000000008004062                VL53L0X_get_total_signal_rate
 .text.VL53L0X_calc_dmax
                0x0000000008004084       0xf8 build/vl53l0x_api_core.o
                0x0000000008004084                VL53L0X_calc_dmax
 .text.VL53L0X_calc_sigma_estimate
                0x000000000800417c      0x26c build/vl53l0x_api_core.o
                0x000000000800417c                VL53L0X_calc_sigma_estimate
 .text.VL53L0X_get_pal_range_status
                0x00000000080043e8      0x27e build/vl53l0x_api_core.o
                0x00000000080043e8                VL53L0X_get_pal_range_status
 .text._I2CWrite
                0x0000000008004666       0x20 build/vl53l0x_platform.o
                0x0000000008004666                _I2CWrite
 .text._I2CRead
                0x0000000008004686       0x22 build/vl53l0x_platform.o
                0x0000000008004686                _I2CRead
 .text.VL53L0X_WriteMulti
                0x00000000080046a8       0x3c build/vl53l0x_platform.o
                0x00000000080046a8                VL53L0X_WriteMulti
 .text.VL53L0X_ReadMulti
                0x00000000080046e4       0x36 build/vl53l0x_platform.o
                0x00000000080046e4                VL53L0X_ReadMulti
 *fill*         0x000000000800471a        0x2 
 .text.VL53L0X_WrByte
                0x000000000800471c       0x20 build/vl53l0x_platform.o
                0x000000000800471c                VL53L0X_WrByte
 .text.VL53L0X_WrWord
                0x000000000800473c       0x24 build/vl53l0x_platform.o
                0x000000000800473c                VL53L0X_WrWord
 .text.VL53L0X_RdByte
                0x0000000008004760       0x34 build/vl53l0x_platform.o
                0x0000000008004760                VL53L0X_RdByte
 .text.VL53L0X_UpdateByte
                0x0000000008004794       0x36 build/vl53l0x_platform.o
                0x0000000008004794                VL53L0X_UpdateByte
 *fill*         0x00000000080047ca        0x2 
 .text.VL53L0X_RdWord
                0x00000000080047cc       0x44 build/vl53l0x_platform.o
                0x00000000080047cc                VL53L0X_RdWord
 .text.VL53L0X_RdDWord
                0x0000000008004810       0x50 build/vl53l0x_platform.o
                0x0000000008004810                VL53L0X_RdDWord
 .text.VL53L0X_PollingDelay
                0x0000000008004860        0xc build/vl53l0x_platform.o
                0x0000000008004860                VL53L0X_PollingDelay
 .text.RP_UART_Transmit
                0x000000000800486c       0x24 build/usart.o
                0x000000000800486c                RP_UART_Transmit
 .text.RP_Packet_Received
                0x0000000008004890       0x16 build/usart.o
                0x0000000008004890                RP_Packet_Received
 *fill*         0x00000000080048a6        0x2 
 .text.MX_USART1_UART_Init
                0x00000000080048a8       0xf0 build/usart.o
                0x00000000080048a8                MX_USART1_UART_Init
 .text.MX_USART2_UART_Init
                0x0000000008004998       0xec build/usart.o
                0x0000000008004998                MX_USART2_UART_Init
 .text.MX_USART6_UART_Init
                0x0000000008004a84       0xf0 build/usart.o
                0x0000000008004a84                MX_USART6_UART_Init
 .text.HardFault_Handler
                0x0000000008004b74        0xc build/main.o
                0x0000000008004b74                HardFault_Handler
 .text._Error_Handler
                0x0000000008004b80        0x2 build/main.o
                0x0000000008004b80                _Error_Handler
 *fill*         0x0000000008004b82        0x2 
 .text.SystemClock_Config
                0x0000000008004b84       0xc8 build/main.o
                0x0000000008004b84                SystemClock_Config
 .text.main     0x0000000008004c4c      0x208 build/main.o
                0x0000000008004c4c                main
 .text.MX_I2C1_Init
                0x0000000008004e54       0x44 build/i2c.o
                0x0000000008004e54                MX_I2C1_Init
 .text.MX_I2C3_Init
                0x0000000008004e98       0x44 build/i2c.o
                0x0000000008004e98                MX_I2C3_Init
 .text.HAL_I2C_MspInit
                0x0000000008004edc       0xbc build/i2c.o
                0x0000000008004edc                HAL_I2C_MspInit
 .text.HAL_MspInit
                0x0000000008004f98       0x5e build/stm32f4xx_hal_msp.o
                0x0000000008004f98                HAL_MspInit
 *fill*         0x0000000008004ff6        0x2 
 .text.HAL_NVIC_SetPriorityGrouping
                0x0000000008004ff8       0x24 build/stm32f4xx_hal_cortex.o
                0x0000000008004ff8                HAL_NVIC_SetPriorityGrouping
 .text.HAL_NVIC_SetPriority
                0x000000000800501c       0x68 build/stm32f4xx_hal_cortex.o
                0x000000000800501c                HAL_NVIC_SetPriority
 .text.HAL_NVIC_EnableIRQ
                0x0000000008005084       0x18 build/stm32f4xx_hal_cortex.o
                0x0000000008005084                HAL_NVIC_EnableIRQ
 .text.HAL_NVIC_SystemReset
                0x000000000800509c       0x24 build/stm32f4xx_hal_cortex.o
                0x000000000800509c                HAL_NVIC_SystemReset
 .text.HAL_SYSTICK_Config
                0x00000000080050c0       0x2c build/stm32f4xx_hal_cortex.o
                0x00000000080050c0                HAL_SYSTICK_Config
 .text.HAL_SYSTICK_CLKSourceConfig
                0x00000000080050ec       0x20 build/stm32f4xx_hal_cortex.o
                0x00000000080050ec                HAL_SYSTICK_CLKSourceConfig
 .text.HAL_SYSTICK_Callback
                0x000000000800510c        0x2 build/stm32f4xx_hal_cortex.o
                0x000000000800510c                HAL_SYSTICK_Callback
 .text.HAL_SYSTICK_IRQHandler
                0x000000000800510e        0x8 build/stm32f4xx_hal_cortex.o
                0x000000000800510e                HAL_SYSTICK_IRQHandler
 .text.SysTick_Handler
                0x0000000008005116        0xc build/stm32f4xx_it.o
                0x0000000008005116                SysTick_Handler
 *fill*         0x0000000008005122        0x2 
 .text.DMA1_Stream5_IRQHandler
                0x0000000008005124       0x78 build/stm32f4xx_it.o
                0x0000000008005124                DMA1_Stream5_IRQHandler
 .text.TIM1_CC_IRQHandler
                0x000000000800519c       0x10 build/stm32f4xx_it.o
                0x000000000800519c                TIM1_CC_IRQHandler
 .text.TIM2_IRQHandler
                0x00000000080051ac       0x10 build/stm32f4xx_it.o
                0x00000000080051ac                TIM2_IRQHandler
 .text.USART1_IRQHandler
                0x00000000080051bc       0x5c build/stm32f4xx_it.o
                0x00000000080051bc                USART1_IRQHandler
 .text.USART2_IRQHandler
                0x0000000008005218       0x5c build/stm32f4xx_it.o
                0x0000000008005218                USART2_IRQHandler
 .text.DMA2_Stream1_IRQHandler
                0x0000000008005274       0x78 build/stm32f4xx_it.o
                0x0000000008005274                DMA2_Stream1_IRQHandler
 .text.DMA2_Stream2_IRQHandler
                0x00000000080052ec       0x78 build/stm32f4xx_it.o
                0x00000000080052ec                DMA2_Stream2_IRQHandler
 .text.USART6_IRQHandler
                0x0000000008005364       0x5c build/stm32f4xx_it.o
                0x0000000008005364                USART6_IRQHandler
 .text.I2C3_EV_IRQHandler
                0x00000000080053c0       0x10 build/stm32f4xx_it.o
                0x00000000080053c0                I2C3_EV_IRQHandler
 .text.HAL_TIMEx_MasterConfigSynchronization
                0x00000000080053d0       0x52 build/stm32f4xx_hal_tim_ex.o
                0x00000000080053d0                HAL_TIMEx_MasterConfigSynchronization
 .text.HAL_TIMEx_CommutationCallback
                0x0000000008005422        0x2 build/stm32f4xx_hal_tim_ex.o
                0x0000000008005422                HAL_TIMEx_CommutationCallback
 .text.HAL_TIMEx_BreakCallback
                0x0000000008005424        0x2 build/stm32f4xx_hal_tim_ex.o
                0x0000000008005424                HAL_TIMEx_BreakCallback
 *fill*         0x0000000008005426        0x2 
 .text.HAL_RCC_OscConfig
                0x0000000008005428      0x398 build/stm32f4xx_hal_rcc.o
                0x0000000008005428                HAL_RCC_OscConfig
 .text.HAL_RCC_GetSysClockFreq
                0x00000000080057c0       0xa8 build/stm32f4xx_hal_rcc.o
                0x00000000080057c0                HAL_RCC_GetSysClockFreq
 .text.HAL_RCC_ClockConfig
                0x0000000008005868      0x158 build/stm32f4xx_hal_rcc.o
                0x0000000008005868                HAL_RCC_ClockConfig
 .text.HAL_RCC_GetHCLKFreq
                0x00000000080059c0        0xc build/stm32f4xx_hal_rcc.o
                0x00000000080059c0                HAL_RCC_GetHCLKFreq
 .text.HAL_RCC_GetPCLK1Freq
                0x00000000080059cc       0x20 build/stm32f4xx_hal_rcc.o
                0x00000000080059cc                HAL_RCC_GetPCLK1Freq
 .text.MX_GPIO_Init
                0x00000000080059ec      0x144 build/gpio.o
                0x00000000080059ec                MX_GPIO_Init
 .text.HAL_GPIO_Init
                0x0000000008005b30      0x1a4 build/stm32f4xx_hal_gpio.o
                0x0000000008005b30                HAL_GPIO_Init
 .text.HAL_GPIO_ReadPin
                0x0000000008005cd4        0xe build/stm32f4xx_hal_gpio.o
                0x0000000008005cd4                HAL_GPIO_ReadPin
 .text.HAL_GPIO_WritePin
                0x0000000008005ce2        0xc build/stm32f4xx_hal_gpio.o
                0x0000000008005ce2                HAL_GPIO_WritePin
 *fill*         0x0000000008005cee        0x2 
 .text.SystemInit
                0x0000000008005cf0       0x4c build/system_stm32f4xx.o
                0x0000000008005cf0                SystemInit
 .text.HAL_DMA_Abort_IT
                0x0000000008005d3c       0x26 build/stm32f4xx_hal_dma.o
                0x0000000008005d3c                HAL_DMA_Abort_IT
 .text.I2C_Master_SB
                0x0000000008005d62       0x8a build/stm32f4xx_hal_i2c.o
 .text.I2C_Master_ADD10
                0x0000000008005dec        0xc build/stm32f4xx_hal_i2c.o
 .text.I2C_Master_ADDR
                0x0000000008005df8      0x1cc build/stm32f4xx_hal_i2c.o
 .text.I2C_SlaveTransmit_BTF
                0x0000000008005fc4       0x1e build/stm32f4xx_hal_i2c.o
 .text.I2C_SlaveReceive_BTF
                0x0000000008005fe2       0x1e build/stm32f4xx_hal_i2c.o
 .text.I2C_IsAcknowledgeFailed
                0x0000000008006000       0x2a build/stm32f4xx_hal_i2c.o
 .text.I2C_WaitOnFlagUntilTimeout
                0x000000000800602a       0x68 build/stm32f4xx_hal_i2c.o
 .text.I2C_WaitOnMasterAddressFlagUntilTimeout
                0x0000000008006092       0x90 build/stm32f4xx_hal_i2c.o
 *fill*         0x0000000008006122        0x2 
 .text.I2C_MasterRequestWrite
                0x0000000008006124       0xbc build/stm32f4xx_hal_i2c.o
 .text.I2C_MasterRequestRead
                0x00000000080061e0      0x120 build/stm32f4xx_hal_i2c.o
 .text.I2C_WaitOnTXEFlagUntilTimeout
                0x0000000008006300       0x4e build/stm32f4xx_hal_i2c.o
 .text.I2C_WaitOnBTFFlagUntilTimeout
                0x000000000800634e       0x4e build/stm32f4xx_hal_i2c.o
 .text.I2C_WaitOnRXNEFlagUntilTimeout
                0x000000000800639c       0x5c build/stm32f4xx_hal_i2c.o
 .text.HAL_I2C_Init
                0x00000000080063f8      0x11c build/stm32f4xx_hal_i2c.o
                0x00000000080063f8                HAL_I2C_Init
 .text.HAL_I2C_Master_Transmit
                0x0000000008006514      0x184 build/stm32f4xx_hal_i2c.o
                0x0000000008006514                HAL_I2C_Master_Transmit
 .text.HAL_I2C_Master_Receive
                0x0000000008006698      0x2e8 build/stm32f4xx_hal_i2c.o
                0x0000000008006698                HAL_I2C_Master_Receive
 .text.HAL_I2C_MasterTxCpltCallback
                0x0000000008006980        0x2 build/stm32f4xx_hal_i2c.o
                0x0000000008006980                HAL_I2C_MasterTxCpltCallback
 .text.HAL_I2C_MasterRxCpltCallback
                0x0000000008006982        0x2 build/stm32f4xx_hal_i2c.o
                0x0000000008006982                HAL_I2C_MasterRxCpltCallback
 .text.HAL_I2C_SlaveTxCpltCallback
                0x0000000008006984        0x2 build/stm32f4xx_hal_i2c.o
                0x0000000008006984                HAL_I2C_SlaveTxCpltCallback
 .text.I2C_SlaveTransmit_TXE
                0x0000000008006986       0x4a build/stm32f4xx_hal_i2c.o
 .text.HAL_I2C_SlaveRxCpltCallback
                0x00000000080069d0        0x2 build/stm32f4xx_hal_i2c.o
                0x00000000080069d0                HAL_I2C_SlaveRxCpltCallback
 .text.I2C_SlaveReceive_RXNE
                0x00000000080069d2       0x4e build/stm32f4xx_hal_i2c.o
 .text.HAL_I2C_AddrCallback
                0x0000000008006a20        0x2 build/stm32f4xx_hal_i2c.o
                0x0000000008006a20                HAL_I2C_AddrCallback
 .text.I2C_Slave_ADDR
                0x0000000008006a22       0x28 build/stm32f4xx_hal_i2c.o
 .text.HAL_I2C_ListenCpltCallback
                0x0000000008006a4a        0x2 build/stm32f4xx_hal_i2c.o
                0x0000000008006a4a                HAL_I2C_ListenCpltCallback
 .text.HAL_I2C_MemTxCpltCallback
                0x0000000008006a4c        0x2 build/stm32f4xx_hal_i2c.o
                0x0000000008006a4c                HAL_I2C_MemTxCpltCallback
 .text.I2C_MasterTransmit_TXE
                0x0000000008006a4e      0x146 build/stm32f4xx_hal_i2c.o
 .text.I2C_MasterTransmit_BTF
                0x0000000008006b94       0x9c build/stm32f4xx_hal_i2c.o
 .text.HAL_I2C_MemRxCpltCallback
                0x0000000008006c30        0x2 build/stm32f4xx_hal_i2c.o
                0x0000000008006c30                HAL_I2C_MemRxCpltCallback
 .text.I2C_MasterReceive_RXNE
                0x0000000008006c32       0x98 build/stm32f4xx_hal_i2c.o
 .text.I2C_MasterReceive_BTF
                0x0000000008006cca      0x102 build/stm32f4xx_hal_i2c.o
 .text.HAL_I2C_ErrorCallback
                0x0000000008006dcc        0x2 build/stm32f4xx_hal_i2c.o
                0x0000000008006dcc                HAL_I2C_ErrorCallback
 .text.HAL_I2C_AbortCpltCallback
                0x0000000008006dce        0x2 build/stm32f4xx_hal_i2c.o
                0x0000000008006dce                HAL_I2C_AbortCpltCallback
 .text.I2C_ITError
                0x0000000008006dd0      0x14c build/stm32f4xx_hal_i2c.o
 .text.I2C_Slave_STOPF
                0x0000000008006f1c      0x100 build/stm32f4xx_hal_i2c.o
 .text.HAL_I2C_EV_IRQHandler
                0x000000000800701c      0x168 build/stm32f4xx_hal_i2c.o
                0x000000000800701c                HAL_I2C_EV_IRQHandler
 .text.I2C_DMAAbort
                0x0000000008007184       0x5e build/stm32f4xx_hal_i2c.o
 *fill*         0x00000000080071e2        0x2 
 .text.HAL_InitTick
                0x00000000080071e4       0x4c build/stm32f4xx_hal.o
                0x00000000080071e4                HAL_InitTick
 .text.HAL_Init
                0x0000000008007230       0x34 build/stm32f4xx_hal.o
                0x0000000008007230                HAL_Init
 .text.HAL_IncTick
                0x0000000008007264       0x18 build/stm32f4xx_hal.o
                0x0000000008007264                HAL_IncTick
 .text.HAL_GetTick
                0x000000000800727c        0xc build/stm32f4xx_hal.o
                0x000000000800727c                HAL_GetTick
 .text.HAL_Delay
                0x0000000008007288       0x28 build/stm32f4xx_hal.o
                0x0000000008007288                HAL_Delay
 .text.TIM_TI1_ConfigInputStage
                0x00000000080072b0       0x26 build/stm32f4xx_hal_tim.o
 .text.TIM_TI2_ConfigInputStage
                0x00000000080072d6       0x28 build/stm32f4xx_hal_tim.o
 .text.TIM_ITRx_SetConfig
                0x00000000080072fe       0x10 build/stm32f4xx_hal_tim.o
 .text.TIM_ETR_SetConfig
                0x000000000800730e       0x18 build/stm32f4xx_hal_tim.o
 .text.HAL_TIM_Base_Start_IT
                0x0000000008007326       0x18 build/stm32f4xx_hal_tim.o
                0x0000000008007326                HAL_TIM_Base_Start_IT
 .text.HAL_TIM_Base_Stop_IT
                0x000000000800733e       0x2c build/stm32f4xx_hal_tim.o
                0x000000000800733e                HAL_TIM_Base_Stop_IT
 .text.HAL_TIM_ConfigClockSource
                0x000000000800736a      0x108 build/stm32f4xx_hal_tim.o
                0x000000000800736a                HAL_TIM_ConfigClockSource
 .text.HAL_TIM_OC_DelayElapsedCallback
                0x0000000008007472        0x2 build/stm32f4xx_hal_tim.o
                0x0000000008007472                HAL_TIM_OC_DelayElapsedCallback
 .text.HAL_TIM_IC_CaptureCallback
                0x0000000008007474        0x2 build/stm32f4xx_hal_tim.o
                0x0000000008007474                HAL_TIM_IC_CaptureCallback
 .text.HAL_TIM_PWM_PulseFinishedCallback
                0x0000000008007476        0x2 build/stm32f4xx_hal_tim.o
                0x0000000008007476                HAL_TIM_PWM_PulseFinishedCallback
 .text.HAL_TIM_TriggerCallback
                0x0000000008007478        0x2 build/stm32f4xx_hal_tim.o
                0x0000000008007478                HAL_TIM_TriggerCallback
 .text.HAL_TIM_IRQHandler
                0x000000000800747a      0x17a build/stm32f4xx_hal_tim.o
                0x000000000800747a                HAL_TIM_IRQHandler
 .text.TIM_Base_SetConfig
                0x00000000080075f4       0x94 build/stm32f4xx_hal_tim.o
                0x00000000080075f4                TIM_Base_SetConfig
 .text.HAL_TIM_Base_Init
                0x0000000008007688       0x32 build/stm32f4xx_hal_tim.o
                0x0000000008007688                HAL_TIM_Base_Init
 *fill*         0x00000000080076ba        0x2 
 .text.MX_DMA_Init
                0x00000000080076bc       0x64 build/dma.o
                0x00000000080076bc                MX_DMA_Init
 .text.LL_USART_Init
                0x0000000008007720      0x120 build/stm32f4xx_ll_usart.o
                0x0000000008007720                LL_USART_Init
 .text.RCC_GetHCLKClockFreq
                0x0000000008007840       0x18 build/stm32f4xx_ll_rcc.o
                0x0000000008007840                RCC_GetHCLKClockFreq
 .text.RCC_GetPCLK1ClockFreq
                0x0000000008007858       0x18 build/stm32f4xx_ll_rcc.o
                0x0000000008007858                RCC_GetPCLK1ClockFreq
 .text.RCC_GetPCLK2ClockFreq
                0x0000000008007870       0x18 build/stm32f4xx_ll_rcc.o
                0x0000000008007870                RCC_GetPCLK2ClockFreq
 .text.RCC_PLL_GetFreqDomain_SYS
                0x0000000008007888       0x4c build/stm32f4xx_ll_rcc.o
                0x0000000008007888                RCC_PLL_GetFreqDomain_SYS
 .text.RCC_GetSystemClockFreq
                0x00000000080078d4       0x30 build/stm32f4xx_ll_rcc.o
                0x00000000080078d4                RCC_GetSystemClockFreq
 .text.LL_RCC_GetSystemClocksFreq
                0x0000000008007904       0x20 build/stm32f4xx_ll_rcc.o
                0x0000000008007904                LL_RCC_GetSystemClocksFreq
 .text.LL_GPIO_Init
                0x0000000008007924      0x132 build/stm32f4xx_ll_gpio.o
                0x0000000008007924                LL_GPIO_Init
 *fill*         0x0000000008007a56        0x2 
 .text.HAL_TIM_PeriodElapsedCallback
                0x0000000008007a58       0x28 build/tim.o
                0x0000000008007a58                HAL_TIM_PeriodElapsedCallback
 .text.MX_TIM1_Init
                0x0000000008007a80       0x74 build/tim.o
                0x0000000008007a80                MX_TIM1_Init
 .text.MX_TIM2_Init
                0x0000000008007af4       0x74 build/tim.o
                0x0000000008007af4                MX_TIM2_Init
 .text.HAL_TIM_Base_MspInit
                0x0000000008007b68       0x74 build/tim.o
                0x0000000008007b68                HAL_TIM_Base_MspInit
 .text.Reset_Handler
                0x0000000008007bdc       0x50 build/startup_stm32f401xe.o
                0x0000000008007bdc                Reset_Handler
 .text.Default_Handler
                0x0000000008007c2c        0x2 build/startup_stm32f401xe.o
                0x0000000008007c2c                RTC_Alarm_IRQHandler
                0x0000000008007c2c                EXTI2_IRQHandler
                0x0000000008007c2c                DebugMon_Handler
                0x0000000008007c2c                SPI4_IRQHandler
                0x0000000008007c2c                DMA2_Stream5_IRQHandler
                0x0000000008007c2c                PVD_IRQHandler
                0x0000000008007c2c                SDIO_IRQHandler
                0x0000000008007c2c                TAMP_STAMP_IRQHandler
                0x0000000008007c2c                PendSV_Handler
                0x0000000008007c2c                NMI_Handler
                0x0000000008007c2c                EXTI3_IRQHandler
                0x0000000008007c2c                TIM1_UP_TIM10_IRQHandler
                0x0000000008007c2c                I2C3_ER_IRQHandler
                0x0000000008007c2c                EXTI0_IRQHandler
                0x0000000008007c2c                I2C2_EV_IRQHandler
                0x0000000008007c2c                DMA1_Stream2_IRQHandler
                0x0000000008007c2c                FPU_IRQHandler
                0x0000000008007c2c                UsageFault_Handler
                0x0000000008007c2c                SPI1_IRQHandler
                0x0000000008007c2c                TIM1_BRK_TIM9_IRQHandler
                0x0000000008007c2c                DMA2_Stream3_IRQHandler
                0x0000000008007c2c                DMA2_Stream0_IRQHandler
                0x0000000008007c2c                TIM4_IRQHandler
                0x0000000008007c2c                I2C1_EV_IRQHandler
                0x0000000008007c2c                DMA1_Stream6_IRQHandler
                0x0000000008007c2c                DMA1_Stream1_IRQHandler
                0x0000000008007c2c                TIM3_IRQHandler
                0x0000000008007c2c                RCC_IRQHandler
                0x0000000008007c2c                Default_Handler
                0x0000000008007c2c                EXTI15_10_IRQHandler
                0x0000000008007c2c                ADC_IRQHandler
                0x0000000008007c2c                DMA1_Stream7_IRQHandler
                0x0000000008007c2c                TIM5_IRQHandler
                0x0000000008007c2c                DMA2_Stream7_IRQHandler
                0x0000000008007c2c                EXTI9_5_IRQHandler
                0x0000000008007c2c                RTC_WKUP_IRQHandler
                0x0000000008007c2c                SPI2_IRQHandler
                0x0000000008007c2c                MemManage_Handler
                0x0000000008007c2c                DMA1_Stream0_IRQHandler
                0x0000000008007c2c                SVC_Handler
                0x0000000008007c2c                EXTI4_IRQHandler
                0x0000000008007c2c                WWDG_IRQHandler
                0x0000000008007c2c                OTG_FS_WKUP_IRQHandler
                0x0000000008007c2c                TIM1_TRG_COM_TIM11_IRQHandler
                0x0000000008007c2c                EXTI1_IRQHandler
                0x0000000008007c2c                I2C2_ER_IRQHandler
                0x0000000008007c2c                FLASH_IRQHandler
                0x0000000008007c2c                DMA2_Stream4_IRQHandler
                0x0000000008007c2c                BusFault_Handler
                0x0000000008007c2c                OTG_FS_IRQHandler
                0x0000000008007c2c                SPI3_IRQHandler
                0x0000000008007c2c                DMA1_Stream4_IRQHandler
                0x0000000008007c2c                I2C1_ER_IRQHandler
                0x0000000008007c2c                DMA2_Stream6_IRQHandler
                0x0000000008007c2c                DMA1_Stream3_IRQHandler
 *fill*         0x0000000008007c2e        0x2 
 .text.__libc_init_array
                0x0000000008007c30       0x48 /usr/lib/gcc/arm-none-eabi/7.3.0/../../../../arm-none-eabi/lib/armv7e-m/fpu/libc_nano.a(lib_a-init.o)
                0x0000000008007c30                __libc_init_array
 .text.memcpy   0x0000000008007c78       0x16 /usr/lib/gcc/arm-none-eabi/7.3.0/../../../../arm-none-eabi/lib/armv7e-m/fpu/libc_nano.a(lib_a-memcpy-stub.o)
                0x0000000008007c78                memcpy
 .text.memset   0x0000000008007c8e       0x10 /usr/lib/gcc/arm-none-eabi/7.3.0/../../../../arm-none-eabi/lib/armv7e-m/fpu/libc_nano.a(lib_a-memset.o)
                0x0000000008007c8e                memset
 .text.__cvt    0x0000000008007c9e       0xc2 /usr/lib/gcc/arm-none-eabi/7.3.0/../../../../arm-none-eabi/lib/armv7e-m/fpu/libc_nano.a(lib_a-nano-vfprintf_float.o)
                0x0000000008007c9e                __cvt
 .text.__exponent
                0x0000000008007d60       0x66 /usr/lib/gcc/arm-none-eabi/7.3.0/../../../../arm-none-eabi/lib/armv7e-m/fpu/libc_nano.a(lib_a-nano-vfprintf_float.o)
                0x0000000008007d60                __exponent
 *fill*         0x0000000008007dc6        0x2 
 .text._printf_float
                0x0000000008007dc8      0x480 /usr/lib/gcc/arm-none-eabi/7.3.0/../../../../arm-none-eabi/lib/armv7e-m/fpu/libc_nano.a(lib_a-nano-vfprintf_float.o)
                0x0000000008007dc8                _printf_float
 .text._printf_common
                0x0000000008008248       0xea /usr/lib/gcc/arm-none-eabi/7.3.0/../../../../arm-none-eabi/lib/armv7e-m/fpu/libc_nano.a(lib_a-nano-vfprintf_i.o)
                0x0000000008008248                _printf_common
 *fill*         0x0000000008008332        0x2 
 .text._printf_i
                0x0000000008008334      0x224 /usr/lib/gcc/arm-none-eabi/7.3.0/../../../../arm-none-eabi/lib/armv7e-m/fpu/libc_nano.a(lib_a-nano-vfprintf_i.o)
                0x0000000008008334                _printf_i
 .text.strcpy   0x0000000008008558       0x10 /usr/lib/gcc/arm-none-eabi/7.3.0/../../../../arm-none-eabi/lib/armv7e-m/fpu/libc_nano.a(lib_a-strcpy.o)
                0x0000000008008558                strcpy
 .text._vsnprintf_r
                0x0000000008008568       0x58 /usr/lib/gcc/arm-none-eabi/7.3.0/../../../../arm-none-eabi/lib/armv7e-m/fpu/libc_nano.a(lib_a-vsnprintf.o)
                0x0000000008008568                _vsnprintf_r
                0x0000000008008568                _vsniprintf_r
 .text.vsnprintf
                0x00000000080085c0       0x1c /usr/lib/gcc/arm-none-eabi/7.3.0/../../../../arm-none-eabi/lib/armv7e-m/fpu/libc_nano.a(lib_a-vsnprintf.o)
                0x00000000080085c0                vsnprintf
                0x00000000080085c0                vsniprintf
 .text.quorem   0x00000000080085dc      0x118 /usr/lib/gcc/arm-none-eabi/7.3.0/../../../../arm-none-eabi/lib/armv7e-m/fpu/libc_nano.a(lib_a-dtoa.o)
 *fill*         0x00000000080086f4        0x4 
 .text._dtoa_r  0x00000000080086f8      0xb70 /usr/lib/gcc/arm-none-eabi/7.3.0/../../../../arm-none-eabi/lib/armv7e-m/fpu/libc_nano.a(lib_a-dtoa.o)
                0x00000000080086f8                _dtoa_r
 .text._localeconv_r
                0x0000000008009268       0x1c /usr/lib/gcc/arm-none-eabi/7.3.0/../../../../arm-none-eabi/lib/armv7e-m/fpu/libc_nano.a(lib_a-localeconv.o)
                0x0000000008009268                _localeconv_r
 .text.malloc   0x0000000008009284       0x10 /usr/lib/gcc/arm-none-eabi/7.3.0/../../../../arm-none-eabi/lib/armv7e-m/fpu/libc_nano.a(lib_a-malloc.o)
                0x0000000008009284                malloc
 .text.__ascii_mbtowc
                0x0000000008009294       0x24 /usr/lib/gcc/arm-none-eabi/7.3.0/../../../../arm-none-eabi/lib/armv7e-m/fpu/libc_nano.a(lib_a-mbtowc_r.o)
                0x0000000008009294                __ascii_mbtowc
 .text._Balloc  0x00000000080092b8       0x68 /usr/lib/gcc/arm-none-eabi/7.3.0/../../../../arm-none-eabi/lib/armv7e-m/fpu/libc_nano.a(lib_a-mprec.o)
                0x00000000080092b8                _Balloc
 .text._Bfree   0x0000000008009320       0x2e /usr/lib/gcc/arm-none-eabi/7.3.0/../../../../arm-none-eabi/lib/armv7e-m/fpu/libc_nano.a(lib_a-mprec.o)
                0x0000000008009320                _Bfree
 .text.__multadd
                0x000000000800934e       0x76 /usr/lib/gcc/arm-none-eabi/7.3.0/../../../../arm-none-eabi/lib/armv7e-m/fpu/libc_nano.a(lib_a-mprec.o)
                0x000000000800934e                __multadd
 .text.__hi0bits
                0x00000000080093c4       0x3e /usr/lib/gcc/arm-none-eabi/7.3.0/../../../../arm-none-eabi/lib/armv7e-m/fpu/libc_nano.a(lib_a-mprec.o)
                0x00000000080093c4                __hi0bits
 .text.__lo0bits
                0x0000000008009402       0x5e /usr/lib/gcc/arm-none-eabi/7.3.0/../../../../arm-none-eabi/lib/armv7e-m/fpu/libc_nano.a(lib_a-mprec.o)
                0x0000000008009402                __lo0bits
 .text.__i2b    0x0000000008009460       0x12 /usr/lib/gcc/arm-none-eabi/7.3.0/../../../../arm-none-eabi/lib/armv7e-m/fpu/libc_nano.a(lib_a-mprec.o)
                0x0000000008009460                __i2b
 .text.__multiply
                0x0000000008009472      0x12c /usr/lib/gcc/arm-none-eabi/7.3.0/../../../../arm-none-eabi/lib/armv7e-m/fpu/libc_nano.a(lib_a-mprec.o)
                0x0000000008009472                __multiply
 *fill*         0x000000000800959e        0x2 
 .text.__pow5mult
                0x00000000080095a0       0x9c /usr/lib/gcc/arm-none-eabi/7.3.0/../../../../arm-none-eabi/lib/armv7e-m/fpu/libc_nano.a(lib_a-mprec.o)
                0x00000000080095a0                __pow5mult
 .text.__lshift
                0x000000000800963c       0xa8 /usr/lib/gcc/arm-none-eabi/7.3.0/../../../../arm-none-eabi/lib/armv7e-m/fpu/libc_nano.a(lib_a-mprec.o)
                0x000000000800963c                __lshift
 .text.__mcmp   0x00000000080096e4       0x34 /usr/lib/gcc/arm-none-eabi/7.3.0/../../../../arm-none-eabi/lib/armv7e-m/fpu/libc_nano.a(lib_a-mprec.o)
                0x00000000080096e4                __mcmp
 .text.__mdiff  0x0000000008009718       0xba /usr/lib/gcc/arm-none-eabi/7.3.0/../../../../arm-none-eabi/lib/armv7e-m/fpu/libc_nano.a(lib_a-mprec.o)
                0x0000000008009718                __mdiff
 .text.__d2b    0x00000000080097d2       0x9e /usr/lib/gcc/arm-none-eabi/7.3.0/../../../../arm-none-eabi/lib/armv7e-m/fpu/libc_nano.a(lib_a-mprec.o)
                0x00000000080097d2                __d2b
 .text._calloc_r
                0x0000000008009870       0x1c /usr/lib/gcc/arm-none-eabi/7.3.0/../../../../arm-none-eabi/lib/armv7e-m/fpu/libc_nano.a(lib_a-nano-callocr.o)
                0x0000000008009870                _calloc_r
 .text._free_r  0x000000000800988c       0x9c /usr/lib/gcc/arm-none-eabi/7.3.0/../../../../arm-none-eabi/lib/armv7e-m/fpu/libc_nano.a(lib_a-nano-freer.o)
                0x000000000800988c                _free_r
 .text._malloc_r
                0x0000000008009928       0xb4 /usr/lib/gcc/arm-none-eabi/7.3.0/../../../../arm-none-eabi/lib/armv7e-m/fpu/libc_nano.a(lib_a-nano-mallocr.o)
                0x0000000008009928                _malloc_r
 .text.__ssputs_r
                0x00000000080099dc       0xb4 /usr/lib/gcc/arm-none-eabi/7.3.0/../../../../arm-none-eabi/lib/armv7e-m/fpu/libc_nano.a(lib_a-nano-svfprintf.o)
                0x00000000080099dc                __ssputs_r
 .text._svfprintf_r
                0x0000000008009a90      0x1f0 /usr/lib/gcc/arm-none-eabi/7.3.0/../../../../arm-none-eabi/lib/armv7e-m/fpu/libc_nano.a(lib_a-nano-svfprintf.o)
                0x0000000008009a90                _svfprintf_r
                0x0000000008009a90                _svfiprintf_r
 .text._sbrk_r  0x0000000008009c80       0x20 /usr/lib/gcc/arm-none-eabi/7.3.0/../../../../arm-none-eabi/lib/armv7e-m/fpu/libc_nano.a(lib_a-sbrkr.o)
                0x0000000008009c80                _sbrk_r
 .text.__ascii_wctomb
                0x0000000008009ca0       0x1a /usr/lib/gcc/arm-none-eabi/7.3.0/../../../../arm-none-eabi/lib/armv7e-m/fpu/libc_nano.a(lib_a-wctomb_r.o)
                0x0000000008009ca0                __ascii_wctomb
 .text.memmove  0x0000000008009cba       0x32 /usr/lib/gcc/arm-none-eabi/7.3.0/../../../../arm-none-eabi/lib/armv7e-m/fpu/libc_nano.a(lib_a-memmove.o)
                0x0000000008009cba                memmove
 .text.__malloc_lock
                0x0000000008009cec        0x2 /usr/lib/gcc/arm-none-eabi/7.3.0/../../../../arm-none-eabi/lib/armv7e-m/fpu/libc_nano.a(lib_a-mlock.o)
                0x0000000008009cec                __malloc_lock
 .text.__malloc_unlock
                0x0000000008009cee        0x2 /usr/lib/gcc/arm-none-eabi/7.3.0/../../../../arm-none-eabi/lib/armv7e-m/fpu/libc_nano.a(lib_a-mlock.o)
                0x0000000008009cee                __malloc_unlock
 .text._realloc_r
                0x0000000008009cf0       0x4c /usr/lib/gcc/arm-none-eabi/7.3.0/../../../../arm-none-eabi/lib/armv7e-m/fpu/libc_nano.a(lib_a-nano-reallocr.o)
                0x0000000008009cf0                _realloc_r
 .text._malloc_usable_size_r
                0x0000000008009d3c       0x10 /usr/lib/gcc/arm-none-eabi/7.3.0/../../../../arm-none-eabi/lib/armv7e-m/fpu/libc_nano.a(lib_a-nano-msizer.o)
                0x0000000008009d3c                _malloc_usable_size_r
 .text._sbrk    0x0000000008009d4c       0x1c /usr/lib/gcc/arm-none-eabi/7.3.0/../../../../arm-none-eabi/lib/armv7e-m/fpu/libnosys.a(sbrk.o)
                0x0000000008009d4c                _sbrk
 .text.__udivmoddi4
                0x0000000008009d68      0x2b6 /usr/lib/gcc/arm-none-eabi/7.3.0/armv7e-m/fpu/libgcc.a(_udivmoddi4.o)
                0x0000000008009d68                __udivmoddi4
 *(.glue_7)
 .glue_7        0x000000000800a01e        0x0 linker stubs
 *(.glue_7t)
 .glue_7t       0x000000000800a01e        0x0 linker stubs
 *(.eh_frame)
 *fill*         0x000000000800a01e        0x2 
 .eh_frame      0x000000000800a020        0x0 /usr/lib/gcc/arm-none-eabi/7.3.0/armv7e-m/fpu/crtbegin.o
 *(.init)
 .init          0x000000000800a020        0x4 /usr/lib/gcc/arm-none-eabi/7.3.0/armv7e-m/fpu/crti.o
                0x000000000800a020                _init
 .init          0x000000000800a024        0x8 /usr/lib/gcc/arm-none-eabi/7.3.0/armv7e-m/fpu/crtn.o
 *(.fini)
 .fini          0x000000000800a02c        0x4 /usr/lib/gcc/arm-none-eabi/7.3.0/armv7e-m/fpu/crti.o
                0x000000000800a02c                _fini
 .fini          0x000000000800a030        0x8 /usr/lib/gcc/arm-none-eabi/7.3.0/armv7e-m/fpu/crtn.o
                0x000000000800a038                . = ALIGN (0x4)
                0x000000000800a038                _etext = .

.vfp11_veneer   0x000000000800a038        0x0
 .vfp11_veneer  0x000000000800a038        0x0 linker stubs

.v4_bx          0x000000000800a038        0x0
 .v4_bx         0x000000000800a038        0x0 linker stubs

.iplt           0x000000000800a038        0x0
 .iplt          0x000000000800a038        0x0 /usr/lib/gcc/arm-none-eabi/7.3.0/armv7e-m/fpu/crtbegin.o

.rodata         0x000000000800a038      0x2c8
                0x000000000800a038                . = ALIGN (0x4)
 *(.rodata)
 *(.rodata*)
 .rodata.PI_Asser_Test.str1.4
                0x000000000800a038        0xf build/pi_client.o
 *fill*         0x000000000800a047        0x1 
 .rodata.PI_Init.str1.4
                0x000000000800a048       0x1a build/pi_client.o
 *fill*         0x000000000800a062        0x2 
 .rodata.SystemClock_Config.str1.4
                0x000000000800a064        0xb build/main.o
 *fill*         0x000000000800a06f        0x1 
 .rodata.MX_I2C1_Init.str1.4
                0x000000000800a070        0xa build/i2c.o
 *fill*         0x000000000800a07a        0x2 
 .rodata.AHBPrescTable
                0x000000000800a07c       0x10 build/system_stm32f4xx.o
                0x000000000800a07c                AHBPrescTable
 .rodata.APBPrescTable
                0x000000000800a08c        0x8 build/system_stm32f4xx.o
                0x000000000800a08c                APBPrescTable
 .rodata.MX_TIM1_Init.str1.4
                0x000000000800a094        0xc build/tim.o
                                          0xa (size before relaxing)
 .rodata._printf_float.str1.1
                0x000000000800a0a0       0x12 /usr/lib/gcc/arm-none-eabi/7.3.0/../../../../arm-none-eabi/lib/armv7e-m/fpu/libc_nano.a(lib_a-nano-vfprintf_float.o)
 .rodata._printf_i.str1.1
                0x000000000800a0b2       0x22 /usr/lib/gcc/arm-none-eabi/7.3.0/../../../../arm-none-eabi/lib/armv7e-m/fpu/libc_nano.a(lib_a-nano-vfprintf_i.o)
 .rodata._dtoa_r.str1.1
                0x000000000800a0d4        0xd /usr/lib/gcc/arm-none-eabi/7.3.0/../../../../arm-none-eabi/lib/armv7e-m/fpu/libc_nano.a(lib_a-dtoa.o)
                                          0xf (size before relaxing)
 .rodata._setlocale_r.str1.1
                0x000000000800a0e1        0x8 /usr/lib/gcc/arm-none-eabi/7.3.0/../../../../arm-none-eabi/lib/armv7e-m/fpu/libc_nano.a(lib_a-locale.o)
                                          0x9 (size before relaxing)
 .rodata.str1.1
                0x000000000800a0e9        0x2 /usr/lib/gcc/arm-none-eabi/7.3.0/../../../../arm-none-eabi/lib/armv7e-m/fpu/libc_nano.a(lib_a-locale.o)
 *fill*         0x000000000800a0eb        0x5 
 .rodata.__mprec_bigtens
                0x000000000800a0f0       0x28 /usr/lib/gcc/arm-none-eabi/7.3.0/../../../../arm-none-eabi/lib/armv7e-m/fpu/libc_nano.a(lib_a-mprec.o)
                0x000000000800a0f0                __mprec_bigtens
 .rodata.__mprec_tens
                0x000000000800a118       0xc8 /usr/lib/gcc/arm-none-eabi/7.3.0/../../../../arm-none-eabi/lib/armv7e-m/fpu/libc_nano.a(lib_a-mprec.o)
                0x000000000800a118                __mprec_tens
 .rodata.p05.7359
                0x000000000800a1e0        0xc /usr/lib/gcc/arm-none-eabi/7.3.0/../../../../arm-none-eabi/lib/armv7e-m/fpu/libc_nano.a(lib_a-mprec.o)
 .rodata._svfprintf_r.str1.1
                0x000000000800a1ec       0x11 /usr/lib/gcc/arm-none-eabi/7.3.0/../../../../arm-none-eabi/lib/armv7e-m/fpu/libc_nano.a(lib_a-nano-svfprintf.o)
 .rodata._ctype_
                0x000000000800a1fd      0x101 /usr/lib/gcc/arm-none-eabi/7.3.0/../../../../arm-none-eabi/lib/armv7e-m/fpu/libc_nano.a(lib_a-ctype_.o)
                0x000000000800a1fd                _ctype_
                0x000000000800a300                . = ALIGN (0x4)
 *fill*         0x000000000800a2fe        0x2 

.ARM.extab
 *(.ARM.extab* .gnu.linkonce.armextab.*)

.ARM            0x000000000800a300        0x8
                0x000000000800a300                __exidx_start = .
 *(.ARM.exidx*)
 .ARM.exidx.text.__udivmoddi4
                0x000000000800a300        0x8 /usr/lib/gcc/arm-none-eabi/7.3.0/armv7e-m/fpu/libgcc.a(_udivmoddi4.o)
                0x000000000800a308                __exidx_end = .

.rel.dyn        0x000000000800a308        0x0
 .rel.iplt      0x000000000800a308        0x0 /usr/lib/gcc/arm-none-eabi/7.3.0/armv7e-m/fpu/crtbegin.o

.preinit_array  0x000000000800a308        0x0
                0x000000000800a308                PROVIDE (__preinit_array_start = .)
 *(.preinit_array*)
                0x000000000800a308                PROVIDE (__preinit_array_end = .)

.init_array     0x000000000800a308        0x4
                0x000000000800a308                PROVIDE (__init_array_start = .)
 *(SORT_BY_NAME(.init_array.*))
 *(.init_array*)
 .init_array    0x000000000800a308        0x4 /usr/lib/gcc/arm-none-eabi/7.3.0/armv7e-m/fpu/crtbegin.o
                0x000000000800a30c                PROVIDE (__init_array_end = .)

.fini_array     0x000000000800a30c        0x4
                0x000000000800a30c                PROVIDE (__fini_array_start = .)
 *(SORT_BY_NAME(.fini_array.*))
 *(.fini_array*)
 .fini_array    0x000000000800a30c        0x4 /usr/lib/gcc/arm-none-eabi/7.3.0/armv7e-m/fpu/crtbegin.o
                0x000000000800a310                PROVIDE (__fini_array_end = .)
                0x000000000800a310                _sidata = LOADADDR (.data)

.data           0x0000000020000000      0x69c load address 0x000000000800a310
                0x0000000020000000                . = ALIGN (0x4)
                0x0000000020000000                _sdata = .
 *(.data)
 *(.data*)
 .data.crc_table
                0x0000000020000000      0x200 build/crc_16.o
                0x0000000020000000                crc_table
 .data.DefaultTuningSettings
                0x0000000020000200       0xf3 build/vl53l0x_api.o
                0x0000000020000200                DefaultTuningSettings
 *fill*         0x00000000200002f3        0x1 
 .data.InterruptThresholdSettings
                0x00000000200002f4      0x1b6 build/vl53l0x_api.o
                0x00000000200002f4                InterruptThresholdSettings
 *fill*         0x00000000200004aa        0x2 
 .data.refArrayQuadrants
                0x00000000200004ac       0x10 build/vl53l0x_api_calibration.o
                0x00000000200004ac                refArrayQuadrants
 .data.SystemCoreClock
                0x00000000200004bc        0x4 build/system_stm32f4xx.o
                0x00000000200004bc                SystemCoreClock
 .data.uwTickFreq
                0x00000000200004c0        0x1 build/stm32f4xx_hal.o
                0x00000000200004c0                uwTickFreq
 *fill*         0x00000000200004c1        0x3 
 .data.uwTickPrio
                0x00000000200004c4        0x4 build/stm32f4xx_hal.o
                0x00000000200004c4                uwTickPrio
 .data.tim2     0x00000000200004c8        0x4 build/tim.o
 .data._impure_ptr
                0x00000000200004cc        0x4 /usr/lib/gcc/arm-none-eabi/7.3.0/../../../../arm-none-eabi/lib/armv7e-m/fpu/libc_nano.a(lib_a-impure.o)
                0x00000000200004cc                _impure_ptr
 .data.impure_data
                0x00000000200004d0       0x60 /usr/lib/gcc/arm-none-eabi/7.3.0/../../../../arm-none-eabi/lib/armv7e-m/fpu/libc_nano.a(lib_a-impure.o)
 .data.__global_locale
                0x0000000020000530      0x16c /usr/lib/gcc/arm-none-eabi/7.3.0/../../../../arm-none-eabi/lib/armv7e-m/fpu/libc_nano.a(lib_a-locale.o)
                0x0000000020000530                __global_locale
                0x000000002000069c                . = ALIGN (0x4)
                0x000000002000069c                _edata = .

.igot.plt       0x000000002000069c        0x0 load address 0x000000000800a9ac
 .igot.plt      0x000000002000069c        0x0 /usr/lib/gcc/arm-none-eabi/7.3.0/armv7e-m/fpu/crtbegin.o
                0x000000002000069c                . = ALIGN (0x4)

.bss            0x000000002000069c     0x1014 load address 0x000000000800a9ac
                0x000000002000069c                _sbss = .
                0x000000002000069c                __bss_start__ = _sbss
 *(.bss)
 *(.bss*)
 .bss.completed.9908
                0x000000002000069c        0x1 /usr/lib/gcc/arm-none-eabi/7.3.0/armv7e-m/fpu/crtbegin.o
 *fill*         0x000000002000069d        0x3 
 .bss.object.9913
                0x00000000200006a0       0x18 /usr/lib/gcc/arm-none-eabi/7.3.0/armv7e-m/fpu/crtbegin.o
 .bss.err       0x00000000200006b8        0x2 build/robotronik_protocol.o
 *fill*         0x00000000200006ba        0x2 
 .bss.err       0x00000000200006bc        0x4 build/remote_call.o
 .bss.pi_client
                0x00000000200006c0      0x228 build/pi_client.o
 .bss.__malloc_free_list
                0x00000000200008e8        0x4 /usr/lib/gcc/arm-none-eabi/7.3.0/../../../../arm-none-eabi/lib/armv7e-m/fpu/libc_nano.a(lib_a-nano-mallocr.o)
                0x00000000200008e8                __malloc_free_list
 .bss.__malloc_sbrk_start
                0x00000000200008ec        0x4 /usr/lib/gcc/arm-none-eabi/7.3.0/../../../../arm-none-eabi/lib/armv7e-m/fpu/libc_nano.a(lib_a-nano-mallocr.o)
                0x00000000200008ec                __malloc_sbrk_start
 .bss.heap_end.5377
                0x00000000200008f0        0x4 /usr/lib/gcc/arm-none-eabi/7.3.0/../../../../arm-none-eabi/lib/armv7e-m/fpu/libnosys.a(sbrk.o)
 *(COMMON)
 COMMON         0x00000000200008f4       0x40 build/vl53l0x_platform.o
                0x00000000200008f4                _I2CBuffer
 COMMON         0x0000000020000934      0xc54 build/usart.o
                0x0000000020000934                z_iface
                0x0000000020000d50                pi_iface
                0x000000002000116c                pos_iface
 COMMON         0x0000000020001588       0xa8 build/i2c.o
                0x0000000020001588                hi2c3
                0x00000000200015dc                hi2c1
 COMMON         0x0000000020001630        0x4 build/stm32f4xx_hal.o
                0x0000000020001630                uwTick
 COMMON         0x0000000020001634       0x78 build/tim.o
                0x0000000020001634                htim1
                0x0000000020001670                htim2
 COMMON         0x00000000200016ac        0x4 /usr/lib/gcc/arm-none-eabi/7.3.0/../../../../arm-none-eabi/lib/armv7e-m/fpu/libc_nano.a(lib_a-reent.o)
                0x00000000200016ac                errno
                0x00000000200016b0                . = ALIGN (0x4)
                0x00000000200016b0                _ebss = .
                0x00000000200016b0                __bss_end__ = _ebss

._user_heap_stack
                0x00000000200016b0      0x600 load address 0x000000000800a9ac
                0x00000000200016b0                . = ALIGN (0x8)
                0x00000000200016b0                PROVIDE (end = .)
                [!provide]                        PROVIDE (_end = .)
                0x00000000200018b0                . = (. + _Min_Heap_Size)
 *fill*         0x00000000200016b0      0x200 
                0x0000000020001cb0                . = (. + _Min_Stack_Size)
 *fill*         0x00000000200018b0      0x400 
                0x0000000020001cb0                . = ALIGN (0x8)

/DISCARD/
 libc.a(*)
 libm.a(*)
 libgcc.a(*)

.ARM.attributes
                0x0000000000000000       0x30
 *(.ARM.attributes)
 .ARM.attributes
                0x0000000000000000       0x22 /usr/lib/gcc/arm-none-eabi/7.3.0/armv7e-m/fpu/crti.o
 .ARM.attributes
                0x0000000000000022       0x34 /usr/lib/gcc/arm-none-eabi/7.3.0/armv7e-m/fpu/crtbegin.o
 .ARM.attributes
                0x0000000000000056       0x39 build/crc_16.o
 .ARM.attributes
                0x000000000000008f       0x39 build/robotronik_protocol.o
 .ARM.attributes
                0x00000000000000c8       0x39 build/remote_call.o
 .ARM.attributes
                0x0000000000000101       0x39 build/tof.o
 .ARM.attributes
                0x000000000000013a       0x39 build/system.o
 .ARM.attributes
                0x0000000000000173       0x39 build/pi_client.o
 .ARM.attributes
                0x00000000000001ac       0x39 build/vl53l0x_api.o
 .ARM.attributes
                0x00000000000001e5       0x39 build/vl53l0x_api_calibration.o
 .ARM.attributes
                0x000000000000021e       0x39 build/vl53l0x_api_core.o
 .ARM.attributes
                0x0000000000000257       0x39 build/vl53l0x_platform.o
 .ARM.attributes
                0x0000000000000290       0x39 build/usart.o
 .ARM.attributes
                0x00000000000002c9       0x39 build/main.o
 .ARM.attributes
                0x0000000000000302       0x39 build/i2c.o
 .ARM.attributes
                0x000000000000033b       0x39 build/stm32f4xx_hal_msp.o
 .ARM.attributes
                0x0000000000000374       0x39 build/stm32f4xx_hal_cortex.o
 .ARM.attributes
                0x00000000000003ad       0x39 build/stm32f4xx_it.o
 .ARM.attributes
                0x00000000000003e6       0x39 build/stm32f4xx_hal_tim_ex.o
 .ARM.attributes
                0x000000000000041f       0x39 build/stm32f4xx_hal_rcc.o
 .ARM.attributes
                0x0000000000000458       0x39 build/gpio.o
 .ARM.attributes
                0x0000000000000491       0x39 build/stm32f4xx_hal_gpio.o
 .ARM.attributes
                0x00000000000004ca       0x39 build/system_stm32f4xx.o
 .ARM.attributes
                0x0000000000000503       0x39 build/stm32f4xx_hal_dma.o
 .ARM.attributes
                0x000000000000053c       0x39 build/stm32f4xx_hal_i2c.o
 .ARM.attributes
                0x0000000000000575       0x39 build/stm32f4xx_hal.o
 .ARM.attributes
                0x00000000000005ae       0x39 build/stm32f4xx_hal_tim.o
 .ARM.attributes
                0x00000000000005e7       0x39 build/dma.o
 .ARM.attributes
                0x0000000000000620       0x39 build/stm32f4xx_ll_usart.o
 .ARM.attributes
                0x0000000000000659       0x39 build/stm32f4xx_ll_rcc.o
 .ARM.attributes
                0x0000000000000692       0x39 build/stm32f4xx_ll_gpio.o
 .ARM.attributes
                0x00000000000006cb       0x39 build/tim.o
 .ARM.attributes
                0x0000000000000704       0x21 build/startup_stm32f401xe.o
 .ARM.attributes
                0x0000000000000725       0x34 /usr/lib/gcc/arm-none-eabi/7.3.0/../../../../arm-none-eabi/lib/armv7e-m/fpu/libc_nano.a(lib_a-impure.o)
 .ARM.attributes
                0x0000000000000759       0x34 /usr/lib/gcc/arm-none-eabi/7.3.0/../../../../arm-none-eabi/lib/armv7e-m/fpu/libc_nano.a(lib_a-init.o)
 .ARM.attributes
                0x000000000000078d       0x34 /usr/lib/gcc/arm-none-eabi/7.3.0/../../../../arm-none-eabi/lib/armv7e-m/fpu/libc_nano.a(lib_a-memcpy-stub.o)
 .ARM.attributes
                0x00000000000007c1       0x34 /usr/lib/gcc/arm-none-eabi/7.3.0/../../../../arm-none-eabi/lib/armv7e-m/fpu/libc_nano.a(lib_a-memset.o)
 .ARM.attributes
                0x00000000000007f5       0x34 /usr/lib/gcc/arm-none-eabi/7.3.0/../../../../arm-none-eabi/lib/armv7e-m/fpu/libc_nano.a(lib_a-nano-vfprintf_float.o)
 .ARM.attributes
                0x0000000000000829       0x34 /usr/lib/gcc/arm-none-eabi/7.3.0/../../../../arm-none-eabi/lib/armv7e-m/fpu/libc_nano.a(lib_a-nano-vfprintf_i.o)
 .ARM.attributes
                0x000000000000085d       0x34 /usr/lib/gcc/arm-none-eabi/7.3.0/../../../../arm-none-eabi/lib/armv7e-m/fpu/libc_nano.a(lib_a-strcpy.o)
 .ARM.attributes
                0x0000000000000891       0x1b /usr/lib/gcc/arm-none-eabi/7.3.0/../../../../arm-none-eabi/lib/armv7e-m/fpu/libc_nano.a(lib_a-strlen.o)
 .ARM.attributes
                0x00000000000008ac       0x34 /usr/lib/gcc/arm-none-eabi/7.3.0/../../../../arm-none-eabi/lib/armv7e-m/fpu/libc_nano.a(lib_a-vsnprintf.o)
 .ARM.attributes
                0x00000000000008e0       0x34 /usr/lib/gcc/arm-none-eabi/7.3.0/../../../../arm-none-eabi/lib/armv7e-m/fpu/libc_nano.a(lib_a-dtoa.o)
 .ARM.attributes
                0x0000000000000914       0x34 /usr/lib/gcc/arm-none-eabi/7.3.0/../../../../arm-none-eabi/lib/armv7e-m/fpu/libc_nano.a(lib_a-localeconv.o)
 .ARM.attributes
                0x0000000000000948       0x34 /usr/lib/gcc/arm-none-eabi/7.3.0/../../../../arm-none-eabi/lib/armv7e-m/fpu/libc_nano.a(lib_a-locale.o)
 .ARM.attributes
                0x000000000000097c       0x34 /usr/lib/gcc/arm-none-eabi/7.3.0/../../../../arm-none-eabi/lib/armv7e-m/fpu/libc_nano.a(lib_a-malloc.o)
 .ARM.attributes
                0x00000000000009b0       0x34 /usr/lib/gcc/arm-none-eabi/7.3.0/../../../../arm-none-eabi/lib/armv7e-m/fpu/libc_nano.a(lib_a-mbtowc_r.o)
 .ARM.attributes
                0x00000000000009e4       0x20 /usr/lib/gcc/arm-none-eabi/7.3.0/../../../../arm-none-eabi/lib/armv7e-m/fpu/libc_nano.a(lib_a-memchr.o)
 .ARM.attributes
                0x0000000000000a04       0x34 /usr/lib/gcc/arm-none-eabi/7.3.0/../../../../arm-none-eabi/lib/armv7e-m/fpu/libc_nano.a(lib_a-mprec.o)
 .ARM.attributes
                0x0000000000000a38       0x34 /usr/lib/gcc/arm-none-eabi/7.3.0/../../../../arm-none-eabi/lib/armv7e-m/fpu/libc_nano.a(lib_a-nano-callocr.o)
 .ARM.attributes
                0x0000000000000a6c       0x34 /usr/lib/gcc/arm-none-eabi/7.3.0/../../../../arm-none-eabi/lib/armv7e-m/fpu/libc_nano.a(lib_a-nano-freer.o)
 .ARM.attributes
                0x0000000000000aa0       0x34 /usr/lib/gcc/arm-none-eabi/7.3.0/../../../../arm-none-eabi/lib/armv7e-m/fpu/libc_nano.a(lib_a-nano-mallocr.o)
 .ARM.attributes
                0x0000000000000ad4       0x34 /usr/lib/gcc/arm-none-eabi/7.3.0/../../../../arm-none-eabi/lib/armv7e-m/fpu/libc_nano.a(lib_a-nano-svfprintf.o)
 .ARM.attributes
                0x0000000000000b08       0x34 /usr/lib/gcc/arm-none-eabi/7.3.0/../../../../arm-none-eabi/lib/armv7e-m/fpu/libc_nano.a(lib_a-sbrkr.o)
 .ARM.attributes
                0x0000000000000b3c       0x34 /usr/lib/gcc/arm-none-eabi/7.3.0/../../../../arm-none-eabi/lib/armv7e-m/fpu/libc_nano.a(lib_a-wctomb_r.o)
 .ARM.attributes
                0x0000000000000b70       0x34 /usr/lib/gcc/arm-none-eabi/7.3.0/../../../../arm-none-eabi/lib/armv7e-m/fpu/libc_nano.a(lib_a-ctype_.o)
 .ARM.attributes
                0x0000000000000ba4       0x34 /usr/lib/gcc/arm-none-eabi/7.3.0/../../../../arm-none-eabi/lib/armv7e-m/fpu/libc_nano.a(lib_a-memmove.o)
 .ARM.attributes
                0x0000000000000bd8       0x34 /usr/lib/gcc/arm-none-eabi/7.3.0/../../../../arm-none-eabi/lib/armv7e-m/fpu/libc_nano.a(lib_a-mlock.o)
 .ARM.attributes
                0x0000000000000c0c       0x34 /usr/lib/gcc/arm-none-eabi/7.3.0/../../../../arm-none-eabi/lib/armv7e-m/fpu/libc_nano.a(lib_a-nano-reallocr.o)
 .ARM.attributes
                0x0000000000000c40       0x34 /usr/lib/gcc/arm-none-eabi/7.3.0/../../../../arm-none-eabi/lib/armv7e-m/fpu/libc_nano.a(lib_a-reent.o)
 .ARM.attributes
                0x0000000000000c74       0x34 /usr/lib/gcc/arm-none-eabi/7.3.0/../../../../arm-none-eabi/lib/armv7e-m/fpu/libc_nano.a(lib_a-nano-msizer.o)
 .ARM.attributes
                0x0000000000000ca8       0x34 /usr/lib/gcc/arm-none-eabi/7.3.0/../../../../arm-none-eabi/lib/armv7e-m/fpu/libnosys.a(sbrk.o)
 .ARM.attributes
                0x0000000000000cdc       0x22 /usr/lib/gcc/arm-none-eabi/7.3.0/armv7e-m/fpu/libgcc.a(_arm_addsubdf3.o)
 .ARM.attributes
                0x0000000000000cfe       0x22 /usr/lib/gcc/arm-none-eabi/7.3.0/armv7e-m/fpu/libgcc.a(_arm_muldivdf3.o)
 .ARM.attributes
                0x0000000000000d20       0x22 /usr/lib/gcc/arm-none-eabi/7.3.0/armv7e-m/fpu/libgcc.a(_arm_cmpdf2.o)
 .ARM.attributes
                0x0000000000000d42       0x22 /usr/lib/gcc/arm-none-eabi/7.3.0/armv7e-m/fpu/libgcc.a(_arm_unorddf2.o)
 .ARM.attributes
                0x0000000000000d64       0x22 /usr/lib/gcc/arm-none-eabi/7.3.0/armv7e-m/fpu/libgcc.a(_arm_fixdfsi.o)
 .ARM.attributes
                0x0000000000000d86       0x22 /usr/lib/gcc/arm-none-eabi/7.3.0/armv7e-m/fpu/libgcc.a(_arm_truncdfsf2.o)
 .ARM.attributes
                0x0000000000000da8       0x22 /usr/lib/gcc/arm-none-eabi/7.3.0/armv7e-m/fpu/libgcc.a(_aeabi_uldivmod.o)
 .ARM.attributes
                0x0000000000000dca       0x34 /usr/lib/gcc/arm-none-eabi/7.3.0/armv7e-m/fpu/libgcc.a(_udivmoddi4.o)
 .ARM.attributes
                0x0000000000000dfe       0x22 /usr/lib/gcc/arm-none-eabi/7.3.0/armv7e-m/fpu/libgcc.a(_dvmd_tls.o)
 .ARM.attributes
                0x0000000000000e20       0x22 /usr/lib/gcc/arm-none-eabi/7.3.0/armv7e-m/fpu/crtn.o
OUTPUT(build/Central.elf elf32-littlearm)

.debug_info     0x0000000000000000    0x35b1d
 .debug_info    0x0000000000000000       0xa4 build/crc_16.o
 .debug_info    0x00000000000000a4      0x8bf build/robotronik_protocol.o
 .debug_info    0x0000000000000963     0x17ca build/remote_call.o
 .debug_info    0x000000000000212d     0x1b5b build/tof.o
 .debug_info    0x0000000000003c88     0x147d build/system.o
 .debug_info    0x0000000000005105     0x1128 build/pi_client.o
 .debug_info    0x000000000000622d     0x5817 build/vl53l0x_api.o
 .debug_info    0x000000000000ba44     0x310f build/vl53l0x_api_calibration.o
 .debug_info    0x000000000000eb53     0x4038 build/vl53l0x_api_core.o
 .debug_info    0x0000000000012b8b     0x1e53 build/vl53l0x_platform.o
 .debug_info    0x00000000000149de     0x27e0 build/usart.o
 .debug_info    0x00000000000171be     0x2dc4 build/main.o
 .debug_info    0x0000000000019f82     0x1737 build/i2c.o
 .debug_info    0x000000000001b6b9      0xcd2 build/stm32f4xx_hal_msp.o
 .debug_info    0x000000000001c38b     0x1887 build/stm32f4xx_hal_cortex.o
 .debug_info    0x000000000001dc12     0x1cef build/stm32f4xx_it.o
 .debug_info    0x000000000001f901     0x1d71 build/stm32f4xx_hal_tim_ex.o
 .debug_info    0x0000000000021672     0x1450 build/stm32f4xx_hal_rcc.o
 .debug_info    0x0000000000022ac2      0xf67 build/gpio.o
 .debug_info    0x0000000000023a29     0x1144 build/stm32f4xx_hal_gpio.o
 .debug_info    0x0000000000024b6d      0xeba build/system_stm32f4xx.o
 .debug_info    0x0000000000025a27     0x13ee build/stm32f4xx_hal_dma.o
 .debug_info    0x0000000000026e15     0x399f build/stm32f4xx_hal_i2c.o
 .debug_info    0x000000000002a7b4     0x132b build/stm32f4xx_hal.o
 .debug_info    0x000000000002badf     0x3a39 build/stm32f4xx_hal_tim.o
 .debug_info    0x000000000002f518     0x1322 build/dma.o
 .debug_info    0x000000000003083a     0x1244 build/stm32f4xx_ll_usart.o
 .debug_info    0x0000000000031a7e     0x128b build/stm32f4xx_ll_rcc.o
 .debug_info    0x0000000000032d09     0x1455 build/stm32f4xx_ll_gpio.o
 .debug_info    0x000000000003415e     0x199d build/tim.o
 .debug_info    0x0000000000035afb       0x22 build/startup_stm32f401xe.o

.debug_abbrev   0x0000000000000000     0x555c
 .debug_abbrev  0x0000000000000000       0x63 build/crc_16.o
 .debug_abbrev  0x0000000000000063      0x2be build/robotronik_protocol.o
 .debug_abbrev  0x0000000000000321      0x3b1 build/remote_call.o
 .debug_abbrev  0x00000000000006d2      0x295 build/tof.o
 .debug_abbrev  0x0000000000000967      0x2b2 build/system.o
 .debug_abbrev  0x0000000000000c19      0x285 build/pi_client.o
 .debug_abbrev  0x0000000000000e9e      0x380 build/vl53l0x_api.o
 .debug_abbrev  0x000000000000121e      0x365 build/vl53l0x_api_calibration.o
 .debug_abbrev  0x0000000000001583      0x38c build/vl53l0x_api_core.o
 .debug_abbrev  0x000000000000190f      0x2ae build/vl53l0x_platform.o
 .debug_abbrev  0x0000000000001bbd      0x371 build/usart.o
 .debug_abbrev  0x0000000000001f2e      0x344 build/main.o
 .debug_abbrev  0x0000000000002272      0x253 build/i2c.o
 .debug_abbrev  0x00000000000024c5      0x1fc build/stm32f4xx_hal_msp.o
 .debug_abbrev  0x00000000000026c1      0x3eb build/stm32f4xx_hal_cortex.o
 .debug_abbrev  0x0000000000002aac      0x2ed build/stm32f4xx_it.o
 .debug_abbrev  0x0000000000002d99      0x307 build/stm32f4xx_hal_tim_ex.o
 .debug_abbrev  0x00000000000030a0      0x33e build/stm32f4xx_hal_rcc.o
 .debug_abbrev  0x00000000000033de      0x21c build/gpio.o
 .debug_abbrev  0x00000000000035fa      0x2cd build/stm32f4xx_hal_gpio.o
 .debug_abbrev  0x00000000000038c7      0x1f5 build/system_stm32f4xx.o
 .debug_abbrev  0x0000000000003abc      0x328 build/stm32f4xx_hal_dma.o
 .debug_abbrev  0x0000000000003de4      0x33d build/stm32f4xx_hal_i2c.o
 .debug_abbrev  0x0000000000004121      0x2f0 build/stm32f4xx_hal.o
 .debug_abbrev  0x0000000000004411      0x31f build/stm32f4xx_hal_tim.o
 .debug_abbrev  0x0000000000004730      0x28b build/dma.o
 .debug_abbrev  0x00000000000049bb      0x31b build/stm32f4xx_ll_usart.o
 .debug_abbrev  0x0000000000004cd6      0x312 build/stm32f4xx_ll_rcc.o
 .debug_abbrev  0x0000000000004fe8      0x2e5 build/stm32f4xx_ll_gpio.o
 .debug_abbrev  0x00000000000052cd      0x27d build/tim.o
 .debug_abbrev  0x000000000000554a       0x12 build/startup_stm32f401xe.o

.debug_aranges  0x0000000000000000     0x1448
 .debug_aranges
                0x0000000000000000       0x18 build/crc_16.o
 .debug_aranges
                0x0000000000000018       0x98 build/robotronik_protocol.o
 .debug_aranges
                0x00000000000000b0       0x80 build/remote_call.o
 .debug_aranges
                0x0000000000000130       0x48 build/tof.o
 .debug_aranges
                0x0000000000000178       0x38 build/system.o
 .debug_aranges
                0x00000000000001b0       0x48 build/pi_client.o
 .debug_aranges
                0x00000000000001f8      0x330 build/vl53l0x_api.o
 .debug_aranges
                0x0000000000000528       0xd0 build/vl53l0x_api_calibration.o
 .debug_aranges
                0x00000000000005f8       0xe0 build/vl53l0x_api_core.o
 .debug_aranges
                0x00000000000006d8       0x78 build/vl53l0x_platform.o
 .debug_aranges
                0x0000000000000750       0x40 build/usart.o
 .debug_aranges
                0x0000000000000790       0x38 build/main.o
 .debug_aranges
                0x00000000000007c8       0x38 build/i2c.o
 .debug_aranges
                0x0000000000000800       0x20 build/stm32f4xx_hal_msp.o
 .debug_aranges
                0x0000000000000820       0xa8 build/stm32f4xx_hal_cortex.o
 .debug_aranges
                0x00000000000008c8       0x68 build/stm32f4xx_it.o
 .debug_aranges
                0x0000000000000930      0x140 build/stm32f4xx_hal_tim_ex.o
 .debug_aranges
                0x0000000000000a70       0x88 build/stm32f4xx_hal_rcc.o
 .debug_aranges
                0x0000000000000af8       0x20 build/gpio.o
 .debug_aranges
                0x0000000000000b18       0x58 build/stm32f4xx_hal_gpio.o
 .debug_aranges
                0x0000000000000b70       0x28 build/system_stm32f4xx.o
 .debug_aranges
                0x0000000000000b98       0x90 build/stm32f4xx_hal_dma.o
 .debug_aranges
                0x0000000000000c28      0x268 build/stm32f4xx_hal_i2c.o
 .debug_aranges
                0x0000000000000e90       0xe0 build/stm32f4xx_hal.o
 .debug_aranges
                0x0000000000000f70      0x368 build/stm32f4xx_hal_tim.o
 .debug_aranges
                0x00000000000012d8       0x20 build/dma.o
 .debug_aranges
                0x00000000000012f8       0x40 build/stm32f4xx_ll_usart.o
 .debug_aranges
                0x0000000000001338       0x78 build/stm32f4xx_ll_rcc.o
 .debug_aranges
                0x00000000000013b0       0x30 build/stm32f4xx_ll_gpio.o
 .debug_aranges
                0x00000000000013e0       0x40 build/tim.o
 .debug_aranges
                0x0000000000001420       0x28 build/startup_stm32f401xe.o

.debug_line     0x0000000000000000     0x9d17
 .debug_line    0x0000000000000000       0xa0 build/crc_16.o
 .debug_line    0x00000000000000a0      0x31d build/robotronik_protocol.o
 .debug_line    0x00000000000003bd      0x467 build/remote_call.o
 .debug_line    0x0000000000000824      0x300 build/tof.o
 .debug_line    0x0000000000000b24      0x302 build/system.o
 .debug_line    0x0000000000000e26      0x29f build/pi_client.o
 .debug_line    0x00000000000010c5      0xeb5 build/vl53l0x_api.o
 .debug_line    0x0000000000001f7a      0x794 build/vl53l0x_api_calibration.o
 .debug_line    0x000000000000270e      0x994 build/vl53l0x_api_core.o
 .debug_line    0x00000000000030a2      0x38d build/vl53l0x_platform.o
 .debug_line    0x000000000000342f      0x45e build/usart.o
 .debug_line    0x000000000000388d      0x4a3 build/main.o
 .debug_line    0x0000000000003d30      0x2a0 build/i2c.o
 .debug_line    0x0000000000003fd0      0x1cf build/stm32f4xx_hal_msp.o
 .debug_line    0x000000000000419f      0x42d build/stm32f4xx_hal_cortex.o
 .debug_line    0x00000000000045cc      0x453 build/stm32f4xx_it.o
 .debug_line    0x0000000000004a1f      0x7e3 build/stm32f4xx_hal_tim_ex.o
 .debug_line    0x0000000000005202      0x4b1 build/stm32f4xx_hal_rcc.o
 .debug_line    0x00000000000056b3      0x1e1 build/gpio.o
 .debug_line    0x0000000000005894      0x35d build/stm32f4xx_hal_gpio.o
 .debug_line    0x0000000000005bf1      0x1e1 build/system_stm32f4xx.o
 .debug_line    0x0000000000005dd2      0x530 build/stm32f4xx_hal_dma.o
 .debug_line    0x0000000000006302     0x13bc build/stm32f4xx_hal_i2c.o
 .debug_line    0x00000000000076be      0x3ed build/stm32f4xx_hal.o
 .debug_line    0x0000000000007aab     0x1205 build/stm32f4xx_hal_tim.o
 .debug_line    0x0000000000008cb0      0x1e9 build/dma.o
 .debug_line    0x0000000000008e99      0x33f build/stm32f4xx_ll_usart.o
 .debug_line    0x00000000000091d8      0x427 build/stm32f4xx_ll_rcc.o
 .debug_line    0x00000000000095ff      0x37a build/stm32f4xx_ll_gpio.o
 .debug_line    0x0000000000009979      0x32a build/tim.o
 .debug_line    0x0000000000009ca3       0x74 build/startup_stm32f401xe.o

.debug_str      0x0000000000000000     0x800d
 .debug_str     0x0000000000000000      0x13e build/crc_16.o
                                        0x17b (size before relaxing)
 .debug_str     0x000000000000013e      0x2bb build/robotronik_protocol.o
                                        0x465 (size before relaxing)
 .debug_str     0x00000000000003f9      0x6f5 build/remote_call.o
                                        0x9df (size before relaxing)
 .debug_str     0x0000000000000aee      0xd49 build/tof.o
                                       0x14a5 (size before relaxing)
 .debug_str     0x0000000000001837      0x2f4 build/system.o
                                        0xc0c (size before relaxing)
 .debug_str     0x0000000000001b2b       0xa4 build/pi_client.o
                                        0x85b (size before relaxing)
 .debug_str     0x0000000000001bcf     0x16e7 build/vl53l0x_api.o
                                       0x2c94 (size before relaxing)
 .debug_str     0x00000000000032b6      0x61c build/vl53l0x_api_calibration.o
                                       0x1d12 (size before relaxing)
 .debug_str     0x00000000000038d2      0xbe4 build/vl53l0x_api_core.o
                                       0x2344 (size before relaxing)
 .debug_str     0x00000000000044b6       0xbc build/vl53l0x_platform.o
                                       0x13b0 (size before relaxing)
 .debug_str     0x0000000000004572      0x865 build/usart.o
                                       0x1481 (size before relaxing)
 .debug_str     0x0000000000004dd7      0x321 build/main.o
                                       0x1f26 (size before relaxing)
 .debug_str     0x00000000000050f8       0x88 build/i2c.o
                                       0x10a8 (size before relaxing)
 .debug_str     0x0000000000005180       0x41 build/stm32f4xx_hal_msp.o
                                        0x9a5 (size before relaxing)
 .debug_str     0x00000000000051c1      0x29d build/stm32f4xx_hal_cortex.o
                                        0xeca (size before relaxing)
 .debug_str     0x000000000000545e      0x26b build/stm32f4xx_it.o
                                       0x104b (size before relaxing)
 .debug_str     0x00000000000056c9      0x65b build/stm32f4xx_hal_tim_ex.o
                                       0x1087 (size before relaxing)
 .debug_str     0x0000000000005d24      0x1cc build/stm32f4xx_hal_rcc.o
                                        0xae7 (size before relaxing)
 .debug_str     0x0000000000005ef0        0xb build/gpio.o
                                        0x7ad (size before relaxing)
 .debug_str     0x0000000000005efb      0x114 build/stm32f4xx_hal_gpio.o
                                        0x914 (size before relaxing)
 .debug_str     0x000000000000600f       0x42 build/system_stm32f4xx.o
                                        0x778 (size before relaxing)
 .debug_str     0x0000000000006051      0x2e2 build/stm32f4xx_hal_dma.o
                                        0xb88 (size before relaxing)
 .debug_str     0x0000000000006333      0x73c build/stm32f4xx_hal_i2c.o
                                       0x134d (size before relaxing)
 .debug_str     0x0000000000006a6f      0x277 build/stm32f4xx_hal.o
                                        0xe05 (size before relaxing)
 .debug_str     0x0000000000006ce6      0xbca build/stm32f4xx_hal_tim.o
                                       0x17c7 (size before relaxing)
 .debug_str     0x00000000000078b0       0x23 build/dma.o
                                        0xbe4 (size before relaxing)
 .debug_str     0x00000000000078d3      0x24f build/stm32f4xx_ll_usart.o
                                        0xa07 (size before relaxing)
 .debug_str     0x0000000000007b22      0x388 build/stm32f4xx_ll_rcc.o
                                        0xafd (size before relaxing)
 .debug_str     0x0000000000007eaa      0x128 build/stm32f4xx_ll_gpio.o
                                        0x8bd (size before relaxing)
 .debug_str     0x0000000000007fd2       0x19 build/tim.o
                                       0x119f (size before relaxing)
 .debug_str     0x0000000000007feb       0x22 build/startup_stm32f401xe.o
                                         0x70 (size before relaxing)

.comment        0x0000000000000000       0x1d
 .comment       0x0000000000000000       0x1d build/crc_16.o
                                         0x1e (size before relaxing)
 .comment       0x000000000000001d       0x1e build/robotronik_protocol.o
 .comment       0x000000000000001d       0x1e build/remote_call.o
 .comment       0x000000000000001d       0x1e build/tof.o
 .comment       0x000000000000001d       0x1e build/system.o
 .comment       0x000000000000001d       0x1e build/pi_client.o
 .comment       0x000000000000001d       0x1e build/vl53l0x_api.o
 .comment       0x000000000000001d       0x1e build/vl53l0x_api_calibration.o
 .comment       0x000000000000001d       0x1e build/vl53l0x_api_core.o
 .comment       0x000000000000001d       0x1e build/vl53l0x_platform.o
 .comment       0x000000000000001d       0x1e build/usart.o