Archive member included to satisfy reference by file (symbol)

/usr/lib/gcc/arm-none-eabi/7.3.0/../../../../arm-none-eabi/lib/armv7e-m/fpu/libc_nano.a(lib_a-atexit.o)
                              /usr/lib/gcc/arm-none-eabi/7.3.0/../../../../arm-none-eabi/lib/armv7e-m/fpu/crt0.o (atexit)
/usr/lib/gcc/arm-none-eabi/7.3.0/../../../../arm-none-eabi/lib/armv7e-m/fpu/libc_nano.a(lib_a-exit.o)
                              /usr/lib/gcc/arm-none-eabi/7.3.0/../../../../arm-none-eabi/lib/armv7e-m/fpu/crt0.o (exit)
/usr/lib/gcc/arm-none-eabi/7.3.0/../../../../arm-none-eabi/lib/armv7e-m/fpu/libc_nano.a(lib_a-fini.o)
                              /usr/lib/gcc/arm-none-eabi/7.3.0/../../../../arm-none-eabi/lib/armv7e-m/fpu/crt0.o (__libc_fini_array)
/usr/lib/gcc/arm-none-eabi/7.3.0/../../../../arm-none-eabi/lib/armv7e-m/fpu/libc_nano.a(lib_a-impure.o)
                              /usr/lib/gcc/arm-none-eabi/7.3.0/../../../../arm-none-eabi/lib/armv7e-m/fpu/libc_nano.a(lib_a-exit.o) (_global_impure_ptr)
/usr/lib/gcc/arm-none-eabi/7.3.0/../../../../arm-none-eabi/lib/armv7e-m/fpu/libc_nano.a(lib_a-init.o)
                              /usr/lib/gcc/arm-none-eabi/7.3.0/../../../../arm-none-eabi/lib/armv7e-m/fpu/crt0.o (__libc_init_array)
/usr/lib/gcc/arm-none-eabi/7.3.0/../../../../arm-none-eabi/lib/armv7e-m/fpu/libc_nano.a(lib_a-memset.o)
                              /usr/lib/gcc/arm-none-eabi/7.3.0/../../../../arm-none-eabi/lib/armv7e-m/fpu/crt0.o (memset)
/usr/lib/gcc/arm-none-eabi/7.3.0/../../../../arm-none-eabi/lib/armv7e-m/fpu/libc_nano.a(lib_a-__atexit.o)
                              /usr/lib/gcc/arm-none-eabi/7.3.0/../../../../arm-none-eabi/lib/armv7e-m/fpu/libc_nano.a(lib_a-atexit.o) (__register_exitproc)
/usr/lib/gcc/arm-none-eabi/7.3.0/../../../../arm-none-eabi/lib/armv7e-m/fpu/libc_nano.a(lib_a-__call_atexit.o)
                              /usr/lib/gcc/arm-none-eabi/7.3.0/../../../../arm-none-eabi/lib/armv7e-m/fpu/libc_nano.a(lib_a-__atexit.o) (__call_exitprocs)
/usr/lib/gcc/arm-none-eabi/7.3.0/../../../../arm-none-eabi/lib/armv7e-m/fpu/libm.a(lib_a-s_cos.o)
                              build/main.o (cos)
/usr/lib/gcc/arm-none-eabi/7.3.0/../../../../arm-none-eabi/lib/armv7e-m/fpu/libm.a(lib_a-s_sin.o)
                              build/main.o (sin)
/usr/lib/gcc/arm-none-eabi/7.3.0/../../../../arm-none-eabi/lib/armv7e-m/fpu/libm.a(lib_a-e_rem_pio2.o)
                              /usr/lib/gcc/arm-none-eabi/7.3.0/../../../../arm-none-eabi/lib/armv7e-m/fpu/libm.a(lib_a-s_cos.o) (__ieee754_rem_pio2)
/usr/lib/gcc/arm-none-eabi/7.3.0/../../../../arm-none-eabi/lib/armv7e-m/fpu/libm.a(lib_a-k_cos.o)
                              /usr/lib/gcc/arm-none-eabi/7.3.0/../../../../arm-none-eabi/lib/armv7e-m/fpu/libm.a(lib_a-s_cos.o) (__kernel_cos)
/usr/lib/gcc/arm-none-eabi/7.3.0/../../../../arm-none-eabi/lib/armv7e-m/fpu/libm.a(lib_a-k_rem_pio2.o)
                              /usr/lib/gcc/arm-none-eabi/7.3.0/../../../../arm-none-eabi/lib/armv7e-m/fpu/libm.a(lib_a-e_rem_pio2.o) (__kernel_rem_pio2)
/usr/lib/gcc/arm-none-eabi/7.3.0/../../../../arm-none-eabi/lib/armv7e-m/fpu/libm.a(lib_a-k_sin.o)
                              /usr/lib/gcc/arm-none-eabi/7.3.0/../../../../arm-none-eabi/lib/armv7e-m/fpu/libm.a(lib_a-s_cos.o) (__kernel_sin)
/usr/lib/gcc/arm-none-eabi/7.3.0/../../../../arm-none-eabi/lib/armv7e-m/fpu/libm.a(lib_a-s_fabs.o)
                              /usr/lib/gcc/arm-none-eabi/7.3.0/../../../../arm-none-eabi/lib/armv7e-m/fpu/libm.a(lib_a-e_rem_pio2.o) (fabs)
/usr/lib/gcc/arm-none-eabi/7.3.0/../../../../arm-none-eabi/lib/armv7e-m/fpu/libm.a(lib_a-s_floor.o)
                              /usr/lib/gcc/arm-none-eabi/7.3.0/../../../../arm-none-eabi/lib/armv7e-m/fpu/libm.a(lib_a-k_rem_pio2.o) (floor)
/usr/lib/gcc/arm-none-eabi/7.3.0/../../../../arm-none-eabi/lib/armv7e-m/fpu/libm.a(lib_a-s_scalbn.o)
                              /usr/lib/gcc/arm-none-eabi/7.3.0/../../../../arm-none-eabi/lib/armv7e-m/fpu/libm.a(lib_a-k_rem_pio2.o) (scalbn)
/usr/lib/gcc/arm-none-eabi/7.3.0/../../../../arm-none-eabi/lib/armv7e-m/fpu/libm.a(lib_a-s_copysign.o)
                              /usr/lib/gcc/arm-none-eabi/7.3.0/../../../../arm-none-eabi/lib/armv7e-m/fpu/libm.a(lib_a-s_scalbn.o) (copysign)
/usr/lib/gcc/arm-none-eabi/7.3.0/../../../../arm-none-eabi/lib/armv7e-m/fpu/libnosys.a(_exit.o)
                              /usr/lib/gcc/arm-none-eabi/7.3.0/../../../../arm-none-eabi/lib/armv7e-m/fpu/libc_nano.a(lib_a-exit.o) (_exit)
/usr/lib/gcc/arm-none-eabi/7.3.0/armv7e-m/fpu/libgcc.a(_arm_addsubdf3.o)
                              build/main.o (__aeabi_dsub)
/usr/lib/gcc/arm-none-eabi/7.3.0/armv7e-m/fpu/libgcc.a(_arm_muldivdf3.o)
                              build/main.o (__aeabi_dmul)
/usr/lib/gcc/arm-none-eabi/7.3.0/armv7e-m/fpu/libgcc.a(_arm_cmpdf2.o)
                              /usr/lib/gcc/arm-none-eabi/7.3.0/../../../../arm-none-eabi/lib/armv7e-m/fpu/libm.a(lib_a-e_rem_pio2.o) (__aeabi_dcmpeq)
[...]
Memory Configuration

Name             Origin             Length             Attributes
RAM              0x0000000020000000 0x0000000000003000 xrw
CCMRAM           0x0000000010000000 0x0000000000001000 rw
FLASH            0x0000000008000000 0x0000000000010000 xr
*default*        0x0000000000000000 0xffffffffffffffff

Linker script and memory map

LOAD /usr/lib/gcc/arm-none-eabi/7.3.0/armv7e-m/fpu/crti.o
LOAD /usr/lib/gcc/arm-none-eabi/7.3.0/armv7e-m/fpu/crtbegin.o
LOAD /usr/lib/gcc/arm-none-eabi/7.3.0/../../../../arm-none-eabi/lib/armv7e-m/fpu/crt0.o
LOAD build/Robotronik_corp_pid.o
LOAD build/stm32f3xx_hal_uart_ex.o
LOAD build/stm32f3xx_it.o
LOAD build/stm32f3xx_hal_dma.o
LOAD build/stm32f3xx_hal_rcc_ex.o
LOAD build/stm32f3xx_hal_msp.o
LOAD build/main.o
LOAD build/stm32f3xx_hal_pwr.o
LOAD build/stm32f3xx_hal_flash_ex.o
LOAD build/stm32f3xx_hal_gpio.o
LOAD build/stm32f3xx_hal.o
LOAD build/stm32f3xx_hal_pwr_ex.o
LOAD build/system_stm32f3xx.o
LOAD build/stm32f3xx_hal_i2c_ex.o
LOAD build/stm32f3xx_hal_cortex.o
LOAD build/stm32f3xx_hal_i2c.o
LOAD build/stm32f3xx_hal_flash.o
LOAD build/stm32f3xx_hal_tim_ex.o
LOAD build/stm32f3xx_hal_tim.o
LOAD build/stm32f3xx_hal_uart.o
LOAD build/stm32f3xx_hal_rcc.o
LOAD build/startup_stm32f303x8.o
LOAD /usr/lib/gcc/arm-none-eabi/7.3.0/../../../../arm-none-eabi/lib/armv7e-m/fpu/libc_nano.a
LOAD /usr/lib/gcc/arm-none-eabi/7.3.0/../../../../arm-none-eabi/lib/armv7e-m/fpu/libm.a
LOAD /usr/lib/gcc/arm-none-eabi/7.3.0/../../../../arm-none-eabi/lib/armv7e-m/fpu/libnosys.a
START GROUP
LOAD /usr/lib/gcc/arm-none-eabi/7.3.0/armv7e-m/fpu/libgcc.a
LOAD /usr/lib/gcc/arm-none-eabi/7.3.0/../../../../arm-none-eabi/lib/armv7e-m/fpu/libc_nano.a
END GROUP
START GROUP
LOAD /usr/lib/gcc/arm-none-eabi/7.3.0/armv7e-m/fpu/libgcc.a
LOAD /usr/lib/gcc/arm-none-eabi/7.3.0/../../../../arm-none-eabi/lib/armv7e-m/fpu/libc_nano.a
END GROUP
LOAD /usr/lib/gcc/arm-none-eabi/7.3.0/armv7e-m/fpu/crtend.o
LOAD /usr/lib/gcc/arm-none-eabi/7.3.0/armv7e-m/fpu/crtn.o
                0x0000000020003000                _estack = 0x20003000
                0x0000000000000200                _Min_Heap_Size = 0x200
                0x0000000000000400                _Min_Stack_Size = 0x400

.isr_vector     0x0000000008000000      0x188
                0x0000000008000000                . = ALIGN (0x4)
 *(.isr_vector)
 .isr_vector    0x0000000008000000      0x188 build/startup_stm32f303x8.o
                0x0000000008000000                g_pfnVectors
                0x0000000008000188                . = ALIGN (0x4)

.text           0x0000000008000188     0x46c8
                0x0000000008000188                . = ALIGN (0x4)
 *(.text)
 .text          0x0000000008000188      0x378 /usr/lib/gcc/arm-none-eabi/7.3.0/armv7e-m/fpu/libgcc.a(_arm_addsubdf3.o)
                0x0000000008000188                __aeabi_drsub
                0x0000000008000190                __aeabi_dsub
                0x0000000008000190                __subdf3
                0x0000000008000194                __adddf3
                0x0000000008000194                __aeabi_dadd
                0x000000000800040c                __aeabi_ui2d
                0x000000000800040c                __floatunsidf
                0x000000000800042c                __floatsidf
                0x000000000800042c                __aeabi_i2d
                0x0000000008000450                __extendsfdf2
                0x0000000008000450                __aeabi_f2d
                0x0000000008000494                __aeabi_ul2d
                0x0000000008000494                __floatundidf
                0x00000000080004a4                __floatdidf
                0x00000000080004a4                __aeabi_l2d
 .text          0x0000000008000500      0x424 /usr/lib/gcc/arm-none-eabi/7.3.0/armv7e-m/fpu/libgcc.a(_arm_muldivdf3.o)
                0x0000000008000500                __aeabi_dmul
                0x0000000008000500                __muldf3
                0x0000000008000754                __aeabi_ddiv
                0x0000000008000754                __divdf3
 .text          0x0000000008000924      0x110 /usr/lib/gcc/arm-none-eabi/7.3.0/armv7e-m/fpu/libgcc.a(_arm_cmpdf2.o)
                0x0000000008000924                __gtdf2
                0x0000000008000924                __gedf2
                0x000000000800092c                __ltdf2
                0x000000000800092c                __ledf2
                0x0000000008000934                __cmpdf2
                0x0000000008000934                __eqdf2
                0x0000000008000934                __nedf2
                0x00000000080009b0                __aeabi_cdrcmple
                0x00000000080009c0                __aeabi_cdcmple
                0x00000000080009c0                __aeabi_cdcmpeq
                0x00000000080009d0                __aeabi_dcmpeq
                0x00000000080009e4                __aeabi_dcmplt
                0x00000000080009f8                __aeabi_dcmple
                0x0000000008000a0c                __aeabi_dcmpge
                0x0000000008000a20                __aeabi_dcmpgt
 .text          0x0000000008000a34       0x50 /usr/lib/gcc/arm-none-eabi/7.3.0/armv7e-m/fpu/libgcc.a(_arm_fixdfsi.o)
                0x0000000008000a34                __fixdfsi
                0x0000000008000a34                __aeabi_d2iz
 .text          0x0000000008000a84       0x40 /usr/lib/gcc/arm-none-eabi/7.3.0/armv7e-m/fpu/libgcc.a(_arm_fixunsdfsi.o)
                0x0000000008000a84                __fixunsdfsi
                0x0000000008000a84                __aeabi_d2uiz
 .text          0x0000000008000ac4       0xa0 /usr/lib/gcc/arm-none-eabi/7.3.0/armv7e-m/fpu/libgcc.a(_arm_truncdfsf2.o)
                0x0000000008000ac4                __aeabi_d2f
                0x0000000008000ac4                __truncdfsf2
 *(.text*)
 .text.__do_global_dtors_aux
                0x0000000008000b64       0x24 /usr/lib/gcc/arm-none-eabi/7.3.0/armv7e-m/fpu/crtbegin.o
 .text.frame_dummy
                0x0000000008000b88       0x1c /usr/lib/gcc/arm-none-eabi/7.3.0/armv7e-m/fpu/crtbegin.o
 .text.pid_init
                0x0000000008000ba4        0x8 build/Robotronik_corp_pid.o
                0x0000000008000ba4                pid_init
 .text.pid      0x0000000008000bac       0x4e build/Robotronik_corp_pid.o
                0x0000000008000bac                pid
 .text.NMI_Handler
                0x0000000008000bfa        0x2 build/stm32f3xx_it.o
                0x0000000008000bfa                NMI_Handler
 .text.HardFault_Handler
                0x0000000008000bfc        0x2 build/stm32f3xx_it.o
                0x0000000008000bfc                HardFault_Handler
 .text.MemManage_Handler
                0x0000000008000bfe        0x2 build/stm32f3xx_it.o
                0x0000000008000bfe                MemManage_Handler
 .text.BusFault_Handler
                0x0000000008000c00        0x2 build/stm32f3xx_it.o
                0x0000000008000c00                BusFault_Handler
 .text.UsageFault_Handler
                0x0000000008000c02        0x2 build/stm32f3xx_it.o
                0x0000000008000c02                UsageFault_Handler
 .text.SVC_Handler
                0x0000000008000c04        0x2 build/stm32f3xx_it.o
                0x0000000008000c04                SVC_Handler
 .text.DebugMon_Handler
                0x0000000008000c06        0x2 build/stm32f3xx_it.o
                0x0000000008000c06                DebugMon_Handler
 .text.PendSV_Handler
                0x0000000008000c08        0x2 build/stm32f3xx_it.o
                0x0000000008000c08                PendSV_Handler
 .text.SysTick_Handler
                0x0000000008000c0a        0xc build/stm32f3xx_it.o
                0x0000000008000c0a                SysTick_Handler
 *fill*         0x0000000008000c16        0x2 
 .text.TIM1_CC_IRQHandler
                0x0000000008000c18       0x10 build/stm32f3xx_it.o
                0x0000000008000c18                TIM1_CC_IRQHandler
 .text.TIM2_IRQHandler
                0x0000000008000c28       0x10 build/stm32f3xx_it.o
                0x0000000008000c28                TIM2_IRQHandler
 .text.HAL_RCCEx_PeriphCLKConfig
                0x0000000008000c38      0x198 build/stm32f3xx_hal_rcc_ex.o
                0x0000000008000c38                HAL_RCCEx_PeriphCLKConfig
 .text.HAL_MspInit
                0x0000000008000dd0       0x7c build/stm32f3xx_hal_msp.o
                0x0000000008000dd0                HAL_MspInit
 .text.HAL_I2C_MspInit
                0x0000000008000e4c       0x54 build/stm32f3xx_hal_msp.o
                0x0000000008000e4c                HAL_I2C_MspInit
 .text.HAL_TIM_Encoder_MspInit
                0x0000000008000ea0       0xa8 build/stm32f3xx_hal_msp.o
                0x0000000008000ea0                HAL_TIM_Encoder_MspInit
 .text.HAL_TIM_Base_MspInit
                0x0000000008000f48       0x2c build/stm32f3xx_hal_msp.o
                0x0000000008000f48                HAL_TIM_Base_MspInit
 .text.HAL_TIM_MspPostInit
                0x0000000008000f74       0x48 build/stm32f3xx_hal_msp.o
                0x0000000008000f74                HAL_TIM_MspPostInit
 .text.HAL_UART_MspInit
                0x0000000008000fbc       0x4c build/stm32f3xx_hal_msp.o
                0x0000000008000fbc                HAL_UART_MspInit
 .text.MX_GPIO_Init
                0x0000000008001008       0xa0 build/main.o
 .text.motor_1  0x00000000080010a8       0xb4 build/main.o
                0x00000000080010a8                motor_1
 *fill*         0x000000000800115c        0x4 
 .text.motor_2  0x0000000008001160       0xb4 build/main.o
                0x0000000008001160                motor_2
 *fill*         0x0000000008001214        0x4 
 .text.HAL_TIM_IC_CaptureCallback
                0x0000000008001218      0x1a0 build/main.o
                0x0000000008001218                HAL_TIM_IC_CaptureCallback
 .text._Error_Handler
                0x00000000080013b8        0x2 build/main.o
                0x00000000080013b8                _Error_Handler
 *fill*         0x00000000080013ba        0x2 
 .text.MX_I2C1_Init
                0x00000000080013bc       0x68 build/main.o
 .text.MX_TIM1_Init
                0x0000000008001424       0x74 build/main.o
 .text.MX_TIM2_Init
                0x0000000008001498       0x6c build/main.o
 .text.MX_USART2_UART_Init
                0x0000000008001504       0x40 build/main.o
 .text.MX_TIM3_Init
                0x0000000008001544       0xc4 build/main.o
 .text.SystemClock_Config
                0x0000000008001608       0xa4 build/main.o
                0x0000000008001608                SystemClock_Config
 .text.main     0x00000000080016ac      0x154 build/main.o
                0x00000000080016ac                main
 .text.HAL_GPIO_Init
                0x0000000008001800      0x188 build/stm32f3xx_hal_gpio.o
                0x0000000008001800                HAL_GPIO_Init
 .text.HAL_GPIO_WritePin
                0x0000000008001988        0xa build/stm32f3xx_hal_gpio.o
                0x0000000008001988                HAL_GPIO_WritePin
 *fill*         0x0000000008001992        0x2 
 .text.HAL_InitTick
                0x0000000008001994       0x2c build/stm32f3xx_hal.o
                0x0000000008001994                HAL_InitTick
 .text.HAL_Init
                0x00000000080019c0       0x24 build/stm32f3xx_hal.o
                0x00000000080019c0                HAL_Init
 .text.HAL_IncTick
                0x00000000080019e4       0x10 build/stm32f3xx_hal.o
                0x00000000080019e4                HAL_IncTick
 .text.HAL_GetTick
                0x00000000080019f4        0xc build/stm32f3xx_hal.o
                0x00000000080019f4                HAL_GetTick
 .text.HAL_Delay
                0x0000000008001a00       0x24 build/stm32f3xx_hal.o
                0x0000000008001a00                HAL_Delay
 .text.SystemInit
                0x0000000008001a24       0x68 build/system_stm32f3xx.o
                0x0000000008001a24                SystemInit
 .text.HAL_I2CEx_ConfigAnalogFilter
                0x0000000008001a8c       0x5c build/stm32f3xx_hal_i2c_ex.o
                0x0000000008001a8c                HAL_I2CEx_ConfigAnalogFilter
 .text.HAL_I2CEx_ConfigDigitalFilter
                0x0000000008001ae8       0x58 build/stm32f3xx_hal_i2c_ex.o
                0x0000000008001ae8                HAL_I2CEx_ConfigDigitalFilter
 .text.HAL_NVIC_SetPriorityGrouping
                0x0000000008001b40       0x24 build/stm32f3xx_hal_cortex.o
                0x0000000008001b40                HAL_NVIC_SetPriorityGrouping
 .text.HAL_NVIC_SetPriority
                0x0000000008001b64       0x68 build/stm32f3xx_hal_cortex.o
                0x0000000008001b64                HAL_NVIC_SetPriority
 .text.HAL_NVIC_EnableIRQ
                0x0000000008001bcc       0x18 build/stm32f3xx_hal_cortex.o
                0x0000000008001bcc                HAL_NVIC_EnableIRQ
 .text.HAL_SYSTICK_Config
                0x0000000008001be4       0x2c build/stm32f3xx_hal_cortex.o
                0x0000000008001be4                HAL_SYSTICK_Config
 .text.HAL_SYSTICK_CLKSourceConfig
                0x0000000008001c10       0x20 build/stm32f3xx_hal_cortex.o
                0x0000000008001c10                HAL_SYSTICK_CLKSourceConfig
 .text.HAL_SYSTICK_Callback
                0x0000000008001c30        0x2 build/stm32f3xx_hal_cortex.o
                0x0000000008001c30                HAL_SYSTICK_Callback
 .text.HAL_SYSTICK_IRQHandler
                0x0000000008001c32        0x8 build/stm32f3xx_hal_cortex.o
                0x0000000008001c32                HAL_SYSTICK_IRQHandler
 .text.HAL_I2C_Init
                0x0000000008001c3a       0xbc build/stm32f3xx_hal_i2c.o
                0x0000000008001c3a                HAL_I2C_Init
 *fill*         0x0000000008001cf6        0x2 
 .text.TIM_OC5_SetConfig
                0x0000000008001cf8       0x60 build/stm32f3xx_hal_tim_ex.o
 .text.TIM_OC6_SetConfig
                0x0000000008001d58       0x64 build/stm32f3xx_hal_tim_ex.o
 .text.HAL_TIM_PWM_ConfigChannel
                0x0000000008001dbc      0x134 build/stm32f3xx_hal_tim_ex.o
                0x0000000008001dbc                HAL_TIM_PWM_ConfigChannel
 .text.HAL_TIMEx_MasterConfigSynchronization
                0x0000000008001ef0       0x50 build/stm32f3xx_hal_tim_ex.o
                0x0000000008001ef0                HAL_TIMEx_MasterConfigSynchronization
 .text.HAL_TIMEx_CommutationCallback
                0x0000000008001f40        0x2 build/stm32f3xx_hal_tim_ex.o
                0x0000000008001f40                HAL_TIMEx_CommutationCallback
 .text.HAL_TIMEx_BreakCallback
                0x0000000008001f42        0x2 build/stm32f3xx_hal_tim_ex.o
                0x0000000008001f42                HAL_TIMEx_BreakCallback
 .text.HAL_TIMEx_Break2Callback
                0x0000000008001f44        0x2 build/stm32f3xx_hal_tim_ex.o
                0x0000000008001f44                HAL_TIMEx_Break2Callback
 .text.TIM_TI1_ConfigInputStage
                0x0000000008001f46       0x26 build/stm32f3xx_hal_tim.o
 .text.TIM_TI2_ConfigInputStage
                0x0000000008001f6c       0x28 build/stm32f3xx_hal_tim.o
 .text.TIM_ITRx_SetConfig
                0x0000000008001f94       0x10 build/stm32f3xx_hal_tim.o
 .text.HAL_TIM_PWM_MspInit
                0x0000000008001fa4        0x2 build/stm32f3xx_hal_tim.o
                0x0000000008001fa4                HAL_TIM_PWM_MspInit
 .text.HAL_TIM_PeriodElapsedCallback
                0x0000000008001fa6        0x2 build/stm32f3xx_hal_tim.o
                0x0000000008001fa6                HAL_TIM_PeriodElapsedCallback
 .text.HAL_TIM_OC_DelayElapsedCallback
                0x0000000008001fa8        0x2 build/stm32f3xx_hal_tim.o
                0x0000000008001fa8                HAL_TIM_OC_DelayElapsedCallback
 .text.HAL_TIM_PWM_PulseFinishedCallback
                0x0000000008001faa        0x2 build/stm32f3xx_hal_tim.o
                0x0000000008001faa                HAL_TIM_PWM_PulseFinishedCallback
 .text.HAL_TIM_TriggerCallback
                0x0000000008001fac        0x2 build/stm32f3xx_hal_tim.o
                0x0000000008001fac                HAL_TIM_TriggerCallback
 .text.HAL_TIM_IRQHandler
                0x0000000008001fae      0x19a build/stm32f3xx_hal_tim.o
                0x0000000008001fae                HAL_TIM_IRQHandler
 .text.TIM_Base_SetConfig
                0x0000000008002148       0x90 build/stm32f3xx_hal_tim.o
                0x0000000008002148                TIM_Base_SetConfig
 .text.HAL_TIM_Base_Init
                0x00000000080021d8       0x32 build/stm32f3xx_hal_tim.o
                0x00000000080021d8                HAL_TIM_Base_Init
 .text.HAL_TIM_PWM_Init
                0x000000000800220a       0x32 build/stm32f3xx_hal_tim.o
                0x000000000800220a                HAL_TIM_PWM_Init
 .text.HAL_TIM_Encoder_Init
                0x000000000800223c       0x9c build/stm32f3xx_hal_tim.o
                0x000000000800223c                HAL_TIM_Encoder_Init
 .text.TIM_OC1_SetConfig
                0x00000000080022d8       0x8c build/stm32f3xx_hal_tim.o
                0x00000000080022d8                TIM_OC1_SetConfig
 .text.TIM_OC2_SetConfig
                0x0000000008002364       0x80 build/stm32f3xx_hal_tim.o
                0x0000000008002364                TIM_OC2_SetConfig
 .text.TIM_OC3_SetConfig
                0x00000000080023e4       0x7c build/stm32f3xx_hal_tim.o
                0x00000000080023e4                TIM_OC3_SetConfig
 .text.TIM_OC4_SetConfig
                0x0000000008002460       0x64 build/stm32f3xx_hal_tim.o
                0x0000000008002460                TIM_OC4_SetConfig
 .text.TIM_ETR_SetConfig
                0x00000000080024c4       0x18 build/stm32f3xx_hal_tim.o
                0x00000000080024c4                TIM_ETR_SetConfig
 .text.HAL_TIM_ConfigClockSource
                0x00000000080024dc      0x118 build/stm32f3xx_hal_tim.o
                0x00000000080024dc                HAL_TIM_ConfigClockSource
 .text.TIM_CCxChannelCmd
                0x00000000080025f4       0x1e build/stm32f3xx_hal_tim.o
                0x00000000080025f4                TIM_CCxChannelCmd
 *fill*         0x0000000008002612        0x2 
 .text.HAL_TIM_PWM_Start
                0x0000000008002614       0x48 build/stm32f3xx_hal_tim.o
                0x0000000008002614                HAL_TIM_PWM_Start
 .text.HAL_TIM_Encoder_Start_IT
                0x000000000800265c       0x6c build/stm32f3xx_hal_tim.o
                0x000000000800265c                HAL_TIM_Encoder_Start_IT
 .text.UART_SetConfig
                0x00000000080026c8      0x1b8 build/stm32f3xx_hal_uart.o
                0x00000000080026c8                UART_SetConfig
 .text.UART_AdvFeatureConfig
                0x0000000008002880       0xca build/stm32f3xx_hal_uart.o
                0x0000000008002880                UART_AdvFeatureConfig
 .text.UART_WaitOnFlagUntilTimeout
                0x000000000800294a       0x62 build/stm32f3xx_hal_uart.o
                0x000000000800294a                UART_WaitOnFlagUntilTimeout
 .text.UART_CheckIdleState
                0x00000000080029ac       0x70 build/stm32f3xx_hal_uart.o
                0x00000000080029ac                UART_CheckIdleState
 .text.HAL_UART_Init
                0x0000000008002a1c       0x66 build/stm32f3xx_hal_uart.o
                0x0000000008002a1c                HAL_UART_Init
 *fill*         0x0000000008002a82        0x2 
 .text.HAL_RCC_OscConfig
                0x0000000008002a84      0x610 build/stm32f3xx_hal_rcc.o
                0x0000000008002a84                HAL_RCC_OscConfig
 .text.HAL_RCC_GetSysClockFreq
                0x0000000008003094       0x70 build/stm32f3xx_hal_rcc.o
                0x0000000008003094                HAL_RCC_GetSysClockFreq
 .text.HAL_RCC_ClockConfig
                0x0000000008003104      0x1d4 build/stm32f3xx_hal_rcc.o
                0x0000000008003104                HAL_RCC_ClockConfig
 .text.HAL_RCC_GetHCLKFreq
                0x00000000080032d8        0xc build/stm32f3xx_hal_rcc.o
                0x00000000080032d8                HAL_RCC_GetHCLKFreq
 .text.HAL_RCC_GetPCLK1Freq
                0x00000000080032e4       0x2c build/stm32f3xx_hal_rcc.o
                0x00000000080032e4                HAL_RCC_GetPCLK1Freq
 .text.HAL_RCC_GetPCLK2Freq
                0x0000000008003310       0x2c build/stm32f3xx_hal_rcc.o
                0x0000000008003310                HAL_RCC_GetPCLK2Freq
 .text.Reset_Handler
                0x000000000800333c       0x50 build/startup_stm32f303x8.o
                0x000000000800333c                Reset_Handler
 .text.Default_Handler
                0x000000000800338c        0x2 build/startup_stm32f303x8.o
                0x000000000800338c                RTC_Alarm_IRQHandler
                0x000000000800338c                PVD_IRQHandler
                0x000000000800338c                TAMP_STAMP_IRQHandler
                0x000000000800338c                EXTI3_IRQHandler
                0x000000000800338c                EXTI0_IRQHandler
                0x000000000800338c                FPU_IRQHandler
                0x000000000800338c                CAN_TX_IRQHandler
                0x000000000800338c                TIM1_UP_TIM16_IRQHandler
                0x000000000800338c                ADC1_2_IRQHandler
                0x000000000800338c                SPI1_IRQHandler
                0x000000000800338c                CAN_SCE_IRQHandler
                0x000000000800338c                DMA1_Channel4_IRQHandler
                0x000000000800338c                USART3_IRQHandler
                0x000000000800338c                DMA1_Channel7_IRQHandler
                0x000000000800338c                TIM7_DAC2_IRQHandler
                0x000000000800338c                CAN_RX1_IRQHandler
                0x000000000800338c                I2C1_EV_IRQHandler
                0x000000000800338c                DMA1_Channel6_IRQHandler
                0x000000000800338c                TIM3_IRQHandler
                0x000000000800338c                RCC_IRQHandler
                0x000000000800338c                DMA1_Channel1_IRQHandler
                0x000000000800338c                Default_Handler
                0x000000000800338c                EXTI15_10_IRQHandler
                0x000000000800338c                COMP2_IRQHandler
                0x000000000800338c                TIM6_DAC1_IRQHandler
                0x000000000800338c                EXTI9_5_IRQHandler
                0x000000000800338c                RTC_WKUP_IRQHandler
                0x000000000800338c                DMA1_Channel5_IRQHandler
                0x000000000800338c                EXTI4_IRQHandler
                0x000000000800338c                TIM1_TRG_COM_TIM17_IRQHandler
                0x000000000800338c                DMA1_Channel3_IRQHandler
                0x000000000800338c                WWDG_IRQHandler
                0x000000000800338c                EXTI1_IRQHandler
                0x000000000800338c                COMP4_6_IRQHandler
                0x000000000800338c                USART2_IRQHandler
                0x000000000800338c                DMA1_Channel2_IRQHandler
                0x000000000800338c                FLASH_IRQHandler
                0x000000000800338c                USART1_IRQHandler
                0x000000000800338c                CAN_RX0_IRQHandler
                0x000000000800338c                I2C1_ER_IRQHandler
                0x000000000800338c                EXTI2_TSC_IRQHandler
                0x000000000800338c                TIM1_BRK_TIM15_IRQHandler
 *fill*         0x000000000800338e        0x2 
 .text.__libc_init_array
                0x0000000008003390       0x48 /usr/lib/gcc/arm-none-eabi/7.3.0/../../../../arm-none-eabi/lib/armv7e-m/fpu/libc_nano.a(lib_a-init.o)
                0x0000000008003390                __libc_init_array
 .text.cos      0x00000000080033d8       0xc0 /usr/lib/gcc/arm-none-eabi/7.3.0/../../../../arm-none-eabi/lib/armv7e-m/fpu/libm.a(lib_a-s_cos.o)
                0x00000000080033d8                cos
 .text.sin      0x0000000008003498       0xc0 /usr/lib/gcc/arm-none-eabi/7.3.0/../../../../arm-none-eabi/lib/armv7e-m/fpu/libm.a(lib_a-s_sin.o)
                0x0000000008003498                sin
 .text.__ieee754_rem_pio2
                0x0000000008003558      0x454 /usr/lib/gcc/arm-none-eabi/7.3.0/../../../../arm-none-eabi/lib/armv7e-m/fpu/libm.a(lib_a-e_rem_pio2.o)
                0x0000000008003558                __ieee754_rem_pio2
 *fill*         0x00000000080039ac        0x4 
 .text.__kernel_cos
                0x00000000080039b0      0x284 /usr/lib/gcc/arm-none-eabi/7.3.0/../../../../arm-none-eabi/lib/armv7e-m/fpu/libm.a(lib_a-k_cos.o)
                0x00000000080039b0                __kernel_cos
 *fill*         0x0000000008003c34        0x4 
 .text.__kernel_rem_pio2
                0x0000000008003c38      0x818 /usr/lib/gcc/arm-none-eabi/7.3.0/../../../../arm-none-eabi/lib/armv7e-m/fpu/libm.a(lib_a-k_rem_pio2.o)
                0x0000000008003c38                __kernel_rem_pio2
 .text.__kernel_sin
                0x0000000008004450      0x194 /usr/lib/gcc/arm-none-eabi/7.3.0/../../../../arm-none-eabi/lib/armv7e-m/fpu/libm.a(lib_a-k_sin.o)
                0x0000000008004450                __kernel_sin
 .text.fabs     0x00000000080045e4       0x14 /usr/lib/gcc/arm-none-eabi/7.3.0/../../../../arm-none-eabi/lib/armv7e-m/fpu/libm.a(lib_a-s_fabs.o)
                0x00000000080045e4                fabs
 .text.floor    0x00000000080045f8      0x110 /usr/lib/gcc/arm-none-eabi/7.3.0/../../../../arm-none-eabi/lib/armv7e-m/fpu/libm.a(lib_a-s_floor.o)
                0x00000000080045f8                floor
 .text.scalbn   0x0000000008004708      0x114 /usr/lib/gcc/arm-none-eabi/7.3.0/../../../../arm-none-eabi/lib/armv7e-m/fpu/libm.a(lib_a-s_scalbn.o)
                0x0000000008004708                scalbn
 .text.copysign
                0x000000000800481c       0x1c /usr/lib/gcc/arm-none-eabi/7.3.0/../../../../arm-none-eabi/lib/armv7e-m/fpu/libm.a(lib_a-s_copysign.o)
                0x000000000800481c                copysign
 *(.glue_7)
 .glue_7        0x0000000008004838        0x0 linker stubs
 *(.glue_7t)
 .glue_7t       0x0000000008004838        0x0 linker stubs
 *(.eh_frame)
 .eh_frame      0x0000000008004838        0x0 /usr/lib/gcc/arm-none-eabi/7.3.0/armv7e-m/fpu/crtbegin.o
 *(.init)
 .init          0x0000000008004838        0x4 /usr/lib/gcc/arm-none-eabi/7.3.0/armv7e-m/fpu/crti.o
                0x0000000008004838                _init
 .init          0x000000000800483c        0x8 /usr/lib/gcc/arm-none-eabi/7.3.0/armv7e-m/fpu/crtn.o
 *(.fini)
 .fini          0x0000000008004844        0x4 /usr/lib/gcc/arm-none-eabi/7.3.0/armv7e-m/fpu/crti.o
                0x0000000008004844                _fini
 .fini          0x0000000008004848        0x8 /usr/lib/gcc/arm-none-eabi/7.3.0/armv7e-m/fpu/crtn.o
                0x0000000008004850                . = ALIGN (0x4)
                0x0000000008004850                _etext = .

.vfp11_veneer   0x0000000008004850        0x0
 .vfp11_veneer  0x0000000008004850        0x0 linker stubs

.v4_bx          0x0000000008004850        0x0
 .v4_bx         0x0000000008004850        0x0 linker stubs

.iplt           0x0000000008004850        0x0
 .iplt          0x0000000008004850        0x0 /usr/lib/gcc/arm-none-eabi/7.3.0/armv7e-m/fpu/crtbegin.o

.rodata         0x0000000008004850      0x220
                0x0000000008004850                . = ALIGN (0x4)
 *(.rodata)
 *(.rodata*)
 .rodata.MX_I2C1_Init.str1.4
                0x0000000008004850        0xc build/main.o
                                          0xb (size before relaxing)
 .rodata.AHBPrescTable
                0x000000000800485c       0x10 build/system_stm32f3xx.o
                0x000000000800485c                AHBPrescTable
 .rodata.APBPrescTable
                0x000000000800486c        0x8 build/system_stm32f3xx.o
                0x000000000800486c                APBPrescTable
 .rodata.aPLLMULFactorTable
                0x0000000008004874       0x10 build/stm32f3xx_hal_rcc.o
                0x0000000008004874                aPLLMULFactorTable
 .rodata.aPredivFactorTable
                0x0000000008004884       0x10 build/stm32f3xx_hal_rcc.o
                0x0000000008004884                aPredivFactorTable
 .rodata.npio2_hw
                0x0000000008004894       0x80 /usr/lib/gcc/arm-none-eabi/7.3.0/../../../../arm-none-eabi/lib/armv7e-m/fpu/libm.a(lib_a-e_rem_pio2.o)
 .rodata.two_over_pi
                0x0000000008004914      0x108 /usr/lib/gcc/arm-none-eabi/7.3.0/../../../../arm-none-eabi/lib/armv7e-m/fpu/libm.a(lib_a-e_rem_pio2.o)
 *fill*         0x0000000008004a1c        0x4 
 .rodata.PIo2   0x0000000008004a20       0x40 /usr/lib/gcc/arm-none-eabi/7.3.0/../../../../arm-none-eabi/lib/armv7e-m/fpu/libm.a(lib_a-k_rem_pio2.o)
 .rodata.init_jk
                0x0000000008004a60       0x10 /usr/lib/gcc/arm-none-eabi/7.3.0/../../../../arm-none-eabi/lib/armv7e-m/fpu/libm.a(lib_a-k_rem_pio2.o)
                0x0000000008004a70                . = ALIGN (0x4)

.rel.dyn        0x0000000008004a70        0x0
 .rel.iplt      0x0000000008004a70        0x0 /usr/lib/gcc/arm-none-eabi/7.3.0/armv7e-m/fpu/crtbegin.o

.ARM.extab
 *(.ARM.extab* .gnu.linkonce.armextab.*)

.ARM            0x0000000008004a70        0x0
                0x0000000008004a70                __exidx_start = .
 *(.ARM.exidx*)
                0x0000000008004a70                __exidx_end = .

.preinit_array  0x0000000008004a70        0x0
                0x0000000008004a70                PROVIDE (__preinit_array_start = .)
 *(.preinit_array*)
                0x0000000008004a70                PROVIDE (__preinit_array_end = .)

.init_array     0x0000000008004a70        0x4
                0x0000000008004a70                PROVIDE (__init_array_start = .)
 *(SORT_BY_NAME(.init_array.*))
 *(.init_array*)
 .init_array    0x0000000008004a70        0x4 /usr/lib/gcc/arm-none-eabi/7.3.0/armv7e-m/fpu/crtbegin.o
                0x0000000008004a74                PROVIDE (__init_array_end = .)

.fini_array     0x0000000008004a74        0x4
                0x0000000008004a74                PROVIDE (__fini_array_start = .)
 *(SORT_BY_NAME(.fini_array.*))
 *(.fini_array*)
 .fini_array    0x0000000008004a74        0x4 /usr/lib/gcc/arm-none-eabi/7.3.0/armv7e-m/fpu/crtbegin.o
                0x0000000008004a78                PROVIDE (__fini_array_end = .)
                0x0000000008004a78                _sidata = LOADADDR (.data)

.data           0x0000000020000000        0x4 load address 0x0000000008004a78
                0x0000000020000000                . = ALIGN (0x4)
                0x0000000020000000                _sdata = .
 *(.data)
 *(.data*)
 .data.SystemCoreClock
                0x0000000020000000        0x4 build/system_stm32f3xx.o
                0x0000000020000000                SystemCoreClock
                0x0000000020000004                . = ALIGN (0x4)
                0x0000000020000004                _edata = .
                0x0000000008004a7c                _siccmram = LOADADDR (.ccmram)

.igot.plt       0x0000000020000004        0x0 load address 0x0000000008004a7c
 .igot.plt      0x0000000020000004        0x0 /usr/lib/gcc/arm-none-eabi/7.3.0/armv7e-m/fpu/crtbegin.o

.ccmram         0x0000000010000000        0x0 load address 0x0000000008004a7c
                0x0000000010000000                . = ALIGN (0x4)
                0x0000000010000000                _sccmram = .
 *(.ccmram)
 *(.ccmram*)
                0x0000000010000000                . = ALIGN (0x4)
                0x0000000010000000                _eccmram = .
                0x0000000010000000                . = ALIGN (0x4)

.bss            0x0000000020000004      0x1d0
                0x0000000020000004                _sbss = .
                0x0000000020000004                __bss_start__ = _sbss
 *(.bss)
 *(.bss*)
 .bss.completed.9908
                0x0000000020000004        0x1 /usr/lib/gcc/arm-none-eabi/7.3.0/armv7e-m/fpu/crtbegin.o
 *fill*         0x0000000020000005        0x3 
 .bss.object.9913
                0x0000000020000008       0x18 /usr/lib/gcc/arm-none-eabi/7.3.0/armv7e-m/fpu/crtbegin.o
 .bss.encoder1  0x0000000020000020       0x10 build/main.o
                0x0000000020000020                encoder1
 .bss.encoder2  0x0000000020000030       0x10 build/main.o
                0x0000000020000030                encoder2
 .bss.position  0x0000000020000040        0xc build/main.o
                0x0000000020000040                position
 *(COMMON)
 COMMON         0x000000002000004c      0x184 build/main.o
                0x000000002000004c                hi2c1
                0x0000000020000098                htim3
                0x00000000200000d8                sum_goal
                0x00000000200000dc                htim1
                0x000000002000011c                diff_goal
                0x0000000020000120                htim2
                0x0000000020000160                huart2
 COMMON         0x00000000200001d0        0x4 build/stm32f3xx_hal.o
                0x00000000200001d0                uwTick
                0x00000000200001d4                . = ALIGN (0x4)
                0x00000000200001d4                _ebss = .
                0x00000000200001d4                __bss_end__ = _ebss

._user_heap_stack
                0x00000000200001d4      0x604
                0x00000000200001d8                . = ALIGN (0x8)
 *fill*         0x00000000200001d4        0x4 
                [!provide]                        PROVIDE (end = .)
                [!provide]                        PROVIDE (_end = .)
                0x00000000200003d8                . = (. + _Min_Heap_Size)
 *fill*         0x00000000200001d8      0x200 
                0x00000000200007d8                . = (. + _Min_Stack_Size)
 *fill*         0x00000000200003d8      0x400 
                0x00000000200007d8                . = ALIGN (0x8)

/DISCARD/
 libc.a(*)
 libm.a(*)
 libgcc.a(*)

.ARM.attributes
                0x0000000000000000       0x30
 *(.ARM.attributes)
 .ARM.attributes
                0x0000000000000000       0x22 /usr/lib/gcc/arm-none-eabi/7.3.0/armv7e-m/fpu/crti.o
 .ARM.attributes
                0x0000000000000022       0x34 /usr/lib/gcc/arm-none-eabi/7.3.0/armv7e-m/fpu/crtbegin.o
 .ARM.attributes
                0x0000000000000056       0x39 build/Robotronik_corp_pid.o
 .ARM.attributes
                0x000000000000008f       0x39 build/stm32f3xx_it.o
 .ARM.attributes
                0x00000000000000c8       0x39 build/stm32f3xx_hal_rcc_ex.o
 .ARM.attributes
                0x0000000000000101       0x39 build/stm32f3xx_hal_msp.o
 .ARM.attributes
                0x000000000000013a       0x39 build/main.o
 .ARM.attributes
                0x0000000000000173       0x39 build/stm32f3xx_hal_gpio.o
 .ARM.attributes
                0x00000000000001ac       0x39 build/stm32f3xx_hal.o
 .ARM.attributes
                0x00000000000001e5       0x39 build/system_stm32f3xx.o
 .ARM.attributes
                0x000000000000021e       0x39 build/stm32f3xx_hal_i2c_ex.o
 .ARM.attributes
                0x0000000000000257       0x39 build/stm32f3xx_hal_cortex.o
 .ARM.attributes
                0x0000000000000290       0x39 build/stm32f3xx_hal_i2c.o
 .ARM.attributes
                0x00000000000002c9       0x39 build/stm32f3xx_hal_tim_ex.o
 .ARM.attributes
                0x0000000000000302       0x39 build/stm32f3xx_hal_tim.o
 .ARM.attributes
                0x000000000000033b       0x39 build/stm32f3xx_hal_uart.o
 .ARM.attributes
                0x0000000000000374       0x39 build/stm32f3xx_hal_rcc.o
 .ARM.attributes
                0x00000000000003ad       0x21 build/startup_stm32f303x8.o
 .ARM.attributes
                0x00000000000003ce       0x34 /usr/lib/gcc/arm-none-eabi/7.3.0/../../../../arm-none-eabi/lib/armv7e-m/fpu/libc_nano.a(lib_a-init.o)
 .ARM.attributes
                0x0000000000000402       0x34 /usr/lib/gcc/arm-none-eabi/7.3.0/../../../../arm-none-eabi/lib/armv7e-m/fpu/libm.a(lib_a-s_cos.o)
 .ARM.attributes
                0x0000000000000436       0x34 /usr/lib/gcc/arm-none-eabi/7.3.0/../../../../arm-none-eabi/lib/armv7e-m/fpu/libm.a(lib_a-s_sin.o)
 .ARM.attributes
                0x000000000000046a       0x34 /usr/lib/gcc/arm-none-eabi/7.3.0/../../../../arm-none-eabi/lib/armv7e-m/fpu/libm.a(lib_a-e_rem_pio2.o)
 .ARM.attributes
                0x000000000000049e       0x34 /usr/lib/gcc/arm-none-eabi/7.3.0/../../../../arm-none-eabi/lib/armv7e-m/fpu/libm.a(lib_a-k_cos.o)
 .ARM.attributes
                0x00000000000004d2       0x34 /usr/lib/gcc/arm-none-eabi/7.3.0/../../../../arm-none-eabi/lib/armv7e-m/fpu/libm.a(lib_a-k_rem_pio2.o)
 .ARM.attributes
                0x0000000000000506       0x34 /usr/lib/gcc/arm-none-eabi/7.3.0/../../../../arm-none-eabi/lib/armv7e-m/fpu/libm.a(lib_a-k_sin.o)
 .ARM.attributes
                0x000000000000053a       0x34 /usr/lib/gcc/arm-none-eabi/7.3.0/../../../../arm-none-eabi/lib/armv7e-m/fpu/libm.a(lib_a-s_fabs.o)
 .ARM.attributes
                0x000000000000056e       0x34 /usr/lib/gcc/arm-none-eabi/7.3.0/../../../../arm-none-eabi/lib/armv7e-m/fpu/libm.a(lib_a-s_floor.o)
 .ARM.attributes
                0x00000000000005a2       0x34 /usr/lib/gcc/arm-none-eabi/7.3.0/../../../../arm-none-eabi/lib/armv7e-m/fpu/libm.a(lib_a-s_scalbn.o)
 .ARM.attributes
                0x00000000000005d6       0x34 /usr/lib/gcc/arm-none-eabi/7.3.0/../../../../arm-none-eabi/lib/armv7e-m/fpu/libm.a(lib_a-s_copysign.o)
 .ARM.attributes
                0x000000000000060a       0x22 /usr/lib/gcc/arm-none-eabi/7.3.0/armv7e-m/fpu/libgcc.a(_arm_addsubdf3.o)
 .ARM.attributes
                0x000000000000062c       0x22 /usr/lib/gcc/arm-none-eabi/7.3.0/armv7e-m/fpu/libgcc.a(_arm_muldivdf3.o)
 .ARM.attributes
                0x000000000000064e       0x22 /usr/lib/gcc/arm-none-eabi/7.3.0/armv7e-m/fpu/libgcc.a(_arm_cmpdf2.o)
 .ARM.attributes
                0x0000000000000670       0x22 /usr/lib/gcc/arm-none-eabi/7.3.0/armv7e-m/fpu/libgcc.a(_arm_fixdfsi.o)
 .ARM.attributes
                0x0000000000000692       0x22 /usr/lib/gcc/arm-none-eabi/7.3.0/armv7e-m/fpu/libgcc.a(_arm_fixunsdfsi.o)
 .ARM.attributes
                0x00000000000006b4       0x22 /usr/lib/gcc/arm-none-eabi/7.3.0/armv7e-m/fpu/libgcc.a(_arm_truncdfsf2.o)
 .ARM.attributes
                0x00000000000006d6       0x22 /usr/lib/gcc/arm-none-eabi/7.3.0/armv7e-m/fpu/crtn.o
OUTPUT(build/Position.elf elf32-littlearm)

.debug_info     0x0000000000000000    0x19cc2
 .debug_info    0x0000000000000000      0x10c build/Robotronik_corp_pid.o
 .debug_info    0x000000000000010c     0x109b build/stm32f3xx_it.o
 .debug_info    0x00000000000011a7      0xf72 build/stm32f3xx_hal_rcc_ex.o
 .debug_info    0x0000000000002119     0x1e37 build/stm32f3xx_hal_msp.o
 .debug_info    0x0000000000003f50     0x2a89 build/main.o
 .debug_info    0x00000000000069d9     0x111b build/stm32f3xx_hal_gpio.o
 .debug_info    0x0000000000007af4     0x10b4 build/stm32f3xx_hal.o
 .debug_info    0x0000000000008ba8      0xd56 build/system_stm32f3xx.o
 .debug_info    0x00000000000098fe     0x1314 build/stm32f3xx_hal_i2c_ex.o
 .debug_info    0x000000000000ac12     0x15f4 build/stm32f3xx_hal_cortex.o
 .debug_info    0x000000000000c206     0x3c47 build/stm32f3xx_hal_i2c.o
 .debug_info    0x000000000000fe4d     0x211f build/stm32f3xx_hal_tim_ex.o
 .debug_info    0x0000000000011f6c     0x3b74 build/stm32f3xx_hal_tim.o
 .debug_info    0x0000000000015ae0     0x2480 build/stm32f3xx_hal_uart.o
 .debug_info    0x0000000000017f60     0x1d40 build/stm32f3xx_hal_rcc.o
 .debug_info    0x0000000000019ca0       0x22 build/startup_stm32f303x8.o

.debug_abbrev   0x0000000000000000     0x28ce
 .debug_abbrev  0x0000000000000000       0xbf build/Robotronik_corp_pid.o
 .debug_abbrev  0x00000000000000bf      0x203 build/stm32f3xx_it.o
 .debug_abbrev  0x00000000000002c2      0x318 build/stm32f3xx_hal_rcc_ex.o
 .debug_abbrev  0x00000000000005da      0x2af build/stm32f3xx_hal_msp.o
 .debug_abbrev  0x0000000000000889      0x33c build/main.o
 .debug_abbrev  0x0000000000000bc5      0x2be build/stm32f3xx_hal_gpio.o
 .debug_abbrev  0x0000000000000e83      0x2ba build/stm32f3xx_hal.o
 .debug_abbrev  0x000000000000113d      0x1e6 build/system_stm32f3xx.o
 .debug_abbrev  0x0000000000001323      0x238 build/stm32f3xx_hal_i2c_ex.o
 .debug_abbrev  0x000000000000155b      0x3b7 build/stm32f3xx_hal_cortex.o
 .debug_abbrev  0x0000000000001912      0x329 build/stm32f3xx_hal_i2c.o
 .debug_abbrev  0x0000000000001c3b      0x2f8 build/stm32f3xx_hal_tim_ex.o
 .debug_abbrev  0x0000000000001f33      0x310 build/stm32f3xx_hal_tim.o
 .debug_abbrev  0x0000000000002243      0x31c build/stm32f3xx_hal_uart.o
 .debug_abbrev  0x000000000000255f      0x35d build/stm32f3xx_hal_rcc.o
 .debug_abbrev  0x00000000000028bc       0x12 build/startup_stm32f303x8.o

.debug_loc      0x0000000000000000     0xe87b
 .debug_loc     0x0000000000000000       0x26 build/Robotronik_corp_pid.o
 .debug_loc     0x0000000000000026       0x60 build/stm32f3xx_it.o
 .debug_loc     0x0000000000000086      0x4d1 build/stm32f3xx_hal_rcc_ex.o
 .debug_loc     0x0000000000000557      0x32d build/stm32f3xx_hal_msp.o
 .debug_loc     0x0000000000000884      0x41f build/main.o
 .debug_loc     0x0000000000000ca3      0x441 build/stm32f3xx_hal_gpio.o
 .debug_loc     0x00000000000010e4      0x101 build/stm32f3xx_hal.o
 .debug_loc     0x00000000000011e5       0xff build/system_stm32f3xx.o
 .debug_loc     0x00000000000012e4      0x274 build/stm32f3xx_hal_i2c_ex.o
 .debug_loc     0x0000000000001558      0x63d build/stm32f3xx_hal_cortex.o
 .debug_loc     0x0000000000001b95     0x46d8 build/stm32f3xx_hal_i2c.o
 .debug_loc     0x000000000000626d     0x1ef3 build/stm32f3xx_hal_tim_ex.o
 .debug_loc     0x0000000000008160     0x4204 build/stm32f3xx_hal_tim.o
 .debug_loc     0x000000000000c364     0x1b3a build/stm32f3xx_hal_uart.o
 .debug_loc     0x000000000000de9e      0x9dd build/stm32f3xx_hal_rcc.o

.debug_aranges  0x0000000000000000      0xdc0
 .debug_aranges
                0x0000000000000000       0x28 build/Robotronik_corp_pid.o
 .debug_aranges
                0x0000000000000028       0x70 build/stm32f3xx_it.o
 .debug_aranges
                0x0000000000000098       0x38 build/stm32f3xx_hal_rcc_ex.o
 .debug_aranges
                0x00000000000000d0       0x68 build/stm32f3xx_hal_msp.o
 .debug_aranges
                0x0000000000000138       0x78 build/main.o
 .debug_aranges
                0x00000000000001b0       0x58 build/stm32f3xx_hal_gpio.o
 .debug_aranges
                0x0000000000000208       0xc8 build/stm32f3xx_hal.o
 .debug_aranges
                0x00000000000002d0       0x28 build/system_stm32f3xx.o
 .debug_aranges
                0x00000000000002f8       0x48 build/stm32f3xx_hal_i2c_ex.o
 .debug_aranges
                0x0000000000000340       0x90 build/stm32f3xx_hal_cortex.o
 .debug_aranges
                0x00000000000003d0      0x260 build/stm32f3xx_hal_i2c.o
 .debug_aranges
                0x0000000000000630      0x178 build/stm32f3xx_hal_tim_ex.o
 .debug_aranges
                0x00000000000007a8      0x378 build/stm32f3xx_hal_tim.o
 .debug_aranges
                0x0000000000000b20      0x1f0 build/stm32f3xx_hal_uart.o
 .debug_aranges
                0x0000000000000d10       0x88 build/stm32f3xx_hal_rcc.o
 .debug_aranges
                0x0000000000000d98       0x28 build/startup_stm32f303x8.o

.debug_ranges   0x0000000000000000      0xd60
 .debug_ranges  0x0000000000000000       0x18 build/Robotronik_corp_pid.o
 .debug_ranges  0x0000000000000018       0x60 build/stm32f3xx_it.o
 .debug_ranges  0x0000000000000078       0x40 build/stm32f3xx_hal_rcc_ex.o
 .debug_ranges  0x00000000000000b8       0x58 build/stm32f3xx_hal_msp.o
 .debug_ranges  0x0000000000000110       0x68 build/main.o
 .debug_ranges  0x0000000000000178       0x48 build/stm32f3xx_hal_gpio.o
 .debug_ranges  0x00000000000001c0       0xb8 build/stm32f3xx_hal.o
 .debug_ranges  0x0000000000000278       0x18 build/system_stm32f3xx.o
 .debug_ranges  0x0000000000000290       0x38 build/stm32f3xx_hal_i2c_ex.o
 .debug_ranges  0x00000000000002c8       0xe0 build/stm32f3xx_hal_cortex.o
 .debug_ranges  0x00000000000003a8      0x250 build/stm32f3xx_hal_i2c.o
 .debug_ranges  0x00000000000005f8      0x168 build/stm32f3xx_hal_tim_ex.o
 .debug_ranges  0x0000000000000760      0x368 build/stm32f3xx_hal_tim.o
 .debug_ranges  0x0000000000000ac8      0x1e0 build/stm32f3xx_hal_uart.o
 .debug_ranges  0x0000000000000ca8       0x98 build/stm32f3xx_hal_rcc.o
 .debug_ranges  0x0000000000000d40       0x20 build/startup_stm32f303x8.o

.debug_line     0x0000000000000000     0x61cb
 .debug_line    0x0000000000000000       0x7b build/Robotronik_corp_pid.o
 .debug_line    0x000000000000007b      0x2ae build/stm32f3xx_it.o
 .debug_line    0x0000000000000329      0x3b2 build/stm32f3xx_hal_rcc_ex.o
 .debug_line    0x00000000000006db      0x34d build/stm32f3xx_hal_msp.o
 .debug_line    0x0000000000000a28      0x4b8 build/main.o
 .debug_line    0x0000000000000ee0      0x33b build/stm32f3xx_hal_gpio.o
 .debug_line    0x000000000000121b      0x369 build/stm32f3xx_hal.o
 .debug_line    0x0000000000001584      0x1ab build/system_stm32f3xx.o
 .debug_line    0x000000000000172f      0x332 build/stm32f3xx_hal_i2c_ex.o
 .debug_line    0x0000000000001a61      0x360 build/stm32f3xx_hal_cortex.o
 .debug_line    0x0000000000001dc1     0x136a build/stm32f3xx_hal_i2c.o
 .debug_line    0x000000000000312b      0x977 build/stm32f3xx_hal_tim_ex.o
 .debug_line    0x0000000000003aa2     0x1361 build/stm32f3xx_hal_tim.o
 .debug_line    0x0000000000004e03      0xc81 build/stm32f3xx_hal_uart.o
 .debug_line    0x0000000000005a84      0x6d3 build/stm32f3xx_hal_rcc.o
 .debug_line    0x0000000000006157       0x74 build/startup_stm32f303x8.o

.debug_str      0x0000000000000000     0x434f
 .debug_str     0x0000000000000000      0x119 build/Robotronik_corp_pid.o
 .debug_str     0x0000000000000119      0x8f7 build/stm32f3xx_it.o
                                        0xa7d (size before relaxing)
 .debug_str     0x0000000000000a10      0x2ac build/stm32f3xx_hal_rcc_ex.o
                                        0x87b (size before relaxing)
 .debug_str     0x0000000000000cbc      0x9a5 build/stm32f3xx_hal_msp.o
                                       0x13ef (size before relaxing)
 .debug_str     0x0000000000001661      0x612 build/main.o
                                       0x19f4 (size before relaxing)
 .debug_str     0x0000000000001c73      0x194 build/stm32f3xx_hal_gpio.o
                                        0x8d1 (size before relaxing)
 .debug_str     0x0000000000001e07      0x200 build/stm32f3xx_hal.o
                                        0xbb3 (size before relaxing)
 .debug_str     0x0000000000002007       0xa1 build/system_stm32f3xx.o
                                        0x6bb (size before relaxing)
 .debug_str     0x00000000000020a8       0xb5 build/stm32f3xx_hal_i2c_ex.o
                                        0xc7d (size before relaxing)
 .debug_str     0x000000000000215d      0x208 build/stm32f3xx_hal_cortex.o
                                        0xcd9 (size before relaxing)
 .debug_str     0x0000000000002365      0x79f build/stm32f3xx_hal_i2c.o
                                       0x129a (size before relaxing)
 .debug_str     0x0000000000002b04      0x6f6 build/stm32f3xx_hal_tim_ex.o
                                       0x120e (size before relaxing)
 .debug_str     0x00000000000031fa      0x974 build/stm32f3xx_hal_tim.o
                                       0x17db (size before relaxing)
 .debug_str     0x0000000000003b6e      0x689 build/stm32f3xx_hal_uart.o
                                       0x1253 (size before relaxing)
 .debug_str     0x00000000000041f7      0x136 build/stm32f3xx_hal_rcc.o
                                        0xa3e (size before relaxing)
 .debug_str     0x000000000000432d       0x22 build/startup_stm32f303x8.o
                                         0x72 (size before relaxing)

.comment        0x0000000000000000       0x1d
 .comment       0x0000000000000000       0x1d build/Robotronik_corp_pid.o
                                         0x1e (size before relaxing)
 .comment       0x000000000000001d       0x1e build/stm32f3xx_it.o
 .comment       0x000000000000001d       0x1e build/stm32f3xx_hal_rcc_ex.o
 .comment       0x000000000000001d       0x1e build/stm32f3xx_hal_msp.o
 .comment       0x000000000000001d       0x1e build/main.o
 .comment       0x000000000000001d       0x1e build/stm32f3xx_hal_gpio.o
 .comment       0x000000000000001d       0x1e build/stm32f3xx_hal.o
 .comment       0x000000000000001d       0x1e build/system_stm32f3xx.o
 .comment       0x000000000000001d       0x1e build/stm32f3xx_hal_i2c_ex.o
 .comment       0x000000000000001d       0x1e build/stm32f3xx_hal_cortex.o
 .comment       0x000000000000001d       0x1e build/stm32f3xx_hal_i2c.o
 .comment       0x000000000000001d       0x1e build/stm32f3xx_hal_tim_ex.o
 .comment       0x000000000000001d       0x1e build/stm32f3xx_hal_tim.o
 .comment       0x000000000000001d       0x1e build/stm32f3xx_hal_uart.o
 .comment       0x000000000000001d       0x1e build/stm32f3xx_hal_rcc.o

.debug_frame    0x0000000000000000     0x2f04
 .debug_frame   0x0000000000000000       0x30 build/Robotronik_corp_pid.o
 .debug_frame   0x0000000000000030       0xe4 build/stm32f3xx_it.o
 .debug_frame   0x0000000000000114       0x8c build/stm32f3xx_hal_rcc_ex.o
 .debug_frame   0x00000000000001a0      0x128 build/stm32f3xx_hal_msp.o
 .debug_frame   0x00000000000002c8      0x1d0 build/main.o
 .debug_frame   0x0000000000000498      0x10c build/stm32f3xx_hal_gpio.o
 .debug_frame   0x00000000000005a4      0x1a8 build/stm32f3xx_hal.o
 .debug_frame   0x000000000000074c       0x30 build/system_stm32f3xx.o
 .debug_frame   0x000000000000077c       0x80 build/stm32f3xx_hal_i2c_ex.o
 .debug_frame   0x00000000000007fc      0x13c build/stm32f3xx_hal_cortex.o
 .debug_frame   0x0000000000000938      0x95c build/stm32f3xx_hal_i2c.o
 .debug_frame   0x0000000000001294      0x4ec build/stm32f3xx_hal_tim_ex.o
 .debug_frame   0x0000000000001780      0xb58 build/stm32f3xx_hal_tim.o
 .debug_frame   0x00000000000022d8      0x5f8 build/stm32f3xx_hal_uart.o
 .debug_frame   0x00000000000028d0      0x158 build/stm32f3xx_hal_rcc.o
 .debug_frame   0x0000000000002a28       0x2c /usr/lib/gcc/arm-none-eabi/7.3.0/../../../../arm-none-eabi/lib/armv7e-m/fpu/libc_nano.a(lib_a-init.o)
 .debug_frame   0x0000000000002a54       0x3c /usr/lib/gcc/arm-none-eabi/7.3.0/../../../../arm-none-eabi/lib/armv7e-m/fpu/libm.a(lib_a-s_cos.o)
 .debug_frame   0x0000000000002a90       0x3c /usr/lib/gcc/arm-none-eabi/7.3.0/../../../../arm-none-eabi/lib/armv7e-m/fpu/libm.a(lib_a-s_sin.o)
 .debug_frame   0x0000000000002acc       0x44 /usr/lib/gcc/arm-none-eabi/7.3.0/../../../../arm-none-eabi/lib/armv7e-m/fpu/libm.a(lib_a-e_rem_pio2.o)
 .debug_frame   0x0000000000002b10       0x6c /usr/lib/gcc/arm-none-eabi/7.3.0/../../../../arm-none-eabi/lib/armv7e-m/fpu/libm.a(lib_a-k_cos.o)
 .debug_frame   0x0000000000002b7c       0x58 /usr/lib/gcc/arm-none-eabi/7.3.0/../../../../arm-none-eabi/lib/armv7e-m/fpu/libm.a(lib_a-k_rem_pio2.o)
 .debug_frame   0x0000000000002bd4       0x68 /usr/lib/gcc/arm-none-eabi/7.3.0/../../../../arm-none-eabi/lib/armv7e-m/fpu/libm.a(lib_a-k_sin.o)
 .debug_frame   0x0000000000002c3c       0x20 /usr/lib/gcc/arm-none-eabi/7.3.0/../../../../arm-none-eabi/lib/armv7e-m/fpu/libm.a(lib_a-s_fabs.o)
 .debug_frame   0x0000000000002c5c       0x30 /usr/lib/gcc/arm-none-eabi/7.3.0/../../../../arm-none-eabi/lib/armv7e-m/fpu/libm.a(lib_a-s_floor.o)
 .debug_frame   0x0000000000002c8c       0x2c /usr/lib/gcc/arm-none-eabi/7.3.0/../../../../arm-none-eabi/lib/armv7e-m/fpu/libm.a(lib_a-s_scalbn.o)
 .debug_frame   0x0000000000002cb8       0x20 /usr/lib/gcc/arm-none-eabi/7.3.0/../../../../arm-none-eabi/lib/armv7e-m/fpu/libm.a(lib_a-s_copysign.o)
 .debug_frame   0x0000000000002cd8       0xac /usr/lib/gcc/arm-none-eabi/7.3.0/armv7e-m/fpu/libgcc.a(_arm_addsubdf3.o)
 .debug_frame   0x0000000000002d84       0x50 /usr/lib/gcc/arm-none-eabi/7.3.0/armv7e-m/fpu/libgcc.a(_arm_muldivdf3.o)
 .debug_frame   0x0000000000002dd4       0xc4 /usr/lib/gcc/arm-none-eabi/7.3.0/armv7e-m/fpu/libgcc.a(_arm_cmpdf2.o)
 .debug_frame   0x0000000000002e98       0x24 /usr/lib/gcc/arm-none-eabi/7.3.0/armv7e-m/fpu/libgcc.a(_arm_fixdfsi.o)
 .debug_frame   0x0000000000002ebc       0x24 /usr/lib/gcc/arm-none-eabi/7.3.0/armv7e-m/fpu/libgcc.a(_arm_fixunsdfsi.o)
 .debug_frame   0x0000000000002ee0       0x24 /usr/lib/gcc/arm-none-eabi/7.3.0/armv7e-m/fpu/libgcc.a(_arm_truncdfsf2.o)

Cross Reference Table

Symbol                                            File
ADC1_2_IRQHandler                                 build/startup_stm32f303x8.o
AHBPrescTable                                     build/system_stm32f3xx.o
                                                  build/stm32f3xx_hal_rcc.o
APBPrescTable                                     build/system_stm32f3xx.o
                                                  build/stm32f3xx_hal_rcc.o
BusFault_Handler                                  build/stm32f3xx_it.o
CAN_RX0_IRQHandler                                build/startup_stm32f303x8.o
CAN_RX1_IRQHandler                                build/startup_stm32f303x8.o
CAN_SCE_IRQHandler                                build/startup_stm32f303x8.o
CAN_TX_IRQHandler                                 build/startup_stm32f303x8.o
COMP2_IRQHandler                                  build/startup_stm32f303x8.o
COMP4_6_IRQHandler                                build/startup_stm32f303x8.o
DMA1_Channel1_IRQHandler                          build/startup_stm32f303x8.o
DMA1_Channel2_IRQHandler                          build/startup_stm32f303x8.o
DMA1_Channel3_IRQHandler                          build/startup_stm32f303x8.o
DMA1_Channel4_IRQHandler                          build/startup_stm32f303x8.o
DMA1_Channel5_IRQHandler                          build/startup_stm32f303x8.o
DMA1_Channel6_IRQHandler                          build/startup_stm32f303x8.o
DMA1_Channel7_IRQHandler                          build/startup_stm32f303x8.o
DebugMon_Handler                                  build/stm32f3xx_it.o
Default_Handler                                   build/startup_stm32f303x8.o
EXTI0_IRQHandler                                  build/startup_stm32f303x8.o
EXTI15_10_IRQHandler                              build/startup_stm32f303x8.o
EXTI1_IRQHandler                                  build/startup_stm32f303x8.o
EXTI2_TSC_IRQHandler                              build/startup_stm32f303x8.o
EXTI3_IRQHandler                                  build/startup_stm32f303x8.o
EXTI4_IRQHandler                                  build/startup_stm32f303x8.o
EXTI9_5_IRQHandler                                build/startup_stm32f303x8.o
FLASH_IRQHandler                                  build/startup_stm32f303x8.o
FLASH_PageErase                                   build/stm32f3xx_hal_flash_ex.o
                                                  build/stm32f3xx_hal_flash.o
FLASH_WaitForLastOperation                        build/stm32f3xx_hal_flash.o
                                                  build/stm32f3xx_hal_flash_ex.o
FPU_IRQHandler                                    build/startup_stm32f303x8.o
HAL_DBGMCU_DisableDBGSleepMode                    build/stm32f3xx_hal.o
HAL_DBGMCU_DisableDBGStandbyMode                  build/stm32f3xx_hal.o
HAL_DBGMCU_DisableDBGStopMode                     build/stm32f3xx_hal.o
HAL_DBGMCU_EnableDBGSleepMode                     build/stm32f3xx_hal.o
HAL_DBGMCU_EnableDBGStandbyMode                   build/stm32f3xx_hal.o
HAL_DBGMCU_EnableDBGStopMode                      build/stm32f3xx_hal.o
HAL_DMA_Abort                                     build/stm32f3xx_hal_dma.o
                                                  build/stm32f3xx_hal_uart.o
                                                  build/stm32f3xx_hal_tim.o
HAL_DMA_Abort_IT                                  build/stm32f3xx_hal_dma.o
                                                  build/stm32f3xx_hal_uart.o
                                                  build/stm32f3xx_hal_i2c.o
HAL_DMA_DeInit                                    build/stm32f3xx_hal_dma.o
HAL_DMA_GetError                                  build/stm32f3xx_hal_dma.o
HAL_DMA_GetState                                  build/stm32f3xx_hal_dma.o
HAL_DMA_IRQHandler                                build/stm32f3xx_hal_dma.o
HAL_DMA_Init                                      build/stm32f3xx_hal_dma.o
HAL_DMA_PollForTransfer                           build/stm32f3xx_hal_dma.o
HAL_DMA_RegisterCallback                          build/stm32f3xx_hal_dma.o
HAL_DMA_Start                                     build/stm32f3xx_hal_dma.o
HAL_DMA_Start_IT                                  build/stm32f3xx_hal_dma.o
                                                  build/stm32f3xx_hal_uart.o
                                                  build/stm32f3xx_hal_tim.o
                                                  build/stm32f3xx_hal_tim_ex.o
                                                  build/stm32f3xx_hal_i2c.o
HAL_DMA_UnRegisterCallback                        build/stm32f3xx_hal_dma.o
HAL_DeInit                                        build/stm32f3xx_hal.o
HAL_Delay                                         build/stm32f3xx_hal.o
                                                  build/main.o
HAL_FLASHEx_Erase                                 build/stm32f3xx_hal_flash_ex.o
HAL_FLASHEx_Erase_IT                              build/stm32f3xx_hal_flash_ex.o
HAL_FLASHEx_OBErase                               build/stm32f3xx_hal_flash_ex.o
HAL_FLASHEx_OBGetConfig                           build/stm32f3xx_hal_flash_ex.o
HAL_FLASHEx_OBGetUserData                         build/stm32f3xx_hal_flash_ex.o
HAL_FLASHEx_OBProgram                             build/stm32f3xx_hal_flash_ex.o
HAL_FLASH_EndOfOperationCallback                  build/stm32f3xx_hal_flash.o
HAL_FLASH_GetError                                build/stm32f3xx_hal_flash.o
HAL_FLASH_IRQHandler                              build/stm32f3xx_hal_flash.o
HAL_FLASH_Lock                                    build/stm32f3xx_hal_flash.o
HAL_FLASH_OB_Launch                               build/stm32f3xx_hal_flash.o
HAL_FLASH_OB_Lock                                 build/stm32f3xx_hal_flash.o
HAL_FLASH_OB_Unlock                               build/stm32f3xx_hal_flash.o
HAL_FLASH_OperationErrorCallback                  build/stm32f3xx_hal_flash.o
HAL_FLASH_Program                                 build/stm32f3xx_hal_flash.o
HAL_FLASH_Program_IT                              build/stm32f3xx_hal_flash.o
HAL_FLASH_Unlock                                  build/stm32f3xx_hal_flash.o
HAL_GPIO_DeInit                                   build/stm32f3xx_hal_gpio.o
                                                  build/stm32f3xx_hal_msp.o
HAL_GPIO_EXTI_Callback                            build/stm32f3xx_hal_gpio.o
HAL_GPIO_EXTI_IRQHandler                          build/stm32f3xx_hal_gpio.o
HAL_GPIO_Init                                     build/stm32f3xx_hal_gpio.o
                                                  build/stm32f3xx_hal_rcc.o
                                                  build/main.o
                                                  build/stm32f3xx_hal_msp.o
HAL_GPIO_LockPin                                  build/stm32f3xx_hal_gpio.o
HAL_GPIO_ReadPin                                  build/stm32f3xx_hal_gpio.o
HAL_GPIO_TogglePin                                build/stm32f3xx_hal_gpio.o
HAL_GPIO_WritePin                                 build/stm32f3xx_hal_gpio.o
                                                  build/main.o
HAL_GetDEVID                                      build/stm32f3xx_hal.o
HAL_GetHalVersion                                 build/stm32f3xx_hal.o
HAL_GetREVID                                      build/stm32f3xx_hal.o
HAL_GetTick                                       build/stm32f3xx_hal.o
                                                  build/stm32f3xx_hal_rcc.o
                                                  build/stm32f3xx_hal_uart.o
                                                  build/stm32f3xx_hal_flash.o
                                                  build/stm32f3xx_hal_i2c.o
                                                  build/stm32f3xx_hal_rcc_ex.o
                                                  build/stm32f3xx_hal_dma.o
                                                  build/stm32f3xx_hal_uart_ex.o
HAL_GetUIDw0                                      build/stm32f3xx_hal.o
HAL_GetUIDw1                                      build/stm32f3xx_hal.o
HAL_GetUIDw2                                      build/stm32f3xx_hal.o
HAL_HalfDuplex_EnableReceiver                     build/stm32f3xx_hal_uart.o
HAL_HalfDuplex_EnableTransmitter                  build/stm32f3xx_hal_uart.o
HAL_HalfDuplex_Init                               build/stm32f3xx_hal_uart.o
HAL_I2CEx_ConfigAnalogFilter                      build/stm32f3xx_hal_i2c_ex.o
                                                  build/main.o
HAL_I2CEx_ConfigDigitalFilter                     build/stm32f3xx_hal_i2c_ex.o
                                                  build/main.o
HAL_I2CEx_DisableFastModePlus                     build/stm32f3xx_hal_i2c_ex.o
HAL_I2CEx_DisableWakeUp                           build/stm32f3xx_hal_i2c_ex.o
HAL_I2CEx_EnableFastModePlus                      build/stm32f3xx_hal_i2c_ex.o
HAL_I2CEx_EnableWakeUp                            build/stm32f3xx_hal_i2c_ex.o
HAL_I2C_AbortCpltCallback                         build/stm32f3xx_hal_i2c.o
HAL_I2C_AddrCallback                              build/stm32f3xx_hal_i2c.o
HAL_I2C_DeInit                                    build/stm32f3xx_hal_i2c.o
HAL_I2C_DisableListen_IT                          build/stm32f3xx_hal_i2c.o
HAL_I2C_ER_IRQHandler                             build/stm32f3xx_hal_i2c.o
HAL_I2C_EV_IRQHandler                             build/stm32f3xx_hal_i2c.o
HAL_I2C_EnableListen_IT                           build/stm32f3xx_hal_i2c.o
HAL_I2C_ErrorCallback                             build/stm32f3xx_hal_i2c.o
HAL_I2C_GetError                                  build/stm32f3xx_hal_i2c.o
HAL_I2C_GetMode                                   build/stm32f3xx_hal_i2c.o
HAL_I2C_GetState                                  build/stm32f3xx_hal_i2c.o
HAL_I2C_Init                                      build/stm32f3xx_hal_i2c.o
                                                  build/main.o
HAL_I2C_IsDeviceReady                             build/stm32f3xx_hal_i2c.o
HAL_I2C_ListenCpltCallback                        build/stm32f3xx_hal_i2c.o
HAL_I2C_MasterRxCpltCallback                      build/stm32f3xx_hal_i2c.o
HAL_I2C_MasterTxCpltCallback                      build/stm32f3xx_hal_i2c.o
HAL_I2C_Master_Abort_IT                           build/stm32f3xx_hal_i2c.o
HAL_I2C_Master_Receive                            build/stm32f3xx_hal_i2c.o
HAL_I2C_Master_Receive_DMA                        build/stm32f3xx_hal_i2c.o
HAL_I2C_Master_Receive_IT                         build/stm32f3xx_hal_i2c.o
HAL_I2C_Master_Sequential_Receive_IT              build/stm32f3xx_hal_i2c.o
HAL_I2C_Master_Sequential_Transmit_IT             build/stm32f3xx_hal_i2c.o
HAL_I2C_Master_Transmit                           build/stm32f3xx_hal_i2c.o
HAL_I2C_Master_Transmit_DMA                       build/stm32f3xx_hal_i2c.o
HAL_I2C_Master_Transmit_IT                        build/stm32f3xx_hal_i2c.o
HAL_I2C_MemRxCpltCallback                         build/stm32f3xx_hal_i2c.o
HAL_I2C_MemTxCpltCallback                         build/stm32f3xx_hal_i2c.o
HAL_I2C_Mem_Read                                  build/stm32f3xx_hal_i2c.o
HAL_I2C_Mem_Read_DMA                              build/stm32f3xx_hal_i2c.o
HAL_I2C_Mem_Read_IT                               build/stm32f3xx_hal_i2c.o
HAL_I2C_Mem_Write                                 build/stm32f3xx_hal_i2c.o
HAL_I2C_Mem_Write_DMA                             build/stm32f3xx_hal_i2c.o
HAL_I2C_Mem_Write_IT                              build/stm32f3xx_hal_i2c.o
HAL_I2C_MspDeInit                                 build/stm32f3xx_hal_msp.o
HAL_I2C_MspInit                                   build/stm32f3xx_hal_msp.o
HAL_I2C_SlaveRxCpltCallback                       build/stm32f3xx_hal_i2c.o
HAL_I2C_SlaveTxCpltCallback                       build/stm32f3xx_hal_i2c.o
HAL_I2C_Slave_Receive                             build/stm32f3xx_hal_i2c.o
HAL_I2C_Slave_Receive_DMA                         build/stm32f3xx_hal_i2c.o
HAL_I2C_Slave_Receive_IT                          build/stm32f3xx_hal_i2c.o
HAL_I2C_Slave_Sequential_Receive_IT               build/stm32f3xx_hal_i2c.o
HAL_I2C_Slave_Sequential_Transmit_IT              build/stm32f3xx_hal_i2c.o
HAL_I2C_Slave_Transmit                            build/stm32f3xx_hal_i2c.o
HAL_I2C_Slave_Transmit_DMA                        build/stm32f3xx_hal_i2c.o
HAL_I2C_Slave_Transmit_IT                         build/stm32f3xx_hal_i2c.o
HAL_IncTick                                       build/stm32f3xx_hal.o
                                                  build/stm32f3xx_it.o
HAL_Init                                          build/stm32f3xx_hal.o
                                                  build/main.o
HAL_InitTick                                      build/stm32f3xx_hal.o
                                                  build/stm32f3xx_hal_rcc.o
HAL_LIN_Init                                      build/stm32f3xx_hal_uart.o
HAL_LIN_SendBreak                                 build/stm32f3xx_hal_uart.o
HAL_MspDeInit                                     build/stm32f3xx_hal.o
HAL_MspInit                                       build/stm32f3xx_hal_msp.o
HAL_MultiProcessorEx_AddressLength_Set            build/stm32f3xx_hal_uart_ex.o
HAL_MultiProcessor_DisableMuteMode                build/stm32f3xx_hal_uart.o
HAL_MultiProcessor_EnableMuteMode                 build/stm32f3xx_hal_uart.o
HAL_MultiProcessor_EnterMuteMode                  build/stm32f3xx_hal_uart.o
HAL_MultiProcessor_Init                           build/stm32f3xx_hal_uart.o
HAL_NVIC_ClearPendingIRQ                          build/stm32f3xx_hal_cortex.o
HAL_NVIC_DisableIRQ                               build/stm32f3xx_hal_cortex.o
                                                  build/stm32f3xx_hal_msp.o
HAL_NVIC_EnableIRQ                                build/stm32f3xx_hal_cortex.o
                                                  build/stm32f3xx_hal_msp.o
HAL_NVIC_GetActive                                build/stm32f3xx_hal_cortex.o
HAL_NVIC_GetPendingIRQ                            build/stm32f3xx_hal_cortex.o
HAL_NVIC_GetPriority                              build/stm32f3xx_hal_cortex.o
HAL_NVIC_GetPriorityGrouping                      build/stm32f3xx_hal_cortex.o
HAL_NVIC_SetPendingIRQ                            build/stm32f3xx_hal_cortex.o
HAL_NVIC_SetPriority                              build/stm32f3xx_hal_cortex.o
                                                  build/stm32f3xx_hal.o
                                                  build/main.o
                                                  build/stm32f3xx_hal_msp.o
HAL_NVIC_SetPriorityGrouping                      build/stm32f3xx_hal_cortex.o
                                                  build/stm32f3xx_hal.o
                                                  build/stm32f3xx_hal_msp.o
HAL_NVIC_SystemReset                              build/stm32f3xx_hal_cortex.o
HAL_PWR_ConfigPVD                                 build/stm32f3xx_hal_pwr_ex.o
HAL_PWR_DeInit                                    build/stm32f3xx_hal_pwr.o
HAL_PWR_DisableBkUpAccess                         build/stm32f3xx_hal_pwr.o
HAL_PWR_DisablePVD                                build/stm32f3xx_hal_pwr_ex.o
HAL_PWR_DisableSEVOnPend                          build/stm32f3xx_hal_pwr.o
HAL_PWR_DisableSleepOnExit                        build/stm32f3xx_hal_pwr.o
HAL_PWR_DisableWakeUpPin                          build/stm32f3xx_hal_pwr.o
HAL_PWR_EnableBkUpAccess                          build/stm32f3xx_hal_pwr.o
HAL_PWR_EnablePVD                                 build/stm32f3xx_hal_pwr_ex.o
HAL_PWR_EnableSEVOnPend                           build/stm32f3xx_hal_pwr.o
HAL_PWR_EnableSleepOnExit                         build/stm32f3xx_hal_pwr.o
HAL_PWR_EnableWakeUpPin                           build/stm32f3xx_hal_pwr.o
HAL_PWR_EnterSLEEPMode                            build/stm32f3xx_hal_pwr.o
HAL_PWR_EnterSTANDBYMode                          build/stm32f3xx_hal_pwr.o
HAL_PWR_EnterSTOPMode                             build/stm32f3xx_hal_pwr.o
HAL_PWR_PVDCallback                               build/stm32f3xx_hal_pwr_ex.o
HAL_PWR_PVD_IRQHandler                            build/stm32f3xx_hal_pwr_ex.o
HAL_RCCEx_GetPeriphCLKConfig                      build/stm32f3xx_hal_rcc_ex.o
HAL_RCCEx_GetPeriphCLKFreq                        build/stm32f3xx_hal_rcc_ex.o
HAL_RCCEx_PeriphCLKConfig                         build/stm32f3xx_hal_rcc_ex.o
                                                  build/main.o
HAL_RCC_CSSCallback                               build/stm32f3xx_hal_rcc.o
HAL_RCC_ClockConfig                               build/stm32f3xx_hal_rcc.o
                                                  build/main.o
HAL_RCC_DeInit                                    build/stm32f3xx_hal_rcc.o
HAL_RCC_DisableCSS                                build/stm32f3xx_hal_rcc.o
HAL_RCC_EnableCSS                                 build/stm32f3xx_hal_rcc.o
HAL_RCC_GetClockConfig                            build/stm32f3xx_hal_rcc.o
HAL_RCC_GetHCLKFreq                               build/stm32f3xx_hal_rcc.o
                                                  build/main.o
HAL_RCC_GetOscConfig                              build/stm32f3xx_hal_rcc.o
HAL_RCC_GetPCLK1Freq                              build/stm32f3xx_hal_rcc.o
                                                  build/stm32f3xx_hal_uart.o
                                                  build/stm32f3xx_hal_rcc_ex.o
HAL_RCC_GetPCLK2Freq                              build/stm32f3xx_hal_rcc.o
                                                  build/stm32f3xx_hal_uart.o
HAL_RCC_GetSysClockFreq                           build/stm32f3xx_hal_rcc.o
                                                  build/stm32f3xx_hal_uart.o
                                                  build/stm32f3xx_hal_rcc_ex.o
HAL_RCC_MCOConfig                                 build/stm32f3xx_hal_rcc.o
HAL_RCC_NMI_IRQHandler                            build/stm32f3xx_hal_rcc.o
HAL_RCC_OscConfig                                 build/stm32f3xx_hal_rcc.o
                                                  build/main.o
HAL_RS485Ex_Init                                  build/stm32f3xx_hal_uart_ex.o
HAL_ResumeTick                                    build/stm32f3xx_hal.o
HAL_SYSTICK_CLKSourceConfig                       build/stm32f3xx_hal_cortex.o
                                                  build/main.o
HAL_SYSTICK_Callback                              build/stm32f3xx_hal_cortex.o
HAL_SYSTICK_Config                                build/stm32f3xx_hal_cortex.o
                                                  build/stm32f3xx_hal.o
                                                  build/main.o
HAL_SYSTICK_IRQHandler                            build/stm32f3xx_hal_cortex.o
                                                  build/stm32f3xx_it.o
HAL_SuspendTick                                   build/stm32f3xx_hal.o
HAL_TIMEx_Break2Callback                          build/stm32f3xx_hal_tim_ex.o
                                                  build/stm32f3xx_hal_tim.o
HAL_TIMEx_BreakCallback                           build/stm32f3xx_hal_tim_ex.o
                                                  build/stm32f3xx_hal_tim.o
HAL_TIMEx_CommutationCallback                     build/stm32f3xx_hal_tim_ex.o
                                                  build/stm32f3xx_hal_tim.o
HAL_TIMEx_ConfigBreakDeadTime                     build/stm32f3xx_hal_tim_ex.o
HAL_TIMEx_ConfigCommutationEvent                  build/stm32f3xx_hal_tim_ex.o
HAL_TIMEx_ConfigCommutationEvent_DMA              build/stm32f3xx_hal_tim_ex.o
HAL_TIMEx_ConfigCommutationEvent_IT               build/stm32f3xx_hal_tim_ex.o
HAL_TIMEx_GroupChannel5                           build/stm32f3xx_hal_tim_ex.o
HAL_TIMEx_HallSensor_DeInit                       build/stm32f3xx_hal_tim_ex.o
HAL_TIMEx_HallSensor_GetState                     build/stm32f3xx_hal_tim_ex.o
HAL_TIMEx_HallSensor_Init                         build/stm32f3xx_hal_tim_ex.o
HAL_TIMEx_HallSensor_MspDeInit                    build/stm32f3xx_hal_tim_ex.o
HAL_TIMEx_HallSensor_MspInit                      build/stm32f3xx_hal_tim_ex.o
HAL_TIMEx_HallSensor_Start                        build/stm32f3xx_hal_tim_ex.o
HAL_TIMEx_HallSensor_Start_DMA                    build/stm32f3xx_hal_tim_ex.o
HAL_TIMEx_HallSensor_Start_IT                     build/stm32f3xx_hal_tim_ex.o
HAL_TIMEx_HallSensor_Stop                         build/stm32f3xx_hal_tim_ex.o
HAL_TIMEx_HallSensor_Stop_DMA                     build/stm32f3xx_hal_tim_ex.o
HAL_TIMEx_HallSensor_Stop_IT                      build/stm32f3xx_hal_tim_ex.o
HAL_TIMEx_MasterConfigSynchronization             build/stm32f3xx_hal_tim_ex.o
                                                  build/main.o
HAL_TIMEx_OCN_Start                               build/stm32f3xx_hal_tim_ex.o
HAL_TIMEx_OCN_Start_DMA                           build/stm32f3xx_hal_tim_ex.o
HAL_TIMEx_OCN_Start_IT                            build/stm32f3xx_hal_tim_ex.o
HAL_TIMEx_OCN_Stop                                build/stm32f3xx_hal_tim_ex.o
HAL_TIMEx_OCN_Stop_DMA                            build/stm32f3xx_hal_tim_ex.o
HAL_TIMEx_OCN_Stop_IT                             build/stm32f3xx_hal_tim_ex.o
HAL_TIMEx_OnePulseN_Start                         build/stm32f3xx_hal_tim_ex.o
HAL_TIMEx_OnePulseN_Start_IT                      build/stm32f3xx_hal_tim_ex.o
HAL_TIMEx_OnePulseN_Stop                          build/stm32f3xx_hal_tim_ex.o
HAL_TIMEx_OnePulseN_Stop_IT                       build/stm32f3xx_hal_tim_ex.o
HAL_TIMEx_PWMN_Start                              build/stm32f3xx_hal_tim_ex.o
HAL_TIMEx_PWMN_Start_DMA                          build/stm32f3xx_hal_tim_ex.o
HAL_TIMEx_PWMN_Start_IT                           build/stm32f3xx_hal_tim_ex.o
HAL_TIMEx_PWMN_Stop                               build/stm32f3xx_hal_tim_ex.o
HAL_TIMEx_PWMN_Stop_DMA                           build/stm32f3xx_hal_tim_ex.o
HAL_TIMEx_PWMN_Stop_IT                            build/stm32f3xx_hal_tim_ex.o
HAL_TIMEx_RemapConfig                             build/stm32f3xx_hal_tim_ex.o
HAL_TIM_Base_DeInit                               build/stm32f3xx_hal_tim.o
HAL_TIM_Base_GetState                             build/stm32f3xx_hal_tim.o
HAL_TIM_Base_Init                                 build/stm32f3xx_hal_tim.o
                                                  build/main.o
HAL_TIM_Base_MspDeInit                            build/stm32f3xx_hal_msp.o
HAL_TIM_Base_MspInit                              build/stm32f3xx_hal_msp.o
HAL_TIM_Base_Start                                build/stm32f3xx_hal_tim.o
HAL_TIM_Base_Start_DMA                            build/stm32f3xx_hal_tim.o
HAL_TIM_Base_Start_IT                             build/stm32f3xx_hal_tim.o
HAL_TIM_Base_Stop                                 build/stm32f3xx_hal_tim.o
HAL_TIM_Base_Stop_DMA                             build/stm32f3xx_hal_tim.o
HAL_TIM_Base_Stop_IT                              build/stm32f3xx_hal_tim.o
HAL_TIM_ConfigClockSource                         build/stm32f3xx_hal_tim.o
                                                  build/main.o
HAL_TIM_ConfigOCrefClear                          build/stm32f3xx_hal_tim_ex.o
HAL_TIM_ConfigTI1Input                            build/stm32f3xx_hal_tim.o
HAL_TIM_DMABurst_MultiReadStart                   build/stm32f3xx_hal_tim.o
HAL_TIM_DMABurst_MultiWriteStart                  build/stm32f3xx_hal_tim.o
HAL_TIM_DMABurst_ReadStart                        build/stm32f3xx_hal_tim.o
HAL_TIM_DMABurst_ReadStop                         build/stm32f3xx_hal_tim.o
HAL_TIM_DMABurst_WriteStart                       build/stm32f3xx_hal_tim.o
HAL_TIM_DMABurst_WriteStop                        build/stm32f3xx_hal_tim.o
HAL_TIM_Encoder_DeInit                            build/stm32f3xx_hal_tim.o
HAL_TIM_Encoder_GetState                          build/stm32f3xx_hal_tim.o
HAL_TIM_Encoder_Init                              build/stm32f3xx_hal_tim.o
                                                  build/main.o
HAL_TIM_Encoder_MspDeInit                         build/stm32f3xx_hal_msp.o
HAL_TIM_Encoder_MspInit                           build/stm32f3xx_hal_msp.o
HAL_TIM_Encoder_Start                             build/stm32f3xx_hal_tim.o
HAL_TIM_Encoder_Start_DMA                         build/stm32f3xx_hal_tim.o
HAL_TIM_Encoder_Start_IT                          build/stm32f3xx_hal_tim.o
                                                  build/main.o
HAL_TIM_Encoder_Stop                              build/stm32f3xx_hal_tim.o
HAL_TIM_Encoder_Stop_DMA                          build/stm32f3xx_hal_tim.o
HAL_TIM_Encoder_Stop_IT                           build/stm32f3xx_hal_tim.o
HAL_TIM_ErrorCallback                             build/stm32f3xx_hal_tim.o
HAL_TIM_GenerateEvent                             build/stm32f3xx_hal_tim.o
HAL_TIM_IC_CaptureCallback                        build/main.o
HAL_TIM_IC_ConfigChannel                          build/stm32f3xx_hal_tim.o
HAL_TIM_IC_DeInit                                 build/stm32f3xx_hal_tim.o
HAL_TIM_IC_GetState                               build/stm32f3xx_hal_tim.o
HAL_TIM_IC_Init                                   build/stm32f3xx_hal_tim.o
HAL_TIM_IC_MspDeInit                              build/stm32f3xx_hal_tim.o
HAL_TIM_IC_MspInit                                build/stm32f3xx_hal_tim.o
HAL_TIM_IC_Start                                  build/stm32f3xx_hal_tim.o
HAL_TIM_IC_Start_DMA                              build/stm32f3xx_hal_tim.o
HAL_TIM_IC_Start_IT                               build/stm32f3xx_hal_tim.o
HAL_TIM_IC_Stop                                   build/stm32f3xx_hal_tim.o
HAL_TIM_IC_Stop_DMA                               build/stm32f3xx_hal_tim.o
HAL_TIM_IC_Stop_IT                                build/stm32f3xx_hal_tim.o
HAL_TIM_IRQHandler                                build/stm32f3xx_hal_tim.o
                                                  build/stm32f3xx_it.o
HAL_TIM_MspPostInit                               build/stm32f3xx_hal_msp.o
                                                  build/main.o
HAL_TIM_OC_ConfigChannel                          build/stm32f3xx_hal_tim_ex.o
HAL_TIM_OC_DeInit                                 build/stm32f3xx_hal_tim.o
HAL_TIM_OC_DelayElapsedCallback                   build/stm32f3xx_hal_tim.o
HAL_TIM_OC_GetState                               build/stm32f3xx_hal_tim.o
HAL_TIM_OC_Init                                   build/stm32f3xx_hal_tim.o
HAL_TIM_OC_MspDeInit                              build/stm32f3xx_hal_tim.o
HAL_TIM_OC_MspInit                                build/stm32f3xx_hal_tim.o
HAL_TIM_OC_Start                                  build/stm32f3xx_hal_tim.o
HAL_TIM_OC_Start_DMA                              build/stm32f3xx_hal_tim.o
HAL_TIM_OC_Start_IT                               build/stm32f3xx_hal_tim.o
HAL_TIM_OC_Stop                                   build/stm32f3xx_hal_tim.o
HAL_TIM_OC_Stop_DMA                               build/stm32f3xx_hal_tim.o
HAL_TIM_OC_Stop_IT                                build/stm32f3xx_hal_tim.o
HAL_TIM_OnePulse_ConfigChannel                    build/stm32f3xx_hal_tim.o
HAL_TIM_OnePulse_DeInit                           build/stm32f3xx_hal_tim.o
HAL_TIM_OnePulse_GetState                         build/stm32f3xx_hal_tim.o
HAL_TIM_OnePulse_Init                             build/stm32f3xx_hal_tim.o
HAL_TIM_OnePulse_MspDeInit                        build/stm32f3xx_hal_tim.o
HAL_TIM_OnePulse_MspInit                          build/stm32f3xx_hal_tim.o
HAL_TIM_OnePulse_Start                            build/stm32f3xx_hal_tim.o
HAL_TIM_OnePulse_Start_IT                         build/stm32f3xx_hal_tim.o
HAL_TIM_OnePulse_Stop                             build/stm32f3xx_hal_tim.o
HAL_TIM_OnePulse_Stop_IT                          build/stm32f3xx_hal_tim.o
HAL_TIM_PWM_ConfigChannel                         build/stm32f3xx_hal_tim_ex.o
                                                  build/main.o
HAL_TIM_PWM_DeInit                                build/stm32f3xx_hal_tim.o
HAL_TIM_PWM_GetState                              build/stm32f3xx_hal_tim.o
HAL_TIM_PWM_Init                                  build/stm32f3xx_hal_tim.o
                                                  build/main.o
HAL_TIM_PWM_MspDeInit                             build/stm32f3xx_hal_tim.o
HAL_TIM_PWM_MspInit                               build/stm32f3xx_hal_tim.o
HAL_TIM_PWM_PulseFinishedCallback                 build/stm32f3xx_hal_tim.o
HAL_TIM_PWM_Start                                 build/stm32f3xx_hal_tim.o
                                                  build/main.o
HAL_TIM_PWM_Start_DMA                             build/stm32f3xx_hal_tim.o
HAL_TIM_PWM_Start_IT                              build/stm32f3xx_hal_tim.o
HAL_TIM_PWM_Stop                                  build/stm32f3xx_hal_tim.o
HAL_TIM_PWM_Stop_DMA                              build/stm32f3xx_hal_tim.o
HAL_TIM_PWM_Stop_IT                               build/stm32f3xx_hal_tim.o
HAL_TIM_PeriodElapsedCallback                     build/stm32f3xx_hal_tim.o
HAL_TIM_ReadCapturedValue                         build/stm32f3xx_hal_tim.o
HAL_TIM_SlaveConfigSynchronization                build/stm32f3xx_hal_tim.o
HAL_TIM_SlaveConfigSynchronization_IT             build/stm32f3xx_hal_tim.o
HAL_TIM_TriggerCallback                           build/stm32f3xx_hal_tim.o
HAL_UARTEx_DisableStopMode                        build/stm32f3xx_hal_uart_ex.o
HAL_UARTEx_EnableStopMode                         build/stm32f3xx_hal_uart_ex.o
HAL_UARTEx_StopModeWakeUpSourceConfig             build/stm32f3xx_hal_uart_ex.o
HAL_UARTEx_WakeupCallback                         build/stm32f3xx_hal_uart_ex.o
                                                  build/stm32f3xx_hal_uart.o
HAL_UART_Abort                                    build/stm32f3xx_hal_uart.o
HAL_UART_AbortCpltCallback                        build/stm32f3xx_hal_uart.o
HAL_UART_AbortReceive                             build/stm32f3xx_hal_uart.o
HAL_UART_AbortReceiveCpltCallback                 build/stm32f3xx_hal_uart.o
HAL_UART_AbortReceive_IT                          build/stm32f3xx_hal_uart.o
HAL_UART_AbortTransmit                            build/stm32f3xx_hal_uart.o
HAL_UART_AbortTransmitCpltCallback                build/stm32f3xx_hal_uart.o
HAL_UART_AbortTransmit_IT                         build/stm32f3xx_hal_uart.o
HAL_UART_Abort_IT                                 build/stm32f3xx_hal_uart.o
HAL_UART_DMAPause                                 build/stm32f3xx_hal_uart.o
HAL_UART_DMAResume                                build/stm32f3xx_hal_uart.o
HAL_UART_DMAStop                                  build/stm32f3xx_hal_uart.o
HAL_UART_DeInit                                   build/stm32f3xx_hal_uart.o
HAL_UART_ErrorCallback                            build/stm32f3xx_hal_uart.o
HAL_UART_GetError                                 build/stm32f3xx_hal_uart.o
HAL_UART_GetState                                 build/stm32f3xx_hal_uart.o
HAL_UART_IRQHandler                               build/stm32f3xx_hal_uart.o
HAL_UART_Init                                     build/stm32f3xx_hal_uart.o
                                                  build/main.o
HAL_UART_MspDeInit                                build/stm32f3xx_hal_msp.o
HAL_UART_MspInit                                  build/stm32f3xx_hal_msp.o
                                                  build/stm32f3xx_hal_uart_ex.o
HAL_UART_Receive                                  build/stm32f3xx_hal_uart.o
HAL_UART_Receive_DMA                              build/stm32f3xx_hal_uart.o
HAL_UART_Receive_IT                               build/stm32f3xx_hal_uart.o
HAL_UART_RxCpltCallback                           build/stm32f3xx_hal_uart.o
HAL_UART_RxHalfCpltCallback                       build/stm32f3xx_hal_uart.o
HAL_UART_Transmit                                 build/stm32f3xx_hal_uart.o
HAL_UART_Transmit_DMA                             build/stm32f3xx_hal_uart.o
HAL_UART_Transmit_IT                              build/stm32f3xx_hal_uart.o
HAL_UART_TxCpltCallback                           build/stm32f3xx_hal_uart.o
HAL_UART_TxHalfCpltCallback                       build/stm32f3xx_hal_uart.o
HardFault_Handler                                 build/stm32f3xx_it.o
I2C1_ER_IRQHandler                                build/startup_stm32f303x8.o
I2C1_EV_IRQHandler                                build/startup_stm32f303x8.o
MemManage_Handler                                 build/stm32f3xx_it.o
NMI_Handler                                       build/stm32f3xx_it.o
PVD_IRQHandler                                    build/startup_stm32f303x8.o
PendSV_Handler                                    build/stm32f3xx_it.o
RCC_IRQHandler                                    build/startup_stm32f303x8.o
RTC_Alarm_IRQHandler                              build/startup_stm32f303x8.o
RTC_WKUP_IRQHandler                               build/startup_stm32f303x8.o
Reset_Handler                                     build/startup_stm32f303x8.o
SPI1_IRQHandler                                   build/startup_stm32f303x8.o
SVC_Handler                                       build/stm32f3xx_it.o
SysTick_Handler                                   build/stm32f3xx_it.o
SystemClock_Config                                build/main.o
SystemCoreClock                                   build/system_stm32f3xx.o
                                                  build/stm32f3xx_hal_rcc.o
                                                  build/stm32f3xx_hal.o
                                                  build/stm32f3xx_hal_rcc_ex.o
SystemCoreClockUpdate                             build/system_stm32f3xx.o
SystemInit                                        build/system_stm32f3xx.o
                                                  build/startup_stm32f303x8.o
TAMP_STAMP_IRQHandler                             build/startup_stm32f303x8.o
TIM1_BRK_TIM15_IRQHandler                         build/startup_stm32f303x8.o
TIM1_CC_IRQHandler                                build/stm32f3xx_it.o
TIM1_TRG_COM_TIM17_IRQHandler                     build/startup_stm32f303x8.o
TIM1_UP_TIM16_IRQHandler                          build/startup_stm32f303x8.o
TIM2_IRQHandler                                   build/stm32f3xx_it.o
TIM3_IRQHandler                                   build/startup_stm32f303x8.o
TIM6_DAC1_IRQHandler                              build/startup_stm32f303x8.o
TIM7_DAC2_IRQHandler                              build/startup_stm32f303x8.o
TIMEx_DMACommutationCplt                          build/stm32f3xx_hal_tim_ex.o
                                                  build/stm32f3xx_hal_tim.o
TIM_Base_SetConfig                                build/stm32f3xx_hal_tim.o
                                                  build/stm32f3xx_hal_tim_ex.o
TIM_CCxChannelCmd                                 build/stm32f3xx_hal_tim.o
                                                  build/stm32f3xx_hal_tim_ex.o
TIM_DMACaptureCplt                                build/stm32f3xx_hal_tim.o
                                                  build/stm32f3xx_hal_tim_ex.o
TIM_DMADelayPulseCplt                             build/stm32f3xx_hal_tim.o
                                                  build/stm32f3xx_hal_tim_ex.o
TIM_DMAError                                      build/stm32f3xx_hal_tim.o
                                                  build/stm32f3xx_hal_tim_ex.o
TIM_ETR_SetConfig                                 build/stm32f3xx_hal_tim.o
                                                  build/stm32f3xx_hal_tim_ex.o
TIM_OC1_SetConfig                                 build/stm32f3xx_hal_tim.o
                                                  build/stm32f3xx_hal_tim_ex.o
TIM_OC2_SetConfig                                 build/stm32f3xx_hal_tim.o
                                                  build/stm32f3xx_hal_tim_ex.o
TIM_OC3_SetConfig                                 build/stm32f3xx_hal_tim.o
                                                  build/stm32f3xx_hal_tim_ex.o
TIM_OC4_SetConfig                                 build/stm32f3xx_hal_tim.o
                                                  build/stm32f3xx_hal_tim_ex.o
TIM_TI1_SetConfig                                 build/stm32f3xx_hal_tim.o
                                                  build/stm32f3xx_hal_tim_ex.o
UART_AdvFeatureConfig                             build/stm32f3xx_hal_uart.o
                                                  build/stm32f3xx_hal_uart_ex.o
UART_CheckIdleState                               build/stm32f3xx_hal_uart.o
                                                  build/stm32f3xx_hal_uart_ex.o
UART_EndTransmit_IT                               build/stm32f3xx_hal_uart.o
UART_Receive_IT                                   build/stm32f3xx_hal_uart.o
UART_SetConfig                                    build/stm32f3xx_hal_uart.o
                                                  build/stm32f3xx_hal_uart_ex.o
UART_Transmit_IT                                  build/stm32f3xx_hal_uart.o
UART_WaitOnFlagUntilTimeout                       build/stm32f3xx_hal_uart.o
                                                  build/stm32f3xx_hal_uart_ex.o
UART_Wakeup_AddressConfig                         build/stm32f3xx_hal_uart.o
                                                  build/stm32f3xx_hal_uart_ex.o
USART1_IRQHandler                                 build/startup_stm32f303x8.o
USART2_IRQHandler                                 build/startup_stm32f303x8.o
USART3_IRQHandler                                 build/startup_stm32f303x8.o
UsageFault_Handler                                build/stm32f3xx_it.o
WWDG_IRQHandler                                   build/startup_stm32f303x8.o
_Error_Handler                                    build/main.o
__adddf3                                          /usr/lib/gcc/arm-none-eabi/7.3.0/armv7e-m/fpu/libgcc.a(_arm_addsubdf3.o)
__aeabi_cdcmpeq                                   /usr/lib/gcc/arm-none-eabi/7.3.0/armv7e-m/fpu/libgcc.a(_arm_cmpdf2.o)
__aeabi_cdcmple                                   /usr/lib/gcc/arm-none-eabi/7.3.0/armv7e-m/fpu/libgcc.a(_arm_cmpdf2.o)
__aeabi_cdrcmple                                  /usr/lib/gcc/arm-none-eabi/7.3.0/armv7e-m/fpu/libgcc.a(_arm_cmpdf2.o)
__aeabi_d2f                                       /usr/lib/gcc/arm-none-eabi/7.3.0/armv7e-m/fpu/libgcc.a(_arm_truncdfsf2.o)
                                                  build/main.o
__aeabi_d2iz                                      /usr/lib/gcc/arm-none-eabi/7.3.0/armv7e-m/fpu/libgcc.a(_arm_fixdfsi.o)
                                                  /usr/lib/gcc/arm-none-eabi/7.3.0/../../../../arm-none-eabi/lib/armv7e-m/fpu/libm.a(lib_a-k_sin.o)
                                                  /usr/lib/gcc/arm-none-eabi/7.3.0/../../../../arm-none-eabi/lib/armv7e-m/fpu/libm.a(lib_a-k_rem_pio2.o)
                                                  /usr/lib/gcc/arm-none-eabi/7.3.0/../../../../arm-none-eabi/lib/armv7e-m/fpu/libm.a(lib_a-k_cos.o)
                                                  /usr/lib/gcc/arm-none-eabi/7.3.0/../../../../arm-none-eabi/lib/armv7e-m/fpu/libm.a(lib_a-e_rem_pio2.o)
                                                  build/main.o
__aeabi_d2uiz                                     /usr/lib/gcc/arm-none-eabi/7.3.0/armv7e-m/fpu/libgcc.a(_arm_fixunsdfsi.o)
                                                  build/main.o
__aeabi_dadd                                      /usr/lib/gcc/arm-none-eabi/7.3.0/armv7e-m/fpu/libgcc.a(_arm_addsubdf3.o)
                                                  /usr/lib/gcc/arm-none-eabi/7.3.0/../../../../arm-none-eabi/lib/armv7e-m/fpu/libm.a(lib_a-s_scalbn.o)
                                                  /usr/lib/gcc/arm-none-eabi/7.3.0/../../../../arm-none-eabi/lib/armv7e-m/fpu/libm.a(lib_a-s_floor.o)
                                                  /usr/lib/gcc/arm-none-eabi/7.3.0/../../../../arm-none-eabi/lib/armv7e-m/fpu/libm.a(lib_a-k_sin.o)
                                                  /usr/lib/gcc/arm-none-eabi/7.3.0/../../../../arm-none-eabi/lib/armv7e-m/fpu/libm.a(lib_a-k_rem_pio2.o)
                                                  /usr/lib/gcc/arm-none-eabi/7.3.0/../../../../arm-none-eabi/lib/armv7e-m/fpu/libm.a(lib_a-k_cos.o)
                                                  /usr/lib/gcc/arm-none-eabi/7.3.0/../../../../arm-none-eabi/lib/armv7e-m/fpu/libm.a(lib_a-e_rem_pio2.o)
                                                  build/main.o
__aeabi_dcmpeq                                    /usr/lib/gcc/arm-none-eabi/7.3.0/armv7e-m/fpu/libgcc.a(_arm_cmpdf2.o)
                                                  /usr/lib/gcc/arm-none-eabi/7.3.0/../../../../arm-none-eabi/lib/armv7e-m/fpu/libm.a(lib_a-k_rem_pio2.o)
                                                  /usr/lib/gcc/arm-none-eabi/7.3.0/../../../../arm-none-eabi/lib/armv7e-m/fpu/libm.a(lib_a-e_rem_pio2.o)
__aeabi_dcmpge                                    /usr/lib/gcc/arm-none-eabi/7.3.0/armv7e-m/fpu/libgcc.a(_arm_cmpdf2.o)
                                                  /usr/lib/gcc/arm-none-eabi/7.3.0/../../../../arm-none-eabi/lib/armv7e-m/fpu/libm.a(lib_a-k_rem_pio2.o)
__aeabi_dcmpgt                                    /usr/lib/gcc/arm-none-eabi/7.3.0/armv7e-m/fpu/libgcc.a(_arm_cmpdf2.o)
                                                  /usr/lib/gcc/arm-none-eabi/7.3.0/../../../../arm-none-eabi/lib/armv7e-m/fpu/libm.a(lib_a-s_floor.o)
__aeabi_dcmple                                    /usr/lib/gcc/arm-none-eabi/7.3.0/armv7e-m/fpu/libgcc.a(_arm_cmpdf2.o)