Archive member included to satisfy reference by file (symbol)

/usr/lib/gcc/arm-none-eabi/7.2.0/../../../../arm-none-eabi/lib/armv7e-m/fpu/libc_nano.a(lib_a-atexit.o)
                              /usr/lib/gcc/arm-none-eabi/7.2.0/../../../../arm-none-eabi/lib/armv7e-m/fpu/crt0.o (atexit)
/usr/lib/gcc/arm-none-eabi/7.2.0/../../../../arm-none-eabi/lib/armv7e-m/fpu/libc_nano.a(lib_a-exit.o)
                              /usr/lib/gcc/arm-none-eabi/7.2.0/../../../../arm-none-eabi/lib/armv7e-m/fpu/crt0.o (exit)
/usr/lib/gcc/arm-none-eabi/7.2.0/../../../../arm-none-eabi/lib/armv7e-m/fpu/libc_nano.a(lib_a-fini.o)
                              /usr/lib/gcc/arm-none-eabi/7.2.0/../../../../arm-none-eabi/lib/armv7e-m/fpu/crt0.o (__libc_fini_array)
/usr/lib/gcc/arm-none-eabi/7.2.0/../../../../arm-none-eabi/lib/armv7e-m/fpu/libc_nano.a(lib_a-impure.o)
                              /usr/lib/gcc/arm-none-eabi/7.2.0/../../../../arm-none-eabi/lib/armv7e-m/fpu/libc_nano.a(lib_a-exit.o) (_global_impure_ptr)
/usr/lib/gcc/arm-none-eabi/7.2.0/../../../../arm-none-eabi/lib/armv7e-m/fpu/libc_nano.a(lib_a-init.o)
                              /usr/lib/gcc/arm-none-eabi/7.2.0/../../../../arm-none-eabi/lib/armv7e-m/fpu/crt0.o (__libc_init_array)
/usr/lib/gcc/arm-none-eabi/7.2.0/../../../../arm-none-eabi/lib/armv7e-m/fpu/libc_nano.a(lib_a-memcpy-stub.o)
                              build/xl_320.o (memcpy)
/usr/lib/gcc/arm-none-eabi/7.2.0/../../../../arm-none-eabi/lib/armv7e-m/fpu/libc_nano.a(lib_a-memset.o)
                              /usr/lib/gcc/arm-none-eabi/7.2.0/../../../../arm-none-eabi/lib/armv7e-m/fpu/crt0.o (memset)
/usr/lib/gcc/arm-none-eabi/7.2.0/../../../../arm-none-eabi/lib/armv7e-m/fpu/libc_nano.a(lib_a-__atexit.o)
                              /usr/lib/gcc/arm-none-eabi/7.2.0/../../../../arm-none-eabi/lib/armv7e-m/fpu/libc_nano.a(lib_a-atexit.o) (__register_exitproc)
/usr/lib/gcc/arm-none-eabi/7.2.0/../../../../arm-none-eabi/lib/armv7e-m/fpu/libc_nano.a(lib_a-__call_atexit.o)
                              /usr/lib/gcc/arm-none-eabi/7.2.0/../../../../arm-none-eabi/lib/armv7e-m/fpu/libc_nano.a(lib_a-__atexit.o) (__call_exitprocs)
/usr/lib/gcc/arm-none-eabi/7.2.0/../../../../arm-none-eabi/lib/armv7e-m/fpu/libnosys.a(_exit.o)
                              /usr/lib/gcc/arm-none-eabi/7.2.0/../../../../arm-none-eabi/lib/armv7e-m/fpu/libc_nano.a(lib_a-exit.o) (_exit)
/usr/lib/gcc/arm-none-eabi/7.2.0/armv7e-m/fpu/libgcc.a(_aeabi_uldivmod.o)
                              build/stm32f4xx_hal_rcc.o (__aeabi_uldivmod)
/usr/lib/gcc/arm-none-eabi/7.2.0/armv7e-m/fpu/libgcc.a(_udivmoddi4.o)
                              /usr/lib/gcc/arm-none-eabi/7.2.0/armv7e-m/fpu/libgcc.a(_aeabi_uldivmod.o) (__udivmoddi4)
/usr/lib/gcc/arm-none-eabi/7.2.0/armv7e-m/fpu/libgcc.a(_dvmd_tls.o)
                              /usr/lib/gcc/arm-none-eabi/7.2.0/armv7e-m/fpu/libgcc.a(_aeabi_uldivmod.o) (__aeabi_ldiv0)

Allocating common symbols
Common symbol       size              file

uwTick              0x4               build/stm32f4xx_hal.o
pFlash              0x20              build/stm32f4xx_hal_flash.o
interface           0x68              build/main.o
huart1              0x40              build/main.o

Discarded input sections

 .text          0x0000000000000000        0x0 /usr/lib/gcc/arm-none-eabi/7.2.0/armv7e-m/fpu/crti.o
 .data          0x0000000000000000        0x0 /usr/lib/gcc/arm-none-eabi/7.2.0/armv7e-m/fpu/crti.o
 .bss           0x0000000000000000        0x0 /usr/lib/gcc/arm-none-eabi/7.2.0/armv7e-m/fpu/crti.o
 .text          0x0000000000000000        0x0 /usr/lib/gcc/arm-none-eabi/7.2.0/armv7e-m/fpu/crtbegin.o
 .data          0x0000000000000000        0x0 /usr/lib/gcc/arm-none-eabi/7.2.0/armv7e-m/fpu/crtbegin.o
 .bss           0x0000000000000000        0x0 /usr/lib/gcc/arm-none-eabi/7.2.0/armv7e-m/fpu/crtbegin.o
 .data.__dso_handle
                0x0000000000000000        0x4 /usr/lib/gcc/arm-none-eabi/7.2.0/armv7e-m/fpu/crtbegin.o
 .text          0x0000000000000000       0x68 /usr/lib/gcc/arm-none-eabi/7.2.0/../../../../arm-none-eabi/lib/armv7e-m/fpu/crt0.o
 .data          0x0000000000000000        0x0 /usr/lib/gcc/arm-none-eabi/7.2.0/../../../../arm-none-eabi/lib/armv7e-m/fpu/crt0.o
 .bss           0x0000000000000000        0x0 /usr/lib/gcc/arm-none-eabi/7.2.0/../../../../arm-none-eabi/lib/armv7e-m/fpu/crt0.o
 .ARM.extab     0x0000000000000000        0x0 /usr/lib/gcc/arm-none-eabi/7.2.0/../../../../arm-none-eabi/lib/armv7e-m/fpu/crt0.o
 .ARM.exidx     0x0000000000000000        0x8 /usr/lib/gcc/arm-none-eabi/7.2.0/../../../../arm-none-eabi/lib/armv7e-m/fpu/crt0.o
 .ARM.attributes
                0x0000000000000000       0x20 /usr/lib/gcc/arm-none-eabi/7.2.0/../../../../arm-none-eabi/lib/armv7e-m/fpu/crt0.o
 .text          0x0000000000000000        0x0 build/stm32f4xx_hal_msp.o
 .data          0x0000000000000000        0x0 build/stm32f4xx_hal_msp.o
 .bss           0x0000000000000000        0x0 build/stm32f4xx_hal_msp.o
[...]
Memory Configuration

Name             Origin             Length             Attributes
RAM              0x0000000020000000 0x0000000000018000 xrw
FLASH            0x0000000008000000 0x0000000000080000 xr
*default*        0x0000000000000000 0xffffffffffffffff

Linker script and memory map

LOAD /usr/lib/gcc/arm-none-eabi/7.2.0/armv7e-m/fpu/crti.o
LOAD /usr/lib/gcc/arm-none-eabi/7.2.0/armv7e-m/fpu/crtbegin.o
LOAD /usr/lib/gcc/arm-none-eabi/7.2.0/../../../../arm-none-eabi/lib/armv7e-m/fpu/crt0.o
LOAD build/stm32f4xx_hal_msp.o
LOAD build/system_stm32f4xx.o
LOAD build/stm32f4xx_it.o
LOAD build/main.o
LOAD build/xl_320.o
LOAD build/stm32f4xx_hal_flash_ramfunc.o
LOAD build/stm32f4xx_hal_gpio.o
LOAD build/stm32f4xx_hal_pwr_ex.o
LOAD build/stm32f4xx_hal_flash.o
LOAD build/stm32f4xx_hal_tim.o
LOAD build/stm32f4xx_hal_cortex.o
LOAD build/stm32f4xx_hal_uart.o
LOAD build/stm32f4xx_hal_tim_ex.o
LOAD build/stm32f4xx_hal_dma_ex.o
LOAD build/stm32f4xx_hal.o
LOAD build/stm32f4xx_hal_pwr.o
LOAD build/stm32f4xx_hal_flash_ex.o
LOAD build/stm32f4xx_hal_rcc.o
LOAD build/stm32f4xx_hal_dma.o
LOAD build/stm32f4xx_hal_rcc_ex.o
LOAD build/startup_stm32f401xe.o
LOAD /usr/lib/gcc/arm-none-eabi/7.2.0/../../../../arm-none-eabi/lib/armv7e-m/fpu/libc_nano.a
LOAD /usr/lib/gcc/arm-none-eabi/7.2.0/../../../../arm-none-eabi/lib/armv7e-m/fpu/libm.a
LOAD /usr/lib/gcc/arm-none-eabi/7.2.0/../../../../arm-none-eabi/lib/armv7e-m/fpu/libnosys.a
START GROUP
LOAD /usr/lib/gcc/arm-none-eabi/7.2.0/armv7e-m/fpu/libgcc.a
LOAD /usr/lib/gcc/arm-none-eabi/7.2.0/../../../../arm-none-eabi/lib/armv7e-m/fpu/libc_nano.a
END GROUP
START GROUP
LOAD /usr/lib/gcc/arm-none-eabi/7.2.0/armv7e-m/fpu/libgcc.a
LOAD /usr/lib/gcc/arm-none-eabi/7.2.0/../../../../arm-none-eabi/lib/armv7e-m/fpu/libc_nano.a
END GROUP
LOAD /usr/lib/gcc/arm-none-eabi/7.2.0/armv7e-m/fpu/crtend.o
LOAD /usr/lib/gcc/arm-none-eabi/7.2.0/armv7e-m/fpu/crtn.o
                0x0000000020018000                _estack = 0x20018000
                0x0000000000000200                _Min_Heap_Size = 0x200
                0x0000000000000400                _Min_Stack_Size = 0x400

.isr_vector     0x0000000008000000      0x194
                0x0000000008000000                . = ALIGN (0x4)
 *(.isr_vector)
 .isr_vector    0x0000000008000000      0x194 build/startup_stm32f401xe.o
                0x0000000008000000                g_pfnVectors
                0x0000000008000194                . = ALIGN (0x4)

.text           0x0000000008000194     0x2110
                0x0000000008000194                . = ALIGN (0x4)
 *(.text)
 .text          0x0000000008000194       0x30 /usr/lib/gcc/arm-none-eabi/7.2.0/armv7e-m/fpu/libgcc.a(_aeabi_uldivmod.o)
                0x0000000008000194                __aeabi_uldivmod
 .text          0x00000000080001c4        0x4 /usr/lib/gcc/arm-none-eabi/7.2.0/armv7e-m/fpu/libgcc.a(_dvmd_tls.o)
                0x00000000080001c4                __aeabi_ldiv0
                0x00000000080001c4                __aeabi_idiv0
 *(.text*)
 .text.__do_global_dtors_aux
                0x00000000080001c8       0x24 /usr/lib/gcc/arm-none-eabi/7.2.0/armv7e-m/fpu/crtbegin.o
 .text.frame_dummy
                0x00000000080001ec       0x1c /usr/lib/gcc/arm-none-eabi/7.2.0/armv7e-m/fpu/crtbegin.o
 .text.HAL_MspInit
                0x0000000008000208       0x5e build/stm32f4xx_hal_msp.o
                0x0000000008000208                HAL_MspInit
 *fill*         0x0000000008000266        0x2 
 .text.HAL_UART_MspInit
                0x0000000008000268       0x64 build/stm32f4xx_hal_msp.o
                0x0000000008000268                HAL_UART_MspInit
 .text.SystemInit
                0x00000000080002cc       0x4c build/system_stm32f4xx.o
                0x00000000080002cc                SystemInit
 .text.SysTick_Handler
                0x0000000008000318        0xc build/stm32f4xx_it.o
                0x0000000008000318                SysTick_Handler
 .text.USART1_IRQHandler
                0x0000000008000324       0x10 build/stm32f4xx_it.o
                0x0000000008000324                USART1_IRQHandler
 .text.XL_320_Send_HAL
                0x0000000008000334       0x1c build/main.o
                0x0000000008000334                XL_320_Send_HAL
 .text.XL_320_Set_Direction_HAL
                0x0000000008000350       0x18 build/main.o
                0x0000000008000350                XL_320_Set_Direction_HAL
 .text.XL_320_Receive_HAL
                0x0000000008000368       0x1c build/main.o
                0x0000000008000368                XL_320_Receive_HAL
 .text.XL_320_Delay_HAL
                0x0000000008000384        0x8 build/main.o
                0x0000000008000384                XL_320_Delay_HAL
 .text.MX_GPIO_Init
                0x000000000800038c      0x148 build/main.o
 .text._Error_Handler
                0x00000000080004d4        0x2 build/main.o
                0x00000000080004d4                _Error_Handler
 *fill*         0x00000000080004d6        0x2 
 .text.MX_USART1_UART_Init
                0x00000000080004d8       0x3c build/main.o
 .text.SystemClock_Config
                0x0000000008000514       0xc4 build/main.o
                0x0000000008000514                SystemClock_Config
 .text.main     0x00000000080005d8       0x94 build/main.o
                0x00000000080005d8                main
 .text.XL_FSM_HEADER_0
                0x000000000800066c       0x18 build/xl_320.o
                0x000000000800066c                XL_FSM_HEADER_0
 .text.XL_FSM_HEADER_1
                0x0000000008000684       0x24 build/xl_320.o
                0x0000000008000684                XL_FSM_HEADER_1
 .text.XL_FSM_HEADER_2
                0x00000000080006a8       0x24 build/xl_320.o
                0x00000000080006a8                XL_FSM_HEADER_2
 .text.XL_FSM_HEADER_3
                0x00000000080006cc       0x24 build/xl_320.o
                0x00000000080006cc                XL_FSM_HEADER_3
 .text.XL_FSM_ID
                0x00000000080006f0       0x28 build/xl_320.o
                0x00000000080006f0                XL_FSM_ID
 .text.XL_FSM_LENGTH_LOW
                0x0000000008000718       0x14 build/xl_320.o
                0x0000000008000718                XL_FSM_LENGTH_LOW
 .text.XL_FSM_LENGTH_HIGH
                0x000000000800072c       0x34 build/xl_320.o
                0x000000000800072c                XL_FSM_LENGTH_HIGH
 .text.XL_FSM_INSTRUCTION
                0x0000000008000760       0x2c build/xl_320.o
                0x0000000008000760                XL_FSM_INSTRUCTION
 .text.XL_FSM_RECEIVING
                0x000000000800078c       0x16 build/xl_320.o
                0x000000000800078c                XL_FSM_RECEIVING
 *fill*         0x00000000080007a2        0x2 
 .text.XL_Update_CRC
                0x00000000080007a4       0x40 build/xl_320.o
                0x00000000080007a4                XL_Update_CRC
 .text.XL_Extract_Status_Packet
                0x00000000080007e4       0x90 build/xl_320.o
                0x00000000080007e4                XL_Extract_Status_Packet
 .text.XL_Receive
                0x0000000008000874       0x9c build/xl_320.o
                0x0000000008000874                XL_Receive
 .text.XL_Build_Frame
                0x0000000008000910       0xcc build/xl_320.o
                0x0000000008000910                XL_Build_Frame
 .text.XL_Send  0x00000000080009dc       0x40 build/xl_320.o
                0x00000000080009dc                XL_Send
 .text.XL_Check_Status
                0x0000000008000a1c       0x20 build/xl_320.o
                0x0000000008000a1c                XL_Check_Status
 .text.XL_Ping  0x0000000008000a3c       0x50 build/xl_320.o
                0x0000000008000a3c                XL_Ping
 .text.XL_Discover
                0x0000000008000a8c       0x5c build/xl_320.o
                0x0000000008000a8c                XL_Discover
 .text.XL_Read  0x0000000008000ae8       0x9c build/xl_320.o
                0x0000000008000ae8                XL_Read
 .text.XL_Configure_Control_Mode
                0x0000000008000b84       0x10 build/xl_320.o
                0x0000000008000b84                XL_Configure_Control_Mode
 .text.XL_Get_Hardware_Error
                0x0000000008000b94        0xc build/xl_320.o
                0x0000000008000b94                XL_Get_Hardware_Error
 .text.XL_Check_Alert
                0x0000000008000ba0       0x38 build/xl_320.o
                0x0000000008000ba0                XL_Check_Alert
 .text.XL_Write
                0x0000000008000bd8       0x80 build/xl_320.o
                0x0000000008000bd8                XL_Write
 .text.XL_Configure_CW_Angle_Limit
                0x0000000008000c58       0x2c build/xl_320.o
                0x0000000008000c58                XL_Configure_CW_Angle_Limit
 .text.XL_Configure_CCW_Angle_Limit
                0x0000000008000c84       0x2c build/xl_320.o
                0x0000000008000c84                XL_Configure_CCW_Angle_Limit
 .text.XL_Power_On
                0x0000000008000cb0       0x16 build/xl_320.o
                0x0000000008000cb0                XL_Power_On
 .text.XL_Power_Off
                0x0000000008000cc6       0x16 build/xl_320.o
                0x0000000008000cc6                XL_Power_Off
 .text.XL_Set_LED
                0x0000000008000cdc       0x2c build/xl_320.o
                0x0000000008000cdc                XL_Set_LED
 .text.XL_Say_Hello
                0x0000000008000d08       0x54 build/xl_320.o
                0x0000000008000d08                XL_Say_Hello
 .text.XL_Set_Goal_Speed_Wheel
                0x0000000008000d5c       0x40 build/xl_320.o
                0x0000000008000d5c                XL_Set_Goal_Speed_Wheel
 .text.HAL_GPIO_Init
                0x0000000008000d9c      0x1a4 build/stm32f4xx_hal_gpio.o
                0x0000000008000d9c                HAL_GPIO_Init
 .text.HAL_GPIO_WritePin
                0x0000000008000f40        0xc build/stm32f4xx_hal_gpio.o
                0x0000000008000f40                HAL_GPIO_WritePin
 .text.HAL_NVIC_SetPriorityGrouping
                0x0000000008000f4c       0x24 build/stm32f4xx_hal_cortex.o
                0x0000000008000f4c                HAL_NVIC_SetPriorityGrouping
 .text.HAL_NVIC_SetPriority
                0x0000000008000f70       0x68 build/stm32f4xx_hal_cortex.o
                0x0000000008000f70                HAL_NVIC_SetPriority
 .text.HAL_NVIC_EnableIRQ
                0x0000000008000fd8       0x18 build/stm32f4xx_hal_cortex.o
                0x0000000008000fd8                HAL_NVIC_EnableIRQ
 .text.HAL_SYSTICK_Config
                0x0000000008000ff0       0x2c build/stm32f4xx_hal_cortex.o
                0x0000000008000ff0                HAL_SYSTICK_Config
 .text.HAL_SYSTICK_CLKSourceConfig
                0x000000000800101c       0x20 build/stm32f4xx_hal_cortex.o
                0x000000000800101c                HAL_SYSTICK_CLKSourceConfig
 .text.HAL_SYSTICK_Callback
                0x000000000800103c        0x2 build/stm32f4xx_hal_cortex.o
                0x000000000800103c                HAL_SYSTICK_Callback
 .text.HAL_SYSTICK_IRQHandler
                0x000000000800103e        0x8 build/stm32f4xx_hal_cortex.o
                0x000000000800103e                HAL_SYSTICK_IRQHandler
 .text.UART_EndRxTransfer
                0x0000000008001046       0x1c build/stm32f4xx_hal_uart.o
 .text.UART_Transmit_IT
                0x0000000008001062       0x68 build/stm32f4xx_hal_uart.o
 *fill*         0x00000000080010ca        0x2 
 .text.UART_SetConfig
                0x00000000080010cc      0x334 build/stm32f4xx_hal_uart.o
 .text.UART_WaitOnFlagUntilTimeout
                0x0000000008001400       0x62 build/stm32f4xx_hal_uart.o
 .text.HAL_UART_Init
                0x0000000008001462       0x5e build/stm32f4xx_hal_uart.o
                0x0000000008001462                HAL_UART_Init
 .text.HAL_UART_Transmit
                0x00000000080014c0       0xe0 build/stm32f4xx_hal_uart.o
                0x00000000080014c0                HAL_UART_Transmit
 .text.HAL_UART_Receive
                0x00000000080015a0       0xe4 build/stm32f4xx_hal_uart.o
                0x00000000080015a0                HAL_UART_Receive
 .text.HAL_UART_TxCpltCallback
                0x0000000008001684        0x2 build/stm32f4xx_hal_uart.o
                0x0000000008001684                HAL_UART_TxCpltCallback
 .text.UART_EndTransmit_IT
                0x0000000008001686       0x1a build/stm32f4xx_hal_uart.o
 .text.HAL_UART_RxCpltCallback
                0x00000000080016a0        0x2 build/stm32f4xx_hal_uart.o
                0x00000000080016a0                HAL_UART_RxCpltCallback
 .text.UART_Receive_IT
                0x00000000080016a2       0x92 build/stm32f4xx_hal_uart.o
 .text.HAL_UART_ErrorCallback
                0x0000000008001734        0x2 build/stm32f4xx_hal_uart.o
                0x0000000008001734                HAL_UART_ErrorCallback
 *fill*         0x0000000008001736        0x2 
 .text.HAL_UART_IRQHandler
                0x0000000008001738      0x120 build/stm32f4xx_hal_uart.o
                0x0000000008001738                HAL_UART_IRQHandler
 .text.UART_DMAAbortOnError
                0x0000000008001858       0x10 build/stm32f4xx_hal_uart.o
 .text.HAL_InitTick
                0x0000000008001868       0x2c build/stm32f4xx_hal.o
                0x0000000008001868                HAL_InitTick
 .text.HAL_Init
                0x0000000008001894       0x34 build/stm32f4xx_hal.o
                0x0000000008001894                HAL_Init
 .text.HAL_IncTick
                0x00000000080018c8       0x10 build/stm32f4xx_hal.o
                0x00000000080018c8                HAL_IncTick
 .text.HAL_GetTick
                0x00000000080018d8        0xc build/stm32f4xx_hal.o
                0x00000000080018d8                HAL_GetTick
 .text.HAL_Delay
                0x00000000080018e4       0x24 build/stm32f4xx_hal.o
                0x00000000080018e4                HAL_Delay
 .text.HAL_RCC_OscConfig
                0x0000000008001908      0x378 build/stm32f4xx_hal_rcc.o
                0x0000000008001908                HAL_RCC_OscConfig
 .text.HAL_RCC_GetSysClockFreq
                0x0000000008001c80       0xd8 build/stm32f4xx_hal_rcc.o
                0x0000000008001c80                HAL_RCC_GetSysClockFreq
 .text.HAL_RCC_ClockConfig
                0x0000000008001d58      0x158 build/stm32f4xx_hal_rcc.o
                0x0000000008001d58                HAL_RCC_ClockConfig
 .text.HAL_RCC_GetHCLKFreq
                0x0000000008001eb0        0xc build/stm32f4xx_hal_rcc.o
                0x0000000008001eb0                HAL_RCC_GetHCLKFreq
 .text.HAL_RCC_GetPCLK1Freq
                0x0000000008001ebc       0x20 build/stm32f4xx_hal_rcc.o
                0x0000000008001ebc                HAL_RCC_GetPCLK1Freq
 .text.HAL_RCC_GetPCLK2Freq
                0x0000000008001edc       0x20 build/stm32f4xx_hal_rcc.o
                0x0000000008001edc                HAL_RCC_GetPCLK2Freq
 .text.HAL_DMA_Abort_IT
                0x0000000008001efc       0x26 build/stm32f4xx_hal_dma.o
                0x0000000008001efc                HAL_DMA_Abort_IT
 *fill*         0x0000000008001f22        0x2 
 .text.Reset_Handler
                0x0000000008001f24       0x50 build/startup_stm32f401xe.o
                0x0000000008001f24                Reset_Handler
 .text.Default_Handler
                0x0000000008001f74        0x2 build/startup_stm32f401xe.o
                0x0000000008001f74                RTC_Alarm_IRQHandler
                0x0000000008001f74                EXTI2_IRQHandler
                0x0000000008001f74                DebugMon_Handler
                0x0000000008001f74                SPI4_IRQHandler
                0x0000000008001f74                TIM1_CC_IRQHandler
                0x0000000008001f74                DMA2_Stream5_IRQHandler
                0x0000000008001f74                HardFault_Handler
                0x0000000008001f74                DMA1_Stream5_IRQHandler
                0x0000000008001f74                PVD_IRQHandler
                0x0000000008001f74                SDIO_IRQHandler
                0x0000000008001f74                TAMP_STAMP_IRQHandler
                0x0000000008001f74                PendSV_Handler
                0x0000000008001f74                NMI_Handler
                0x0000000008001f74                EXTI3_IRQHandler
                0x0000000008001f74                TIM1_UP_TIM10_IRQHandler
                0x0000000008001f74                I2C3_ER_IRQHandler
                0x0000000008001f74                EXTI0_IRQHandler
                0x0000000008001f74                I2C2_EV_IRQHandler
                0x0000000008001f74                DMA1_Stream2_IRQHandler
                0x0000000008001f74                FPU_IRQHandler
                0x0000000008001f74                UsageFault_Handler
                0x0000000008001f74                DMA2_Stream2_IRQHandler
                0x0000000008001f74                SPI1_IRQHandler
                0x0000000008001f74                TIM1_BRK_TIM9_IRQHandler
                0x0000000008001f74                DMA2_Stream3_IRQHandler
                0x0000000008001f74                USART6_IRQHandler
                0x0000000008001f74                DMA2_Stream0_IRQHandler
                0x0000000008001f74                TIM4_IRQHandler
                0x0000000008001f74                I2C1_EV_IRQHandler
                0x0000000008001f74                DMA1_Stream6_IRQHandler
                0x0000000008001f74                DMA1_Stream1_IRQHandler
                0x0000000008001f74                TIM3_IRQHandler
                0x0000000008001f74                RCC_IRQHandler
                0x0000000008001f74                Default_Handler
                0x0000000008001f74                EXTI15_10_IRQHandler
                0x0000000008001f74                ADC_IRQHandler
                0x0000000008001f74                DMA1_Stream7_IRQHandler
                0x0000000008001f74                TIM5_IRQHandler
                0x0000000008001f74                DMA2_Stream7_IRQHandler
                0x0000000008001f74                I2C3_EV_IRQHandler
                0x0000000008001f74                EXTI9_5_IRQHandler
                0x0000000008001f74                RTC_WKUP_IRQHandler
                0x0000000008001f74                SPI2_IRQHandler
                0x0000000008001f74                MemManage_Handler
                0x0000000008001f74                DMA1_Stream0_IRQHandler
                0x0000000008001f74                SVC_Handler
                0x0000000008001f74                EXTI4_IRQHandler
                0x0000000008001f74                WWDG_IRQHandler
                0x0000000008001f74                TIM2_IRQHandler
                0x0000000008001f74                OTG_FS_WKUP_IRQHandler
                0x0000000008001f74                TIM1_TRG_COM_TIM11_IRQHandler
                0x0000000008001f74                EXTI1_IRQHandler
                0x0000000008001f74                USART2_IRQHandler
                0x0000000008001f74                I2C2_ER_IRQHandler
                0x0000000008001f74                DMA2_Stream1_IRQHandler
                0x0000000008001f74                FLASH_IRQHandler
                0x0000000008001f74                DMA2_Stream4_IRQHandler
                0x0000000008001f74                BusFault_Handler
                0x0000000008001f74                OTG_FS_IRQHandler
                0x0000000008001f74                SPI3_IRQHandler
                0x0000000008001f74                DMA1_Stream4_IRQHandler
                0x0000000008001f74                I2C1_ER_IRQHandler
                0x0000000008001f74                DMA2_Stream6_IRQHandler
                0x0000000008001f74                DMA1_Stream3_IRQHandler
 *fill*         0x0000000008001f76        0x2 
 .text.__libc_init_array
                0x0000000008001f78       0x48 /usr/lib/gcc/arm-none-eabi/7.2.0/../../../../arm-none-eabi/lib/armv7e-m/fpu/libc_nano.a(lib_a-init.o)
                0x0000000008001f78                __libc_init_array
 .text.memcpy   0x0000000008001fc0       0x16 /usr/lib/gcc/arm-none-eabi/7.2.0/../../../../arm-none-eabi/lib/armv7e-m/fpu/libc_nano.a(lib_a-memcpy-stub.o)
                0x0000000008001fc0                memcpy
 .text.__udivmoddi4
                0x0000000008001fd6      0x2b6 /usr/lib/gcc/arm-none-eabi/7.2.0/armv7e-m/fpu/libgcc.a(_udivmoddi4.o)
                0x0000000008001fd6                __udivmoddi4
 *(.glue_7)
 .glue_7        0x000000000800228c        0x0 linker stubs
 *(.glue_7t)
 .glue_7t       0x000000000800228c        0x0 linker stubs
 *(.eh_frame)
 .eh_frame      0x000000000800228c        0x0 /usr/lib/gcc/arm-none-eabi/7.2.0/armv7e-m/fpu/crtbegin.o
 *(.init)
 .init          0x000000000800228c        0x4 /usr/lib/gcc/arm-none-eabi/7.2.0/armv7e-m/fpu/crti.o
                0x000000000800228c                _init
 .init          0x0000000008002290        0x8 /usr/lib/gcc/arm-none-eabi/7.2.0/armv7e-m/fpu/crtn.o
 *(.fini)
 .fini          0x0000000008002298        0x4 /usr/lib/gcc/arm-none-eabi/7.2.0/armv7e-m/fpu/crti.o
                0x0000000008002298                _fini
 .fini          0x000000000800229c        0x8 /usr/lib/gcc/arm-none-eabi/7.2.0/armv7e-m/fpu/crtn.o
                0x00000000080022a4                . = ALIGN (0x4)
                0x00000000080022a4                _etext = .

.vfp11_veneer   0x00000000080022a4        0x0
 .vfp11_veneer  0x00000000080022a4        0x0 linker stubs

.v4_bx          0x00000000080022a4        0x0
 .v4_bx         0x00000000080022a4        0x0 linker stubs

.iplt           0x00000000080022a4        0x0
 .iplt          0x00000000080022a4        0x0 /usr/lib/gcc/arm-none-eabi/7.2.0/armv7e-m/fpu/crtbegin.o

.rodata         0x00000000080022a4      0x264
                0x00000000080022a4                . = ALIGN (0x4)
 *(.rodata)
 .rodata        0x00000000080022a4      0x200 build/xl_320.o
 *(.rodata*)
 .rodata.AHBPrescTable
                0x00000000080024a4       0x10 build/system_stm32f4xx.o
                0x00000000080024a4                AHBPrescTable
 .rodata.APBPrescTable
                0x00000000080024b4        0x8 build/system_stm32f4xx.o
                0x00000000080024b4                APBPrescTable
 .rodata.MX_USART1_UART_Init.str1.4
                0x00000000080024bc        0xc build/main.o
                                          0xb (size before relaxing)
 .rodata.field_addr
                0x00000000080024c8       0x1f build/xl_320.o
 *fill*         0x00000000080024e7        0x1 
 .rodata.field_length
                0x00000000080024e8       0x1f build/xl_320.o
                0x0000000008002508                . = ALIGN (0x4)
 *fill*         0x0000000008002507        0x1 

.ARM.extab
 *(.ARM.extab* .gnu.linkonce.armextab.*)

.ARM            0x0000000008002508        0x8
                0x0000000008002508                __exidx_start = .
 *(.ARM.exidx*)
 .ARM.exidx.text.__udivmoddi4
                0x0000000008002508        0x8 /usr/lib/gcc/arm-none-eabi/7.2.0/armv7e-m/fpu/libgcc.a(_udivmoddi4.o)
                0x0000000008002510                __exidx_end = .

.rel.dyn        0x0000000008002510        0x0
 .rel.iplt      0x0000000008002510        0x0 /usr/lib/gcc/arm-none-eabi/7.2.0/armv7e-m/fpu/crtbegin.o

.preinit_array  0x0000000008002510        0x0
                0x0000000008002510                PROVIDE (__preinit_array_start, .)
 *(.preinit_array*)
                0x0000000008002510                PROVIDE (__preinit_array_end, .)

.init_array     0x0000000008002510        0x4
                0x0000000008002510                PROVIDE (__init_array_start, .)
 *(SORT(.init_array.*))
 *(.init_array*)
 .init_array    0x0000000008002510        0x4 /usr/lib/gcc/arm-none-eabi/7.2.0/armv7e-m/fpu/crtbegin.o
                0x0000000008002514                PROVIDE (__init_array_end, .)

.fini_array     0x0000000008002514        0x4
                0x0000000008002514                PROVIDE (__fini_array_start, .)
 *(SORT(.fini_array.*))
 *(.fini_array*)
 .fini_array    0x0000000008002514        0x4 /usr/lib/gcc/arm-none-eabi/7.2.0/armv7e-m/fpu/crtbegin.o
                0x0000000008002518                PROVIDE (__fini_array_end, .)
                0x0000000008002518                _sidata = LOADADDR (.data)

.data           0x0000000020000000        0x4 load address 0x0000000008002518
                0x0000000020000000                . = ALIGN (0x4)
                0x0000000020000000                _sdata = .
 *(.data)
 *(.data*)
 .data.SystemCoreClock
                0x0000000020000000        0x4 build/system_stm32f4xx.o
                0x0000000020000000                SystemCoreClock
                0x0000000020000004                . = ALIGN (0x4)
                0x0000000020000004                _edata = .

.igot.plt       0x0000000020000004        0x0 load address 0x000000000800251c
 .igot.plt      0x0000000020000004        0x0 /usr/lib/gcc/arm-none-eabi/7.2.0/armv7e-m/fpu/crtbegin.o
                0x0000000020000004                . = ALIGN (0x4)

.bss            0x0000000020000004       0xd8 load address 0x000000000800251c
                0x0000000020000004                _sbss = .
                0x0000000020000004                __bss_start__ = _sbss
 *(.bss)
 *(.bss*)
 .bss.completed.9847
                0x0000000020000004        0x1 /usr/lib/gcc/arm-none-eabi/7.2.0/armv7e-m/fpu/crtbegin.o
 *fill*         0x0000000020000005        0x3 
 .bss.object.9852
                0x0000000020000008       0x18 /usr/lib/gcc/arm-none-eabi/7.2.0/armv7e-m/fpu/crtbegin.o
 .bss.err       0x0000000020000020        0x2 build/xl_320.o
 *fill*         0x0000000020000022        0x2 
 .bss.packet.6890
                0x0000000020000024        0x8 build/xl_320.o
 .bss.params.6891
                0x000000002000002c        0x4 build/xl_320.o
 *(COMMON)
 COMMON         0x0000000020000030       0xa8 build/main.o
                0x0000000020000030                interface
                0x0000000020000098                huart1
 COMMON         0x00000000200000d8        0x4 build/stm32f4xx_hal.o
                0x00000000200000d8                uwTick
                0x00000000200000dc                . = ALIGN (0x4)
                0x00000000200000dc                _ebss = .
                0x00000000200000dc                __bss_end__ = _ebss

._user_heap_stack
                0x00000000200000dc      0x604 load address 0x000000000800251c
                0x00000000200000e0                . = ALIGN (0x8)
 *fill*         0x00000000200000dc        0x4 
                [!provide]                        PROVIDE (end, .)
                [!provide]                        PROVIDE (_end, .)
                0x00000000200002e0                . = (. + _Min_Heap_Size)
 *fill*         0x00000000200000e0      0x200 
                0x00000000200006e0                . = (. + _Min_Stack_Size)
 *fill*         0x00000000200002e0      0x400 
                0x00000000200006e0                . = ALIGN (0x8)

/DISCARD/
 libc.a(*)
 libm.a(*)
 libgcc.a(*)

.ARM.attributes
                0x0000000000000000       0x30
 *(.ARM.attributes)
 .ARM.attributes
                0x0000000000000000       0x22 /usr/lib/gcc/arm-none-eabi/7.2.0/armv7e-m/fpu/crti.o
 .ARM.attributes
                0x0000000000000022       0x34 /usr/lib/gcc/arm-none-eabi/7.2.0/armv7e-m/fpu/crtbegin.o
 .ARM.attributes
                0x0000000000000056       0x39 build/stm32f4xx_hal_msp.o
 .ARM.attributes
                0x000000000000008f       0x39 build/system_stm32f4xx.o
 .ARM.attributes
                0x00000000000000c8       0x39 build/stm32f4xx_it.o
 .ARM.attributes
                0x0000000000000101       0x39 build/main.o
 .ARM.attributes
                0x000000000000013a       0x39 build/xl_320.o
 .ARM.attributes
                0x0000000000000173       0x39 build/stm32f4xx_hal_gpio.o
 .ARM.attributes
                0x00000000000001ac       0x39 build/stm32f4xx_hal_cortex.o
 .ARM.attributes
                0x00000000000001e5       0x39 build/stm32f4xx_hal_uart.o
 .ARM.attributes
                0x000000000000021e       0x39 build/stm32f4xx_hal.o
 .ARM.attributes
                0x0000000000000257       0x39 build/stm32f4xx_hal_rcc.o
 .ARM.attributes
                0x0000000000000290       0x39 build/stm32f4xx_hal_dma.o
 .ARM.attributes
                0x00000000000002c9       0x21 build/startup_stm32f401xe.o
 .ARM.attributes
                0x00000000000002ea       0x34 /usr/lib/gcc/arm-none-eabi/7.2.0/../../../../arm-none-eabi/lib/armv7e-m/fpu/libc_nano.a(lib_a-init.o)
 .ARM.attributes
                0x000000000000031e       0x34 /usr/lib/gcc/arm-none-eabi/7.2.0/../../../../arm-none-eabi/lib/armv7e-m/fpu/libc_nano.a(lib_a-memcpy-stub.o)
 .ARM.attributes
                0x0000000000000352       0x22 /usr/lib/gcc/arm-none-eabi/7.2.0/armv7e-m/fpu/libgcc.a(_aeabi_uldivmod.o)
 .ARM.attributes
                0x0000000000000374       0x34 /usr/lib/gcc/arm-none-eabi/7.2.0/armv7e-m/fpu/libgcc.a(_udivmoddi4.o)
 .ARM.attributes
                0x00000000000003a8       0x22 /usr/lib/gcc/arm-none-eabi/7.2.0/armv7e-m/fpu/libgcc.a(_dvmd_tls.o)
 .ARM.attributes
                0x00000000000003ca       0x22 /usr/lib/gcc/arm-none-eabi/7.2.0/armv7e-m/fpu/crtn.o
OUTPUT(build/STM32_XL_320.elf elf32-littlearm)

.debug_info     0x0000000000000000     0xfdbc
 .debug_info    0x0000000000000000     0x15e7 build/stm32f4xx_hal_msp.o
 .debug_info    0x00000000000015e7      0xea6 build/system_stm32f4xx.o
 .debug_info    0x000000000000248d      0xf6e build/stm32f4xx_it.o
 .debug_info    0x00000000000033fb     0x1ef9 build/main.o
 .debug_info    0x00000000000052f4     0x2571 build/xl_320.o
 .debug_info    0x0000000000007865     0x1130 build/stm32f4xx_hal_gpio.o
 .debug_info    0x0000000000008995     0x1873 build/stm32f4xx_hal_cortex.o
 .debug_info    0x000000000000a208     0x215e build/stm32f4xx_hal_uart.o
 .debug_info    0x000000000000c366     0x1243 build/stm32f4xx_hal.o
 .debug_info    0x000000000000d5a9     0x1417 build/stm32f4xx_hal_rcc.o
 .debug_info    0x000000000000e9c0     0x13da build/stm32f4xx_hal_dma.o
 .debug_info    0x000000000000fd9a       0x22 build/startup_stm32f401xe.o

.debug_abbrev   0x0000000000000000     0x1fbc
 .debug_abbrev  0x0000000000000000      0x237 build/stm32f4xx_hal_msp.o
 .debug_abbrev  0x0000000000000237      0x1e6 build/system_stm32f4xx.o
 .debug_abbrev  0x000000000000041d      0x1ec build/stm32f4xx_it.o
 .debug_abbrev  0x0000000000000609      0x31d build/main.o
 .debug_abbrev  0x0000000000000926      0x346 build/xl_320.o
 .debug_abbrev  0x0000000000000c6c      0x2be build/stm32f4xx_hal_gpio.o
 .debug_abbrev  0x0000000000000f2a      0x3dc build/stm32f4xx_hal_cortex.o
 .debug_abbrev  0x0000000000001306      0x375 build/stm32f4xx_hal_uart.o
 .debug_abbrev  0x000000000000167b      0x2f0 build/stm32f4xx_hal.o
 .debug_abbrev  0x000000000000196b      0x326 build/stm32f4xx_hal_rcc.o
 .debug_abbrev  0x0000000000001c91      0x319 build/stm32f4xx_hal_dma.o
 .debug_abbrev  0x0000000000001faa       0x12 build/startup_stm32f401xe.o

.debug_loc      0x0000000000000000     0x5b40
 .debug_loc     0x0000000000000000       0xd3 build/stm32f4xx_hal_msp.o
 .debug_loc     0x00000000000000d3      0x13e build/system_stm32f4xx.o
 .debug_loc     0x0000000000000211       0x40 build/stm32f4xx_it.o
 .debug_loc     0x0000000000000251      0x2a5 build/main.o
 .debug_loc     0x00000000000004f6     0x1dfe build/xl_320.o
 .debug_loc     0x00000000000022f4      0x531 build/stm32f4xx_hal_gpio.o
 .debug_loc     0x0000000000002825      0x65e build/stm32f4xx_hal_cortex.o
 .debug_loc     0x0000000000002e83     0x1a3f build/stm32f4xx_hal_uart.o
 .debug_loc     0x00000000000048c2      0x101 build/stm32f4xx_hal.o
 .debug_loc     0x00000000000049c3      0x4e7 build/stm32f4xx_hal_rcc.o
 .debug_loc     0x0000000000004eaa      0xc96 build/stm32f4xx_hal_dma.o

.debug_aranges  0x0000000000000000      0x790
 .debug_aranges
                0x0000000000000000       0x30 build/stm32f4xx_hal_msp.o
 .debug_aranges
                0x0000000000000030       0x28 build/system_stm32f4xx.o
 .debug_aranges
                0x0000000000000058       0x28 build/stm32f4xx_it.o
 .debug_aranges
                0x0000000000000080       0x60 build/main.o
 .debug_aranges
                0x00000000000000e0      0x1d8 build/xl_320.o
 .debug_aranges
                0x00000000000002b8       0x58 build/stm32f4xx_hal_gpio.o
 .debug_aranges
                0x0000000000000310       0xa8 build/stm32f4xx_hal_cortex.o
 .debug_aranges
                0x00000000000003b8      0x1d0 build/stm32f4xx_hal_uart.o
 .debug_aranges
                0x0000000000000588       0xc8 build/stm32f4xx_hal.o
 .debug_aranges
                0x0000000000000650       0x88 build/stm32f4xx_hal_rcc.o
 .debug_aranges
                0x00000000000006d8       0x90 build/stm32f4xx_hal_dma.o
 .debug_aranges
                0x0000000000000768       0x28 build/startup_stm32f401xe.o

.debug_ranges   0x0000000000000000      0x738
 .debug_ranges  0x0000000000000000       0x20 build/stm32f4xx_hal_msp.o
 .debug_ranges  0x0000000000000020       0x18 build/system_stm32f4xx.o
 .debug_ranges  0x0000000000000038       0x18 build/stm32f4xx_it.o
 .debug_ranges  0x0000000000000050       0x50 build/main.o
 .debug_ranges  0x00000000000000a0      0x1c8 build/xl_320.o
 .debug_ranges  0x0000000000000268       0x48 build/stm32f4xx_hal_gpio.o
 .debug_ranges  0x00000000000002b0       0xf8 build/stm32f4xx_hal_cortex.o
 .debug_ranges  0x00000000000003a8      0x1c0 build/stm32f4xx_hal_uart.o
 .debug_ranges  0x0000000000000568       0xb8 build/stm32f4xx_hal.o
 .debug_ranges  0x0000000000000620       0x78 build/stm32f4xx_hal_rcc.o
 .debug_ranges  0x0000000000000698       0x80 build/stm32f4xx_hal_dma.o
 .debug_ranges  0x0000000000000718       0x20 build/startup_stm32f401xe.o

.debug_line     0x0000000000000000     0x30b8
 .debug_line    0x0000000000000000      0x24f build/stm32f4xx_hal_msp.o
 .debug_line    0x000000000000024f      0x1aa build/system_stm32f4xx.o
 .debug_line    0x00000000000003f9      0x219 build/stm32f4xx_it.o
 .debug_line    0x0000000000000612      0x346 build/main.o
 .debug_line    0x0000000000000958      0x72f build/xl_320.o
 .debug_line    0x0000000000001087      0x347 build/stm32f4xx_hal_gpio.o
 .debug_line    0x00000000000013ce      0x417 build/stm32f4xx_hal_cortex.o
 .debug_line    0x00000000000017e5      0xb2e build/stm32f4xx_hal_uart.o
 .debug_line    0x0000000000002313      0x383 build/stm32f4xx_hal.o
 .debug_line    0x0000000000002696      0x494 build/stm32f4xx_hal_rcc.o
 .debug_line    0x0000000000002b2a      0x51a build/stm32f4xx_hal_dma.o
 .debug_line    0x0000000000003044       0x74 build/startup_stm32f401xe.o

.debug_str      0x0000000000000000     0x2f75
 .debug_str     0x0000000000000000      0xec9 build/stm32f4xx_hal_msp.o
                                        0xf83 (size before relaxing)
 .debug_str     0x0000000000000ec9       0xa7 build/system_stm32f4xx.o
                                        0x76f (size before relaxing)
 .debug_str     0x0000000000000f70       0x73 build/stm32f4xx_it.o
                                        0xa28 (size before relaxing)
 .debug_str     0x0000000000000fe3      0x4e2 build/main.o
                                       0x13ee (size before relaxing)
 .debug_str     0x00000000000014c5      0xae0 build/xl_320.o
                                       0x12c1 (size before relaxing)
 .debug_str     0x0000000000001fa5      0x120 build/stm32f4xx_hal_gpio.o
                                        0x90b (size before relaxing)
 .debug_str     0x00000000000020c5      0x331 build/stm32f4xx_hal_cortex.o
                                        0xec1 (size before relaxing)
 .debug_str     0x00000000000023f6      0x555 build/stm32f4xx_hal_uart.o
                                        0xffb (size before relaxing)
 .debug_str     0x000000000000294b      0x205 build/stm32f4xx_hal.o
                                        0xd46 (size before relaxing)
 .debug_str     0x0000000000002b50      0x12e build/stm32f4xx_hal_rcc.o
                                        0xac5 (size before relaxing)
 .debug_str     0x0000000000002c7e      0x2d3 build/stm32f4xx_hal_dma.o
                                        0xb7f (size before relaxing)
 .debug_str     0x0000000000002f51       0x24 build/startup_stm32f401xe.o
                                         0x7b (size before relaxing)

.comment        0x0000000000000000       0x1d
 .comment       0x0000000000000000       0x1d build/stm32f4xx_hal_msp.o
                                         0x1e (size before relaxing)
 .comment       0x000000000000001d       0x1e build/system_stm32f4xx.o
 .comment       0x000000000000001d       0x1e build/stm32f4xx_it.o
 .comment       0x000000000000001d       0x1e build/main.o
 .comment       0x000000000000001d       0x1e build/xl_320.o
 .comment       0x000000000000001d       0x1e build/stm32f4xx_hal_gpio.o
 .comment       0x000000000000001d       0x1e build/stm32f4xx_hal_cortex.o
 .comment       0x000000000000001d       0x1e build/stm32f4xx_hal_uart.o
 .comment       0x000000000000001d       0x1e build/stm32f4xx_hal.o
 .comment       0x000000000000001d       0x1e build/stm32f4xx_hal_rcc.o
 .comment       0x000000000000001d       0x1e build/stm32f4xx_hal_dma.o

.debug_frame    0x0000000000000000     0x15dc
 .debug_frame   0x0000000000000000       0x68 build/stm32f4xx_hal_msp.o
 .debug_frame   0x0000000000000068       0x30 build/system_stm32f4xx.o
 .debug_frame   0x0000000000000098       0x48 build/stm32f4xx_it.o
 .debug_frame   0x00000000000000e0      0x118 build/main.o
 .debug_frame   0x00000000000001f8      0x63c build/xl_320.o
 .debug_frame   0x0000000000000834       0xec build/stm32f4xx_hal_gpio.o
 .debug_frame   0x0000000000000920      0x16c build/stm32f4xx_hal_cortex.o
 .debug_frame   0x0000000000000a8c      0x57c build/stm32f4xx_hal_uart.o
 .debug_frame   0x0000000000001008      0x1a8 build/stm32f4xx_hal.o
 .debug_frame   0x00000000000011b0      0x1bc build/stm32f4xx_hal_rcc.o
 .debug_frame   0x000000000000136c      0x1b8 build/stm32f4xx_hal_dma.o
 .debug_frame   0x0000000000001524       0x2c /usr/lib/gcc/arm-none-eabi/7.2.0/../../../../arm-none-eabi/lib/armv7e-m/fpu/libc_nano.a(lib_a-init.o)
 .debug_frame   0x0000000000001550       0x28 /usr/lib/gcc/arm-none-eabi/7.2.0/../../../../arm-none-eabi/lib/armv7e-m/fpu/libc_nano.a(lib_a-memcpy-stub.o)
 .debug_frame   0x0000000000001578       0x2c /usr/lib/gcc/arm-none-eabi/7.2.0/armv7e-m/fpu/libgcc.a(_aeabi_uldivmod.o)
 .debug_frame   0x00000000000015a4       0x38 /usr/lib/gcc/arm-none-eabi/7.2.0/armv7e-m/fpu/libgcc.a(_udivmoddi4.o)

Cross Reference Table

Symbol                                            File
ADC_IRQHandler                                    build/startup_stm32f401xe.o
AHBPrescTable                                     build/system_stm32f4xx.o
                                                  build/stm32f4xx_hal_rcc.o
APBPrescTable                                     build/system_stm32f4xx.o
                                                  build/stm32f4xx_hal_rcc.o
BusFault_Handler                                  build/startup_stm32f401xe.o
DMA1_Stream0_IRQHandler                           build/startup_stm32f401xe.o
DMA1_Stream1_IRQHandler                           build/startup_stm32f401xe.o
DMA1_Stream2_IRQHandler                           build/startup_stm32f401xe.o
DMA1_Stream3_IRQHandler                           build/startup_stm32f401xe.o
DMA1_Stream4_IRQHandler                           build/startup_stm32f401xe.o
DMA1_Stream5_IRQHandler                           build/startup_stm32f401xe.o
DMA1_Stream6_IRQHandler                           build/startup_stm32f401xe.o
DMA1_Stream7_IRQHandler                           build/startup_stm32f401xe.o
DMA2_Stream0_IRQHandler                           build/startup_stm32f401xe.o
DMA2_Stream1_IRQHandler                           build/startup_stm32f401xe.o
DMA2_Stream2_IRQHandler                           build/startup_stm32f401xe.o
DMA2_Stream3_IRQHandler                           build/startup_stm32f401xe.o
DMA2_Stream4_IRQHandler                           build/startup_stm32f401xe.o
DMA2_Stream5_IRQHandler                           build/startup_stm32f401xe.o
DMA2_Stream6_IRQHandler                           build/startup_stm32f401xe.o
DMA2_Stream7_IRQHandler                           build/startup_stm32f401xe.o
DebugMon_Handler                                  build/startup_stm32f401xe.o
Default_Handler                                   build/startup_stm32f401xe.o
EXTI0_IRQHandler                                  build/startup_stm32f401xe.o
EXTI15_10_IRQHandler                              build/startup_stm32f401xe.o
EXTI1_IRQHandler                                  build/startup_stm32f401xe.o
EXTI2_IRQHandler                                  build/startup_stm32f401xe.o
EXTI3_IRQHandler                                  build/startup_stm32f401xe.o
EXTI4_IRQHandler                                  build/startup_stm32f401xe.o
EXTI9_5_IRQHandler                                build/startup_stm32f401xe.o
FLASH_Erase_Sector                                build/stm32f4xx_hal_flash_ex.o
                                                  build/stm32f4xx_hal_flash.o
FLASH_FlushCaches                                 build/stm32f4xx_hal_flash_ex.o
                                                  build/stm32f4xx_hal_flash.o
FLASH_IRQHandler                                  build/startup_stm32f401xe.o
FLASH_WaitForLastOperation                        build/stm32f4xx_hal_flash.o
                                                  build/stm32f4xx_hal_flash_ex.o
FPU_IRQHandler                                    build/startup_stm32f401xe.o
HAL_DBGMCU_DisableDBGSleepMode                    build/stm32f4xx_hal.o
HAL_DBGMCU_DisableDBGStandbyMode                  build/stm32f4xx_hal.o
HAL_DBGMCU_DisableDBGStopMode                     build/stm32f4xx_hal.o
HAL_DBGMCU_EnableDBGSleepMode                     build/stm32f4xx_hal.o
HAL_DBGMCU_EnableDBGStandbyMode                   build/stm32f4xx_hal.o
HAL_DBGMCU_EnableDBGStopMode                      build/stm32f4xx_hal.o
HAL_DMAEx_ChangeMemory                            build/stm32f4xx_hal_dma_ex.o
HAL_DMAEx_MultiBufferStart                        build/stm32f4xx_hal_dma_ex.o
HAL_DMAEx_MultiBufferStart_IT                     build/stm32f4xx_hal_dma_ex.o
HAL_DMA_Abort                                     build/stm32f4xx_hal_dma.o
                                                  build/stm32f4xx_hal_uart.o
HAL_DMA_Abort_IT                                  build/stm32f4xx_hal_dma.o
                                                  build/stm32f4xx_hal_uart.o
HAL_DMA_DeInit                                    build/stm32f4xx_hal_dma.o
HAL_DMA_GetError                                  build/stm32f4xx_hal_dma.o
HAL_DMA_GetState                                  build/stm32f4xx_hal_dma.o
HAL_DMA_IRQHandler                                build/stm32f4xx_hal_dma.o
HAL_DMA_Init                                      build/stm32f4xx_hal_dma.o
HAL_DMA_PollForTransfer                           build/stm32f4xx_hal_dma.o
HAL_DMA_RegisterCallback                          build/stm32f4xx_hal_dma.o
HAL_DMA_Start                                     build/stm32f4xx_hal_dma.o
HAL_DMA_Start_IT                                  build/stm32f4xx_hal_dma.o
                                                  build/stm32f4xx_hal_uart.o
HAL_DMA_UnRegisterCallback                        build/stm32f4xx_hal_dma.o
HAL_DeInit                                        build/stm32f4xx_hal.o
HAL_Delay                                         build/stm32f4xx_hal.o
                                                  build/main.o
HAL_DisableCompensationCell                       build/stm32f4xx_hal.o
HAL_EnableCompensationCell                        build/stm32f4xx_hal.o
HAL_FLASHEx_AdvOBGetConfig                        build/stm32f4xx_hal_flash_ex.o
HAL_FLASHEx_AdvOBProgram                          build/stm32f4xx_hal_flash_ex.o
HAL_FLASHEx_Erase                                 build/stm32f4xx_hal_flash_ex.o
HAL_FLASHEx_Erase_IT                              build/stm32f4xx_hal_flash_ex.o
HAL_FLASHEx_OBGetConfig                           build/stm32f4xx_hal_flash_ex.o
HAL_FLASHEx_OBProgram                             build/stm32f4xx_hal_flash_ex.o
HAL_FLASHEx_OB_DeSelectPCROP                      build/stm32f4xx_hal_flash_ex.o
HAL_FLASHEx_OB_SelectPCROP                        build/stm32f4xx_hal_flash_ex.o
HAL_FLASH_EndOfOperationCallback                  build/stm32f4xx_hal_flash.o
HAL_FLASH_GetError                                build/stm32f4xx_hal_flash.o
HAL_FLASH_IRQHandler                              build/stm32f4xx_hal_flash.o
HAL_FLASH_Lock                                    build/stm32f4xx_hal_flash.o
HAL_FLASH_OB_Launch                               build/stm32f4xx_hal_flash.o
HAL_FLASH_OB_Lock                                 build/stm32f4xx_hal_flash.o
HAL_FLASH_OB_Unlock                               build/stm32f4xx_hal_flash.o
HAL_FLASH_OperationErrorCallback                  build/stm32f4xx_hal_flash.o
HAL_FLASH_Program                                 build/stm32f4xx_hal_flash.o
HAL_FLASH_Program_IT                              build/stm32f4xx_hal_flash.o
HAL_FLASH_Unlock                                  build/stm32f4xx_hal_flash.o
HAL_GPIO_DeInit                                   build/stm32f4xx_hal_gpio.o
                                                  build/stm32f4xx_hal_msp.o
HAL_GPIO_EXTI_Callback                            build/stm32f4xx_hal_gpio.o
HAL_GPIO_EXTI_IRQHandler                          build/stm32f4xx_hal_gpio.o
HAL_GPIO_Init                                     build/stm32f4xx_hal_gpio.o
                                                  build/stm32f4xx_hal_rcc.o
                                                  build/main.o
                                                  build/stm32f4xx_hal_msp.o
HAL_GPIO_LockPin                                  build/stm32f4xx_hal_gpio.o
HAL_GPIO_ReadPin                                  build/stm32f4xx_hal_gpio.o
HAL_GPIO_TogglePin                                build/stm32f4xx_hal_gpio.o
HAL_GPIO_WritePin                                 build/stm32f4xx_hal_gpio.o
                                                  build/main.o
HAL_GetDEVID                                      build/stm32f4xx_hal.o
HAL_GetHalVersion                                 build/stm32f4xx_hal.o
HAL_GetREVID                                      build/stm32f4xx_hal.o
HAL_GetTick                                       build/stm32f4xx_hal.o
                                                  build/stm32f4xx_hal_rcc_ex.o
                                                  build/stm32f4xx_hal_dma.o
                                                  build/stm32f4xx_hal_rcc.o
                                                  build/stm32f4xx_hal_uart.o
                                                  build/stm32f4xx_hal_flash.o
                                                  build/stm32f4xx_hal_pwr_ex.o
HAL_GetUID                                        build/stm32f4xx_hal.o
HAL_HalfDuplex_EnableReceiver                     build/stm32f4xx_hal_uart.o
HAL_HalfDuplex_EnableTransmitter                  build/stm32f4xx_hal_uart.o
HAL_HalfDuplex_Init                               build/stm32f4xx_hal_uart.o
HAL_IncTick                                       build/stm32f4xx_hal.o
                                                  build/stm32f4xx_it.o
HAL_Init                                          build/stm32f4xx_hal.o
                                                  build/main.o
HAL_InitTick                                      build/stm32f4xx_hal.o
                                                  build/stm32f4xx_hal_rcc_ex.o
                                                  build/stm32f4xx_hal_rcc.o
HAL_LIN_Init                                      build/stm32f4xx_hal_uart.o
HAL_LIN_SendBreak                                 build/stm32f4xx_hal_uart.o
HAL_MPU_ConfigRegion                              build/stm32f4xx_hal_cortex.o
HAL_MPU_Disable                                   build/stm32f4xx_hal_cortex.o
HAL_MPU_Enable                                    build/stm32f4xx_hal_cortex.o
HAL_MspDeInit                                     build/stm32f4xx_hal.o
HAL_MspInit                                       build/stm32f4xx_hal_msp.o
HAL_MultiProcessor_EnterMuteMode                  build/stm32f4xx_hal_uart.o
HAL_MultiProcessor_ExitMuteMode                   build/stm32f4xx_hal_uart.o
HAL_MultiProcessor_Init                           build/stm32f4xx_hal_uart.o
HAL_NVIC_ClearPendingIRQ                          build/stm32f4xx_hal_cortex.o
HAL_NVIC_DisableIRQ                               build/stm32f4xx_hal_cortex.o
                                                  build/stm32f4xx_hal_msp.o
HAL_NVIC_EnableIRQ                                build/stm32f4xx_hal_cortex.o
                                                  build/stm32f4xx_hal_msp.o
HAL_NVIC_GetActive                                build/stm32f4xx_hal_cortex.o
HAL_NVIC_GetPendingIRQ                            build/stm32f4xx_hal_cortex.o
HAL_NVIC_GetPriority                              build/stm32f4xx_hal_cortex.o
HAL_NVIC_GetPriorityGrouping                      build/stm32f4xx_hal_cortex.o
HAL_NVIC_SetPendingIRQ                            build/stm32f4xx_hal_cortex.o
HAL_NVIC_SetPriority                              build/stm32f4xx_hal_cortex.o
                                                  build/stm32f4xx_hal.o
                                                  build/main.o
                                                  build/stm32f4xx_hal_msp.o
HAL_NVIC_SetPriorityGrouping                      build/stm32f4xx_hal_cortex.o
                                                  build/stm32f4xx_hal.o
                                                  build/stm32f4xx_hal_msp.o
HAL_NVIC_SystemReset                              build/stm32f4xx_hal_cortex.o
HAL_PWREx_ControlVoltageScaling                   build/stm32f4xx_hal_pwr_ex.o
HAL_PWREx_DisableBkUpReg                          build/stm32f4xx_hal_pwr_ex.o
HAL_PWREx_DisableFlashPowerDown                   build/stm32f4xx_hal_pwr_ex.o
HAL_PWREx_DisableLowRegulatorLowVoltage           build/stm32f4xx_hal_pwr_ex.o
HAL_PWREx_DisableMainRegulatorLowVoltage          build/stm32f4xx_hal_pwr_ex.o
HAL_PWREx_EnableBkUpReg                           build/stm32f4xx_hal_pwr_ex.o
HAL_PWREx_EnableFlashPowerDown                    build/stm32f4xx_hal_pwr_ex.o
HAL_PWREx_EnableLowRegulatorLowVoltage            build/stm32f4xx_hal_pwr_ex.o
HAL_PWREx_EnableMainRegulatorLowVoltage           build/stm32f4xx_hal_pwr_ex.o
HAL_PWREx_GetVoltageRange                         build/stm32f4xx_hal_pwr_ex.o
HAL_PWR_ConfigPVD                                 build/stm32f4xx_hal_pwr.o
HAL_PWR_DeInit                                    build/stm32f4xx_hal_pwr.o
HAL_PWR_DisableBkUpAccess                         build/stm32f4xx_hal_pwr.o
HAL_PWR_DisablePVD                                build/stm32f4xx_hal_pwr.o
HAL_PWR_DisableSEVOnPend                          build/stm32f4xx_hal_pwr.o
HAL_PWR_DisableSleepOnExit                        build/stm32f4xx_hal_pwr.o
HAL_PWR_DisableWakeUpPin                          build/stm32f4xx_hal_pwr.o
HAL_PWR_EnableBkUpAccess                          build/stm32f4xx_hal_pwr.o
HAL_PWR_EnablePVD                                 build/stm32f4xx_hal_pwr.o
HAL_PWR_EnableSEVOnPend                           build/stm32f4xx_hal_pwr.o
HAL_PWR_EnableSleepOnExit                         build/stm32f4xx_hal_pwr.o
HAL_PWR_EnableWakeUpPin                           build/stm32f4xx_hal_pwr.o
HAL_PWR_EnterSLEEPMode                            build/stm32f4xx_hal_pwr.o
HAL_PWR_EnterSTANDBYMode                          build/stm32f4xx_hal_pwr.o
HAL_PWR_EnterSTOPMode                             build/stm32f4xx_hal_pwr.o
HAL_PWR_PVDCallback                               build/stm32f4xx_hal_pwr.o
HAL_PWR_PVD_IRQHandler                            build/stm32f4xx_hal_pwr.o
HAL_RCCEx_GetPeriphCLKConfig                      build/stm32f4xx_hal_rcc_ex.o
HAL_RCCEx_GetPeriphCLKFreq                        build/stm32f4xx_hal_rcc_ex.o
HAL_RCCEx_PeriphCLKConfig                         build/stm32f4xx_hal_rcc_ex.o
HAL_RCC_CSSCallback                               build/stm32f4xx_hal_rcc.o
HAL_RCC_ClockConfig                               build/stm32f4xx_hal_rcc.o
                                                  build/main.o
HAL_RCC_DeInit                                    build/stm32f4xx_hal_rcc_ex.o
                                                  build/stm32f4xx_hal_rcc.o
HAL_RCC_DisableCSS                                build/stm32f4xx_hal_rcc.o
HAL_RCC_EnableCSS                                 build/stm32f4xx_hal_rcc.o
HAL_RCC_GetClockConfig                            build/stm32f4xx_hal_rcc.o
HAL_RCC_GetHCLKFreq                               build/stm32f4xx_hal_rcc.o
                                                  build/main.o
HAL_RCC_GetOscConfig                              build/stm32f4xx_hal_rcc.o
HAL_RCC_GetPCLK1Freq                              build/stm32f4xx_hal_rcc.o
                                                  build/stm32f4xx_hal_uart.o
HAL_RCC_GetPCLK2Freq                              build/stm32f4xx_hal_rcc.o
                                                  build/stm32f4xx_hal_uart.o
HAL_RCC_GetSysClockFreq                           build/stm32f4xx_hal_rcc.o
HAL_RCC_MCOConfig                                 build/stm32f4xx_hal_rcc.o
HAL_RCC_NMI_IRQHandler                            build/stm32f4xx_hal_rcc.o
HAL_RCC_OscConfig                                 build/stm32f4xx_hal_rcc.o
                                                  build/main.o
HAL_ResumeTick                                    build/stm32f4xx_hal.o
HAL_SYSTICK_CLKSourceConfig                       build/stm32f4xx_hal_cortex.o
                                                  build/main.o
HAL_SYSTICK_Callback                              build/stm32f4xx_hal_cortex.o
HAL_SYSTICK_Config                                build/stm32f4xx_hal_cortex.o
                                                  build/stm32f4xx_hal.o
                                                  build/main.o
HAL_SYSTICK_IRQHandler                            build/stm32f4xx_hal_cortex.o
                                                  build/stm32f4xx_it.o
HAL_SuspendTick                                   build/stm32f4xx_hal.o
HAL_UART_Abort                                    build/stm32f4xx_hal_uart.o
HAL_UART_AbortCpltCallback                        build/stm32f4xx_hal_uart.o
HAL_UART_AbortReceive                             build/stm32f4xx_hal_uart.o
HAL_UART_AbortReceiveCpltCallback                 build/stm32f4xx_hal_uart.o
HAL_UART_AbortReceive_IT                          build/stm32f4xx_hal_uart.o
HAL_UART_AbortTransmit                            build/stm32f4xx_hal_uart.o
HAL_UART_AbortTransmitCpltCallback                build/stm32f4xx_hal_uart.o
HAL_UART_AbortTransmit_IT                         build/stm32f4xx_hal_uart.o
HAL_UART_Abort_IT                                 build/stm32f4xx_hal_uart.o
HAL_UART_DMAPause                                 build/stm32f4xx_hal_uart.o
HAL_UART_DMAResume                                build/stm32f4xx_hal_uart.o
HAL_UART_DMAStop                                  build/stm32f4xx_hal_uart.o
HAL_UART_DeInit                                   build/stm32f4xx_hal_uart.o
HAL_UART_ErrorCallback                            build/stm32f4xx_hal_uart.o
HAL_UART_GetError                                 build/stm32f4xx_hal_uart.o
HAL_UART_GetState                                 build/stm32f4xx_hal_uart.o
HAL_UART_IRQHandler                               build/stm32f4xx_hal_uart.o
                                                  build/stm32f4xx_it.o
HAL_UART_Init                                     build/stm32f4xx_hal_uart.o
                                                  build/main.o
HAL_UART_MspDeInit                                build/stm32f4xx_hal_msp.o
HAL_UART_MspInit                                  build/stm32f4xx_hal_msp.o
HAL_UART_Receive                                  build/stm32f4xx_hal_uart.o
                                                  build/main.o
HAL_UART_Receive_DMA                              build/stm32f4xx_hal_uart.o
HAL_UART_Receive_IT                               build/stm32f4xx_hal_uart.o
HAL_UART_RxCpltCallback                           build/stm32f4xx_hal_uart.o
HAL_UART_RxHalfCpltCallback                       build/stm32f4xx_hal_uart.o
HAL_UART_Transmit                                 build/stm32f4xx_hal_uart.o
                                                  build/main.o
HAL_UART_Transmit_DMA                             build/stm32f4xx_hal_uart.o
HAL_UART_Transmit_IT                              build/stm32f4xx_hal_uart.o
HAL_UART_TxCpltCallback                           build/stm32f4xx_hal_uart.o
HAL_UART_TxHalfCpltCallback                       build/stm32f4xx_hal_uart.o
HardFault_Handler                                 build/startup_stm32f401xe.o
I2C1_ER_IRQHandler                                build/startup_stm32f401xe.o
I2C1_EV_IRQHandler                                build/startup_stm32f401xe.o
I2C2_ER_IRQHandler                                build/startup_stm32f401xe.o
I2C2_EV_IRQHandler                                build/startup_stm32f401xe.o
I2C3_ER_IRQHandler                                build/startup_stm32f401xe.o
I2C3_EV_IRQHandler                                build/startup_stm32f401xe.o
MemManage_Handler                                 build/startup_stm32f401xe.o
NMI_Handler                                       build/startup_stm32f401xe.o
OTG_FS_IRQHandler                                 build/startup_stm32f401xe.o
OTG_FS_WKUP_IRQHandler                            build/startup_stm32f401xe.o
PVD_IRQHandler                                    build/startup_stm32f401xe.o
PendSV_Handler                                    build/startup_stm32f401xe.o
RCC_IRQHandler                                    build/startup_stm32f401xe.o
RTC_Alarm_IRQHandler                              build/startup_stm32f401xe.o
RTC_WKUP_IRQHandler                               build/startup_stm32f401xe.o
Reset_Handler                                     build/startup_stm32f401xe.o
SDIO_IRQHandler                                   build/startup_stm32f401xe.o
SPI1_IRQHandler                                   build/startup_stm32f401xe.o
SPI2_IRQHandler                                   build/startup_stm32f401xe.o
SPI3_IRQHandler                                   build/startup_stm32f401xe.o
SPI4_IRQHandler                                   build/startup_stm32f401xe.o
SVC_Handler                                       build/startup_stm32f401xe.o
SysTick_Handler                                   build/stm32f4xx_it.o
SystemClock_Config                                build/main.o
SystemCoreClock                                   build/system_stm32f4xx.o
                                                  build/stm32f4xx_hal_rcc_ex.o
                                                  build/stm32f4xx_hal_dma.o
                                                  build/stm32f4xx_hal_rcc.o
                                                  build/stm32f4xx_hal.o
SystemCoreClockUpdate                             build/system_stm32f4xx.o
SystemInit                                        build/system_stm32f4xx.o
                                                  build/startup_stm32f401xe.o
TAMP_STAMP_IRQHandler                             build/startup_stm32f401xe.o
TIM1_BRK_TIM9_IRQHandler                          build/startup_stm32f401xe.o
TIM1_CC_IRQHandler                                build/startup_stm32f401xe.o
TIM1_TRG_COM_TIM11_IRQHandler                     build/startup_stm32f401xe.o
TIM1_UP_TIM10_IRQHandler                          build/startup_stm32f401xe.o
TIM2_IRQHandler                                   build/startup_stm32f401xe.o
TIM3_IRQHandler                                   build/startup_stm32f401xe.o
TIM4_IRQHandler                                   build/startup_stm32f401xe.o
TIM5_IRQHandler                                   build/startup_stm32f401xe.o
USART1_IRQHandler                                 build/stm32f4xx_it.o
USART2_IRQHandler                                 build/startup_stm32f401xe.o
USART6_IRQHandler                                 build/startup_stm32f401xe.o
UsageFault_Handler                                build/startup_stm32f401xe.o
WWDG_IRQHandler                                   build/startup_stm32f401xe.o
XL_320_Delay_HAL                                  build/main.o
XL_320_Receive_HAL                                build/main.o
XL_320_Send_HAL                                   build/main.o
XL_320_Set_Direction_HAL                          build/main.o
XL_Action                                         build/xl_320.o
XL_Build_Frame                                    build/xl_320.o
XL_Check_Alert                                    build/xl_320.o
XL_Check_Status                                   build/xl_320.o
XL_Configure_Alarm_Shutdown                       build/xl_320.o
XL_Configure_Baud_Rate                            build/xl_320.o
XL_Configure_CCW_Angle_Limit                      build/xl_320.o
                                                  build/main.o
XL_Configure_CW_Angle_Limit                       build/xl_320.o
                                                  build/main.o
XL_Configure_Control_Mode                         build/xl_320.o
                                                  build/main.o
XL_Configure_ID                                   build/xl_320.o
XL_Configure_Limit_Temperature                    build/xl_320.o
XL_Configure_Lower_Limit_Voltage                  build/xl_320.o
XL_Configure_Max_Torque                           build/xl_320.o
XL_Configure_Return_Delay_Time                    build/xl_320.o
XL_Configure_Return_Level                         build/xl_320.o
XL_Configure_Upper_Limit_Voltage                  build/xl_320.o
XL_Discover                                       build/xl_320.o
                                                  build/main.o
XL_Extract_Status_Packet                          build/xl_320.o
XL_FSM_HEADER_0                                   build/xl_320.o
XL_FSM_HEADER_1                                   build/xl_320.o
XL_FSM_HEADER_2                                   build/xl_320.o
XL_FSM_HEADER_3                                   build/xl_320.o
XL_FSM_ID                                         build/xl_320.o
XL_FSM_INSTRUCTION                                build/xl_320.o
XL_FSM_LENGTH_HIGH                                build/xl_320.o
XL_FSM_LENGTH_LOW                                 build/xl_320.o
XL_FSM_RECEIVING                                  build/xl_320.o
XL_Factory_Reset                                  build/xl_320.o
XL_Get_Current_Load                               build/xl_320.o
XL_Get_Current_Position                           build/xl_320.o
XL_Get_Current_Speed                              build/xl_320.o
XL_Get_Current_Temperature                        build/xl_320.o
XL_Get_Current_Voltage                            build/xl_320.o
XL_Get_Error                                      build/xl_320.o
XL_Get_Hardware_Error                             build/xl_320.o
XL_Is_Moving                                      build/xl_320.o
XL_Is_Working                                     build/xl_320.o
XL_Ping                                           build/xl_320.o
XL_Power_Off                                      build/xl_320.o
                                                  build/main.o
XL_Power_On                                       build/xl_320.o
                                                  build/main.o
XL_Read                                           build/xl_320.o
XL_Reboot                                         build/xl_320.o
XL_Receive                                        build/xl_320.o
XL_Say_Hello                                      build/xl_320.o
                                                  build/main.o
XL_Send                                           build/xl_320.o
XL_Set_D_Gain                                     build/xl_320.o
XL_Set_Goal_Position                              build/xl_320.o
XL_Set_Goal_Speed_Join                            build/xl_320.o
XL_Set_Goal_Speed_Wheel                           build/xl_320.o
                                                  build/main.o
XL_Set_I_Gain                                     build/xl_320.o
XL_Set_LED                                        build/xl_320.o
XL_Set_P_Gain                                     build/xl_320.o
XL_Set_Punch                                      build/xl_320.o
XL_Set_Torque_Limit                               build/xl_320.o
XL_Update_CRC                                     build/xl_320.o
XL_Write                                          build/xl_320.o
_Error_Handler                                    build/main.o
__aeabi_idiv0                                     /usr/lib/gcc/arm-none-eabi/7.2.0/armv7e-m/fpu/libgcc.a(_dvmd_tls.o)
__aeabi_ldiv0                                     /usr/lib/gcc/arm-none-eabi/7.2.0/armv7e-m/fpu/libgcc.a(_dvmd_tls.o)
                                                  /usr/lib/gcc/arm-none-eabi/7.2.0/armv7e-m/fpu/libgcc.a(_aeabi_uldivmod.o)
__aeabi_uldivmod                                  /usr/lib/gcc/arm-none-eabi/7.2.0/armv7e-m/fpu/libgcc.a(_aeabi_uldivmod.o)
                                                  build/stm32f4xx_hal_rcc.o
__atexit_dummy                                    /usr/lib/gcc/arm-none-eabi/7.2.0/../../../../arm-none-eabi/lib/armv7e-m/fpu/libc_nano.a(lib_a-__atexit.o)
__bss_end__                                       /usr/lib/gcc/arm-none-eabi/7.2.0/../../../../arm-none-eabi/lib/armv7e-m/fpu/crt0.o
__bss_start__                                     /usr/lib/gcc/arm-none-eabi/7.2.0/../../../../arm-none-eabi/lib/armv7e-m/fpu/crt0.o
__call_exitprocs                                  /usr/lib/gcc/arm-none-eabi/7.2.0/../../../../arm-none-eabi/lib/armv7e-m/fpu/libc_nano.a(lib_a-__call_atexit.o)
                                                  /usr/lib/gcc/arm-none-eabi/7.2.0/../../../../arm-none-eabi/lib/armv7e-m/fpu/libc_nano.a(lib_a-__atexit.o)
                                                  /usr/lib/gcc/arm-none-eabi/7.2.0/../../../../arm-none-eabi/lib/armv7e-m/fpu/libc_nano.a(lib_a-exit.o)
__deregister_frame_info                           /usr/lib/gcc/arm-none-eabi/7.2.0/armv7e-m/fpu/crtbegin.o
__dso_handle                                      /usr/lib/gcc/arm-none-eabi/7.2.0/armv7e-m/fpu/crtbegin.o
__fini_array_end                                  /usr/lib/gcc/arm-none-eabi/7.2.0/../../../../arm-none-eabi/lib/armv7e-m/fpu/libc_nano.a(lib_a-fini.o)
__fini_array_start                                /usr/lib/gcc/arm-none-eabi/7.2.0/../../../../arm-none-eabi/lib/armv7e-m/fpu/libc_nano.a(lib_a-fini.o)
__init_array_end                                  /usr/lib/gcc/arm-none-eabi/7.2.0/../../../../arm-none-eabi/lib/armv7e-m/fpu/libc_nano.a(lib_a-init.o)
__init_array_start                                /usr/lib/gcc/arm-none-eabi/7.2.0/../../../../arm-none-eabi/lib/armv7e-m/fpu/libc_nano.a(lib_a-init.o)
__libc_fini_array                                 /usr/lib/gcc/arm-none-eabi/7.2.0/../../../../arm-none-eabi/lib/armv7e-m/fpu/libc_nano.a(lib_a-fini.o)
                                                  /usr/lib/gcc/arm-none-eabi/7.2.0/../../../../arm-none-eabi/lib/armv7e-m/fpu/crt0.o
__libc_init_array                                 /usr/lib/gcc/arm-none-eabi/7.2.0/../../../../arm-none-eabi/lib/armv7e-m/fpu/libc_nano.a(lib_a-init.o)
                                                  build/startup_stm32f401xe.o
                                                  /usr/lib/gcc/arm-none-eabi/7.2.0/../../../../arm-none-eabi/lib/armv7e-m/fpu/crt0.o
__on_exit_args                                    /usr/lib/gcc/arm-none-eabi/7.2.0/../../../../arm-none-eabi/lib/armv7e-m/fpu/libc_nano.a(lib_a-__atexit.o)
__preinit_array_end                               /usr/lib/gcc/arm-none-eabi/7.2.0/../../../../arm-none-eabi/lib/armv7e-m/fpu/libc_nano.a(lib_a-init.o)
__preinit_array_start                             /usr/lib/gcc/arm-none-eabi/7.2.0/../../../../arm-none-eabi/lib/armv7e-m/fpu/libc_nano.a(lib_a-init.o)
__register_exitproc                               /usr/lib/gcc/arm-none-eabi/7.2.0/../../../../arm-none-eabi/lib/armv7e-m/fpu/libc_nano.a(lib_a-__atexit.o)
                                                  /usr/lib/gcc/arm-none-eabi/7.2.0/../../../../arm-none-eabi/lib/armv7e-m/fpu/libc_nano.a(lib_a-atexit.o)
__register_frame_info                             /usr/lib/gcc/arm-none-eabi/7.2.0/armv7e-m/fpu/crtbegin.o
__sf_fake_stderr                                  /usr/lib/gcc/arm-none-eabi/7.2.0/../../../../arm-none-eabi/lib/armv7e-m/fpu/libc_nano.a(lib_a-impure.o)
__sf_fake_stdin                                   /usr/lib/gcc/arm-none-eabi/7.2.0/../../../../arm-none-eabi/lib/armv7e-m/fpu/libc_nano.a(lib_a-impure.o)
__sf_fake_stdout                                  /usr/lib/gcc/arm-none-eabi/7.2.0/../../../../arm-none-eabi/lib/armv7e-m/fpu/libc_nano.a(lib_a-impure.o)
__stack                                           /usr/lib/gcc/arm-none-eabi/7.2.0/../../../../arm-none-eabi/lib/armv7e-m/fpu/crt0.o
__udivmoddi4                                      /usr/lib/gcc/arm-none-eabi/7.2.0/armv7e-m/fpu/libgcc.a(_udivmoddi4.o)
                                                  /usr/lib/gcc/arm-none-eabi/7.2.0/armv7e-m/fpu/libgcc.a(_aeabi_uldivmod.o)
_ebss                                             build/startup_stm32f401xe.o
_edata                                            build/startup_stm32f401xe.o
_estack                                           build/startup_stm32f401xe.o
_exit                                             /usr/lib/gcc/arm-none-eabi/7.2.0/../../../../arm-none-eabi/lib/armv7e-m/fpu/libnosys.a(_exit.o)
                                                  /usr/lib/gcc/arm-none-eabi/7.2.0/../../../../arm-none-eabi/lib/armv7e-m/fpu/libc_nano.a(lib_a-exit.o)
_fini                                             /usr/lib/gcc/arm-none-eabi/7.2.0/armv7e-m/fpu/crti.o
                                                  /usr/lib/gcc/arm-none-eabi/7.2.0/../../../../arm-none-eabi/lib/armv7e-m/fpu/libc_nano.a(lib_a-fini.o)
_global_atexit                                    /usr/lib/gcc/arm-none-eabi/7.2.0/../../../../arm-none-eabi/lib/armv7e-m/fpu/libc_nano.a(lib_a-__call_atexit.o)
                                                  /usr/lib/gcc/arm-none-eabi/7.2.0/../../../../arm-none-eabi/lib/armv7e-m/fpu/libc_nano.a(lib_a-__atexit.o)
_global_impure_ptr                                /usr/lib/gcc/arm-none-eabi/7.2.0/../../../../arm-none-eabi/lib/armv7e-m/fpu/libc_nano.a(lib_a-impure.o)
                                                  /usr/lib/gcc/arm-none-eabi/7.2.0/../../../../arm-none-eabi/lib/armv7e-m/fpu/libc_nano.a(lib_a-exit.o)
_impure_ptr                                       /usr/lib/gcc/arm-none-eabi/7.2.0/../../../../arm-none-eabi/lib/armv7e-m/fpu/libc_nano.a(lib_a-impure.o)
_init                                             /usr/lib/gcc/arm-none-eabi/7.2.0/armv7e-m/fpu/crti.o
                                                  /usr/lib/gcc/arm-none-eabi/7.2.0/../../../../arm-none-eabi/lib/armv7e-m/fpu/libc_nano.a(lib_a-init.o)
_mainCRTStartup                                   /usr/lib/gcc/arm-none-eabi/7.2.0/../../../../arm-none-eabi/lib/armv7e-m/fpu/crt0.o
_sbss                                             build/startup_stm32f401xe.o
_sdata                                            build/startup_stm32f401xe.o
_sidata                                           build/startup_stm32f401xe.o
_start                                            /usr/lib/gcc/arm-none-eabi/7.2.0/../../../../arm-none-eabi/lib/armv7e-m/fpu/crt0.o
atexit                                            /usr/lib/gcc/arm-none-eabi/7.2.0/../../../../arm-none-eabi/lib/armv7e-m/fpu/libc_nano.a(lib_a-atexit.o)
                                                  /usr/lib/gcc/arm-none-eabi/7.2.0/../../../../arm-none-eabi/lib/armv7e-m/fpu/crt0.o
exit                                              /usr/lib/gcc/arm-none-eabi/7.2.0/../../../../arm-none-eabi/lib/armv7e-m/fpu/libc_nano.a(lib_a-exit.o)
                                                  /usr/lib/gcc/arm-none-eabi/7.2.0/../../../../arm-none-eabi/lib/armv7e-m/fpu/crt0.o
free                                              /usr/lib/gcc/arm-none-eabi/7.2.0/../../../../arm-none-eabi/lib/armv7e-m/fpu/libc_nano.a(lib_a-__call_atexit.o)
g_pfnVectors                                      build/startup_stm32f401xe.o
hardware_init_hook                                /usr/lib/gcc/arm-none-eabi/7.2.0/../../../../arm-none-eabi/lib/armv7e-m/fpu/crt0.o
huart1                                            build/main.o
                                                  build/stm32f4xx_it.o
interface                                         build/main.o
main                                              build/main.o
                                                  build/startup_stm32f401xe.o
                                                  /usr/lib/gcc/arm-none-eabi/7.2.0/../../../../arm-none-eabi/lib/armv7e-m/fpu/crt0.o
malloc                                            /usr/lib/gcc/arm-none-eabi/7.2.0/../../../../arm-none-eabi/lib/armv7e-m/fpu/libc_nano.a(lib_a-__atexit.o)
memcpy                                            /usr/lib/gcc/arm-none-eabi/7.2.0/../../../../arm-none-eabi/lib/armv7e-m/fpu/libc_nano.a(lib_a-memcpy-stub.o)
                                                  build/xl_320.o
memset                                            /usr/lib/gcc/arm-none-eabi/7.2.0/../../../../arm-none-eabi/lib/armv7e-m/fpu/libc_nano.a(lib_a-memset.o)
                                                  /usr/lib/gcc/arm-none-eabi/7.2.0/../../../../arm-none-eabi/lib/armv7e-m/fpu/crt0.o
pFlash                                            build/stm32f4xx_hal_flash.o
                                                  build/stm32f4xx_hal_flash_ex.o
software_init_hook                                /usr/lib/gcc/arm-none-eabi/7.2.0/../../../../arm-none-eabi/lib/armv7e-m/fpu/crt0.o
uwTick                                            build/stm32f4xx_hal.o
