Archive member included to satisfy reference by file (symbol)

/usr/lib/gcc/arm-none-eabi/7.3.0/../../../../arm-none-eabi/lib/armv7e-m/fpu/libc_nano.a(lib_a-atexit.o)
                              /usr/lib/gcc/arm-none-eabi/7.3.0/../../../../arm-none-eabi/lib/armv7e-m/fpu/crt0.o (atexit)
/usr/lib/gcc/arm-none-eabi/7.3.0/../../../../arm-none-eabi/lib/armv7e-m/fpu/libc_nano.a(lib_a-exit.o)
                              /usr/lib/gcc/arm-none-eabi/7.3.0/../../../../arm-none-eabi/lib/armv7e-m/fpu/crt0.o (exit)
/usr/lib/gcc/arm-none-eabi/7.3.0/../../../../arm-none-eabi/lib/armv7e-m/fpu/libc_nano.a(lib_a-fini.o)
                              /usr/lib/gcc/arm-none-eabi/7.3.0/../../../../arm-none-eabi/lib/armv7e-m/fpu/crt0.o (__libc_fini_array)
/usr/lib/gcc/arm-none-eabi/7.3.0/../../../../arm-none-eabi/lib/armv7e-m/fpu/libc_nano.a(lib_a-impure.o)
                              /usr/lib/gcc/arm-none-eabi/7.3.0/../../../../arm-none-eabi/lib/armv7e-m/fpu/libc_nano.a(lib_a-exit.o) (_global_impure_ptr)
/usr/lib/gcc/arm-none-eabi/7.3.0/../../../../arm-none-eabi/lib/armv7e-m/fpu/libc_nano.a(lib_a-init.o)
                              /usr/lib/gcc/arm-none-eabi/7.3.0/../../../../arm-none-eabi/lib/armv7e-m/fpu/crt0.o (__libc_init_array)
/usr/lib/gcc/arm-none-eabi/7.3.0/../../../../arm-none-eabi/lib/armv7e-m/fpu/libc_nano.a(lib_a-memset.o)
                              /usr/lib/gcc/arm-none-eabi/7.3.0/../../../../arm-none-eabi/lib/armv7e-m/fpu/crt0.o (memset)
/usr/lib/gcc/arm-none-eabi/7.3.0/../../../../arm-none-eabi/lib/armv7e-m/fpu/libc_nano.a(lib_a-__atexit.o)
                              /usr/lib/gcc/arm-none-eabi/7.3.0/../../../../arm-none-eabi/lib/armv7e-m/fpu/libc_nano.a(lib_a-atexit.o) (__register_exitproc)
/usr/lib/gcc/arm-none-eabi/7.3.0/../../../../arm-none-eabi/lib/armv7e-m/fpu/libc_nano.a(lib_a-__call_atexit.o)
                              /usr/lib/gcc/arm-none-eabi/7.3.0/../../../../arm-none-eabi/lib/armv7e-m/fpu/libc_nano.a(lib_a-__atexit.o) (__call_exitprocs)
/usr/lib/gcc/arm-none-eabi/7.3.0/../../../../arm-none-eabi/lib/armv7e-m/fpu/libnosys.a(_exit.o)
                              /usr/lib/gcc/arm-none-eabi/7.3.0/../../../../arm-none-eabi/lib/armv7e-m/fpu/libc_nano.a(lib_a-exit.o) (_exit)

Allocating common symbols
Common symbol       size              file

esp_interface       0x418             build/usart.o
uwTick              0x4               build/stm32f3xx_hal.o
pFlash              0x20              build/stm32f3xx_hal_flash.o
htim2               0x40              build/tim.o
huart2              0x70              build/usart.o

Discarded input sections

 .text          0x0000000000000000        0x0 /usr/lib/gcc/arm-none-eabi/7.3.0/armv7e-m/fpu/crti.o
 .data          0x0000000000000000        0x0 /usr/lib/gcc/arm-none-eabi/7.3.0/armv7e-m/fpu/crti.o
 .bss           0x0000000000000000        0x0 /usr/lib/gcc/arm-none-eabi/7.3.0/armv7e-m/fpu/crti.o
 .text          0x0000000000000000        0x0 /usr/lib/gcc/arm-none-eabi/7.3.0/armv7e-m/fpu/crtbegin.o
 .data          0x0000000000000000        0x0 /usr/lib/gcc/arm-none-eabi/7.3.0/armv7e-m/fpu/crtbegin.o
 .bss           0x0000000000000000        0x0 /usr/lib/gcc/arm-none-eabi/7.3.0/armv7e-m/fpu/crtbegin.o
 .data.__dso_handle
                0x0000000000000000        0x4 /usr/lib/gcc/arm-none-eabi/7.3.0/armv7e-m/fpu/crtbegin.o
 .text          0x0000000000000000       0x68 /usr/lib/gcc/arm-none-eabi/7.3.0/../../../../arm-none-eabi/lib/armv7e-m/fpu/crt0.o
 .data          0x0000000000000000        0x0 /usr/lib/gcc/arm-none-eabi/7.3.0/../../../../arm-none-eabi/lib/armv7e-m/fpu/crt0.o
 .bss           0x0000000000000000        0x0 /usr/lib/gcc/arm-none-eabi/7.3.0/../../../../arm-none-eabi/lib/armv7e-m/fpu/crt0.o
 .ARM.extab     0x0000000000000000        0x0 /usr/lib/gcc/arm-none-eabi/7.3.0/../../../../arm-none-eabi/lib/armv7e-m/fpu/crt0.o
 .ARM.exidx     0x0000000000000000        0x8 /usr/lib/gcc/arm-none-eabi/7.3.0/../../../../arm-none-eabi/lib/armv7e-m/fpu/crt0.o
 .ARM.attributes
                0x0000000000000000       0x20 /usr/lib/gcc/arm-none-eabi/7.3.0/../../../../arm-none-eabi/lib/armv7e-m/fpu/crt0.o
 .text          0x0000000000000000        0x0 build/sprites.o
 .data          0x0000000000000000        0x0 build/sprites.o
 .bss           0x0000000000000000        0x0 build/sprites.o
 .text          0x0000000000000000        0x0 build/display.o
 .data          0x0000000000000000        0x0 build/display.o
 .bss           0x0000000000000000        0x0 build/display.o
 .text          0x0000000000000000        0x0 build/crc_16.o
 .data          0x0000000000000000        0x0 build/crc_16.o
 .bss           0x0000000000000000        0x0 build/crc_16.o
 .text          0x0000000000000000        0x0 build/robotronik_protocol.o
 .data          0x0000000000000000        0x0 build/robotronik_protocol.o
 .bss           0x0000000000000000        0x0 build/robotronik_protocol.o
 .text.RP_Packet_Received
[...]
Memory Configuration

Name             Origin             Length             Attributes
RAM              0x0000000020000000 0x0000000000003000 xrw
CCMRAM           0x0000000010000000 0x0000000000001000 rw
FLASH            0x0000000008000000 0x0000000000010000 xr
*default*        0x0000000000000000 0xffffffffffffffff

Linker script and memory map

LOAD /usr/lib/gcc/arm-none-eabi/7.3.0/armv7e-m/fpu/crti.o
LOAD /usr/lib/gcc/arm-none-eabi/7.3.0/armv7e-m/fpu/crtbegin.o
LOAD /usr/lib/gcc/arm-none-eabi/7.3.0/../../../../arm-none-eabi/lib/armv7e-m/fpu/crt0.o
LOAD build/sprites.o
LOAD build/display.o
LOAD build/crc_16.o
LOAD build/robotronik_protocol.o
LOAD build/system_stm32f3xx.o
LOAD build/stm32f3xx_hal_pwr_ex.o
LOAD build/stm32f3xx_hal_msp.o
LOAD build/stm32f3xx_hal_uart_ex.o
LOAD build/stm32f3xx_hal_tim.o
LOAD build/stm32f3xx_hal_cortex.o
LOAD build/stm32f3xx_hal_gpio.o
LOAD build/stm32f3xx_hal_pwr.o
LOAD build/stm32f3xx_it.o
LOAD build/stm32f3xx_hal_i2c.o
LOAD build/stm32f3xx_hal.o
LOAD build/stm32f3xx_hal_tim_ex.o
LOAD build/main.o
LOAD build/stm32f3xx_hal_uart.o
LOAD build/stm32f3xx_hal_rcc.o
LOAD build/stm32f3xx_hal_flash.o
LOAD build/stm32f3xx_hal_i2c_ex.o
LOAD build/stm32f3xx_hal_dma.o
LOAD build/stm32f3xx_hal_rcc_ex.o
LOAD build/stm32f3xx_hal_flash_ex.o
LOAD build/usart.o
LOAD build/gpio.o
LOAD build/stm32f3xx_ll_exti.o
LOAD build/stm32f3xx_ll_gpio.o
LOAD build/tim.o
LOAD build/stm32f3xx_ll_utils.o
LOAD build/dma.o
LOAD build/stm32f3xx_ll_dma.o
LOAD build/stm32f3xx_ll_usart.o
LOAD build/stm32f3xx_ll_rcc.o
LOAD build/startup_stm32f303x8.o
LOAD /usr/lib/gcc/arm-none-eabi/7.3.0/../../../../arm-none-eabi/lib/armv7e-m/fpu/libc_nano.a
LOAD /usr/lib/gcc/arm-none-eabi/7.3.0/../../../../arm-none-eabi/lib/armv7e-m/fpu/libm.a
LOAD /usr/lib/gcc/arm-none-eabi/7.3.0/../../../../arm-none-eabi/lib/armv7e-m/fpu/libnosys.a
START GROUP
LOAD /usr/lib/gcc/arm-none-eabi/7.3.0/armv7e-m/fpu/libgcc.a
LOAD /usr/lib/gcc/arm-none-eabi/7.3.0/../../../../arm-none-eabi/lib/armv7e-m/fpu/libc_nano.a
END GROUP
START GROUP
LOAD /usr/lib/gcc/arm-none-eabi/7.3.0/armv7e-m/fpu/libgcc.a
LOAD /usr/lib/gcc/arm-none-eabi/7.3.0/../../../../arm-none-eabi/lib/armv7e-m/fpu/libc_nano.a
END GROUP
LOAD /usr/lib/gcc/arm-none-eabi/7.3.0/armv7e-m/fpu/crtend.o
LOAD /usr/lib/gcc/arm-none-eabi/7.3.0/armv7e-m/fpu/crtn.o
                0x0000000020003000                _estack = 0x20003000
                0x0000000000000200                _Min_Heap_Size = 0x200
                0x0000000000000400                _Min_Stack_Size = 0x400

.isr_vector     0x0000000008000000      0x188
                0x0000000008000000                . = ALIGN (0x4)
 *(.isr_vector)
 .isr_vector    0x0000000008000000      0x188 build/startup_stm32f303x8.o
                0x0000000008000000                g_pfnVectors
                0x0000000008000188                . = ALIGN (0x4)

.text           0x0000000008000188     0x2618
                0x0000000008000188                . = ALIGN (0x4)
 *(.text)
 *(.text*)
 .text.__do_global_dtors_aux
                0x0000000008000188       0x24 /usr/lib/gcc/arm-none-eabi/7.3.0/armv7e-m/fpu/crtbegin.o
 .text.frame_dummy
                0x00000000080001ac       0x1c /usr/lib/gcc/arm-none-eabi/7.3.0/armv7e-m/fpu/crtbegin.o
 .text.wait_refresh
                0x00000000080001c8       0x14 build/display.o
                0x00000000080001c8                wait_refresh
 .text.blank_screen
                0x00000000080001dc       0xf0 build/display.o
                0x00000000080001dc                blank_screen
 .text.display_score
                0x00000000080002cc      0x1b0 build/display.o
                0x00000000080002cc                display_score
 .text.RP_FSM_INIT
                0x000000000800047c       0x38 build/robotronik_protocol.o
 .text.RP_Init_Interface
                0x00000000080004b4       0x2c build/robotronik_protocol.o
                0x00000000080004b4                RP_Init_Interface
 .text.RP_Error_Handler
                0x00000000080004e0        0x2 build/robotronik_protocol.o
                0x00000000080004e0                RP_Error_Handler
 *fill*         0x00000000080004e2        0x2 
 .text.RP_FSM_SIZE
                0x00000000080004e4       0xa4 build/robotronik_protocol.o
 .text.RP_FSM_DATA
                0x0000000008000588       0x94 build/robotronik_protocol.o
 .text.RP_FSM_CRC_LOW
                0x000000000800061c       0x88 build/robotronik_protocol.o
 .text.RP_FSM_CRC_HIGH
                0x00000000080006a4       0x8c build/robotronik_protocol.o
 .text.RP_FSM_END
                0x0000000008000730       0x60 build/robotronik_protocol.o
 .text.RP_Process_Data
                0x0000000008000790       0x1e build/robotronik_protocol.o
                0x0000000008000790                RP_Process_Data
 *fill*         0x00000000080007ae        0x2 
 .text.SystemInit
                0x00000000080007b0       0x68 build/system_stm32f3xx.o
                0x00000000080007b0                SystemInit
 .text.HAL_MspInit
                0x0000000008000818       0x7c build/stm32f3xx_hal_msp.o
                0x0000000008000818                HAL_MspInit
 .text.TIM_TI1_ConfigInputStage
                0x0000000008000894       0x26 build/stm32f3xx_hal_tim.o
 .text.TIM_TI2_ConfigInputStage
                0x00000000080008ba       0x28 build/stm32f3xx_hal_tim.o
 .text.TIM_ITRx_SetConfig
                0x00000000080008e2       0x10 build/stm32f3xx_hal_tim.o
 .text.HAL_TIM_Base_Start_IT
                0x00000000080008f2       0x18 build/stm32f3xx_hal_tim.o
                0x00000000080008f2                HAL_TIM_Base_Start_IT
 .text.HAL_TIM_OC_DelayElapsedCallback
                0x000000000800090a        0x2 build/stm32f3xx_hal_tim.o
                0x000000000800090a                HAL_TIM_OC_DelayElapsedCallback
 .text.HAL_TIM_IC_CaptureCallback
                0x000000000800090c        0x2 build/stm32f3xx_hal_tim.o
                0x000000000800090c                HAL_TIM_IC_CaptureCallback
 .text.HAL_TIM_PWM_PulseFinishedCallback
                0x000000000800090e        0x2 build/stm32f3xx_hal_tim.o
                0x000000000800090e                HAL_TIM_PWM_PulseFinishedCallback
 .text.HAL_TIM_TriggerCallback
                0x0000000008000910        0x2 build/stm32f3xx_hal_tim.o
                0x0000000008000910                HAL_TIM_TriggerCallback
 .text.HAL_TIM_IRQHandler
                0x0000000008000912      0x19a build/stm32f3xx_hal_tim.o
                0x0000000008000912                HAL_TIM_IRQHandler
 .text.TIM_Base_SetConfig
                0x0000000008000aac       0x90 build/stm32f3xx_hal_tim.o
                0x0000000008000aac                TIM_Base_SetConfig
 .text.HAL_TIM_Base_Init
                0x0000000008000b3c       0x32 build/stm32f3xx_hal_tim.o
                0x0000000008000b3c                HAL_TIM_Base_Init
 .text.TIM_ETR_SetConfig
                0x0000000008000b6e       0x18 build/stm32f3xx_hal_tim.o
                0x0000000008000b6e                TIM_ETR_SetConfig
 *fill*         0x0000000008000b86        0x2 
 .text.HAL_TIM_ConfigClockSource
                0x0000000008000b88      0x118 build/stm32f3xx_hal_tim.o
                0x0000000008000b88                HAL_TIM_ConfigClockSource
 .text.HAL_NVIC_SetPriorityGrouping
                0x0000000008000ca0       0x24 build/stm32f3xx_hal_cortex.o
                0x0000000008000ca0                HAL_NVIC_SetPriorityGrouping
 .text.HAL_NVIC_SetPriority
                0x0000000008000cc4       0x68 build/stm32f3xx_hal_cortex.o
                0x0000000008000cc4                HAL_NVIC_SetPriority
 .text.HAL_NVIC_EnableIRQ
                0x0000000008000d2c       0x18 build/stm32f3xx_hal_cortex.o
                0x0000000008000d2c                HAL_NVIC_EnableIRQ
 .text.HAL_SYSTICK_Config
                0x0000000008000d44       0x2c build/stm32f3xx_hal_cortex.o
                0x0000000008000d44                HAL_SYSTICK_Config
 .text.HAL_SYSTICK_CLKSourceConfig
                0x0000000008000d70       0x20 build/stm32f3xx_hal_cortex.o
                0x0000000008000d70                HAL_SYSTICK_CLKSourceConfig
 .text.HAL_SYSTICK_Callback
                0x0000000008000d90        0x2 build/stm32f3xx_hal_cortex.o
                0x0000000008000d90                HAL_SYSTICK_Callback
 .text.HAL_SYSTICK_IRQHandler
                0x0000000008000d92        0x8 build/stm32f3xx_hal_cortex.o
                0x0000000008000d92                HAL_SYSTICK_IRQHandler
 *fill*         0x0000000008000d9a        0x2 
 .text.HAL_GPIO_Init
                0x0000000008000d9c      0x188 build/stm32f3xx_hal_gpio.o
                0x0000000008000d9c                HAL_GPIO_Init
 .text.HAL_GPIO_WritePin
                0x0000000008000f24        0xa build/stm32f3xx_hal_gpio.o
                0x0000000008000f24                HAL_GPIO_WritePin
 .text.NMI_Handler
                0x0000000008000f2e        0x2 build/stm32f3xx_it.o
                0x0000000008000f2e                NMI_Handler
 .text.HardFault_Handler
                0x0000000008000f30        0x2 build/stm32f3xx_it.o
                0x0000000008000f30                HardFault_Handler
 .text.MemManage_Handler
                0x0000000008000f32        0x2 build/stm32f3xx_it.o
                0x0000000008000f32                MemManage_Handler
 .text.BusFault_Handler
                0x0000000008000f34        0x2 build/stm32f3xx_it.o
                0x0000000008000f34                BusFault_Handler
 .text.UsageFault_Handler
                0x0000000008000f36        0x2 build/stm32f3xx_it.o
                0x0000000008000f36                UsageFault_Handler
 .text.SVC_Handler
                0x0000000008000f38        0x2 build/stm32f3xx_it.o
                0x0000000008000f38                SVC_Handler
 .text.DebugMon_Handler
                0x0000000008000f3a        0x2 build/stm32f3xx_it.o
                0x0000000008000f3a                DebugMon_Handler
 .text.PendSV_Handler
                0x0000000008000f3c        0x2 build/stm32f3xx_it.o
                0x0000000008000f3c                PendSV_Handler
 .text.SysTick_Handler
                0x0000000008000f3e        0xc build/stm32f3xx_it.o
                0x0000000008000f3e                SysTick_Handler
 *fill*         0x0000000008000f4a        0x2 
 .text.DMA1_Channel5_IRQHandler
                0x0000000008000f4c       0x78 build/stm32f3xx_it.o
                0x0000000008000f4c                DMA1_Channel5_IRQHandler
 .text.TIM2_IRQHandler
                0x0000000008000fc4       0x10 build/stm32f3xx_it.o
                0x0000000008000fc4                TIM2_IRQHandler
 .text.USART1_IRQHandler
                0x0000000008000fd4       0x50 build/stm32f3xx_it.o
                0x0000000008000fd4                USART1_IRQHandler
 .text.HAL_InitTick
                0x0000000008001024       0x2c build/stm32f3xx_hal.o
                0x0000000008001024                HAL_InitTick
 .text.HAL_Init
                0x0000000008001050       0x24 build/stm32f3xx_hal.o
                0x0000000008001050                HAL_Init
 .text.HAL_IncTick
                0x0000000008001074       0x10 build/stm32f3xx_hal.o
                0x0000000008001074                HAL_IncTick
 .text.HAL_GetTick
                0x0000000008001084        0xc build/stm32f3xx_hal.o
                0x0000000008001084                HAL_GetTick
 .text.HAL_TIMEx_MasterConfigSynchronization
                0x0000000008001090       0x50 build/stm32f3xx_hal_tim_ex.o
                0x0000000008001090                HAL_TIMEx_MasterConfigSynchronization
 .text.HAL_TIMEx_CommutationCallback
                0x00000000080010e0        0x2 build/stm32f3xx_hal_tim_ex.o
                0x00000000080010e0                HAL_TIMEx_CommutationCallback
 .text.HAL_TIMEx_BreakCallback
                0x00000000080010e2        0x2 build/stm32f3xx_hal_tim_ex.o
                0x00000000080010e2                HAL_TIMEx_BreakCallback
 .text.HAL_TIMEx_Break2Callback
                0x00000000080010e4        0x2 build/stm32f3xx_hal_tim_ex.o
                0x00000000080010e4                HAL_TIMEx_Break2Callback
 .text._Error_Handler
                0x00000000080010e6        0x2 build/main.o
                0x00000000080010e6                _Error_Handler
 .text.SystemClock_Config
                0x00000000080010e8       0x98 build/main.o
                0x00000000080010e8                SystemClock_Config
 .text.main     0x0000000008001180       0xa8 build/main.o
                0x0000000008001180                main
 .text.UART_SetConfig
                0x0000000008001228      0x1b8 build/stm32f3xx_hal_uart.o
                0x0000000008001228                UART_SetConfig
 .text.UART_AdvFeatureConfig
                0x00000000080013e0       0xca build/stm32f3xx_hal_uart.o
                0x00000000080013e0                UART_AdvFeatureConfig
 .text.UART_WaitOnFlagUntilTimeout
                0x00000000080014aa       0x62 build/stm32f3xx_hal_uart.o
                0x00000000080014aa                UART_WaitOnFlagUntilTimeout
 .text.UART_CheckIdleState
                0x000000000800150c       0x70 build/stm32f3xx_hal_uart.o
                0x000000000800150c                UART_CheckIdleState
 .text.HAL_UART_Init
                0x000000000800157c       0x66 build/stm32f3xx_hal_uart.o
                0x000000000800157c                HAL_UART_Init
 *fill*         0x00000000080015e2        0x2 
 .text.HAL_RCC_OscConfig
                0x00000000080015e4      0x610 build/stm32f3xx_hal_rcc.o
                0x00000000080015e4                HAL_RCC_OscConfig
 .text.HAL_RCC_GetSysClockFreq
                0x0000000008001bf4       0x70 build/stm32f3xx_hal_rcc.o
                0x0000000008001bf4                HAL_RCC_GetSysClockFreq
 .text.HAL_RCC_ClockConfig
                0x0000000008001c64      0x1d4 build/stm32f3xx_hal_rcc.o
                0x0000000008001c64                HAL_RCC_ClockConfig
 .text.HAL_RCC_GetHCLKFreq
                0x0000000008001e38        0xc build/stm32f3xx_hal_rcc.o
                0x0000000008001e38                HAL_RCC_GetHCLKFreq
 .text.HAL_RCC_GetPCLK1Freq
                0x0000000008001e44       0x2c build/stm32f3xx_hal_rcc.o
                0x0000000008001e44                HAL_RCC_GetPCLK1Freq
 .text.HAL_RCC_GetPCLK2Freq
                0x0000000008001e70       0x2c build/stm32f3xx_hal_rcc.o
                0x0000000008001e70                HAL_RCC_GetPCLK2Freq
 .text.HAL_RCCEx_PeriphCLKConfig
                0x0000000008001e9c      0x198 build/stm32f3xx_hal_rcc_ex.o
                0x0000000008001e9c                HAL_RCCEx_PeriphCLKConfig
 .text.RP_UART_Transmit
                0x0000000008002034       0x30 build/usart.o
                0x0000000008002034                RP_UART_Transmit
 .text.RP_Get_Tick
                0x0000000008002064        0x8 build/usart.o
                0x0000000008002064                RP_Get_Tick
 .text.RP_Packet_Received
                0x000000000800206c       0x24 build/usart.o
                0x000000000800206c                RP_Packet_Received
 .text.MX_USART1_UART_Init
                0x0000000008002090       0xe8 build/usart.o
                0x0000000008002090                MX_USART1_UART_Init
 .text.MX_USART2_UART_Init
                0x0000000008002178       0x40 build/usart.o
                0x0000000008002178                MX_USART2_UART_Init
 .text.HAL_UART_MspInit
                0x00000000080021b8       0x4c build/usart.o
                0x00000000080021b8                HAL_UART_MspInit
 .text.MX_GPIO_Init
                0x0000000008002204       0xc4 build/gpio.o
                0x0000000008002204                MX_GPIO_Init
 .text.LL_GPIO_Init
                0x00000000080022c8      0x132 build/stm32f3xx_ll_gpio.o
                0x00000000080022c8                LL_GPIO_Init
 *fill*         0x00000000080023fa        0x2 
 .text.HAL_TIM_PeriodElapsedCallback
                0x00000000080023fc       0x18 build/tim.o
                0x00000000080023fc                HAL_TIM_PeriodElapsedCallback
 .text.MX_TIM2_Init
                0x0000000008002414       0x70 build/tim.o
                0x0000000008002414                MX_TIM2_Init
 .text.HAL_TIM_Base_MspInit
                0x0000000008002484       0x3a build/tim.o
                0x0000000008002484                HAL_TIM_Base_MspInit
 *fill*         0x00000000080024be        0x2 
 .text.MX_DMA_Init
                0x00000000080024c0       0x38 build/dma.o
                0x00000000080024c0                MX_DMA_Init
 .text.LL_USART_Init
                0x00000000080024f8       0xc8 build/stm32f3xx_ll_usart.o
                0x00000000080024f8                LL_USART_Init
 .text.RCC_GetHCLKClockFreq
                0x00000000080025c0       0x18 build/stm32f3xx_ll_rcc.o
                0x00000000080025c0                RCC_GetHCLKClockFreq
 .text.RCC_GetPCLK1ClockFreq
                0x00000000080025d8       0x18 build/stm32f3xx_ll_rcc.o
                0x00000000080025d8                RCC_GetPCLK1ClockFreq
 .text.RCC_GetPCLK2ClockFreq
                0x00000000080025f0       0x18 build/stm32f3xx_ll_rcc.o
                0x00000000080025f0                RCC_GetPCLK2ClockFreq
 .text.RCC_PLL_GetFreqDomain_SYS
                0x0000000008002608       0x48 build/stm32f3xx_ll_rcc.o
                0x0000000008002608                RCC_PLL_GetFreqDomain_SYS
 .text.RCC_GetSystemClockFreq
                0x0000000008002650       0x20 build/stm32f3xx_ll_rcc.o
                0x0000000008002650                RCC_GetSystemClockFreq
 .text.LL_RCC_GetSystemClocksFreq
                0x0000000008002670       0x20 build/stm32f3xx_ll_rcc.o
                0x0000000008002670                LL_RCC_GetSystemClocksFreq
 .text.LL_RCC_GetUSARTClockFreq
                0x0000000008002690       0x5c build/stm32f3xx_ll_rcc.o
                0x0000000008002690                LL_RCC_GetUSARTClockFreq
 .text.Reset_Handler
                0x00000000080026ec       0x50 build/startup_stm32f303x8.o
                0x00000000080026ec                Reset_Handler
 .text.Default_Handler
                0x000000000800273c        0x2 build/startup_stm32f303x8.o
                0x000000000800273c                RTC_Alarm_IRQHandler
                0x000000000800273c                TIM1_CC_IRQHandler
                0x000000000800273c                PVD_IRQHandler
                0x000000000800273c                TAMP_STAMP_IRQHandler
                0x000000000800273c                EXTI3_IRQHandler
                0x000000000800273c                EXTI0_IRQHandler
                0x000000000800273c                FPU_IRQHandler
                0x000000000800273c                CAN_TX_IRQHandler
                0x000000000800273c                TIM1_UP_TIM16_IRQHandler
                0x000000000800273c                ADC1_2_IRQHandler
                0x000000000800273c                SPI1_IRQHandler
                0x000000000800273c                CAN_SCE_IRQHandler
                0x000000000800273c                DMA1_Channel4_IRQHandler
                0x000000000800273c                USART3_IRQHandler
                0x000000000800273c                DMA1_Channel7_IRQHandler
                0x000000000800273c                TIM7_DAC2_IRQHandler
                0x000000000800273c                CAN_RX1_IRQHandler
                0x000000000800273c                I2C1_EV_IRQHandler
                0x000000000800273c                DMA1_Channel6_IRQHandler
                0x000000000800273c                TIM3_IRQHandler
                0x000000000800273c                RCC_IRQHandler
                0x000000000800273c                DMA1_Channel1_IRQHandler
                0x000000000800273c                Default_Handler
                0x000000000800273c                EXTI15_10_IRQHandler
                0x000000000800273c                COMP2_IRQHandler
                0x000000000800273c                TIM6_DAC1_IRQHandler
                0x000000000800273c                EXTI9_5_IRQHandler
                0x000000000800273c                RTC_WKUP_IRQHandler
                0x000000000800273c                EXTI4_IRQHandler
                0x000000000800273c                TIM1_TRG_COM_TIM17_IRQHandler
                0x000000000800273c                DMA1_Channel3_IRQHandler
                0x000000000800273c                WWDG_IRQHandler
                0x000000000800273c                EXTI1_IRQHandler
                0x000000000800273c                COMP4_6_IRQHandler
                0x000000000800273c                USART2_IRQHandler
                0x000000000800273c                DMA1_Channel2_IRQHandler
                0x000000000800273c                FLASH_IRQHandler
                0x000000000800273c                CAN_RX0_IRQHandler
                0x000000000800273c                I2C1_ER_IRQHandler
                0x000000000800273c                EXTI2_TSC_IRQHandler
                0x000000000800273c                TIM1_BRK_TIM15_IRQHandler
 *fill*         0x000000000800273e        0x2 
 .text.__libc_init_array
                0x0000000008002740       0x48 /usr/lib/gcc/arm-none-eabi/7.3.0/../../../../arm-none-eabi/lib/armv7e-m/fpu/libc_nano.a(lib_a-init.o)
                0x0000000008002740                __libc_init_array
 *(.glue_7)
 .glue_7        0x0000000008002788        0x0 linker stubs
 *(.glue_7t)
 .glue_7t       0x0000000008002788        0x0 linker stubs
 *(.eh_frame)
 .eh_frame      0x0000000008002788        0x0 /usr/lib/gcc/arm-none-eabi/7.3.0/armv7e-m/fpu/crtbegin.o
 *(.init)
 .init          0x0000000008002788        0x4 /usr/lib/gcc/arm-none-eabi/7.3.0/armv7e-m/fpu/crti.o
                0x0000000008002788                _init
 .init          0x000000000800278c        0x8 /usr/lib/gcc/arm-none-eabi/7.3.0/armv7e-m/fpu/crtn.o
 *(.fini)
 .fini          0x0000000008002794        0x4 /usr/lib/gcc/arm-none-eabi/7.3.0/armv7e-m/fpu/crti.o
                0x0000000008002794                _fini
 .fini          0x0000000008002798        0x8 /usr/lib/gcc/arm-none-eabi/7.3.0/armv7e-m/fpu/crtn.o
                0x00000000080027a0                . = ALIGN (0x4)
                0x00000000080027a0                _etext = .

.vfp11_veneer   0x00000000080027a0        0x0
 .vfp11_veneer  0x00000000080027a0        0x0 linker stubs

.v4_bx          0x00000000080027a0        0x0
 .v4_bx         0x00000000080027a0        0x0 linker stubs

.iplt           0x00000000080027a0        0x0
 .iplt          0x00000000080027a0        0x0 /usr/lib/gcc/arm-none-eabi/7.3.0/armv7e-m/fpu/crtbegin.o

.rodata         0x00000000080027a0       0x5c
                0x00000000080027a0                . = ALIGN (0x4)
 *(.rodata)
 *(.rodata*)
 .rodata.AHBPrescTable
                0x00000000080027a0       0x10 build/system_stm32f3xx.o
                0x00000000080027a0                AHBPrescTable
 .rodata.APBPrescTable
                0x00000000080027b0        0x8 build/system_stm32f3xx.o
                0x00000000080027b0                APBPrescTable
 .rodata.SystemClock_Config.str1.4
                0x00000000080027b8        0xb build/main.o
 *fill*         0x00000000080027c3        0x1 
 .rodata.aPLLMULFactorTable
                0x00000000080027c4       0x10 build/stm32f3xx_hal_rcc.o
                0x00000000080027c4                aPLLMULFactorTable
 .rodata.aPredivFactorTable
                0x00000000080027d4       0x10 build/stm32f3xx_hal_rcc.o
                0x00000000080027d4                aPredivFactorTable
 .rodata.MX_USART2_UART_Init.str1.4
                0x00000000080027e4        0xc build/usart.o
 .rodata.MX_TIM2_Init.str1.4
                0x00000000080027f0        0xc build/tim.o
                                          0xa (size before relaxing)
                0x00000000080027fc                . = ALIGN (0x4)

.rel.dyn        0x00000000080027fc        0x0
 .rel.iplt      0x00000000080027fc        0x0 /usr/lib/gcc/arm-none-eabi/7.3.0/armv7e-m/fpu/crtbegin.o

.ARM.extab
 *(.ARM.extab* .gnu.linkonce.armextab.*)

.ARM            0x00000000080027fc        0x0
                0x00000000080027fc                __exidx_start = .
 *(.ARM.exidx*)
                0x00000000080027fc                __exidx_end = .

.preinit_array  0x00000000080027fc        0x0
                0x00000000080027fc                PROVIDE (__preinit_array_start = .)
 *(.preinit_array*)
                0x00000000080027fc                PROVIDE (__preinit_array_end = .)

.init_array     0x00000000080027fc        0x4
                0x00000000080027fc                PROVIDE (__init_array_start = .)
 *(SORT_BY_NAME(.init_array.*))
 *(.init_array*)
 .init_array    0x00000000080027fc        0x4 /usr/lib/gcc/arm-none-eabi/7.3.0/armv7e-m/fpu/crtbegin.o
                0x0000000008002800                PROVIDE (__init_array_end = .)

.fini_array     0x0000000008002800        0x4
                0x0000000008002800                PROVIDE (__fini_array_start = .)
 *(SORT_BY_NAME(.fini_array.*))
 *(.fini_array*)
 .fini_array    0x0000000008002800        0x4 /usr/lib/gcc/arm-none-eabi/7.3.0/armv7e-m/fpu/crtbegin.o
                0x0000000008002804                PROVIDE (__fini_array_end = .)
                0x0000000008002804                _sidata = LOADADDR (.data)

.data           0x0000000020000000      0xac4 load address 0x0000000008002804
                0x0000000020000000                . = ALIGN (0x4)
                0x0000000020000000                _sdata = .
 *(.data)
 *(.data*)
 .data.sprites  0x0000000020000000      0x8c0 build/sprites.o
                0x0000000020000000                sprites
 .data.crc_table
                0x00000000200008c0      0x200 build/crc_16.o
                0x00000000200008c0                crc_table
 .data.SystemCoreClock
                0x0000000020000ac0        0x4 build/system_stm32f3xx.o
                0x0000000020000ac0                SystemCoreClock
                0x0000000020000ac4                . = ALIGN (0x4)
                0x0000000020000ac4                _edata = .
                0x00000000080032c8                _siccmram = LOADADDR (.ccmram)

.igot.plt       0x0000000020000ac4        0x0 load address 0x00000000080032c8
 .igot.plt      0x0000000020000ac4        0x0 /usr/lib/gcc/arm-none-eabi/7.3.0/armv7e-m/fpu/crtbegin.o

.ccmram         0x0000000010000000        0x0 load address 0x00000000080032c8
                0x0000000010000000                . = ALIGN (0x4)
                0x0000000010000000                _sccmram = .
 *(.ccmram)
 *(.ccmram*)
                0x0000000010000000                . = ALIGN (0x4)
                0x0000000010000000                _eccmram = .
                0x0000000010000000                . = ALIGN (0x4)

.bss            0x0000000020000ac4      0x4f4
                0x0000000020000ac4                _sbss = .
                0x0000000020000ac4                __bss_start__ = _sbss
 *(.bss)
 *(.bss*)
 .bss.completed.9908
                0x0000000020000ac4        0x1 /usr/lib/gcc/arm-none-eabi/7.3.0/armv7e-m/fpu/crtbegin.o
 *fill*         0x0000000020000ac5        0x3 
 .bss.object.9913
                0x0000000020000ac8       0x18 /usr/lib/gcc/arm-none-eabi/7.3.0/armv7e-m/fpu/crtbegin.o
 .bss.err       0x0000000020000ae0        0x2 build/robotronik_protocol.o
 *fill*         0x0000000020000ae2        0x2 
 .bss.refresh   0x0000000020000ae4        0x4 build/main.o
                0x0000000020000ae4                refresh
 .bss.score     0x0000000020000ae8        0x2 build/main.o
                0x0000000020000ae8                score
 *(COMMON)
 *fill*         0x0000000020000aea        0x2 
 COMMON         0x0000000020000aec        0x4 build/stm32f3xx_hal.o
                0x0000000020000aec                uwTick
 COMMON         0x0000000020000af0      0x488 build/usart.o
                0x0000000020000af0                esp_interface
                0x0000000020000f08                huart2
 COMMON         0x0000000020000f78       0x40 build/tim.o
                0x0000000020000f78                htim2
                0x0000000020000fb8                . = ALIGN (0x4)
                0x0000000020000fb8                _ebss = .
                0x0000000020000fb8                __bss_end__ = _ebss

._user_heap_stack
                0x0000000020000fb8      0x600
                0x0000000020000fb8                . = ALIGN (0x8)
                [!provide]                        PROVIDE (end = .)
                [!provide]                        PROVIDE (_end = .)
                0x00000000200011b8                . = (. + _Min_Heap_Size)
 *fill*         0x0000000020000fb8      0x200 
                0x00000000200015b8                . = (. + _Min_Stack_Size)
 *fill*         0x00000000200011b8      0x400 
                0x00000000200015b8                . = ALIGN (0x8)

/DISCARD/
 libc.a(*)
 libm.a(*)
 libgcc.a(*)

.ARM.attributes
                0x0000000000000000       0x30
 *(.ARM.attributes)
 .ARM.attributes
                0x0000000000000000       0x22 /usr/lib/gcc/arm-none-eabi/7.3.0/armv7e-m/fpu/crti.o
 .ARM.attributes
                0x0000000000000022       0x34 /usr/lib/gcc/arm-none-eabi/7.3.0/armv7e-m/fpu/crtbegin.o
 .ARM.attributes
                0x0000000000000056       0x39 build/sprites.o
 .ARM.attributes
                0x000000000000008f       0x39 build/display.o
 .ARM.attributes
                0x00000000000000c8       0x39 build/crc_16.o
 .ARM.attributes
                0x0000000000000101       0x39 build/robotronik_protocol.o
 .ARM.attributes
                0x000000000000013a       0x39 build/system_stm32f3xx.o
 .ARM.attributes
                0x0000000000000173       0x39 build/stm32f3xx_hal_msp.o
 .ARM.attributes
                0x00000000000001ac       0x39 build/stm32f3xx_hal_tim.o
 .ARM.attributes
                0x00000000000001e5       0x39 build/stm32f3xx_hal_cortex.o
 .ARM.attributes
                0x000000000000021e       0x39 build/stm32f3xx_hal_gpio.o
 .ARM.attributes
                0x0000000000000257       0x39 build/stm32f3xx_it.o
 .ARM.attributes
                0x0000000000000290       0x39 build/stm32f3xx_hal.o
 .ARM.attributes
                0x00000000000002c9       0x39 build/stm32f3xx_hal_tim_ex.o
 .ARM.attributes
                0x0000000000000302       0x39 build/main.o
 .ARM.attributes
                0x000000000000033b       0x39 build/stm32f3xx_hal_uart.o
 .ARM.attributes
                0x0000000000000374       0x39 build/stm32f3xx_hal_rcc.o
 .ARM.attributes
                0x00000000000003ad       0x39 build/stm32f3xx_hal_rcc_ex.o
 .ARM.attributes
                0x00000000000003e6       0x39 build/usart.o
 .ARM.attributes
                0x000000000000041f       0x39 build/gpio.o
 .ARM.attributes
                0x0000000000000458       0x39 build/stm32f3xx_ll_gpio.o
 .ARM.attributes
                0x0000000000000491       0x39 build/tim.o
 .ARM.attributes
                0x00000000000004ca       0x39 build/dma.o
 .ARM.attributes
                0x0000000000000503       0x39 build/stm32f3xx_ll_usart.o
 .ARM.attributes
                0x000000000000053c       0x39 build/stm32f3xx_ll_rcc.o
 .ARM.attributes
                0x0000000000000575       0x21 build/startup_stm32f303x8.o
 .ARM.attributes
                0x0000000000000596       0x34 /usr/lib/gcc/arm-none-eabi/7.3.0/../../../../arm-none-eabi/lib/armv7e-m/fpu/libc_nano.a(lib_a-init.o)
 .ARM.attributes
                0x00000000000005ca       0x22 /usr/lib/gcc/arm-none-eabi/7.3.0/armv7e-m/fpu/crtn.o
OUTPUT(build/SCREEN.elf elf32-littlearm)

.debug_info     0x0000000000000000    0x1e007
 .debug_info    0x0000000000000000       0x60 build/sprites.o
 .debug_info    0x0000000000000060     0x1108 build/display.o
 .debug_info    0x0000000000001168       0xa4 build/crc_16.o
 .debug_info    0x000000000000120c      0x828 build/robotronik_protocol.o
 .debug_info    0x0000000000001a34      0xdb8 build/system_stm32f3xx.o
 .debug_info    0x00000000000027ec      0xdd1 build/stm32f3xx_hal_msp.o
 .debug_info    0x00000000000035bd     0x3bc0 build/stm32f3xx_hal_tim.o
 .debug_info    0x000000000000717d     0x1656 build/stm32f3xx_hal_cortex.o
 .debug_info    0x00000000000087d3     0x1167 build/stm32f3xx_hal_gpio.o
 .debug_info    0x000000000000993a     0x186f build/stm32f3xx_it.o
 .debug_info    0x000000000000b1a9     0x1116 build/stm32f3xx_hal.o
 .debug_info    0x000000000000c2bf     0x216b build/stm32f3xx_hal_tim_ex.o
 .debug_info    0x000000000000e42a     0x1da4 build/main.o
 .debug_info    0x00000000000101ce     0x24c7 build/stm32f3xx_hal_uart.o
 .debug_info    0x0000000000012695     0x1d8c build/stm32f3xx_hal_rcc.o
 .debug_info    0x0000000000014421      0xfbe build/stm32f3xx_hal_rcc_ex.o
 .debug_info    0x00000000000153df     0x2138 build/usart.o
 .debug_info    0x0000000000017517      0xde7 build/gpio.o
 .debug_info    0x00000000000182fe     0x1337 build/stm32f3xx_ll_gpio.o
 .debug_info    0x0000000000019635     0x1498 build/tim.o
 .debug_info    0x000000000001aacd     0x111c build/dma.o
 .debug_info    0x000000000001bbe9     0x11f8 build/stm32f3xx_ll_usart.o
 .debug_info    0x000000000001cde1     0x1204 build/stm32f3xx_ll_rcc.o
 .debug_info    0x000000000001dfe5       0x22 build/startup_stm32f303x8.o

.debug_abbrev   0x0000000000000000     0x3d88
 .debug_abbrev  0x0000000000000000       0x3e build/sprites.o
 .debug_abbrev  0x000000000000003e      0x2b4 build/display.o
 .debug_abbrev  0x00000000000002f2       0x63 build/crc_16.o
 .debug_abbrev  0x0000000000000355      0x2b7 build/robotronik_protocol.o
 .debug_abbrev  0x000000000000060c      0x1f5 build/system_stm32f3xx.o
 .debug_abbrev  0x0000000000000801      0x225 build/stm32f3xx_hal_msp.o
 .debug_abbrev  0x0000000000000a26      0x31f build/stm32f3xx_hal_tim.o
 .debug_abbrev  0x0000000000000d45      0x3c6 build/stm32f3xx_hal_cortex.o
 .debug_abbrev  0x000000000000110b      0x2cd build/stm32f3xx_hal_gpio.o
 .debug_abbrev  0x00000000000013d8      0x2e6 build/stm32f3xx_it.o
 .debug_abbrev  0x00000000000016be      0x2c9 build/stm32f3xx_hal.o
 .debug_abbrev  0x0000000000001987      0x307 build/stm32f3xx_hal_tim_ex.o
 .debug_abbrev  0x0000000000001c8e      0x2e0 build/main.o
 .debug_abbrev  0x0000000000001f6e      0x32b build/stm32f3xx_hal_uart.o
 .debug_abbrev  0x0000000000002299      0x36c build/stm32f3xx_hal_rcc.o
 .debug_abbrev  0x0000000000002605      0x327 build/stm32f3xx_hal_rcc_ex.o
 .debug_abbrev  0x000000000000292c      0x390 build/usart.o
 .debug_abbrev  0x0000000000002cbc      0x21c build/gpio.o
 .debug_abbrev  0x0000000000002ed8      0x2e5 build/stm32f3xx_ll_gpio.o
 .debug_abbrev  0x00000000000031bd      0x28d build/tim.o
 .debug_abbrev  0x000000000000344a      0x28b build/dma.o
 .debug_abbrev  0x00000000000036d5      0x361 build/stm32f3xx_ll_usart.o
 .debug_abbrev  0x0000000000003a36      0x340 build/stm32f3xx_ll_rcc.o
 .debug_abbrev  0x0000000000003d76       0x12 build/startup_stm32f303x8.o

.debug_aranges  0x0000000000000000      0xd00
 .debug_aranges
                0x0000000000000000       0x18 build/sprites.o
 .debug_aranges
                0x0000000000000018       0x30 build/display.o
 .debug_aranges
                0x0000000000000048       0x18 build/crc_16.o
 .debug_aranges
                0x0000000000000060       0x90 build/robotronik_protocol.o
 .debug_aranges
                0x00000000000000f0       0x28 build/system_stm32f3xx.o
 .debug_aranges
                0x0000000000000118       0x20 build/stm32f3xx_hal_msp.o
 .debug_aranges
                0x0000000000000138      0x378 build/stm32f3xx_hal_tim.o
 .debug_aranges
                0x00000000000004b0       0x90 build/stm32f3xx_hal_cortex.o
 .debug_aranges
                0x0000000000000540       0x58 build/stm32f3xx_hal_gpio.o
 .debug_aranges
                0x0000000000000598       0x78 build/stm32f3xx_it.o
 .debug_aranges
                0x0000000000000610       0xc8 build/stm32f3xx_hal.o
 .debug_aranges
                0x00000000000006d8      0x178 build/stm32f3xx_hal_tim_ex.o
 .debug_aranges
                0x0000000000000850       0x30 build/main.o
 .debug_aranges
                0x0000000000000880      0x1f0 build/stm32f3xx_hal_uart.o
 .debug_aranges
                0x0000000000000a70       0x88 build/stm32f3xx_hal_rcc.o
 .debug_aranges
                0x0000000000000af8       0x38 build/stm32f3xx_hal_rcc_ex.o
 .debug_aranges
                0x0000000000000b30       0x50 build/usart.o
 .debug_aranges
                0x0000000000000b80       0x20 build/gpio.o
 .debug_aranges
                0x0000000000000ba0       0x30 build/stm32f3xx_ll_gpio.o
 .debug_aranges
                0x0000000000000bd0       0x38 build/tim.o
 .debug_aranges
                0x0000000000000c08       0x20 build/dma.o
 .debug_aranges
                0x0000000000000c28       0x40 build/stm32f3xx_ll_usart.o
 .debug_aranges
                0x0000000000000c68       0x70 build/stm32f3xx_ll_rcc.o
 .debug_aranges
                0x0000000000000cd8       0x28 build/startup_stm32f303x8.o

.debug_line     0x0000000000000000     0x654e
 .debug_line    0x0000000000000000       0x2e build/sprites.o
 .debug_line    0x000000000000002e      0x2a7 build/display.o
 .debug_line    0x00000000000002d5       0xa0 build/crc_16.o
 .debug_line    0x0000000000000375      0x2cd build/robotronik_protocol.o
 .debug_line    0x0000000000000642      0x1f0 build/system_stm32f3xx.o
 .debug_line    0x0000000000000832      0x1de build/stm32f3xx_hal_msp.o
 .debug_line    0x0000000000000a10     0x1385 build/stm32f3xx_hal_tim.o
 .debug_line    0x0000000000001d95      0x3a5 build/stm32f3xx_hal_cortex.o
 .debug_line    0x000000000000213a      0x35f build/stm32f3xx_hal_gpio.o
 .debug_line    0x0000000000002499      0x3a7 build/stm32f3xx_it.o
 .debug_line    0x0000000000002840      0x38d build/stm32f3xx_hal.o
 .debug_line    0x0000000000002bcd      0x99b build/stm32f3xx_hal_tim_ex.o
 .debug_line    0x0000000000003568      0x35f build/main.o
 .debug_line    0x00000000000038c7      0xca5 build/stm32f3xx_hal_uart.o
 .debug_line    0x000000000000456c      0x6f7 build/stm32f3xx_hal_rcc.o
 .debug_line    0x0000000000004c63      0x3d6 build/stm32f3xx_hal_rcc_ex.o
 .debug_line    0x0000000000005039      0x3aa build/usart.o
 .debug_line    0x00000000000053e3      0x1e1 build/gpio.o
 .debug_line    0x00000000000055c4      0x37a build/stm32f3xx_ll_gpio.o
 .debug_line    0x000000000000593e      0x285 build/tim.o
 .debug_line    0x0000000000005bc3      0x1de build/dma.o
 .debug_line    0x0000000000005da1      0x34a build/stm32f3xx_ll_usart.o
 .debug_line    0x00000000000060eb      0x3ef build/stm32f3xx_ll_rcc.o
 .debug_line    0x00000000000064da       0x74 build/startup_stm32f303x8.o

.debug_str      0x0000000000000000     0x44c0
 .debug_str     0x0000000000000000      0x104 build/sprites.o
                                        0x111 (size before relaxing)
 .debug_str     0x0000000000000104      0x558 build/display.o
                                        0x6da (size before relaxing)
 .debug_str     0x000000000000065c       0x17 build/crc_16.o
                                        0x18f (size before relaxing)
 .debug_str     0x0000000000000673      0x292 build/robotronik_protocol.o
                                        0x462 (size before relaxing)
 .debug_str     0x0000000000000905      0x108 build/system_stm32f3xx.o
                                        0x702 (size before relaxing)
 .debug_str     0x0000000000000a0d      0x341 build/stm32f3xx_hal_msp.o
                                        0x98e (size before relaxing)
 .debug_str     0x0000000000000d4e     0x116a build/stm32f3xx_hal_tim.o
                                       0x180e (size before relaxing)
 .debug_str     0x0000000000001eb8      0x2b0 build/stm32f3xx_hal_cortex.o
                                        0xd20 (size before relaxing)
 .debug_str     0x0000000000002168      0x1b1 build/stm32f3xx_hal_gpio.o
                                        0x904 (size before relaxing)
 .debug_str     0x0000000000002319      0x41b build/stm32f3xx_it.o
                                        0xefb (size before relaxing)
 .debug_str     0x0000000000002734      0x20c build/stm32f3xx_hal.o
                                        0xbfa (size before relaxing)
 .debug_str     0x0000000000002940      0x598 build/stm32f3xx_hal_tim_ex.o
                                       0x1241 (size before relaxing)
 .debug_str     0x0000000000002ed8      0x33e build/main.o
                                       0x143c (size before relaxing)
 .debug_str     0x0000000000003216      0x719 build/stm32f3xx_hal_uart.o
                                       0x1286 (size before relaxing)
 .debug_str     0x000000000000392f      0x17b build/stm32f3xx_hal_rcc.o
                                        0xa71 (size before relaxing)
 .debug_str     0x0000000000003aaa       0xb1 build/stm32f3xx_hal_rcc_ex.o
                                        0x8ae (size before relaxing)
 .debug_str     0x0000000000003b5b      0x259 build/usart.o
                                       0x13bb (size before relaxing)
 .debug_str     0x0000000000003db4        0xb build/gpio.o
                                        0x715 (size before relaxing)
 .debug_str     0x0000000000003dbf      0x135 build/stm32f3xx_ll_gpio.o
                                        0x839 (size before relaxing)
 .debug_str     0x0000000000003ef4       0x19 build/tim.o
                                        0xef6 (size before relaxing)
 .debug_str     0x0000000000003f0d       0x23 build/dma.o
                                        0xaea (size before relaxing)
 .debug_str     0x0000000000003f30      0x256 build/stm32f3xx_ll_usart.o
                                        0x9b2 (size before relaxing)
 .debug_str     0x0000000000004186      0x318 build/stm32f3xx_ll_rcc.o
                                        0xa4d (size before relaxing)
 .debug_str     0x000000000000449e       0x22 build/startup_stm32f303x8.o
                                         0x84 (size before relaxing)

.comment        0x0000000000000000       0x1d
 .comment       0x0000000000000000       0x1d build/sprites.o
                                         0x1e (size before relaxing)
 .comment       0x000000000000001d       0x1e build/display.o
 .comment       0x000000000000001d       0x1e build/crc_16.o
 .comment       0x000000000000001d       0x1e build/robotronik_protocol.o
 .comment       0x000000000000001d       0x1e build/system_stm32f3xx.o
 .comment       0x000000000000001d       0x1e build/stm32f3xx_hal_msp.o
 .comment       0x000000000000001d       0x1e build/stm32f3xx_hal_tim.o
 .comment       0x000000000000001d       0x1e build/stm32f3xx_hal_cortex.o
 .comment       0x000000000000001d       0x1e build/stm32f3xx_hal_gpio.o
 .comment       0x000000000000001d       0x1e build/stm32f3xx_it.o
 .comment       0x000000000000001d       0x1e build/stm32f3xx_hal.o
 .comment       0x000000000000001d       0x1e build/stm32f3xx_hal_tim_ex.o
 .comment       0x000000000000001d       0x1e build/main.o
 .comment       0x000000000000001d       0x1e build/stm32f3xx_hal_uart.o
 .comment       0x000000000000001d       0x1e build/stm32f3xx_hal_rcc.o
 .comment       0x000000000000001d       0x1e build/stm32f3xx_hal_rcc_ex.o
 .comment       0x000000000000001d       0x1e build/usart.o
 .comment       0x000000000000001d       0x1e build/gpio.o
 .comment       0x000000000000001d       0x1e build/stm32f3xx_ll_gpio.o
 .comment       0x000000000000001d       0x1e build/tim.o
 .comment       0x000000000000001d       0x1e build/dma.o
 .comment       0x000000000000001d       0x1e build/stm32f3xx_ll_usart.o
 .comment       0x000000000000001d       0x1e build/stm32f3xx_ll_rcc.o

.debug_loc      0x0000000000000000     0xb9de
 .debug_loc     0x0000000000000000      0x185 build/display.o
 .debug_loc     0x0000000000000185      0x79b build/robotronik_protocol.o
 .debug_loc     0x0000000000000920       0xff build/system_stm32f3xx.o
 .debug_loc     0x0000000000000a1f       0x38 build/stm32f3xx_hal_msp.o
 .debug_loc     0x0000000000000a57     0x4204 build/stm32f3xx_hal_tim.o
 .debug_loc     0x0000000000004c5b      0x63d build/stm32f3xx_hal_cortex.o
 .debug_loc     0x0000000000005298      0x441 build/stm32f3xx_hal_gpio.o
 .debug_loc     0x00000000000056d9      0x1a5 build/stm32f3xx_it.o
 .debug_loc     0x000000000000587e      0x101 build/stm32f3xx_hal.o
 .debug_loc     0x000000000000597f     0x1ef3 build/stm32f3xx_hal_tim_ex.o
 .debug_loc     0x0000000000007872      0x1f7 build/main.o
 .debug_loc     0x0000000000007a69     0x1b3a build/stm32f3xx_hal_uart.o
 .debug_loc     0x00000000000095a3      0x9dd build/stm32f3xx_hal_rcc.o
 .debug_loc     0x0000000000009f80      0x4d1 build/stm32f3xx_hal_rcc_ex.o
 .debug_loc     0x000000000000a451      0x488 build/usart.o
 .debug_loc     0x000000000000a8d9       0x38 build/gpio.o
 .debug_loc     0x000000000000a911      0x4b2 build/stm32f3xx_ll_gpio.o
 .debug_loc     0x000000000000adc3       0xf7 build/tim.o
 .debug_loc     0x000000000000aeba       0x68 build/dma.o
 .debug_loc     0x000000000000af22      0x5b8 build/stm32f3xx_ll_usart.o
 .debug_loc     0x000000000000b4da      0x504 build/stm32f3xx_ll_rcc.o

.debug_ranges   0x0000000000000000      0xca0
 .debug_ranges  0x0000000000000000       0x68 build/display.o
 .debug_ranges  0x0000000000000068       0x98 build/robotronik_protocol.o
 .debug_ranges  0x0000000000000100       0x18 build/system_stm32f3xx.o
 .debug_ranges  0x0000000000000118       0x10 build/stm32f3xx_hal_msp.o
 .debug_ranges  0x0000000000000128      0x368 build/stm32f3xx_hal_tim.o
 .debug_ranges  0x0000000000000490       0xe0 build/stm32f3xx_hal_cortex.o
 .debug_ranges  0x0000000000000570       0x48 build/stm32f3xx_hal_gpio.o
 .debug_ranges  0x00000000000005b8       0x80 build/stm32f3xx_it.o
 .debug_ranges  0x0000000000000638       0xb8 build/stm32f3xx_hal.o
 .debug_ranges  0x00000000000006f0      0x168 build/stm32f3xx_hal_tim_ex.o
 .debug_ranges  0x0000000000000858       0x20 build/main.o
 .debug_ranges  0x0000000000000878      0x1e0 build/stm32f3xx_hal_uart.o
 .debug_ranges  0x0000000000000a58       0x98 build/stm32f3xx_hal_rcc.o
 .debug_ranges  0x0000000000000af0       0x40 build/stm32f3xx_hal_rcc_ex.o
 .debug_ranges  0x0000000000000b30       0x40 build/usart.o
 .debug_ranges  0x0000000000000b70       0x10 build/gpio.o
 .debug_ranges  0x0000000000000b80       0x20 build/stm32f3xx_ll_gpio.o
 .debug_ranges  0x0000000000000ba0       0x28 build/tim.o
 .debug_ranges  0x0000000000000bc8       0x10 build/dma.o
 .debug_ranges  0x0000000000000bd8       0x48 build/stm32f3xx_ll_usart.o
 .debug_ranges  0x0000000000000c20       0x60 build/stm32f3xx_ll_rcc.o
 .debug_ranges  0x0000000000000c80       0x20 build/startup_stm32f303x8.o

.debug_frame    0x0000000000000000     0x23e4
 .debug_frame   0x0000000000000000       0x78 build/display.o
 .debug_frame   0x0000000000000078      0x1bc build/robotronik_protocol.o
 .debug_frame   0x0000000000000234       0x30 build/system_stm32f3xx.o
 .debug_frame   0x0000000000000264       0x2c build/stm32f3xx_hal_msp.o
 .debug_frame   0x0000000000000290      0xb58 build/stm32f3xx_hal_tim.o
 .debug_frame   0x0000000000000de8      0x13c build/stm32f3xx_hal_cortex.o
 .debug_frame   0x0000000000000f24      0x10c build/stm32f3xx_hal_gpio.o
 .debug_frame   0x0000000000001030      0x108 build/stm32f3xx_it.o
 .debug_frame   0x0000000000001138      0x1a8 build/stm32f3xx_hal.o
 .debug_frame   0x00000000000012e0      0x4ec build/stm32f3xx_hal_tim_ex.o
 .debug_frame   0x00000000000017cc       0x5c build/main.o
 .debug_frame   0x0000000000001828      0x5f8 build/stm32f3xx_hal_uart.o
 .debug_frame   0x0000000000001e20      0x158 build/stm32f3xx_hal_rcc.o
 .debug_frame   0x0000000000001f78       0x8c build/stm32f3xx_hal_rcc_ex.o
 .debug_frame   0x0000000000002004       0xcc build/usart.o
 .debug_frame   0x00000000000020d0       0x3c build/gpio.o
 .debug_frame   0x000000000000210c       0x60 build/stm32f3xx_ll_gpio.o
 .debug_frame   0x000000000000216c       0x78 build/tim.o
 .debug_frame   0x00000000000021e4       0x28 build/dma.o
 .debug_frame   0x000000000000220c       0x98 build/stm32f3xx_ll_usart.o
 .debug_frame   0x00000000000022a4      0x114 build/stm32f3xx_ll_rcc.o
 .debug_frame   0x00000000000023b8       0x2c /usr/lib/gcc/arm-none-eabi/7.3.0/../../../../arm-none-eabi/lib/armv7e-m/fpu/libc_nano.a(lib_a-init.o)

Cross Reference Table

Symbol                                            File
ADC1_2_IRQHandler                                 build/startup_stm32f303x8.o
AHBPrescTable                                     build/system_stm32f3xx.o
                                                  build/stm32f3xx_ll_rcc.o
                                                  build/stm32f3xx_ll_utils.o
                                                  build/stm32f3xx_hal_rcc.o
APBPrescTable                                     build/system_stm32f3xx.o
                                                  build/stm32f3xx_ll_rcc.o
                                                  build/stm32f3xx_hal_rcc.o
BusFault_Handler                                  build/stm32f3xx_it.o
CAN_RX0_IRQHandler                                build/startup_stm32f303x8.o
CAN_RX1_IRQHandler                                build/startup_stm32f303x8.o
CAN_SCE_IRQHandler                                build/startup_stm32f303x8.o
CAN_TX_IRQHandler                                 build/startup_stm32f303x8.o
COMP2_IRQHandler                                  build/startup_stm32f303x8.o
COMP4_6_IRQHandler                                build/startup_stm32f303x8.o
DMA1_Channel1_IRQHandler                          build/startup_stm32f303x8.o
DMA1_Channel2_IRQHandler                          build/startup_stm32f303x8.o
DMA1_Channel3_IRQHandler                          build/startup_stm32f303x8.o
DMA1_Channel4_IRQHandler                          build/startup_stm32f303x8.o
DMA1_Channel5_IRQHandler                          build/stm32f3xx_it.o
DMA1_Channel6_IRQHandler                          build/startup_stm32f303x8.o
DMA1_Channel7_IRQHandler                          build/startup_stm32f303x8.o
DebugMon_Handler                                  build/stm32f3xx_it.o
Default_Handler                                   build/startup_stm32f303x8.o
EXTI0_IRQHandler                                  build/startup_stm32f303x8.o
EXTI15_10_IRQHandler                              build/startup_stm32f303x8.o
EXTI1_IRQHandler                                  build/startup_stm32f303x8.o
EXTI2_TSC_IRQHandler                              build/startup_stm32f303x8.o
EXTI3_IRQHandler                                  build/startup_stm32f303x8.o
EXTI4_IRQHandler                                  build/startup_stm32f303x8.o
EXTI9_5_IRQHandler                                build/startup_stm32f303x8.o
FLASH_IRQHandler                                  build/startup_stm32f303x8.o
FLASH_PageErase                                   build/stm32f3xx_hal_flash_ex.o
                                                  build/stm32f3xx_hal_flash.o
FLASH_WaitForLastOperation                        build/stm32f3xx_hal_flash.o
                                                  build/stm32f3xx_hal_flash_ex.o
FPU_IRQHandler                                    build/startup_stm32f303x8.o
HAL_DBGMCU_DisableDBGSleepMode                    build/stm32f3xx_hal.o
HAL_DBGMCU_DisableDBGStandbyMode                  build/stm32f3xx_hal.o
HAL_DBGMCU_DisableDBGStopMode                     build/stm32f3xx_hal.o
HAL_DBGMCU_EnableDBGSleepMode                     build/stm32f3xx_hal.o
HAL_DBGMCU_EnableDBGStandbyMode                   build/stm32f3xx_hal.o
HAL_DBGMCU_EnableDBGStopMode                      build/stm32f3xx_hal.o
HAL_DMA_Abort                                     build/stm32f3xx_hal_dma.o
                                                  build/stm32f3xx_hal_uart.o
                                                  build/stm32f3xx_hal_tim.o
HAL_DMA_Abort_IT                                  build/stm32f3xx_hal_dma.o
                                                  build/stm32f3xx_hal_uart.o
                                                  build/stm32f3xx_hal_i2c.o
HAL_DMA_DeInit                                    build/stm32f3xx_hal_dma.o
HAL_DMA_GetError                                  build/stm32f3xx_hal_dma.o
HAL_DMA_GetState                                  build/stm32f3xx_hal_dma.o
HAL_DMA_IRQHandler                                build/stm32f3xx_hal_dma.o
HAL_DMA_Init                                      build/stm32f3xx_hal_dma.o
HAL_DMA_PollForTransfer                           build/stm32f3xx_hal_dma.o
HAL_DMA_RegisterCallback                          build/stm32f3xx_hal_dma.o
HAL_DMA_Start                                     build/stm32f3xx_hal_dma.o
HAL_DMA_Start_IT                                  build/stm32f3xx_hal_dma.o
                                                  build/stm32f3xx_hal_uart.o
                                                  build/stm32f3xx_hal_tim_ex.o
                                                  build/stm32f3xx_hal_i2c.o
                                                  build/stm32f3xx_hal_tim.o
HAL_DMA_UnRegisterCallback                        build/stm32f3xx_hal_dma.o
HAL_DeInit                                        build/stm32f3xx_hal.o
HAL_Delay                                         build/stm32f3xx_hal.o
HAL_FLASHEx_Erase                                 build/stm32f3xx_hal_flash_ex.o
HAL_FLASHEx_Erase_IT                              build/stm32f3xx_hal_flash_ex.o
HAL_FLASHEx_OBErase                               build/stm32f3xx_hal_flash_ex.o
HAL_FLASHEx_OBGetConfig                           build/stm32f3xx_hal_flash_ex.o
HAL_FLASHEx_OBGetUserData                         build/stm32f3xx_hal_flash_ex.o
HAL_FLASHEx_OBProgram                             build/stm32f3xx_hal_flash_ex.o
HAL_FLASH_EndOfOperationCallback                  build/stm32f3xx_hal_flash.o
HAL_FLASH_GetError                                build/stm32f3xx_hal_flash.o
HAL_FLASH_IRQHandler                              build/stm32f3xx_hal_flash.o
HAL_FLASH_Lock                                    build/stm32f3xx_hal_flash.o
HAL_FLASH_OB_Launch                               build/stm32f3xx_hal_flash.o
HAL_FLASH_OB_Lock                                 build/stm32f3xx_hal_flash.o
HAL_FLASH_OB_Unlock                               build/stm32f3xx_hal_flash.o
HAL_FLASH_OperationErrorCallback                  build/stm32f3xx_hal_flash.o
HAL_FLASH_Program                                 build/stm32f3xx_hal_flash.o
HAL_FLASH_Program_IT                              build/stm32f3xx_hal_flash.o
HAL_FLASH_Unlock                                  build/stm32f3xx_hal_flash.o
HAL_GPIO_DeInit                                   build/stm32f3xx_hal_gpio.o
                                                  build/usart.o
HAL_GPIO_EXTI_Callback                            build/stm32f3xx_hal_gpio.o
HAL_GPIO_EXTI_IRQHandler                          build/stm32f3xx_hal_gpio.o
HAL_GPIO_Init                                     build/stm32f3xx_hal_gpio.o
                                                  build/gpio.o
                                                  build/usart.o
                                                  build/stm32f3xx_hal_rcc.o
HAL_GPIO_LockPin                                  build/stm32f3xx_hal_gpio.o
HAL_GPIO_ReadPin                                  build/stm32f3xx_hal_gpio.o
HAL_GPIO_TogglePin                                build/stm32f3xx_hal_gpio.o
HAL_GPIO_WritePin                                 build/stm32f3xx_hal_gpio.o
                                                  build/gpio.o
                                                  build/display.o
HAL_GetDEVID                                      build/stm32f3xx_hal.o
HAL_GetHalVersion                                 build/stm32f3xx_hal.o
HAL_GetREVID                                      build/stm32f3xx_hal.o
HAL_GetTick                                       build/stm32f3xx_hal.o
                                                  build/usart.o
                                                  build/stm32f3xx_hal_rcc_ex.o
                                                  build/stm32f3xx_hal_dma.o
                                                  build/stm32f3xx_hal_flash.o
                                                  build/stm32f3xx_hal_rcc.o
                                                  build/stm32f3xx_hal_uart.o
                                                  build/stm32f3xx_hal_i2c.o
                                                  build/stm32f3xx_hal_uart_ex.o
HAL_GetUIDw0                                      build/stm32f3xx_hal.o
HAL_GetUIDw1                                      build/stm32f3xx_hal.o
HAL_GetUIDw2                                      build/stm32f3xx_hal.o
HAL_HalfDuplex_EnableReceiver                     build/stm32f3xx_hal_uart.o
HAL_HalfDuplex_EnableTransmitter                  build/stm32f3xx_hal_uart.o
HAL_HalfDuplex_Init                               build/stm32f3xx_hal_uart.o
HAL_I2CEx_ConfigAnalogFilter                      build/stm32f3xx_hal_i2c_ex.o
HAL_I2CEx_ConfigDigitalFilter                     build/stm32f3xx_hal_i2c_ex.o
HAL_I2CEx_DisableFastModePlus                     build/stm32f3xx_hal_i2c_ex.o
HAL_I2CEx_DisableWakeUp                           build/stm32f3xx_hal_i2c_ex.o
HAL_I2CEx_EnableFastModePlus                      build/stm32f3xx_hal_i2c_ex.o
HAL_I2CEx_EnableWakeUp                            build/stm32f3xx_hal_i2c_ex.o
HAL_I2C_AbortCpltCallback                         build/stm32f3xx_hal_i2c.o
HAL_I2C_AddrCallback                              build/stm32f3xx_hal_i2c.o
HAL_I2C_DeInit                                    build/stm32f3xx_hal_i2c.o
HAL_I2C_DisableListen_IT                          build/stm32f3xx_hal_i2c.o
HAL_I2C_ER_IRQHandler                             build/stm32f3xx_hal_i2c.o
HAL_I2C_EV_IRQHandler                             build/stm32f3xx_hal_i2c.o
HAL_I2C_EnableListen_IT                           build/stm32f3xx_hal_i2c.o
HAL_I2C_ErrorCallback                             build/stm32f3xx_hal_i2c.o
HAL_I2C_GetError                                  build/stm32f3xx_hal_i2c.o
HAL_I2C_GetMode                                   build/stm32f3xx_hal_i2c.o
HAL_I2C_GetState                                  build/stm32f3xx_hal_i2c.o
HAL_I2C_Init                                      build/stm32f3xx_hal_i2c.o
HAL_I2C_IsDeviceReady                             build/stm32f3xx_hal_i2c.o
HAL_I2C_ListenCpltCallback                        build/stm32f3xx_hal_i2c.o
HAL_I2C_MasterRxCpltCallback                      build/stm32f3xx_hal_i2c.o
HAL_I2C_MasterTxCpltCallback                      build/stm32f3xx_hal_i2c.o
HAL_I2C_Master_Abort_IT                           build/stm32f3xx_hal_i2c.o
HAL_I2C_Master_Receive                            build/stm32f3xx_hal_i2c.o
HAL_I2C_Master_Receive_DMA                        build/stm32f3xx_hal_i2c.o
HAL_I2C_Master_Receive_IT                         build/stm32f3xx_hal_i2c.o
HAL_I2C_Master_Sequential_Receive_IT              build/stm32f3xx_hal_i2c.o
HAL_I2C_Master_Sequential_Transmit_IT             build/stm32f3xx_hal_i2c.o
HAL_I2C_Master_Transmit                           build/stm32f3xx_hal_i2c.o
HAL_I2C_Master_Transmit_DMA                       build/stm32f3xx_hal_i2c.o
HAL_I2C_Master_Transmit_IT                        build/stm32f3xx_hal_i2c.o
HAL_I2C_MemRxCpltCallback                         build/stm32f3xx_hal_i2c.o
HAL_I2C_MemTxCpltCallback                         build/stm32f3xx_hal_i2c.o
HAL_I2C_Mem_Read                                  build/stm32f3xx_hal_i2c.o
HAL_I2C_Mem_Read_DMA                              build/stm32f3xx_hal_i2c.o
HAL_I2C_Mem_Read_IT                               build/stm32f3xx_hal_i2c.o
HAL_I2C_Mem_Write                                 build/stm32f3xx_hal_i2c.o
HAL_I2C_Mem_Write_DMA                             build/stm32f3xx_hal_i2c.o
HAL_I2C_Mem_Write_IT                              build/stm32f3xx_hal_i2c.o
HAL_I2C_MspDeInit                                 build/stm32f3xx_hal_i2c.o
HAL_I2C_MspInit                                   build/stm32f3xx_hal_i2c.o
HAL_I2C_SlaveRxCpltCallback                       build/stm32f3xx_hal_i2c.o
HAL_I2C_SlaveTxCpltCallback                       build/stm32f3xx_hal_i2c.o
HAL_I2C_Slave_Receive                             build/stm32f3xx_hal_i2c.o
HAL_I2C_Slave_Receive_DMA                         build/stm32f3xx_hal_i2c.o
HAL_I2C_Slave_Receive_IT                          build/stm32f3xx_hal_i2c.o
HAL_I2C_Slave_Sequential_Receive_IT               build/stm32f3xx_hal_i2c.o
HAL_I2C_Slave_Sequential_Transmit_IT              build/stm32f3xx_hal_i2c.o
HAL_I2C_Slave_Transmit                            build/stm32f3xx_hal_i2c.o
HAL_I2C_Slave_Transmit_DMA                        build/stm32f3xx_hal_i2c.o
HAL_I2C_Slave_Transmit_IT                         build/stm32f3xx_hal_i2c.o
HAL_IncTick                                       build/stm32f3xx_hal.o
                                                  build/stm32f3xx_it.o
HAL_Init                                          build/stm32f3xx_hal.o
                                                  build/main.o
HAL_InitTick                                      build/stm32f3xx_hal.o
                                                  build/stm32f3xx_hal_rcc.o
HAL_LIN_Init                                      build/stm32f3xx_hal_uart.o
HAL_LIN_SendBreak                                 build/stm32f3xx_hal_uart.o
HAL_MspDeInit                                     build/stm32f3xx_hal.o
HAL_MspInit                                       build/stm32f3xx_hal_msp.o
HAL_MultiProcessorEx_AddressLength_Set            build/stm32f3xx_hal_uart_ex.o
HAL_MultiProcessor_DisableMuteMode                build/stm32f3xx_hal_uart.o
HAL_MultiProcessor_EnableMuteMode                 build/stm32f3xx_hal_uart.o
HAL_MultiProcessor_EnterMuteMode                  build/stm32f3xx_hal_uart.o
HAL_MultiProcessor_Init                           build/stm32f3xx_hal_uart.o
HAL_NVIC_ClearPendingIRQ                          build/stm32f3xx_hal_cortex.o
HAL_NVIC_DisableIRQ                               build/stm32f3xx_hal_cortex.o
                                                  build/tim.o
HAL_NVIC_EnableIRQ                                build/stm32f3xx_hal_cortex.o
                                                  build/tim.o
HAL_NVIC_GetActive                                build/stm32f3xx_hal_cortex.o
HAL_NVIC_GetPendingIRQ                            build/stm32f3xx_hal_cortex.o
HAL_NVIC_GetPriority                              build/stm32f3xx_hal_cortex.o
HAL_NVIC_GetPriorityGrouping                      build/stm32f3xx_hal_cortex.o
HAL_NVIC_SetPendingIRQ                            build/stm32f3xx_hal_cortex.o
HAL_NVIC_SetPriority                              build/stm32f3xx_hal_cortex.o
                                                  build/tim.o
                                                  build/main.o
                                                  build/stm32f3xx_hal.o
                                                  build/stm32f3xx_hal_msp.o
HAL_NVIC_SetPriorityGrouping                      build/stm32f3xx_hal_cortex.o
                                                  build/stm32f3xx_hal.o
                                                  build/stm32f3xx_hal_msp.o
HAL_NVIC_SystemReset                              build/stm32f3xx_hal_cortex.o
HAL_PWR_ConfigPVD                                 build/stm32f3xx_hal_pwr_ex.o
HAL_PWR_DeInit                                    build/stm32f3xx_hal_pwr.o
HAL_PWR_DisableBkUpAccess                         build/stm32f3xx_hal_pwr.o
HAL_PWR_DisablePVD                                build/stm32f3xx_hal_pwr_ex.o
HAL_PWR_DisableSEVOnPend                          build/stm32f3xx_hal_pwr.o
HAL_PWR_DisableSleepOnExit                        build/stm32f3xx_hal_pwr.o
HAL_PWR_DisableWakeUpPin                          build/stm32f3xx_hal_pwr.o
HAL_PWR_EnableBkUpAccess                          build/stm32f3xx_hal_pwr.o
HAL_PWR_EnablePVD                                 build/stm32f3xx_hal_pwr_ex.o
HAL_PWR_EnableSEVOnPend                           build/stm32f3xx_hal_pwr.o
HAL_PWR_EnableSleepOnExit                         build/stm32f3xx_hal_pwr.o
HAL_PWR_EnableWakeUpPin                           build/stm32f3xx_hal_pwr.o
HAL_PWR_EnterSLEEPMode                            build/stm32f3xx_hal_pwr.o
HAL_PWR_EnterSTANDBYMode                          build/stm32f3xx_hal_pwr.o
HAL_PWR_EnterSTOPMode                             build/stm32f3xx_hal_pwr.o
HAL_PWR_PVDCallback                               build/stm32f3xx_hal_pwr_ex.o
HAL_PWR_PVD_IRQHandler                            build/stm32f3xx_hal_pwr_ex.o
HAL_RCCEx_GetPeriphCLKConfig                      build/stm32f3xx_hal_rcc_ex.o
HAL_RCCEx_GetPeriphCLKFreq                        build/stm32f3xx_hal_rcc_ex.o
HAL_RCCEx_PeriphCLKConfig                         build/stm32f3xx_hal_rcc_ex.o
                                                  build/main.o
HAL_RCC_CSSCallback                               build/stm32f3xx_hal_rcc.o
HAL_RCC_ClockConfig                               build/stm32f3xx_hal_rcc.o
                                                  build/main.o
HAL_RCC_DeInit                                    build/stm32f3xx_hal_rcc.o
HAL_RCC_DisableCSS                                build/stm32f3xx_hal_rcc.o
HAL_RCC_EnableCSS                                 build/stm32f3xx_hal_rcc.o
HAL_RCC_GetClockConfig                            build/stm32f3xx_hal_rcc.o
HAL_RCC_GetHCLKFreq                               build/stm32f3xx_hal_rcc.o
                                                  build/main.o
HAL_RCC_GetOscConfig                              build/stm32f3xx_hal_rcc.o
HAL_RCC_GetPCLK1Freq                              build/stm32f3xx_hal_rcc.o
                                                  build/stm32f3xx_hal_rcc_ex.o
                                                  build/stm32f3xx_hal_uart.o
HAL_RCC_GetPCLK2Freq                              build/stm32f3xx_hal_rcc.o
                                                  build/stm32f3xx_hal_uart.o
HAL_RCC_GetSysClockFreq                           build/stm32f3xx_hal_rcc.o
                                                  build/stm32f3xx_hal_rcc_ex.o
                                                  build/stm32f3xx_hal_uart.o
HAL_RCC_MCOConfig                                 build/stm32f3xx_hal_rcc.o
HAL_RCC_NMI_IRQHandler                            build/stm32f3xx_hal_rcc.o
HAL_RCC_OscConfig                                 build/stm32f3xx_hal_rcc.o
                                                  build/main.o
HAL_RS485Ex_Init                                  build/stm32f3xx_hal_uart_ex.o
HAL_ResumeTick                                    build/stm32f3xx_hal.o
HAL_SYSTICK_CLKSourceConfig                       build/stm32f3xx_hal_cortex.o
                                                  build/main.o
HAL_SYSTICK_Callback                              build/stm32f3xx_hal_cortex.o
HAL_SYSTICK_Config                                build/stm32f3xx_hal_cortex.o
                                                  build/main.o
                                                  build/stm32f3xx_hal.o
HAL_SYSTICK_IRQHandler                            build/stm32f3xx_hal_cortex.o
                                                  build/stm32f3xx_it.o
HAL_SuspendTick                                   build/stm32f3xx_hal.o
HAL_TIMEx_Break2Callback                          build/stm32f3xx_hal_tim_ex.o
                                                  build/stm32f3xx_hal_tim.o
HAL_TIMEx_BreakCallback                           build/stm32f3xx_hal_tim_ex.o
                                                  build/stm32f3xx_hal_tim.o
HAL_TIMEx_CommutationCallback                     build/stm32f3xx_hal_tim_ex.o
                                                  build/stm32f3xx_hal_tim.o
HAL_TIMEx_ConfigBreakDeadTime                     build/stm32f3xx_hal_tim_ex.o
HAL_TIMEx_ConfigCommutationEvent                  build/stm32f3xx_hal_tim_ex.o
HAL_TIMEx_ConfigCommutationEvent_DMA              build/stm32f3xx_hal_tim_ex.o
HAL_TIMEx_ConfigCommutationEvent_IT               build/stm32f3xx_hal_tim_ex.o
HAL_TIMEx_GroupChannel5                           build/stm32f3xx_hal_tim_ex.o
HAL_TIMEx_HallSensor_DeInit                       build/stm32f3xx_hal_tim_ex.o
HAL_TIMEx_HallSensor_GetState                     build/stm32f3xx_hal_tim_ex.o
HAL_TIMEx_HallSensor_Init                         build/stm32f3xx_hal_tim_ex.o
HAL_TIMEx_HallSensor_MspDeInit                    build/stm32f3xx_hal_tim_ex.o
HAL_TIMEx_HallSensor_MspInit                      build/stm32f3xx_hal_tim_ex.o
HAL_TIMEx_HallSensor_Start                        build/stm32f3xx_hal_tim_ex.o
HAL_TIMEx_HallSensor_Start_DMA                    build/stm32f3xx_hal_tim_ex.o
HAL_TIMEx_HallSensor_Start_IT                     build/stm32f3xx_hal_tim_ex.o
HAL_TIMEx_HallSensor_Stop                         build/stm32f3xx_hal_tim_ex.o
HAL_TIMEx_HallSensor_Stop_DMA                     build/stm32f3xx_hal_tim_ex.o
HAL_TIMEx_HallSensor_Stop_IT                      build/stm32f3xx_hal_tim_ex.o
HAL_TIMEx_MasterConfigSynchronization             build/stm32f3xx_hal_tim_ex.o
                                                  build/tim.o
HAL_TIMEx_OCN_Start                               build/stm32f3xx_hal_tim_ex.o
HAL_TIMEx_OCN_Start_DMA                           build/stm32f3xx_hal_tim_ex.o
HAL_TIMEx_OCN_Start_IT                            build/stm32f3xx_hal_tim_ex.o
HAL_TIMEx_OCN_Stop                                build/stm32f3xx_hal_tim_ex.o
HAL_TIMEx_OCN_Stop_DMA                            build/stm32f3xx_hal_tim_ex.o
HAL_TIMEx_OCN_Stop_IT                             build/stm32f3xx_hal_tim_ex.o
HAL_TIMEx_OnePulseN_Start                         build/stm32f3xx_hal_tim_ex.o
HAL_TIMEx_OnePulseN_Start_IT                      build/stm32f3xx_hal_tim_ex.o
HAL_TIMEx_OnePulseN_Stop                          build/stm32f3xx_hal_tim_ex.o
HAL_TIMEx_OnePulseN_Stop_IT                       build/stm32f3xx_hal_tim_ex.o
HAL_TIMEx_PWMN_Start                              build/stm32f3xx_hal_tim_ex.o
HAL_TIMEx_PWMN_Start_DMA                          build/stm32f3xx_hal_tim_ex.o
HAL_TIMEx_PWMN_Start_IT                           build/stm32f3xx_hal_tim_ex.o
HAL_TIMEx_PWMN_Stop                               build/stm32f3xx_hal_tim_ex.o
HAL_TIMEx_PWMN_Stop_DMA                           build/stm32f3xx_hal_tim_ex.o
HAL_TIMEx_PWMN_Stop_IT                            build/stm32f3xx_hal_tim_ex.o
HAL_TIMEx_RemapConfig                             build/stm32f3xx_hal_tim_ex.o
HAL_TIM_Base_DeInit                               build/stm32f3xx_hal_tim.o
HAL_TIM_Base_GetState                             build/stm32f3xx_hal_tim.o
HAL_TIM_Base_Init                                 build/stm32f3xx_hal_tim.o
                                                  build/tim.o
HAL_TIM_Base_MspDeInit                            build/tim.o
                                                  build/stm32f3xx_hal_tim.o
HAL_TIM_Base_MspInit                              build/tim.o
                                                  build/stm32f3xx_hal_tim.o
HAL_TIM_Base_Start                                build/stm32f3xx_hal_tim.o
HAL_TIM_Base_Start_DMA                            build/stm32f3xx_hal_tim.o
HAL_TIM_Base_Start_IT                             build/stm32f3xx_hal_tim.o
                                                  build/main.o
HAL_TIM_Base_Stop                                 build/stm32f3xx_hal_tim.o
HAL_TIM_Base_Stop_DMA                             build/stm32f3xx_hal_tim.o
HAL_TIM_Base_Stop_IT                              build/stm32f3xx_hal_tim.o
HAL_TIM_ConfigClockSource                         build/stm32f3xx_hal_tim.o
                                                  build/tim.o
HAL_TIM_ConfigOCrefClear                          build/stm32f3xx_hal_tim_ex.o
                                                  build/stm32f3xx_hal_tim.o
HAL_TIM_ConfigTI1Input                            build/stm32f3xx_hal_tim.o
HAL_TIM_DMABurst_MultiReadStart                   build/stm32f3xx_hal_tim.o
HAL_TIM_DMABurst_MultiWriteStart                  build/stm32f3xx_hal_tim.o
HAL_TIM_DMABurst_ReadStart                        build/stm32f3xx_hal_tim.o
HAL_TIM_DMABurst_ReadStop                         build/stm32f3xx_hal_tim.o
HAL_TIM_DMABurst_WriteStart                       build/stm32f3xx_hal_tim.o
HAL_TIM_DMABurst_WriteStop                        build/stm32f3xx_hal_tim.o
HAL_TIM_Encoder_DeInit                            build/stm32f3xx_hal_tim.o
HAL_TIM_Encoder_GetState                          build/stm32f3xx_hal_tim.o
HAL_TIM_Encoder_Init                              build/stm32f3xx_hal_tim.o
HAL_TIM_Encoder_MspDeInit                         build/stm32f3xx_hal_tim.o
HAL_TIM_Encoder_MspInit                           build/stm32f3xx_hal_tim.o
HAL_TIM_Encoder_Start                             build/stm32f3xx_hal_tim.o
HAL_TIM_Encoder_Start_DMA                         build/stm32f3xx_hal_tim.o
HAL_TIM_Encoder_Start_IT                          build/stm32f3xx_hal_tim.o
HAL_TIM_Encoder_Stop                              build/stm32f3xx_hal_tim.o
HAL_TIM_Encoder_Stop_DMA                          build/stm32f3xx_hal_tim.o
HAL_TIM_Encoder_Stop_IT                           build/stm32f3xx_hal_tim.o
HAL_TIM_ErrorCallback                             build/stm32f3xx_hal_tim.o
HAL_TIM_GenerateEvent                             build/stm32f3xx_hal_tim.o
HAL_TIM_IC_CaptureCallback                        build/stm32f3xx_hal_tim.o
HAL_TIM_IC_ConfigChannel                          build/stm32f3xx_hal_tim.o
HAL_TIM_IC_DeInit                                 build/stm32f3xx_hal_tim.o
HAL_TIM_IC_GetState                               build/stm32f3xx_hal_tim.o
HAL_TIM_IC_Init                                   build/stm32f3xx_hal_tim.o
HAL_TIM_IC_MspDeInit                              build/stm32f3xx_hal_tim.o
HAL_TIM_IC_MspInit                                build/stm32f3xx_hal_tim.o
HAL_TIM_IC_Start                                  build/stm32f3xx_hal_tim.o
HAL_TIM_IC_Start_DMA                              build/stm32f3xx_hal_tim.o
HAL_TIM_IC_Start_IT                               build/stm32f3xx_hal_tim.o
HAL_TIM_IC_Stop                                   build/stm32f3xx_hal_tim.o
HAL_TIM_IC_Stop_DMA                               build/stm32f3xx_hal_tim.o
HAL_TIM_IC_Stop_IT                                build/stm32f3xx_hal_tim.o
HAL_TIM_IRQHandler                                build/stm32f3xx_hal_tim.o
                                                  build/stm32f3xx_it.o
HAL_TIM_OC_ConfigChannel                          build/stm32f3xx_hal_tim_ex.o
                                                  build/stm32f3xx_hal_tim.o
HAL_TIM_OC_DeInit                                 build/stm32f3xx_hal_tim.o
HAL_TIM_OC_DelayElapsedCallback                   build/stm32f3xx_hal_tim.o
HAL_TIM_OC_GetState                               build/stm32f3xx_hal_tim.o
HAL_TIM_OC_Init                                   build/stm32f3xx_hal_tim.o
HAL_TIM_OC_MspDeInit                              build/stm32f3xx_hal_tim.o
HAL_TIM_OC_MspInit                                build/stm32f3xx_hal_tim.o
HAL_TIM_OC_Start                                  build/stm32f3xx_hal_tim.o
HAL_TIM_OC_Start_DMA                              build/stm32f3xx_hal_tim.o
HAL_TIM_OC_Start_IT                               build/stm32f3xx_hal_tim.o
HAL_TIM_OC_Stop                                   build/stm32f3xx_hal_tim.o
HAL_TIM_OC_Stop_DMA                               build/stm32f3xx_hal_tim.o
HAL_TIM_OC_Stop_IT                                build/stm32f3xx_hal_tim.o
HAL_TIM_OnePulse_ConfigChannel                    build/stm32f3xx_hal_tim.o
HAL_TIM_OnePulse_DeInit                           build/stm32f3xx_hal_tim.o
HAL_TIM_OnePulse_GetState                         build/stm32f3xx_hal_tim.o
HAL_TIM_OnePulse_Init                             build/stm32f3xx_hal_tim.o
HAL_TIM_OnePulse_MspDeInit                        build/stm32f3xx_hal_tim.o
HAL_TIM_OnePulse_MspInit                          build/stm32f3xx_hal_tim.o
HAL_TIM_OnePulse_Start                            build/stm32f3xx_hal_tim.o
HAL_TIM_OnePulse_Start_IT                         build/stm32f3xx_hal_tim.o
HAL_TIM_OnePulse_Stop                             build/stm32f3xx_hal_tim.o
HAL_TIM_OnePulse_Stop_IT                          build/stm32f3xx_hal_tim.o
HAL_TIM_PWM_ConfigChannel                         build/stm32f3xx_hal_tim_ex.o
                                                  build/stm32f3xx_hal_tim.o
HAL_TIM_PWM_DeInit                                build/stm32f3xx_hal_tim.o
HAL_TIM_PWM_GetState                              build/stm32f3xx_hal_tim.o
HAL_TIM_PWM_Init                                  build/stm32f3xx_hal_tim.o
HAL_TIM_PWM_MspDeInit                             build/stm32f3xx_hal_tim.o
HAL_TIM_PWM_MspInit                               build/stm32f3xx_hal_tim.o
HAL_TIM_PWM_PulseFinishedCallback                 build/stm32f3xx_hal_tim.o
HAL_TIM_PWM_Start                                 build/stm32f3xx_hal_tim.o
HAL_TIM_PWM_Start_DMA                             build/stm32f3xx_hal_tim.o
HAL_TIM_PWM_Start_IT                              build/stm32f3xx_hal_tim.o
HAL_TIM_PWM_Stop                                  build/stm32f3xx_hal_tim.o
HAL_TIM_PWM_Stop_DMA                              build/stm32f3xx_hal_tim.o
HAL_TIM_PWM_Stop_IT                               build/stm32f3xx_hal_tim.o
HAL_TIM_PeriodElapsedCallback                     build/tim.o
                                                  build/stm32f3xx_hal_tim.o
HAL_TIM_ReadCapturedValue                         build/stm32f3xx_hal_tim.o
HAL_TIM_SlaveConfigSynchronization                build/stm32f3xx_hal_tim.o
HAL_TIM_SlaveConfigSynchronization_IT             build/stm32f3xx_hal_tim.o
HAL_TIM_TriggerCallback                           build/stm32f3xx_hal_tim.o
HAL_UARTEx_DisableStopMode                        build/stm32f3xx_hal_uart_ex.o
HAL_UARTEx_EnableStopMode                         build/stm32f3xx_hal_uart_ex.o
HAL_UARTEx_StopModeWakeUpSourceConfig             build/stm32f3xx_hal_uart_ex.o
HAL_UARTEx_WakeupCallback                         build/stm32f3xx_hal_uart_ex.o
                                                  build/stm32f3xx_hal_uart.o
HAL_UART_Abort                                    build/stm32f3xx_hal_uart.o
HAL_UART_AbortCpltCallback                        build/stm32f3xx_hal_uart.o
HAL_UART_AbortReceive                             build/stm32f3xx_hal_uart.o
HAL_UART_AbortReceiveCpltCallback                 build/stm32f3xx_hal_uart.o
HAL_UART_AbortReceive_IT                          build/stm32f3xx_hal_uart.o
HAL_UART_AbortTransmit                            build/stm32f3xx_hal_uart.o
HAL_UART_AbortTransmitCpltCallback                build/stm32f3xx_hal_uart.o
HAL_UART_AbortTransmit_IT                         build/stm32f3xx_hal_uart.o
HAL_UART_Abort_IT                                 build/stm32f3xx_hal_uart.o
HAL_UART_DMAPause                                 build/stm32f3xx_hal_uart.o
HAL_UART_DMAResume                                build/stm32f3xx_hal_uart.o
HAL_UART_DMAStop                                  build/stm32f3xx_hal_uart.o
HAL_UART_DeInit                                   build/stm32f3xx_hal_uart.o
HAL_UART_ErrorCallback                            build/stm32f3xx_hal_uart.o
HAL_UART_GetError                                 build/stm32f3xx_hal_uart.o
HAL_UART_GetState                                 build/stm32f3xx_hal_uart.o
HAL_UART_IRQHandler                               build/stm32f3xx_hal_uart.o
HAL_UART_Init                                     build/stm32f3xx_hal_uart.o
                                                  build/usart.o
HAL_UART_MspDeInit                                build/usart.o
                                                  build/stm32f3xx_hal_uart.o
HAL_UART_MspInit                                  build/usart.o
                                                  build/stm32f3xx_hal_uart.o
                                                  build/stm32f3xx_hal_uart_ex.o
HAL_UART_Receive                                  build/stm32f3xx_hal_uart.o
HAL_UART_Receive_DMA                              build/stm32f3xx_hal_uart.o
HAL_UART_Receive_IT                               build/stm32f3xx_hal_uart.o
HAL_UART_RxCpltCallback                           build/stm32f3xx_hal_uart.o
HAL_UART_RxHalfCpltCallback                       build/stm32f3xx_hal_uart.o
HAL_UART_Transmit                                 build/stm32f3xx_hal_uart.o
HAL_UART_Transmit_DMA                             build/stm32f3xx_hal_uart.o
HAL_UART_Transmit_IT                              build/stm32f3xx_hal_uart.o
HAL_UART_TxCpltCallback                           build/stm32f3xx_hal_uart.o
HAL_UART_TxHalfCpltCallback                       build/stm32f3xx_hal_uart.o
HardFault_Handler                                 build/stm32f3xx_it.o
I2C1_ER_IRQHandler                                build/startup_stm32f303x8.o
I2C1_EV_IRQHandler                                build/startup_stm32f303x8.o
LL_DMA_DeInit                                     build/stm32f3xx_ll_dma.o
LL_DMA_Init                                       build/stm32f3xx_ll_dma.o
LL_DMA_StructInit                                 build/stm32f3xx_ll_dma.o
LL_EXTI_DeInit                                    build/stm32f3xx_ll_exti.o
LL_EXTI_Init                                      build/stm32f3xx_ll_exti.o
LL_EXTI_StructInit                                build/stm32f3xx_ll_exti.o
LL_GPIO_DeInit                                    build/stm32f3xx_ll_gpio.o
LL_GPIO_Init                                      build/stm32f3xx_ll_gpio.o
                                                  build/usart.o
LL_GPIO_StructInit                                build/stm32f3xx_ll_gpio.o
LL_Init1msTick                                    build/stm32f3xx_ll_utils.o
LL_PLL_ConfigSystemClock_HSE                      build/stm32f3xx_ll_utils.o
LL_PLL_ConfigSystemClock_HSI                      build/stm32f3xx_ll_utils.o
LL_RCC_DeInit                                     build/stm32f3xx_ll_rcc.o
LL_RCC_GetADCClockFreq                            build/stm32f3xx_ll_rcc.o
LL_RCC_GetI2CClockFreq                            build/stm32f3xx_ll_rcc.o
LL_RCC_GetSystemClocksFreq                        build/stm32f3xx_ll_rcc.o
                                                  build/stm32f3xx_ll_usart.o
LL_RCC_GetTIMClockFreq                            build/stm32f3xx_ll_rcc.o
LL_RCC_GetUSARTClockFreq                          build/stm32f3xx_ll_rcc.o
                                                  build/stm32f3xx_ll_usart.o
LL_SetSystemCoreClock                             build/stm32f3xx_ll_utils.o
LL_USART_ClockInit                                build/stm32f3xx_ll_usart.o
LL_USART_ClockStructInit                          build/stm32f3xx_ll_usart.o
LL_USART_DeInit                                   build/stm32f3xx_ll_usart.o
LL_USART_Init                                     build/stm32f3xx_ll_usart.o
                                                  build/usart.o
LL_USART_StructInit                               build/stm32f3xx_ll_usart.o
LL_mDelay                                         build/stm32f3xx_ll_utils.o
MX_DMA_Init                                       build/dma.o
                                                  build/main.o
MX_GPIO_Init                                      build/gpio.o
                                                  build/main.o
MX_TIM2_Init                                      build/tim.o
                                                  build/main.o
MX_USART1_UART_Init                               build/usart.o
                                                  build/main.o
MX_USART2_UART_Init                               build/usart.o
                                                  build/main.o
MemManage_Handler                                 build/stm32f3xx_it.o
NMI_Handler                                       build/stm32f3xx_it.o
PVD_IRQHandler                                    build/startup_stm32f303x8.o
PendSV_Handler                                    build/stm32f3xx_it.o
RCC_GetHCLKClockFreq                              build/stm32f3xx_ll_rcc.o
RCC_GetPCLK1ClockFreq                             build/stm32f3xx_ll_rcc.o
RCC_GetPCLK2ClockFreq                             build/stm32f3xx_ll_rcc.o
RCC_GetSystemClockFreq                            build/stm32f3xx_ll_rcc.o
RCC_IRQHandler                                    build/startup_stm32f303x8.o
RCC_PLL_GetFreqDomain_SYS                         build/stm32f3xx_ll_rcc.o
RP_Build_Frame                                    build/robotronik_protocol.o
RP_Error_Handler                                  build/robotronik_protocol.o
RP_Get_Error                                      build/robotronik_protocol.o
RP_Get_Tick                                       build/usart.o
                                                  build/main.o
RP_Init_Interface                                 build/robotronik_protocol.o
                                                  build/main.o
RP_Packet_Received                                build/usart.o
                                                  build/robotronik_protocol.o
RP_Process_Data                                   build/robotronik_protocol.o
                                                  build/stm32f3xx_it.o
RP_Send                                           build/robotronik_protocol.o
RP_Sync                                           build/robotronik_protocol.o
RP_UART_Transmit                                  build/usart.o
                                                  build/main.o
RP_Wait_Packet                                    build/robotronik_protocol.o
RTC_Alarm_IRQHandler                              build/startup_stm32f303x8.o
RTC_WKUP_IRQHandler                               build/startup_stm32f303x8.o
Reset_Handler                                     build/startup_stm32f303x8.o
SPI1_IRQHandler                                   build/startup_stm32f303x8.o
SVC_Handler                                       build/stm32f3xx_it.o
SysTick_Handler                                   build/stm32f3xx_it.o
SystemClock_Config                                build/main.o
SystemCoreClock                                   build/system_stm32f3xx.o
                                                  build/stm32f3xx_ll_utils.o
                                                  build/stm32f3xx_hal_rcc_ex.o
                                                  build/stm32f3xx_hal_rcc.o
                                                  build/stm32f3xx_hal.o
SystemCoreClockUpdate                             build/system_stm32f3xx.o
SystemInit                                        build/system_stm32f3xx.o
                                                  build/startup_stm32f303x8.o
TAMP_STAMP_IRQHandler                             build/startup_stm32f303x8.o
TIM1_BRK_TIM15_IRQHandler                         build/startup_stm32f303x8.o
TIM1_CC_IRQHandler                                build/startup_stm32f303x8.o
TIM1_TRG_COM_TIM17_IRQHandler                     build/startup_stm32f303x8.o
TIM1_UP_TIM16_IRQHandler                          build/startup_stm32f303x8.o
TIM2_IRQHandler                                   build/stm32f3xx_it.o
TIM3_IRQHandler                                   build/startup_stm32f303x8.o
TIM6_DAC1_IRQHandler                              build/startup_stm32f303x8.o
TIM7_DAC2_IRQHandler                              build/startup_stm32f303x8.o
TIMEx_DMACommutationCplt                          build/stm32f3xx_hal_tim_ex.o
                                                  build/stm32f3xx_hal_tim.o
TIM_Base_SetConfig                                build/stm32f3xx_hal_tim.o
                                                  build/stm32f3xx_hal_tim_ex.o
TIM_CCxChannelCmd                                 build/stm32f3xx_hal_tim.o
                                                  build/stm32f3xx_hal_tim_ex.o
TIM_DMACaptureCplt                                build/stm32f3xx_hal_tim.o
                                                  build/stm32f3xx_hal_tim_ex.o
TIM_DMADelayPulseCplt                             build/stm32f3xx_hal_tim.o
                                                  build/stm32f3xx_hal_tim_ex.o
TIM_DMAError                                      build/stm32f3xx_hal_tim.o
                                                  build/stm32f3xx_hal_tim_ex.o
TIM_ETR_SetConfig                                 build/stm32f3xx_hal_tim.o
                                                  build/stm32f3xx_hal_tim_ex.o
TIM_OC1_SetConfig                                 build/stm32f3xx_hal_tim.o
                                                  build/stm32f3xx_hal_tim_ex.o
TIM_OC2_SetConfig                                 build/stm32f3xx_hal_tim.o
                                                  build/stm32f3xx_hal_tim_ex.o
TIM_OC3_SetConfig                                 build/stm32f3xx_hal_tim.o
                                                  build/stm32f3xx_hal_tim_ex.o
TIM_OC4_SetConfig                                 build/stm32f3xx_hal_tim.o
                                                  build/stm32f3xx_hal_tim_ex.o
TIM_TI1_SetConfig                                 build/stm32f3xx_hal_tim.o
                                                  build/stm32f3xx_hal_tim_ex.o
UART_AdvFeatureConfig                             build/stm32f3xx_hal_uart.o
                                                  build/stm32f3xx_hal_uart_ex.o
UART_CheckIdleState                               build/stm32f3xx_hal_uart.o
                                                  build/stm32f3xx_hal_uart_ex.o
UART_EndTransmit_IT                               build/stm32f3xx_hal_uart.o
UART_Receive_IT                                   build/stm32f3xx_hal_uart.o
UART_SetConfig                                    build/stm32f3xx_hal_uart.o
                                                  build/stm32f3xx_hal_uart_ex.o
UART_Transmit_IT                                  build/stm32f3xx_hal_uart.o
UART_WaitOnFlagUntilTimeout                       build/stm32f3xx_hal_uart.o
                                                  build/stm32f3xx_hal_uart_ex.o
UART_Wakeup_AddressConfig                         build/stm32f3xx_hal_uart.o
                                                  build/stm32f3xx_hal_uart_ex.o
USART1_IRQHandler                                 build/stm32f3xx_it.o
USART2_IRQHandler                                 build/startup_stm32f303x8.o
USART3_IRQHandler                                 build/startup_stm32f303x8.o
UsageFault_Handler                                build/stm32f3xx_it.o
WWDG_IRQHandler                                   build/startup_stm32f303x8.o
_Error_Handler                                    build/main.o
                                                  build/tim.o
                                                  build/usart.o
__atexit_dummy                                    /usr/lib/gcc/arm-none-eabi/7.3.0/../../../../arm-none-eabi/lib/armv7e-m/fpu/libc_nano.a(lib_a-__atexit.o)
__bss_end__                                       /usr/lib/gcc/arm-none-eabi/7.3.0/../../../../arm-none-eabi/lib/armv7e-m/fpu/crt0.o
__bss_start__                                     /usr/lib/gcc/arm-none-eabi/7.3.0/../../../../arm-none-eabi/lib/armv7e-m/fpu/crt0.o
__call_exitprocs                                  /usr/lib/gcc/arm-none-eabi/7.3.0/../../../../arm-none-eabi/lib/armv7e-m/fpu/libc_nano.a(lib_a-__call_atexit.o)
                                                  /usr/lib/gcc/arm-none-eabi/7.3.0/../../../../arm-none-eabi/lib/armv7e-m/fpu/libc_nano.a(lib_a-__atexit.o)
                                                  /usr/lib/gcc/arm-none-eabi/7.3.0/../../../../arm-none-eabi/lib/armv7e-m/fpu/libc_nano.a(lib_a-exit.o)
__deregister_frame_info                           /usr/lib/gcc/arm-none-eabi/7.3.0/armv7e-m/fpu/crtbegin.o
__dso_handle                                      /usr/lib/gcc/arm-none-eabi/7.3.0/armv7e-m/fpu/crtbegin.o
__fini_array_end                                  /usr/lib/gcc/arm-none-eabi/7.3.0/../../../../arm-none-eabi/lib/armv7e-m/fpu/libc_nano.a(lib_a-fini.o)
__fini_array_start                                /usr/lib/gcc/arm-none-eabi/7.3.0/../../../../arm-none-eabi/lib/armv7e-m/fpu/libc_nano.a(lib_a-fini.o)
__init_array_end                                  /usr/lib/gcc/arm-none-eabi/7.3.0/../../../../arm-none-eabi/lib/armv7e-m/fpu/libc_nano.a(lib_a-init.o)
__init_array_start                                /usr/lib/gcc/arm-none-eabi/7.3.0/../../../../arm-none-eabi/lib/armv7e-m/fpu/libc_nano.a(lib_a-init.o)
__libc_fini_array                                 /usr/lib/gcc/arm-none-eabi/7.3.0/../../../../arm-none-eabi/lib/armv7e-m/fpu/libc_nano.a(lib_a-fini.o)
                                                  /usr/lib/gcc/arm-none-eabi/7.3.0/../../../../arm-none-eabi/lib/armv7e-m/fpu/crt0.o
__libc_init_array                                 /usr/lib/gcc/arm-none-eabi/7.3.0/../../../../arm-none-eabi/lib/armv7e-m/fpu/libc_nano.a(lib_a-init.o)
                                                  build/startup_stm32f303x8.o
                                                  /usr/lib/gcc/arm-none-eabi/7.3.0/../../../../arm-none-eabi/lib/armv7e-m/fpu/crt0.o
__on_exit_args                                    /usr/lib/gcc/arm-none-eabi/7.3.0/../../../../arm-none-eabi/lib/armv7e-m/fpu/libc_nano.a(lib_a-__atexit.o)
__preinit_array_end                               /usr/lib/gcc/arm-none-eabi/7.3.0/../../../../arm-none-eabi/lib/armv7e-m/fpu/libc_nano.a(lib_a-init.o)
__preinit_array_start                             /usr/lib/gcc/arm-none-eabi/7.3.0/../../../../arm-none-eabi/lib/armv7e-m/fpu/libc_nano.a(lib_a-init.o)
__register_exitproc                               /usr/lib/gcc/arm-none-eabi/7.3.0/../../../../arm-none-eabi/lib/armv7e-m/fpu/libc_nano.a(lib_a-__atexit.o)
                                                  /usr/lib/gcc/arm-none-eabi/7.3.0/../../../../arm-none-eabi/lib/armv7e-m/fpu/libc_nano.a(lib_a-atexit.o)
__register_frame_info                             /usr/lib/gcc/arm-none-eabi/7.3.0/armv7e-m/fpu/crtbegin.o
__sf_fake_stderr                                  /usr/lib/gcc/arm-none-eabi/7.3.0/../../../../arm-none-eabi/lib/armv7e-m/fpu/libc_nano.a(lib_a-impure.o)
__sf_fake_stdin                                   /usr/lib/gcc/arm-none-eabi/7.3.0/../../../../arm-none-eabi/lib/armv7e-m/fpu/libc_nano.a(lib_a-impure.o)